--------- beginning of crash
04-11 18:41:27.725   479   479 F libc    : crash_dump helper failed to exec, or was killed
04-11 18:41:27.743   503   503 F libc    : crash_dump helper failed to exec, or was killed
04-11 19:10:22.697   479   479 F libc    : crash_dump helper failed to exec, or was killed
04-11 19:10:22.717   503   503 F libc    : crash_dump helper failed to exec, or was killed
04-11 21:57:27.644  4974  4974 E AndroidRuntime: FATAL EXCEPTION: main
04-11 21:57:27.644  4974  4974 E AndroidRuntime: Process: com.tencent.android.qqdownloader:live, PID: 4974
04-11 21:57:27.644  4974  4974 E AndroidRuntime: android.app.RemoteServiceException$CannotDeliverBroadcastException: can't deliver broadcast
04-11 21:57:27.644  4974  4974 E AndroidRuntime: 	at android.app.ActivityThread.throwRemoteServiceException(ActivityThread.java:1980)
04-11 21:57:27.644  4974  4974 E AndroidRuntime: 	at android.app.ActivityThread.-$$Nest$mthrowRemoteServiceException(Unknown Source:0)
04-11 21:57:27.644  4974  4974 E AndroidRuntime: 	at android.app.ActivityThread$H.handleMessage(ActivityThread.java:2242)
04-11 21:57:27.644  4974  4974 E AndroidRuntime: 	at android.os.Handler.dispatchMessage(Handler.java:106)
04-11 21:57:27.644  4974  4974 E AndroidRuntime: 	at android.os.Looper.loopOnce(Looper.java:201)
04-11 21:57:27.644  4974  4974 E AndroidRuntime: 	at android.os.Looper.loop(Looper.java:288)
04-11 21:57:27.644  4974  4974 E AndroidRuntime: 	at android.app.ActivityThread.main(ActivityThread.java:7898)
04-11 21:57:27.644  4974  4974 E AndroidRuntime: 	at java.lang.reflect.Method.invoke(Native Method)
04-11 21:57:27.644  4974  4974 E AndroidRuntime: 	at com.android.internal.os.RuntimeInit$MethodAndArgsCaller.run(RuntimeInit.java:548)
04-11 21:57:27.644  4974  4974 E AndroidRuntime: 	at com.android.internal.os.ZygoteInit.main(ZygoteInit.java:936)
--------- beginning of system
04-14 13:40:35.592  1843  1981 I ActivityManager: Start proc 29329:com.google.android.calendar/u0a179 for broadcast {com.google.android.calendar/com.google.android.libraries.phenotype.client.stable.PhenotypeUpdateBackgroundBroadcastReceiver}
04-14 13:40:35.608  1843  2027 D CompatibilityChangeReporter: Compat change id reported: 168419799; UID 10179; state: DISABLED
04-14 13:40:35.750  1843  2306 D CompatibilityChangeReporter: Compat change id reported: 161145287; UID 10179; state: DISABLED
04-14 13:40:35.783  1843  2306 D CompatibilityChangeReporter: Compat change id reported: 135634846; UID 10075; state: DISABLED
04-14 13:40:35.784  1843  2306 D CompatibilityChangeReporter: Compat change id reported: 177438394; UID 10075; state: DISABLED
04-14 13:40:35.784  1843  2306 D CompatibilityChangeReporter: Compat change id reported: 135772972; UID 10075; state: DISABLED
04-14 13:40:35.784  1843  2306 D CompatibilityChangeReporter: Compat change id reported: 135754954; UID 10075; state: ENABLED
04-14 13:40:35.784  1843  1981 D CompatibilityChangeReporter: Compat change id reported: 143937733; UID 10075; state: ENABLED
04-14 13:40:35.803  1843  1981 I ActivityManager: Start proc 29369:com.android.providers.calendar/u0a75 for content provider {com.android.providers.calendar/com.android.providers.calendar.CalendarProvider2}
04-14 13:40:35.867  1843  2309 D CompatibilityChangeReporter: Compat change id reported: 194532703; UID 10179; state: ENABLED
04-14 13:40:35.872  1843  2027 D CompatibilityChangeReporter: Compat change id reported: 201794303; UID 10179; state: ENABLED
04-14 13:40:35.893  1843  2027 D CompatibilityChangeReporter: Compat change id reported: 183164979; UID 10174; state: ENABLED
04-14 13:40:35.935  1843  2309 D CompatibilityChangeReporter: Compat change id reported: 161145287; UID 10075; state: DISABLED
04-14 13:40:35.946  1843  3337 D CompatibilityChangeReporter: Compat change id reported: 143231523; UID 10179; state: DISABLED
04-14 13:40:35.949  1843  2309 D CompatibilityChangeReporter: Compat change id reported: 143231523; UID 10075; state: DISABLED
04-14 13:40:35.991  1843  2027 W BroadcastQueue: Background execution not allowed: receiving Intent { act=android.intent.action.DROPBOX_ENTRY_ADDED flg=0x10 (has extras) } to com.google.android.gms/.stats.service.DropBoxEntryAddedReceiver
04-14 13:40:35.993  1843  2027 I ActivityManager: Killing 27952:com.google.android.apps.work.clouddpc/u0a156 (adj 955): empty #33
04-14 13:40:35.994  1843  2027 I ActivityManager: Killing 27976:com.google.android.apps.gcs/u0a124 (adj 965): empty #34
04-14 13:40:35.995  1843  1980 W BroadcastQueue: Background execution not allowed: receiving Intent { act=android.intent.action.DROPBOX_ENTRY_ADDED flg=0x10 (has extras) } to com.google.android.gms/.chimera.GmsIntentOperationService$PersistentTrustedReceiver
04-14 13:40:36.008  1843  3337 W BroadcastQueue: Background execution not allowed: receiving Intent { act=android.intent.action.DROPBOX_ENTRY_ADDED flg=0x10 (has extras) } to com.google.android.gms/.stats.service.DropBoxEntryAddedReceiver
04-14 13:40:36.010  1843  1980 W BroadcastQueue: Background execution not allowed: receiving Intent { act=android.intent.action.DROPBOX_ENTRY_ADDED flg=0x10 (has extras) } to com.google.android.gms/.chimera.GmsIntentOperationService$PersistentTrustedReceiver
04-14 13:40:36.010  1843  1980 W BroadcastQueue: Background execution not allowed: receiving Intent { act=android.intent.action.DROPBOX_ENTRY_ADDED flg=0x10 (has extras) } to com.google.android.gms/.stats.service.DropBoxEntryAddedReceiver
04-14 13:40:36.010  1843  1980 W BroadcastQueue: Background execution not allowed: receiving Intent { act=android.intent.action.DROPBOX_ENTRY_ADDED flg=0x10 (has extras) } to com.google.android.gms/.chimera.GmsIntentOperationService$PersistentTrustedReceiver
04-14 13:40:36.011  1843  1980 D CompatibilityChangeReporter: Compat change id reported: 177438394; UID 10160; state: DISABLED
04-14 13:40:36.011  1843  1980 D CompatibilityChangeReporter: Compat change id reported: 135772972; UID 10160; state: DISABLED
04-14 13:40:36.011  1843  1980 D CompatibilityChangeReporter: Compat change id reported: 135754954; UID 10160; state: ENABLED
04-14 13:40:36.012  1843  1981 D CompatibilityChangeReporter: Compat change id reported: 143937733; UID 10160; state: ENABLED
04-14 13:40:36.025  1843  1981 I ActivityManager: Start proc 29423:com.google.android.apps.youtube.music/u0a160 for broadcast {com.google.android.apps.youtube.music/com.google.android.apps.youtube.music.player.widget.gm3.FreeformMusicWidgetProvider}
04-14 13:40:36.044  1843  2027 D CompatibilityChangeReporter: Compat change id reported: 168419799; UID 10160; state: DISABLED
04-14 13:40:36.103  1843  2027 D CompatibilityChangeReporter: Compat change id reported: 161145287; UID 10113; state: DISABLED
04-14 13:40:36.218  1843  2027 D CompatibilityChangeReporter: Compat change id reported: 161145287; UID 10160; state: DISABLED
04-14 13:40:36.356  1843  4311 D CompatibilityChangeReporter: Compat change id reported: 194532703; UID 10164; state: ENABLED
04-14 13:40:36.394  1843  2309 D CompatibilityChangeReporter: Compat change id reported: 168419799; UID 10116; state: DISABLED
04-14 13:40:36.400  1843  2027 D CompatibilityChangeReporter: Compat change id reported: 194532703; UID 10160; state: ENABLED
04-14 13:40:36.428  1843  2027 I ActivityManager: Killing 28035:com.google.ar.core/u0a173 (adj 955): empty #33
04-14 13:40:36.534  1843  2018 E VerityUtils: Failed to measure fs-verity, errno 1: /data/app/~~gAhaCmpmBIdT2lxaRxhOog==/com.google.android.apps.youtube.music-aECj7jieY-lbCV--b2WqlA==/base.apk
04-14 13:40:36.842  1843  2309 D CompatibilityChangeReporter: Compat change id reported: 183164979; UID 10160; state: ENABLED
04-14 13:40:37.521  1843  2309 D CompatibilityChangeReporter: Compat change id reported: 194532703; UID 10174; state: ENABLED
04-14 13:40:37.564  1843  3133 D CompatibilityChangeReporter: Compat change id reported: 168419799; UID 10162; state: DISABLED
04-14 13:40:37.841  1843  2309 E AppOps  : Bad call made by uid 10133. Package "com.google.android.gms" does not belong to uid 10133.
04-14 13:40:37.847  1843  3133 E AppOps  : Bad call made by uid 10133. Package "com.google.android.gms" does not belong to uid 10133.
04-14 13:40:37.848  1843  2307 E AppOps  : Bad call made by uid 10133. Package "com.google.android.gms" does not belong to uid 10133.
04-14 13:40:37.957  1843  3133 D CompatibilityChangeReporter: Compat change id reported: 201794303; UID 10164; state: ENABLED
04-14 13:40:38.003  1843  2307 D CompatibilityChangeReporter: Compat change id reported: 135634846; UID 10162; state: DISABLED
04-14 13:40:38.003  1843  2307 D CompatibilityChangeReporter: Compat change id reported: 177438394; UID 10162; state: DISABLED
04-14 13:40:38.003  1843  2307 D CompatibilityChangeReporter: Compat change id reported: 135772972; UID 10162; state: DISABLED
04-14 13:40:38.003  1843  2307 D CompatibilityChangeReporter: Compat change id reported: 135754954; UID 10162; state: ENABLED
04-14 13:40:38.004  1843  1981 D CompatibilityChangeReporter: Compat change id reported: 143937733; UID 10162; state: ENABLED
04-14 13:40:38.022  1843  1981 I ActivityManager: Start proc 29673:com.android.chrome:privileged_process0/u0a162 for service {com.android.chrome/org.chromium.content.app.PrivilegedProcessService0}
04-14 13:40:38.132  1843  2307 E AppOps  : Bad call made by uid 10162. Package "com.google.android.gms" does not belong to uid 10162.
04-14 13:40:38.141  1843  3133 E AppOps  : Bad call made by uid 10162. Package "com.google.android.gms" does not belong to uid 10162.
04-14 13:40:38.142  1843  3133 E AppOps  : Bad call made by uid 10162. Package "com.google.android.gms" does not belong to uid 10162.
04-14 13:40:38.146  1843  3133 I ActivityManager: Killing 28449:com.google.android.soundpicker/u0a185 (adj 955): empty #33
04-14 13:40:38.259  1843  1981 D CompatibilityChangeReporter: Compat change id reported: 143937733; UID 10162; state: ENABLED
04-14 13:40:38.261  1843  1981 D CompatibilityChangeReporter: Compat change id reported: 135634846; UID 10162; state: DISABLED
04-14 13:40:38.261  1843  1981 D CompatibilityChangeReporter: Compat change id reported: 177438394; UID 10162; state: DISABLED
04-14 13:40:38.261  1843  1981 D CompatibilityChangeReporter: Compat change id reported: 135772972; UID 10162; state: DISABLED
04-14 13:40:38.261  1843  1981 D CompatibilityChangeReporter: Compat change id reported: 135754954; UID 10162; state: ENABLED
04-14 13:40:38.261  1843  1981 D CompatibilityChangeReporter: Compat change id reported: 207557677; UID 10162; state: ENABLED
04-14 13:40:38.369  1843  1981 W ActivityManager: Slow operation: 111ms so far, now at startProcess: returned from zygote!
04-14 13:40:38.369  1843  1981 W ActivityManager: Slow operation: 111ms so far, now at startProcess: done updating battery stats
04-14 13:40:38.369  1843  1981 W ActivityManager: Slow operation: 111ms so far, now at startProcess: building log message
04-14 13:40:38.369  1843  1981 I ActivityManager: Start proc 29724:com.android.chrome:sandboxed_process0:org.chromium.content.app.SandboxedProcessService0:0/u0ai0 for  {com.android.chrome/org.chromium.content.app.SandboxedProcessService0:0}
04-14 13:40:38.369  1843  1981 W ActivityManager: Slow operation: 111ms so far, now at startProcess: starting to update pids map
04-14 13:40:38.369  1843  1981 W ActivityManager: Slow operation: 111ms so far, now at startProcess: done updating pids map
04-14 13:40:38.434  1843 14541 D CompatibilityChangeReporter: Compat change id reported: 182734110; UID 10162; state: ENABLED
04-14 13:40:38.435  1843 14541 D CompatibilityChangeReporter: Compat change id reported: 149924527; UID 10162; state: ENABLED
04-14 13:40:38.435  1843 14541 D CompatibilityChangeReporter: Compat change id reported: 132649864; UID 10162; state: DISABLED
04-14 13:40:38.539  1843 14538 I ActivityManager: Killing 28500:com.google.android.webview/u0a166 (adj 985): empty #33
04-14 13:40:44.068  1843  2306 W ProcessStats: Tracking association SourceState{e81bd61 com.qiyi.video/10432 Top #1767772} whose proc state 1 is better than process ProcessState{a15317c com.google.android.gms/10121 pkg=com.google.android.gms} proc state 2 (515 skipped)
04-14 13:40:44.908  1843  1979 I ActivityManager: Killing 28286:com.android.settings/1000 (adj 985): empty #33
04-14 13:40:52.901  1843  1843 D CompatibilityChangeReporter: Compat change id reported: 171306433; UID 1000; state: ENABLED
04-14 13:40:52.902  1843  1843 D CompatibilityChangeReporter: Compat change id reported: 218533173; UID 1000; state: ENABLED
04-14 13:40:53.622  1843  2076 D CompatibilityChangeReporter: Compat change id reported: 218533173; UID 10174; state: ENABLED
04-14 13:40:53.642  1843  2076 D CompatibilityChangeReporter: Compat change id reported: 218533173; UID 10147; state: ENABLED
04-14 13:40:53.644  1843  2076 D CompatibilityChangeReporter: Compat change id reported: 218533173; UID 10177; state: ENABLED
04-14 13:40:53.645  1843  2076 D CompatibilityChangeReporter: Compat change id reported: 218533173; UID 10155; state: ENABLED
04-14 13:40:53.646  1843  2076 D CompatibilityChangeReporter: Compat change id reported: 218533173; UID 10162; state: ENABLED
04-14 13:40:53.647  1843  2076 D CompatibilityChangeReporter: Compat change id reported: 218533173; UID 10182; state: ENABLED
04-14 13:40:53.648  1843  2076 D CompatibilityChangeReporter: Compat change id reported: 218533173; UID 10172; state: ENABLED
04-14 13:40:53.650  1843  2076 D CompatibilityChangeReporter: Compat change id reported: 218533173; UID 10108; state: ENABLED
04-14 13:40:53.651  1843  2076 D CompatibilityChangeReporter: Compat change id reported: 218533173; UID 10160; state: ENABLED
04-14 13:40:53.652  1843  2076 D CompatibilityChangeReporter: Compat change id reported: 218533173; UID 10165; state: ENABLED
04-14 13:40:53.675  1843 14538 D CompatibilityChangeReporter: Compat change id reported: 171306433; UID 10121; state: ENABLED
04-14 13:40:53.675  1843 14538 D CompatibilityChangeReporter: Compat change id reported: 218533173; UID 10121; state: ENABLED
04-14 13:40:53.864  1843 14538 D CompatibilityChangeReporter: Compat change id reported: 182734110; UID 10121; state: ENABLED
04-14 13:40:53.865  1843 14538 D CompatibilityChangeReporter: Compat change id reported: 149924527; UID 10121; state: ENABLED
04-14 13:40:53.865  1843 14538 D CompatibilityChangeReporter: Compat change id reported: 132649864; UID 10121; state: DISABLED
04-14 13:40:54.127  1843 14538 W ProcessStats: Tracking association SourceState{e81bd61 com.qiyi.video/10432 Top #1767887} whose proc state 1 is better than process ProcessState{a15317c com.google.android.gms/10121 pkg=com.google.android.gms} proc state 7 (375 skipped)
04-14 13:41:04.161  1843  3133 W ProcessStats: Tracking association SourceState{79e806a com.google.android.gms/10121 Top #1767911} whose proc state 1 is better than process ProcessState{fd0ea72 com.google.android.gms.persistent/10121 pkg=com.google.android.gms} proc state 2 (22 skipped)
04-14 13:41:14.209  1843 14541 W ProcessStats: Tracking association SourceState{79e806a com.google.android.gms/10121 Top #1767924} whose proc state 1 is better than process ProcessState{fd0ea72 com.google.android.gms.persistent/10121 pkg=com.google.android.gms} proc state 2 (12 skipped)
04-14 13:41:24.251  1843  3133 W ProcessStats: Tracking association SourceState{79e806a com.google.android.gms/10121 Top #1767929} whose proc state 1 is better than process ProcessState{fd0ea72 com.google.android.gms.persistent/10121 pkg=com.google.android.gms} proc state 2 (4 skipped)
04-14 13:41:27.871  1843 14541 I ActivityManager: Killing 27105:com.google.android.apps.messaging/u0a150 (adj 985): empty #33
04-14 13:41:27.952  1843 14541 I ActivityManager: Killing 27928:com.google.android.settings.intelligence/u0a111 (adj 985): empty #33
04-14 13:41:27.953  1843 14541 I ActivityManager: Killing 27730:com.google.android.apps.wellbeing/u0a133 (adj 995): empty #34
04-14 13:41:34.305  1843 14534 W ProcessStats: Tracking association SourceState{79e806a com.google.android.gms/10121 Top #1767943} whose proc state 1 is better than process ProcessState{fd0ea72 com.google.android.gms.persistent/10121 pkg=com.google.android.gms} proc state 2 (10 skipped)
04-14 13:41:35.067  1843  3709 I ActivityManager: Killing 28527:com.google.android.videos/u0a182 (adj 985): empty #33
04-14 13:41:44.349  1843  4194 W ProcessStats: Tracking association SourceState{79e806a com.google.android.gms/10121 Top #1767973} whose proc state 1 is better than process ProcessState{fd0ea72 com.google.android.gms.persistent/10121 pkg=com.google.android.gms} proc state 2 (22 skipped)
04-14 13:41:44.408  1843  4194 D CompatibilityChangeReporter: Compat change id reported: 183407956; UID 10147; state: ENABLED
04-14 13:41:54.383  1843 14534 W ProcessStats: Tracking association SourceState{79e806a com.google.android.gms/10121 Top #1767993} whose proc state 1 is better than process ProcessState{fd0ea72 com.google.android.gms.persistent/10121 pkg=com.google.android.gms} proc state 2 (15 skipped)
04-14 13:42:04.430  1843 14534 W ProcessStats: Tracking association SourceState{79e806a com.google.android.gms/10121 Top #1767998} whose proc state 1 is better than process ProcessState{fd0ea72 com.google.android.gms.persistent/10121 pkg=com.google.android.gms} proc state 2 (4 skipped)
04-14 13:42:14.477  1843 14534 W ProcessStats: Tracking association SourceState{79e806a com.google.android.gms/10121 Top #1768006} whose proc state 1 is better than process ProcessState{fd0ea72 com.google.android.gms.persistent/10121 pkg=com.google.android.gms} proc state 2 (7 skipped)
04-14 13:42:24.529  1843  4194 W ProcessStats: Tracking association SourceState{79e806a com.google.android.gms/10121 Top #1768010} whose proc state 1 is better than process ProcessState{fd0ea72 com.google.android.gms.persistent/10121 pkg=com.google.android.gms} proc state 2 (3 skipped)
04-14 13:42:34.561  1843  4194 W ProcessStats: Tracking association SourceState{79e806a com.google.android.gms/10121 Top #1768013} whose proc state 1 is better than process ProcessState{fd0ea72 com.google.android.gms.persistent/10121 pkg=com.google.android.gms} proc state 2 (2 skipped)
04-14 13:42:44.592  1843 14536 W ProcessStats: Tracking association SourceState{79e806a com.google.android.gms/10121 Top #1768019} whose proc state 1 is better than process ProcessState{fd0ea72 com.google.android.gms.persistent/10121 pkg=com.google.android.gms} proc state 2 (5 skipped)
04-14 13:42:54.645  1843  4194 W ProcessStats: Tracking association SourceState{79e806a com.google.android.gms/10121 Top #1768023} whose proc state 1 is better than process ProcessState{fd0ea72 com.google.android.gms.persistent/10121 pkg=com.google.android.gms} proc state 2 (3 skipped)
04-14 13:43:04.686  1843 14536 W ProcessStats: Tracking association SourceState{79e806a com.google.android.gms/10121 Top #1768027} whose proc state 1 is better than process ProcessState{fd0ea72 com.google.android.gms.persistent/10121 pkg=com.google.android.gms} proc state 2 (3 skipped)
04-14 13:43:14.726  1843 14539 W ProcessStats: Tracking association SourceState{79e806a com.google.android.gms/10121 Top #1768036} whose proc state 1 is better than process ProcessState{fd0ea72 com.google.android.gms.persistent/10121 pkg=com.google.android.gms} proc state 2 (6 skipped)
04-14 13:43:24.764  1843 14536 W ProcessStats: Tracking association SourceState{79e806a com.google.android.gms/10121 Top #1768040} whose proc state 1 is better than process ProcessState{fd0ea72 com.google.android.gms.persistent/10121 pkg=com.google.android.gms} proc state 2 (3 skipped)
04-14 13:43:34.386  1843  1980 D CompatibilityChangeReporter: Compat change id reported: 168419799; UID 10119; state: DISABLED
04-14 13:43:34.792  1843  4194 W ProcessStats: Tracking association SourceState{79e806a com.google.android.gms/10121 Top #1768049} whose proc state 1 is better than process ProcessState{fd0ea72 com.google.android.gms.persistent/10121 pkg=com.google.android.gms} proc state 2 (6 skipped)
04-14 13:43:44.840  1843 14548 W ProcessStats: Tracking association SourceState{79e806a com.google.android.gms/10121 Top #1768055} whose proc state 1 is better than process ProcessState{fd0ea72 com.google.android.gms.persistent/10121 pkg=com.google.android.gms} proc state 2 (5 skipped)
04-14 13:43:54.887  1843 14548 W ProcessStats: Tracking association SourceState{79e806a com.google.android.gms/10121 Top #1768059} whose proc state 1 is better than process ProcessState{fd0ea72 com.google.android.gms.persistent/10121 pkg=com.google.android.gms} proc state 2 (3 skipped)
04-14 13:44:04.922  1843 14539 W ProcessStats: Tracking association SourceState{79e806a com.google.android.gms/10121 Top #1768062} whose proc state 1 is better than process ProcessState{fd0ea72 com.google.android.gms.persistent/10121 pkg=com.google.android.gms} proc state 2 (2 skipped)
04-14 13:44:14.950  1843 14539 W ProcessStats: Tracking association SourceState{79e806a com.google.android.gms/10121 Top #1768068} whose proc state 1 is better than process ProcessState{fd0ea72 com.google.android.gms.persistent/10121 pkg=com.google.android.gms} proc state 2 (5 skipped)
04-14 13:44:24.995  1843 14539 W ProcessStats: Tracking association SourceState{79e806a com.google.android.gms/10121 Top #1768072} whose proc state 1 is better than process ProcessState{fd0ea72 com.google.android.gms.persistent/10121 pkg=com.google.android.gms} proc state 2 (3 skipped)
04-14 13:44:35.033  1843 14543 W ProcessStats: Tracking association SourceState{79e806a com.google.android.gms/10121 Top #1768075} whose proc state 1 is better than process ProcessState{fd0ea72 com.google.android.gms.persistent/10121 pkg=com.google.android.gms} proc state 2 (2 skipped)
04-14 13:44:45.100  1843 14539 W ProcessStats: Tracking association SourceState{79e806a com.google.android.gms/10121 Top #1768081} whose proc state 1 is better than process ProcessState{fd0ea72 com.google.android.gms.persistent/10121 pkg=com.google.android.gms} proc state 2 (5 skipped)
04-14 13:44:51.964  1843  2086 D ActivityManager: freezing 15113 com.tencent.mm:appbrand1
04-14 13:44:51.984  1843  2086 D ActivityManager: freezing 15112 com.tencent.mm:appbrand0
04-14 13:44:52.000  1843  2086 D ActivityManager: freezing 16333 com.iqiyi.knowledge
04-14 13:44:55.149  1843 14539 W ProcessStats: Tracking association SourceState{79e806a com.google.android.gms/10121 Top #1768086} whose proc state 1 is better than process ProcessState{fd0ea72 com.google.android.gms.persistent/10121 pkg=com.google.android.gms} proc state 2 (4 skipped)
04-14 13:45:05.209  1843 14539 W ProcessStats: Tracking association SourceState{79e806a com.google.android.gms/10121 Top #1768093} whose proc state 1 is better than process ProcessState{fd0ea72 com.google.android.gms.persistent/10121 pkg=com.google.android.gms} proc state 2 (6 skipped)
04-14 13:45:15.255  1843 14543 W ProcessStats: Tracking association SourceState{79e806a com.google.android.gms/10121 Top #1768099} whose proc state 1 is better than process ProcessState{fd0ea72 com.google.android.gms.persistent/10121 pkg=com.google.android.gms} proc state 2 (5 skipped)
04-14 13:45:25.298  1843 14539 W ProcessStats: Tracking association SourceState{79e806a com.google.android.gms/10121 Top #1768105} whose proc state 1 is better than process ProcessState{fd0ea72 com.google.android.gms.persistent/10121 pkg=com.google.android.gms} proc state 2 (5 skipped)
04-14 13:45:32.804  1843 14548 W BatteryExternalStatsWorker: error reading Bluetooth stats: 11
04-14 13:45:35.346  1843 14548 W ProcessStats: Tracking association SourceState{79e806a com.google.android.gms/10121 Top #1768115} whose proc state 1 is better than process ProcessState{fd0ea72 com.google.android.gms.persistent/10121 pkg=com.google.android.gms} proc state 2 (9 skipped)
04-14 13:45:36.038  1843  2090 E AlarmManager: Attempt to decrement existing alarm count 0 by 1 for uid 1000
04-14 13:45:36.129  1843  1980 I DropBoxManagerService: add tag=system_server_wtf isTagEnabled=true flags=0x6
04-14 13:45:38.135  1843  1980 W BroadcastQueue: Background execution not allowed: receiving Intent { act=android.intent.action.DROPBOX_ENTRY_ADDED flg=0x10 (has extras) } to com.google.android.gms/.stats.service.DropBoxEntryAddedReceiver
04-14 13:45:38.135  1843  1980 W BroadcastQueue: Background execution not allowed: receiving Intent { act=android.intent.action.DROPBOX_ENTRY_ADDED flg=0x10 (has extras) } to com.google.android.gms/.chimera.GmsIntentOperationService$PersistentTrustedReceiver
04-14 13:45:45.397  1843 14548 W ProcessStats: Tracking association SourceState{79e806a com.google.android.gms/10121 Top #1768141} whose proc state 1 is better than process ProcessState{fd0ea72 com.google.android.gms.persistent/10121 pkg=com.google.android.gms} proc state 2 (25 skipped)
04-14 13:45:55.445  1843  2027 W ProcessStats: Tracking association SourceState{79e806a com.google.android.gms/10121 Top #1768147} whose proc state 1 is better than process ProcessState{fd0ea72 com.google.android.gms.persistent/10121 pkg=com.google.android.gms} proc state 2 (5 skipped)
04-14 13:46:05.482  1843  3137 W ProcessStats: Tracking association SourceState{79e806a com.google.android.gms/10121 Top #1768150} whose proc state 1 is better than process ProcessState{fd0ea72 com.google.android.gms.persistent/10121 pkg=com.google.android.gms} proc state 2 (2 skipped)
04-14 13:46:15.523  1843  2027 W ProcessStats: Tracking association SourceState{79e806a com.google.android.gms/10121 Top #1768156} whose proc state 1 is better than process ProcessState{fd0ea72 com.google.android.gms.persistent/10121 pkg=com.google.android.gms} proc state 2 (5 skipped)
04-14 13:46:25.584  1843 14534 W ProcessStats: Tracking association SourceState{79e806a com.google.android.gms/10121 Top #1768160} whose proc state 1 is better than process ProcessState{fd0ea72 com.google.android.gms.persistent/10121 pkg=com.google.android.gms} proc state 2 (3 skipped)
04-14 13:46:35.632  1843 14534 W ProcessStats: Tracking association SourceState{79e806a com.google.android.gms/10121 Top #1768163} whose proc state 1 is better than process ProcessState{fd0ea72 com.google.android.gms.persistent/10121 pkg=com.google.android.gms} proc state 2 (2 skipped)
04-14 13:46:45.675  1843 14534 W ProcessStats: Tracking association SourceState{79e806a com.google.android.gms/10121 Top #1768170} whose proc state 1 is better than process ProcessState{fd0ea72 com.google.android.gms.persistent/10121 pkg=com.google.android.gms} proc state 2 (6 skipped)
04-14 13:46:55.724  1843 14548 W ProcessStats: Tracking association SourceState{79e806a com.google.android.gms/10121 Top #1768175} whose proc state 1 is better than process ProcessState{fd0ea72 com.google.android.gms.persistent/10121 pkg=com.google.android.gms} proc state 2 (4 skipped)
04-14 13:47:05.767  1843 14548 W ProcessStats: Tracking association SourceState{79e806a com.google.android.gms/10121 Top #1768180} whose proc state 1 is better than process ProcessState{fd0ea72 com.google.android.gms.persistent/10121 pkg=com.google.android.gms} proc state 2 (4 skipped)
04-14 13:47:15.804  1843 14548 W ProcessStats: Tracking association SourceState{79e806a com.google.android.gms/10121 Top #1768187} whose proc state 1 is better than process ProcessState{fd0ea72 com.google.android.gms.persistent/10121 pkg=com.google.android.gms} proc state 2 (6 skipped)
04-14 13:47:25.835  1843  2027 W ProcessStats: Tracking association SourceState{79e806a com.google.android.gms/10121 Top #1768191} whose proc state 1 is better than process ProcessState{fd0ea72 com.google.android.gms.persistent/10121 pkg=com.google.android.gms} proc state 2 (3 skipped)
04-14 13:47:35.876  1843  2027 W ProcessStats: Tracking association SourceState{79e806a com.google.android.gms/10121 Top #1768194} whose proc state 1 is better than process ProcessState{fd0ea72 com.google.android.gms.persistent/10121 pkg=com.google.android.gms} proc state 2 (2 skipped)
04-14 13:47:45.913  1843  2027 W ProcessStats: Tracking association SourceState{79e806a com.google.android.gms/10121 Top #1768200} whose proc state 1 is better than process ProcessState{fd0ea72 com.google.android.gms.persistent/10121 pkg=com.google.android.gms} proc state 2 (5 skipped)
04-14 13:47:55.943  1843  3137 W ProcessStats: Tracking association SourceState{79e806a com.google.android.gms/10121 Top #1768204} whose proc state 1 is better than process ProcessState{fd0ea72 com.google.android.gms.persistent/10121 pkg=com.google.android.gms} proc state 2 (3 skipped)
04-14 13:48:05.981  1843  2027 W ProcessStats: Tracking association SourceState{79e806a com.google.android.gms/10121 Top #1768207} whose proc state 1 is better than process ProcessState{fd0ea72 com.google.android.gms.persistent/10121 pkg=com.google.android.gms} proc state 2 (2 skipped)
04-14 13:48:16.024  1843  3137 W ProcessStats: Tracking association SourceState{79e806a com.google.android.gms/10121 Top #1768213} whose proc state 1 is better than process ProcessState{fd0ea72 com.google.android.gms.persistent/10121 pkg=com.google.android.gms} proc state 2 (5 skipped)
04-14 13:48:26.059  1843  2027 W ProcessStats: Tracking association SourceState{79e806a com.google.android.gms/10121 Top #1768217} whose proc state 1 is better than process ProcessState{fd0ea72 com.google.android.gms.persistent/10121 pkg=com.google.android.gms} proc state 2 (3 skipped)
04-14 13:48:36.106  1843  2027 W ProcessStats: Tracking association SourceState{79e806a com.google.android.gms/10121 Top #1768220} whose proc state 1 is better than process ProcessState{fd0ea72 com.google.android.gms.persistent/10121 pkg=com.google.android.gms} proc state 2 (2 skipped)
04-14 13:48:46.155  1843  3137 W ProcessStats: Tracking association SourceState{79e806a com.google.android.gms/10121 Top #1768226} whose proc state 1 is better than process ProcessState{fd0ea72 com.google.android.gms.persistent/10121 pkg=com.google.android.gms} proc state 2 (5 skipped)
04-14 13:48:56.197  1843 14548 W ProcessStats: Tracking association SourceState{79e806a com.google.android.gms/10121 Top #1768230} whose proc state 1 is better than process ProcessState{fd0ea72 com.google.android.gms.persistent/10121 pkg=com.google.android.gms} proc state 2 (3 skipped)
04-14 13:49:02.868  1843 14548 I ActivityManager: Process com.google.android.dialer (pid 28862) has died: cch+5 CEM 
04-14 13:49:06.261  1843  3416 W ProcessStats: Tracking association SourceState{79e806a com.google.android.gms/10121 Top #1768235} whose proc state 1 is better than process ProcessState{fd0ea72 com.google.android.gms.persistent/10121 pkg=com.google.android.gms} proc state 2 (4 skipped)
04-14 13:49:16.315  1843  4310 W ProcessStats: Tracking association SourceState{79e806a com.google.android.gms/10121 Top #1768241} whose proc state 1 is better than process ProcessState{fd0ea72 com.google.android.gms.persistent/10121 pkg=com.google.android.gms} proc state 2 (5 skipped)
04-14 13:49:26.376  1843  3416 W ProcessStats: Tracking association SourceState{79e806a com.google.android.gms/10121 Top #1768245} whose proc state 1 is better than process ProcessState{fd0ea72 com.google.android.gms.persistent/10121 pkg=com.google.android.gms} proc state 2 (3 skipped)
04-14 13:49:36.417  1843  3416 W ProcessStats: Tracking association SourceState{79e806a com.google.android.gms/10121 Top #1768248} whose proc state 1 is better than process ProcessState{fd0ea72 com.google.android.gms.persistent/10121 pkg=com.google.android.gms} proc state 2 (2 skipped)
04-14 13:49:46.448  1843  3417 W ProcessStats: Tracking association SourceState{79e806a com.google.android.gms/10121 Top #1768259} whose proc state 1 is better than process ProcessState{fd0ea72 com.google.android.gms.persistent/10121 pkg=com.google.android.gms} proc state 2 (10 skipped)
04-14 13:49:56.508  1843  3416 W ProcessStats: Tracking association SourceState{79e806a com.google.android.gms/10121 Top #1768265} whose proc state 1 is better than process ProcessState{fd0ea72 com.google.android.gms.persistent/10121 pkg=com.google.android.gms} proc state 2 (5 skipped)
04-14 13:50:03.006  1843  3416 W BatteryExternalStatsWorker: error reading Bluetooth stats: 11
04-14 13:50:06.553  1843  3416 W ProcessStats: Tracking association SourceState{79e806a com.google.android.gms/10121 Top #1768267} whose proc state 1 is better than process ProcessState{fd0ea72 com.google.android.gms.persistent/10121 pkg=com.google.android.gms} proc state 2 (1 skipped)
04-14 13:50:16.620  1843 14548 W ProcessStats: Tracking association SourceState{79e806a com.google.android.gms/10121 Top #1768272} whose proc state 1 is better than process ProcessState{fd0ea72 com.google.android.gms.persistent/10121 pkg=com.google.android.gms} proc state 2 (4 skipped)
04-14 13:50:23.613  1843  2086 D ActivityManager: freezing 27519 com.tencent.android.qqdownloader:live
04-14 13:50:26.664  1843  3416 W ProcessStats: Tracking association SourceState{79e806a com.google.android.gms/10121 Top #1768276} whose proc state 1 is better than process ProcessState{fd0ea72 com.google.android.gms.persistent/10121 pkg=com.google.android.gms} proc state 2 (3 skipped)
04-14 13:50:26.721  1843  2076 D CompatibilityChangeReporter: Compat change id reported: 218533173; UID 10164; state: ENABLED
04-14 13:50:30.192  1843  2086 D ActivityManager: freezing 28202 com.google.process.gapps
04-14 13:50:30.641  1843  2086 D ActivityManager: freezing 28632 com.google.android.accessibility.soundamplifier
04-14 13:50:30.669  1843  3416 I ActivityManager: Process com.google.android.contacts (pid 28599) has died: cch+85 CEM 
04-14 13:50:30.805  1843  2086 D ActivityManager: freezing 28659 com.google.android.marvin.talkback
04-14 13:50:31.020  1843  2086 D ActivityManager: freezing 28682 com.google.android.projection.gearhead:shared
04-14 13:50:31.204  1843  2086 D ActivityManager: freezing 28706 com.google.android.apps.restore
04-14 13:50:31.626  1843  2086 D ActivityManager: freezing 28735 com.google.audio.hearing.visualization.accessibility.scribe
04-14 13:50:31.965  1843  2086 D ActivityManager: freezing 28764 com.google.android.apps.wearables.maestro.companion
04-14 13:50:31.990  1843  3416 I ActivityManager: Process com.google.android.apps.wearables.maestro.companion (pid 28764) has died: cch+85 CEM 
04-14 13:50:31.994  1843  2086 D ActivityManager: freezing 27918 com.google.android.apps.nbu.files
04-14 13:50:32.348  1843  2086 D ActivityManager: freezing 28832 com.google.android.apps.photos
04-14 13:50:33.242  1843  2086 D ActivityManager: freezing 28913 com.google.android.apps.safetyhub
04-14 13:50:33.921  1843  2086 D ActivityManager: freezing 28951 com.google.android.apps.docs
04-14 13:50:33.977  1843  3416 I ActivityManager: Process com.google.android.apps.docs (pid 28951) has died: cch+75 CEM 
04-14 13:50:34.668  1843  2086 D ActivityManager: freezing 29033 com.google.android.inputmethod.latin
04-14 13:50:35.584  1843  2086 D ActivityManager: freezing 29308 com.google.android.apps.carrier.carrierwifi
04-14 13:50:35.995  1843  2086 D ActivityManager: freezing 29329 com.google.android.calendar
04-14 13:50:36.010  1843  2086 D ActivityManager: freezing 29369 com.android.providers.calendar
04-14 13:50:36.401  1843  2086 D ActivityManager: freezing 28406 com.google.android.projection.gearhead:provider
04-14 13:50:36.691  1843 14431 W ProcessStats: Tracking association SourceState{79e806a com.google.android.gms/10121 Top #1768282} whose proc state 1 is better than process ProcessState{fd0ea72 com.google.android.gms.persistent/10121 pkg=com.google.android.gms} proc state 2 (5 skipped)
04-14 13:50:37.971  1843  2086 D ActivityManager: freezing 28059 com.google.android.gm
04-14 13:50:38.121  1843  2086 D ActivityManager: freezing 29673 com.android.chrome:privileged_process0
04-14 13:50:38.511  1843  2086 D ActivityManager: freezing 29724 com.android.chrome:sandboxed_process0:org.chromium.content.app.SandboxedProcessService0:0
04-14 13:50:44.907  1843  2086 D ActivityManager: freezing 29096 com.google.android.permissioncontroller
04-14 13:50:46.738  1843 14431 W ProcessStats: Tracking association SourceState{79e806a com.google.android.gms/10121 Top #1768287} whose proc state 1 is better than process ProcessState{fd0ea72 com.google.android.gms.persistent/10121 pkg=com.google.android.gms} proc state 2 (4 skipped)
04-14 13:50:56.789  1843  3337 W ProcessStats: Tracking association SourceState{79e806a com.google.android.gms/10121 Top #1768291} whose proc state 1 is better than process ProcessState{fd0ea72 com.google.android.gms.persistent/10121 pkg=com.google.android.gms} proc state 2 (3 skipped)
04-14 13:51:06.840  1843  2308 W ProcessStats: Tracking association SourceState{79e806a com.google.android.gms/10121 Top #1768294} whose proc state 1 is better than process ProcessState{fd0ea72 com.google.android.gms.persistent/10121 pkg=com.google.android.gms} proc state 2 (2 skipped)
04-14 13:51:16.881  1843  2308 W ProcessStats: Tracking association SourceState{79e806a com.google.android.gms/10121 Top #1768300} whose proc state 1 is better than process ProcessState{fd0ea72 com.google.android.gms.persistent/10121 pkg=com.google.android.gms} proc state 2 (5 skipped)
04-14 13:51:26.921  1843  2308 W ProcessStats: Tracking association SourceState{79e806a com.google.android.gms/10121 Top #1768303} whose proc state 1 is better than process ProcessState{fd0ea72 com.google.android.gms.persistent/10121 pkg=com.google.android.gms} proc state 2 (2 skipped)
04-14 13:51:27.875  1843  2086 D ActivityManager: freezing 27147 com.google.process.gservices
04-14 13:51:27.953  1843  2086 D ActivityManager: freezing 24653 android.process.acore
04-14 13:51:35.071  1843  2086 D ActivityManager: freezing 29140 com.google.android.euicc
04-14 13:51:36.952  1843  2308 W ProcessStats: Tracking association SourceState{79e806a com.google.android.gms/10121 Top #1768305} whose proc state 1 is better than process ProcessState{fd0ea72 com.google.android.gms.persistent/10121 pkg=com.google.android.gms} proc state 2 (1 skipped)
04-14 13:51:46.989  1843  2308 W ProcessStats: Tracking association SourceState{79e806a com.google.android.gms/10121 Top #1768310} whose proc state 1 is better than process ProcessState{fd0ea72 com.google.android.gms.persistent/10121 pkg=com.google.android.gms} proc state 2 (4 skipped)
04-14 13:51:57.034  1843  3337 W ProcessStats: Tracking association SourceState{79e806a com.google.android.gms/10121 Top #1768313} whose proc state 1 is better than process ProcessState{fd0ea72 com.google.android.gms.persistent/10121 pkg=com.google.android.gms} proc state 2 (2 skipped)
04-14 13:52:07.080  1843 14431 W ProcessStats: Tracking association SourceState{79e806a com.google.android.gms/10121 Top #1768315} whose proc state 1 is better than process ProcessState{fd0ea72 com.google.android.gms.persistent/10121 pkg=com.google.android.gms} proc state 2 (1 skipped)
04-14 13:52:17.136  1843 14431 W ProcessStats: Tracking association SourceState{79e806a com.google.android.gms/10121 Top #1768322} whose proc state 1 is better than process ProcessState{fd0ea72 com.google.android.gms.persistent/10121 pkg=com.google.android.gms} proc state 2 (6 skipped)
04-14 13:52:27.188  1843 14431 W ProcessStats: Tracking association SourceState{79e806a com.google.android.gms/10121 Top #1768325} whose proc state 1 is better than process ProcessState{fd0ea72 com.google.android.gms.persistent/10121 pkg=com.google.android.gms} proc state 2 (2 skipped)
04-14 13:52:37.230  1843 14548 W ProcessStats: Tracking association SourceState{79e806a com.google.android.gms/10121 Top #1768327} whose proc state 1 is better than process ProcessState{fd0ea72 com.google.android.gms.persistent/10121 pkg=com.google.android.gms} proc state 2 (1 skipped)
04-14 13:52:47.269  1843 14548 W ProcessStats: Tracking association SourceState{79e806a com.google.android.gms/10121 Top #1768332} whose proc state 1 is better than process ProcessState{fd0ea72 com.google.android.gms.persistent/10121 pkg=com.google.android.gms} proc state 2 (4 skipped)
04-14 13:52:57.298  1843  3337 W ProcessStats: Tracking association SourceState{79e806a com.google.android.gms/10121 Top #1768338} whose proc state 1 is better than process ProcessState{fd0ea72 com.google.android.gms.persistent/10121 pkg=com.google.android.gms} proc state 2 (3 skipped)
04-14 13:53:07.350  1843 14548 W ProcessStats: Tracking association SourceState{79e806a com.google.android.gms/10121 Top #1768341} whose proc state 1 is better than process ProcessState{fd0ea72 com.google.android.gms.persistent/10121 pkg=com.google.android.gms} proc state 2 (2 skipped)
04-14 13:53:17.393  1843  3337 W ProcessStats: Tracking association SourceState{79e806a com.google.android.gms/10121 Top #1768348} whose proc state 1 is better than process ProcessState{fd0ea72 com.google.android.gms.persistent/10121 pkg=com.google.android.gms} proc state 2 (5 skipped)
04-14 13:53:27.444  1843  3337 W ProcessStats: Tracking association SourceState{79e806a com.google.android.gms/10121 Top #1768351} whose proc state 1 is better than process ProcessState{fd0ea72 com.google.android.gms.persistent/10121 pkg=com.google.android.gms} proc state 2 (2 skipped)
04-14 13:53:34.903  1843  3337 D CompatibilityChangeReporter: Compat change id reported: 135634846; UID 10202; state: DISABLED
04-14 13:53:34.903  1843  3337 D CompatibilityChangeReporter: Compat change id reported: 177438394; UID 10202; state: DISABLED
04-14 13:53:34.903  1843  3337 D CompatibilityChangeReporter: Compat change id reported: 135772972; UID 10202; state: DISABLED
04-14 13:53:34.904  1843  3337 D CompatibilityChangeReporter: Compat change id reported: 135754954; UID 10202; state: ENABLED
04-14 13:53:34.904  1843  1981 D CompatibilityChangeReporter: Compat change id reported: 143937733; UID 10202; state: ENABLED
04-14 13:53:34.919  1843  2308 D CompatibilityChangeReporter: Compat change id reported: 135634846; UID 10150; state: DISABLED
04-14 13:53:34.919  1843  2308 D CompatibilityChangeReporter: Compat change id reported: 177438394; UID 10150; state: DISABLED
04-14 13:53:34.919  1843  2308 D CompatibilityChangeReporter: Compat change id reported: 135772972; UID 10150; state: DISABLED
04-14 13:53:34.919  1843  2308 D CompatibilityChangeReporter: Compat change id reported: 135754954; UID 10150; state: ENABLED
04-14 13:53:34.920  1843  1981 I ActivityManager: Start proc 30414:.ShannonImsService/u0a202 for content provider {com.shannon.imsservice/com.shannon.imsservice.util.contentprovider.ImsContentProvider}
04-14 13:53:34.920  1843  1981 D CompatibilityChangeReporter: Compat change id reported: 143937733; UID 10150; state: ENABLED
04-14 13:53:34.935  1843  1981 I ActivityManager: Start proc 30430:com.google.android.apps.messaging/u0a150 for content provider {com.google.android.apps.messaging/com.google.android.apps.messaging.shared.datamodel.provider.sharedstorage.SharedStorageProvider}
04-14 13:53:34.938  1843  2308 D CompatibilityChangeReporter: Compat change id reported: 168419799; UID 10202; state: DISABLED
04-14 13:53:35.101  1843  2308 D CompatibilityChangeReporter: Compat change id reported: 161145287; UID 10150; state: DISABLED
04-14 13:53:35.198  1843  2308 D ActivityManager: sync unfroze 27147 com.google.process.gservices
04-14 13:53:37.482  1843  2308 W ProcessStats: Tracking association SourceState{79e806a com.google.android.gms/10121 Top #1768368} whose proc state 1 is better than process ProcessState{fd0ea72 com.google.android.gms.persistent/10121 pkg=com.google.android.gms} proc state 2 (10 skipped)
04-14 13:53:47.495  1843 14539 W ProcessStats: Tracking association SourceState{79e806a com.google.android.gms/10121 Top #1768378} whose proc state 1 is better than process ProcessState{fd0ea72 com.google.android.gms.persistent/10121 pkg=com.google.android.gms} proc state 2 (7 skipped)
04-14 13:53:50.210  1843  1980 W BroadcastQueue: Exported Denial: sending Intent { act=android.net.conn.CONNECTIVITY_CHANGE flg=0x4200010 (has extras) }, action: android.net.conn.CONNECTIVITY_CHANGE from null (uid=-1) due to receiver ProcessRecord{c243eaa 30430:com.google.android.apps.messaging/u0a150} (uid 10150) not specifying RECEIVER_EXPORTED
04-14 13:53:50.320  1843 14431 D CompatibilityChangeReporter: Compat change id reported: 194532703; UID 10150; state: ENABLED
04-14 13:53:57.496  1843 14539 W ProcessStats: Tracking association SourceState{79e806a com.google.android.gms/10121 Top #1768408} whose proc state 1 is better than process ProcessState{fd0ea72 com.google.android.gms.persistent/10121 pkg=com.google.android.gms} proc state 2 (21 skipped)
04-14 13:54:07.498  1843  2308 W ProcessStats: Tracking association SourceState{79e806a com.google.android.gms/10121 Top #1768416} whose proc state 1 is better than process ProcessState{fd0ea72 com.google.android.gms.persistent/10121 pkg=com.google.android.gms} proc state 2 (7 skipped)
04-14 13:54:12.119  1083  1083 I vendor.google.wifi_ext@1.0-service-vendor: Wifi: Setting SAR Scenario to 3
04-14 13:54:17.499  1843 14539 W ProcessStats: Tracking association SourceState{79e806a com.google.android.gms/10121 Top #1768424} whose proc state 1 is better than process ProcessState{fd0ea72 com.google.android.gms.persistent/10121 pkg=com.google.android.gms} proc state 2 (6 skipped)
04-14 13:54:17.593  1843 14539 I PowerGroup: Waking up power group from Dozing (groupId=0, uid=10211, reason=WAKE_REASON_GESTURE, details=com.android.systemui:NODOZE)...
04-14 13:54:17.594  1843 14539 I PowerManagerService: Waking up from Dozing (uid=10211, reason=WAKE_REASON_GESTURE, details=com.android.systemui:NODOZE)...
04-14 13:54:17.598  1843  1843 E ActivityManager: Cancel pending or running compactions as system is awake
04-14 13:54:17.601  1843  2013 I DisplayPowerController[0]: Blocking screen on until initial contents have been drawn.
04-14 13:54:17.602  1843  2013 V DisplayPowerController[0]: Brightness [0.62] reason changing to: 'manual', previous reason: 'screen_off'.
04-14 13:54:17.603  1843  2013 I DisplayPowerController[0]: BrightnessEvent: disp=0, brt=0.62, rcmdBrt=NaN, preBrt=NaN, lux=0.0, preLux=0.0, hbmMax=0.62, hbmMode=off, thrmMax=1.0, flags=, reason=manual
04-14 13:54:17.606  1843  1969 I DisplayDeviceRepository: Display device changed state: "内置屏幕", ON
04-14 13:54:17.762  1843  1843 D ActivityManager: sync unfroze 15113 com.tencent.mm:appbrand1
04-14 13:54:17.768  1843 14540 D ActivityManager: sync unfroze 15112 com.tencent.mm:appbrand0
04-14 13:54:17.789  1843  2013 I DisplayPowerController[0]: Unblocked screen on after 188 ms
04-14 13:54:17.790  1843  2013 I DreamManagerService: Gently waking up from dream.
04-14 13:54:17.792  1843  1966 I DreamManagerService: Performing gentle wake from dream.
04-14 13:54:17.793  1843 14540 I DreamManagerService: Leaving dreamland.
04-14 13:54:17.795  1843  1966 I DreamManagerService: Performing gentle wake from dream.
04-14 13:54:17.795  1843  1966 I DreamController: Stopping dream: name=ComponentInfo{com.android.systemui/com.android.systemui.doze.DozeService}, isPreviewMode=false, canDoze=true, userId=0, reason='finished self'(from 'requested stopDream')
04-14 13:54:17.822  1843 14431 D ActivityManager: sync unfroze 16333 com.iqiyi.knowledge
04-14 13:54:17.865  1843  1980 W BroadcastQueue: Background execution not allowed: receiving Intent { act=android.net.wifi.RSSI_CHANGED flg=0x4000010 (has extras) } to com.tencent.tim/com.tencent.qqmail.utilities.qmbroadcastreceiver.WifiChangeReceiver
04-14 13:54:17.910  1843  3337 D ActivityManager: sync unfroze 29033 com.google.android.inputmethod.latin
04-14 13:54:25.598  1843  2013 V DisplayPowerController[0]: Brightness [0.05] reason changing to: 'manual [ dim ]', previous reason: 'manual'.
04-14 13:54:25.599  1843  2013 I DisplayPowerController[0]: BrightnessEvent: disp=0, brt=0.05, rcmdBrt=NaN, preBrt=NaN, lux=0.0, preLux=0.0, hbmMax=0.62, hbmMode=off, thrmMax=1.0, flags=, reason=manual [ dim ]
04-14 13:54:27.593  1843  2013 I PowerGroup: Powering off display group due to timeout (groupId= 0, uid= 1000)...
04-14 13:54:27.594  1843  2013 I PowerManagerService: Going to sleep due to timeout (uid 1000)...
04-14 13:54:27.601  1843  1843 W ProcessStats: Tracking association SourceState{79e806a com.google.android.gms/10121 Top #1768528} whose proc state 1 is better than process ProcessState{fd0ea72 com.google.android.gms.persistent/10121 pkg=com.google.android.gms} proc state 2 (104 skipped)
04-14 13:54:27.646  1843  2013 V DisplayPowerController[0]: Brightness [0.62] reason changing to: 'manual', previous reason: 'manual [ dim ]'.
04-14 13:54:27.647  1843  2013 I DisplayPowerController[0]: BrightnessEvent: disp=0, brt=0.62, rcmdBrt=NaN, preBrt=NaN, lux=0.0, preLux=0.0, hbmMax=0.62, hbmMode=off, thrmMax=1.0, flags=, reason=manual
04-14 13:54:28.057  1843  2013 I DisplayPowerController[0]: Blocking screen off
04-14 13:54:28.057  1843  2013 I DisplayPowerController[0]: Unblocked screen off after 0 ms
04-14 13:54:28.074  1843  2013 V DisplayPowerController[0]: Brightness [0.0] reason changing to: 'screen_off', previous reason: 'manual'.
04-14 13:54:28.074  1843  2013 I DisplayPowerController[0]: BrightnessEvent: disp=0, brt=0.0, rcmdBrt=NaN, preBrt=NaN, lux=0.0, preLux=0.0, hbmMax=0.62, hbmMode=off, thrmMax=1.0, flags=, reason=screen_off
04-14 13:54:28.075  1843  1969 I DisplayDeviceRepository: Display device changed state: "内置屏幕", OFF
04-14 13:54:28.219  1843  2013 I DreamManagerService: Entering dreamland.
04-14 13:54:28.219  1843  2013 I PowerManagerService: Dozing...
04-14 13:54:28.221  1843  1966 I DreamController: Starting dream: name=ComponentInfo{com.android.systemui/com.android.systemui.doze.DozeService}, isPreviewMode=false, canDoze=true, userId=0
04-14 13:54:28.228  1843  1980 D ActivityManager: sync unfroze 27519 com.tencent.android.qqdownloader:live
