05-16 10:42:01.641 W/BroadcastQueue( 1711): Background execution not allowed: receiving Intent { act=android.intent.action.PACKAGE_ADDED dat=package: flg=0x4000010 (has extras) } to com.baidu.netdisk/.module.toolbox.AppInfoBroadcastReceiver
05-16 10:42:01.641 W/BroadcastQueue( 1711): Background execution not allowed: receiving Intent { act=android.intent.action.PACKAGE_ADDED dat=package: flg=0x4000010 (has extras) } to com.qihoo.appstore/.personalcenter.installhistory.PackageRecevier
05-16 10:42:01.641 W/BroadcastQueue( 1711): Background execution not allowed: receiving Intent { act=android.intent.action.PACKAGE_ADDED dat=package: flg=0x4000010 (has extras) } to com.qiyi.video/org.qiyi.android.commonphonepad.receiver.AddPackageBroadcast
05-16 10:42:01.751 W/BroadcastQueue( 1711): Background execution not allowed: receiving Intent { act=android.intent.action.PACKAGE_REPLACED dat=package: flg=0x4000010 (has extras) } to com.google.android.apps.photos/.account.full.FetchAccountPropertiesAppUpgradeBroadcastReceiver
05-16 10:42:01.751 W/BroadcastQueue( 1711): Background execution not allowed: receiving Intent { act=android.intent.action.PACKAGE_REPLACED dat=package: flg=0x4000010 (has extras) } to com.google.android.apps.photos/.account.full.SyncAccountsForLoginBroadcastReceiver
05-16 10:42:01.751 W/BroadcastQueue( 1711): Background execution not allowed: receiving Intent { act=android.intent.action.PACKAGE_REPLACED dat=package: flg=0x4000010 (has extras) } to com.google.android.apps.photos/.notificationchannels.AppUpdateBroadcastReceiver
05-16 10:42:01.751 W/BroadcastQueue( 1711): Background execution not allowed: receiving Intent { act=android.intent.action.PACKAGE_REPLACED dat=package: flg=0x4000010 (has extras) } to com.google.android.gms/.gass.chimera.PackageChangeBroadcastReceiver
05-16 10:42:01.751 W/BroadcastQueue( 1711): Background execution not allowed: receiving Intent { act=android.intent.action.PACKAGE_REPLACED dat=package: flg=0x4000010 (has extras) } to com.google.android.gms/.chimera.GmsIntentOperationService$PersistentTrustedReceiver
05-16 10:42:01.751 W/BroadcastQueue( 1711): Background execution not allowed: receiving Intent { act=android.intent.action.PACKAGE_REPLACED dat=package: flg=0x4000010 (has extras) } to com.google.android.googlequicksearchbox/com.google.android.apps.gsa.googlequicksearchbox.GelStubAppWatcher
05-16 10:42:01.751 W/BroadcastQueue( 1711): Background execution not allowed: receiving Intent { act=android.intent.action.PACKAGE_REPLACED dat=package: flg=0x4000010 (has extras) } to com.qihoo.appstore/.personalcenter.installhistory.PackageRecevier
05-16 10:42:01.752 D/CompatibilityChangeReporter( 1711): Compat change id reported: 135634846; UID 10172; state: DISABLED
05-16 10:42:01.752 D/CompatibilityChangeReporter( 1711): Compat change id reported: 177438394; UID 10172; state: DISABLED
05-16 10:42:01.752 D/CompatibilityChangeReporter( 1711): Compat change id reported: 135772972; UID 10172; state: DISABLED
05-16 10:42:01.752 D/CompatibilityChangeReporter( 1711): Compat change id reported: 135754954; UID 10172; state: ENABLED
05-16 10:42:01.752 D/CompatibilityChangeReporter( 1711): Compat change id reported: 143937733; UID 10172; state: ENABLED
05-16 10:42:01.766 I/ActivityManager( 1711): Start proc 27721:com.google.android.apps.photos/u0a172 for broadcast {com.google.android.apps.photos/com.google.android.apps.photos.account.full.RefreshAccountsReceiver}
05-16 10:42:01.799 E/VerityUtils( 1711): Failed to measure fs-verity, errno 1: /data/app/~~bplGfK3tHrjXa1qC4I1S2A==/com.google.android.apps.photos-t3FLj0N-V_wMJut0UHntxg==/base.apk
05-16 10:42:01.815 E/VerityUtils( 1711): Failed to measure fs-verity, errno 1: /data/app/~~bplGfK3tHrjXa1qC4I1S2A==/com.google.android.apps.photos-t3FLj0N-V_wMJut0UHntxg==/base.apk
05-16 10:42:01.857 D/CompatibilityChangeReporter( 1711): Compat change id reported: 135634846; UID 10254; state: DISABLED
05-16 10:42:01.857 D/CompatibilityChangeReporter( 1711): Compat change id reported: 177438394; UID 10254; state: DISABLED
05-16 10:42:01.857 D/CompatibilityChangeReporter( 1711): Compat change id reported: 135772972; UID 10254; state: DISABLED
05-16 10:42:01.857 D/CompatibilityChangeReporter( 1711): Compat change id reported: 135754954; UID 10254; state: DISABLED
05-16 10:42:01.860 D/CompatibilityChangeReporter( 1711): Compat change id reported: 143937733; UID 10254; state: DISABLED
05-16 10:42:01.870 I/ActivityManager( 1711): Start proc 27740:com.cisco.anyconnect.vpn.android.avf:umbrella/u0a254 for service {com.cisco.anyconnect.vpn.android.avf/com.cisco.umbrella.service.RestrictionsObserverJobService}
05-16 10:42:01.871 W/JobScheduler( 1711): Job didn't exist in JobStore: 83fdafa #1000/100062 com.tencent.android.qqdownloader.YYBLiveAccountProvider/com.tencent.android.qqdownloader.YYBLiveAccountProvider.account/应用宝:android
05-16 10:42:01.888 D/CompatibilityChangeReporter( 1711): Compat change id reported: 168419799; UID 10254; state: DISABLED
05-16 10:42:01.967 D/CompatibilityChangeReporter( 1711): Compat change id reported: 135634846; UID 10254; state: DISABLED
05-16 10:42:01.967 D/CompatibilityChangeReporter( 1711): Compat change id reported: 177438394; UID 10254; state: DISABLED
05-16 10:42:01.967 D/CompatibilityChangeReporter( 1711): Compat change id reported: 135772972; UID 10254; state: DISABLED
05-16 10:42:01.967 D/CompatibilityChangeReporter( 1711): Compat change id reported: 135754954; UID 10254; state: DISABLED
05-16 10:42:01.968 D/CompatibilityChangeReporter( 1711): Compat change id reported: 143937733; UID 10254; state: DISABLED
05-16 10:42:01.980 I/ActivityManager( 1711): Start proc 27765:com.cisco.anyconnect.vpn.android.avf:nchs/u0a254 for content provider {com.cisco.anyconnect.vpn.android.avf/com.cisco.anyconnect.android.util.ACLogsProvider}
05-16 10:42:02.023 D/CompatibilityChangeReporter( 1711): Compat change id reported: 161145287; UID 10172; state: DISABLED
05-16 10:42:02.100 D/CompatibilityChangeReporter( 1711): Compat change id reported: 161252188; UID 10172; state: ENABLED
05-16 10:42:02.115 W/WindowMagnificationMgr( 1711): requestConnection duplicated request: connect=false, mConnectionState=DISCONNECTED
05-16 10:42:02.120 W/WindowMagnificationMgr( 1711): requestConnection duplicated request: connect=false, mConnectionState=DISCONNECTED
05-16 10:42:02.136 D/CompatibilityChangeReporter( 1711): Compat change id reported: 158482162; UID 1000; state: ENABLED
05-16 10:42:02.171 D/AppWidgetServiceImpl( 1711): Provider info from ComponentInfo{com.google.android.apps.photos/com.google.android.apps.photos.widget.people.WidgetProviderPeoplePets} won't be persisted.
05-16 10:42:02.171 D/AppWidgetServiceImpl( 1711): Provider info from ComponentInfo{com.google.android.apps.photos/com.google.android.apps.photos.widget.WidgetProvider} won't be persisted.
05-16 10:42:02.174 D/CompatibilityChangeReporter( 1711): Compat change id reported: 194532703; UID 10254; state: DISABLED
05-16 10:42:02.177 W/JobScheduler( 1711): Job didn't exist in JobStore: 48768d #u0a254/3000 com.cisco.anyconnect.vpn.android.avf/com.cisco.umbrella.service.RestrictionsObserverJobService
05-16 10:42:02.559 D/CompatibilityChangeReporter( 1711): Compat change id reported: 161145287; UID 1000; state: DISABLED
05-16 10:42:02.732 D/CompatibilityChangeReporter( 1711): Compat change id reported: 183407956; UID 1000; state: ENABLED
05-16 10:42:02.736 I/Telecom ( 1711): PhoneAccountRegistrar: getSimCallManager: SimCallManager for subId -1 queried, returning: null
05-16 10:42:02.881 D/CompatibilityChangeReporter( 1711): Compat change id reported: 135634846; UID 10076; state: DISABLED
05-16 10:42:02.881 D/CompatibilityChangeReporter( 1711): Compat change id reported: 177438394; UID 10076; state: DISABLED
05-16 10:42:02.881 D/CompatibilityChangeReporter( 1711): Compat change id reported: 135772972; UID 10076; state: DISABLED
05-16 10:42:02.881 D/CompatibilityChangeReporter( 1711): Compat change id reported: 135754954; UID 10076; state: ENABLED
05-16 10:42:02.881 D/CompatibilityChangeReporter( 1711): Compat change id reported: 143937733; UID 10076; state: ENABLED
05-16 10:42:02.889 D/CompatibilityChangeReporter( 1711): Compat change id reported: 177438394; UID 10120; state: DISABLED
05-16 10:42:02.889 D/CompatibilityChangeReporter( 1711): Compat change id reported: 135772972; UID 10120; state: DISABLED
05-16 10:42:02.889 D/CompatibilityChangeReporter( 1711): Compat change id reported: 135754954; UID 10120; state: ENABLED
05-16 10:42:02.892 D/CompatibilityChangeReporter( 1711): Compat change id reported: 135634846; UID 10106; state: DISABLED
05-16 10:42:02.892 D/CompatibilityChangeReporter( 1711): Compat change id reported: 177438394; UID 10106; state: DISABLED
05-16 10:42:02.892 D/CompatibilityChangeReporter( 1711): Compat change id reported: 135772972; UID 10106; state: DISABLED
05-16 10:42:02.892 D/CompatibilityChangeReporter( 1711): Compat change id reported: 135754954; UID 10106; state: ENABLED
05-16 10:42:02.892 I/ActivityManager( 1711): Start proc 27832:com.android.traceur/u0a76 for content provider {com.android.traceur/com.android.traceur.SearchProvider}
05-16 10:42:02.892 D/CompatibilityChangeReporter( 1711): Compat change id reported: 143937733; UID 10120; state: ENABLED
05-16 10:42:02.903 D/CompatibilityChangeReporter( 1711): Compat change id reported: 135634846; UID 10217; state: DISABLED
05-16 10:42:02.903 D/CompatibilityChangeReporter( 1711): Compat change id reported: 177438394; UID 10217; state: DISABLED
05-16 10:42:02.903 D/CompatibilityChangeReporter( 1711): Compat change id reported: 135772972; UID 10217; state: DISABLED
05-16 10:42:02.903 D/CompatibilityChangeReporter( 1711): Compat change id reported: 135754954; UID 10217; state: ENABLED
05-16 10:42:02.904 I/ActivityManager( 1711): Start proc 27836:com.google.android.apps.safetyhub/u0a120 for content provider {com.google.android.apps.safetyhub/com.google.android.apps.safetyhub.platformsettings.search.EmergencySearchIndexablesProvider}
05-16 10:42:02.904 D/CompatibilityChangeReporter( 1711): Compat change id reported: 143937733; UID 10106; state: ENABLED
05-16 10:42:02.918 I/ActivityManager( 1711): Start proc 27860:com.google.android.apps.tips/u0a106 for content provider {com.google.android.apps.tips/com.google.android.apps.tips.settings.search.SettingsSearchProvider}
05-16 10:42:02.918 D/CompatibilityChangeReporter( 1711): Compat change id reported: 143937733; UID 10217; state: ENABLED
05-16 10:42:02.927 I/ActivityManager( 1711): Start proc 27882:com.google.android.cellbroadcastreceiver/u0a217 for content provider {com.google.android.cellbroadcastreceiver/com.android.cellbroadcastreceiver.CellBroadcastSearchIndexableProvider}
05-16 10:42:02.929 D/CompatibilityChangeReporter( 1711): Compat change id reported: 168419799; UID 10120; state: DISABLED
05-16 10:42:02.933 D/CompatibilityChangeReporter( 1711): Compat change id reported: 168419799; UID 10106; state: DISABLED
05-16 10:42:02.940 D/CompatibilityChangeReporter( 1711): Compat change id reported: 168419799; UID 10217; state: DISABLED
05-16 10:42:02.942 D/CompatibilityChangeReporter( 1711): Compat change id reported: 168419799; UID 10076; state: DISABLED
05-16 10:42:02.963 D/CompatibilityChangeReporter( 1711): Compat change id reported: 177438394; UID 10137; state: DISABLED
05-16 10:42:02.963 D/CompatibilityChangeReporter( 1711): Compat change id reported: 135772972; UID 10137; state: DISABLED
05-16 10:42:02.963 D/CompatibilityChangeReporter( 1711): Compat change id reported: 135754954; UID 10137; state: ENABLED
05-16 10:42:02.964 D/CompatibilityChangeReporter( 1711): Compat change id reported: 143937733; UID 10137; state: ENABLED
05-16 10:42:02.973 I/ActivityManager( 1711): Start proc 27919:com.google.android.projection.gearhead:projection/u0a137 for content provider {com.google.android.projection.gearhead/com.google.android.projection.gearhead.companion.settings.SettingsSearchProvider}
05-16 10:42:02.986 D/CompatibilityChangeReporter( 1711): Compat change id reported: 168419799; UID 10137; state: DISABLED
05-16 10:42:03.033 D/CompatibilityChangeReporter( 1711): Compat change id reported: 158482162; UID 10121; state: ENABLED
05-16 10:42:03.290 W/PackageParser(23882): Unknown element under <manifest>: queries at /data/user_de/0/com.google.android.gms/app_chimera/m/00000111/dl-AdsFdrDynamite.integ_230500000100000.apk Binary XML file line #15
05-16 10:42:03.316 D/CompatibilityChangeReporter( 1711): Compat change id reported: 161145287; UID 10137; state: DISABLED
05-16 10:42:03.371 D/CompatibilityChangeReporter( 1711): Compat change id reported: 161145287; UID 10120; state: DISABLED
05-16 10:42:03.400 D/CompatibilityChangeReporter( 1711): Compat change id reported: 161145287; UID 10106; state: DISABLED
05-16 10:42:03.475 W/JobScheduler( 1711): Job didn't exist in JobStore: 804adfa #u0a151/-87 com.google.android.googlequicksearchbox/com.google.android.apps.gsa.tasks.BackgroundTasksJobService
05-16 10:42:03.541 W/PackageParser(23882): Unknown element under <manifest>: queries at /data/user_de/0/com.google.android.gms/app_chimera/m/00000111/dl-AdsFdrDynamite.integ_230500000100000.apk Binary XML file line #15
05-16 10:42:03.762 D/CompatibilityChangeReporter( 1711): Compat change id reported: 157233955; UID 10137; state: ENABLED
05-16 10:42:03.852 W/PackageParser(23882): Unknown element under <manifest>: queries at /data/user_de/0/com.google.android.gms/app_chimera/m/00000111/dl-AdsFdrDynamite.integ_230500000100000.apk Binary XML file line #15
05-16 10:42:03.942 D/CompatibilityChangeReporter( 1711): Compat change id reported: 168419799; UID 10172; state: DISABLED
05-16 10:42:03.991 D/CompatibilityChangeReporter( 1711): Compat change id reported: 194532703; UID 10172; state: ENABLED
05-16 10:42:04.168 I/ActivityManager( 1711): Killing 25008:com.google.RilConfigService/1001 (adj 975): empty #33
05-16 10:42:04.168 I/ActivityManager( 1711): Killing 21189:com.google.android.as.oss/u0a146 (adj 985): empty #34
05-16 10:42:04.169 I/ActivityManager( 1711): Killing 21207:com.google.android.as.oss:learning_bg/u0a146 (adj 985): empty #35
05-16 10:42:04.651 I/ActivityManager( 1711): Background started FGS: Allowed [callingPackage: com.android.vending; callingUid: 10116; uidState: TRNB; intent: Intent { act=com.google.android.finsky.BIND_DOWNLOAD_SERVICE pkg=com.android.vending (has extras) }; code:BACKGROUND_ACTIVITY_PERMISSION; tempAllowListReason:<,reasonCode:SYSTEM_ALLOW_LISTED,duration:9223372036854775807,callingUid:-1>; targetSdkVersion:33; callerTargetSdkVersion:33; startForegroundCount:0; bindFromPackage:null]
05-16 10:42:05.323 W/PackageParser(23882): Unknown element under <manifest>: queries at /data/user_de/0/com.google.android.gms/app_chimera/m/000000a3/dl-AdsFdrDynamite.integ_224400003100000.apk Binary XML file line #11
05-16 10:42:05.646 W/PackageParser(23882): Unknown element under <manifest>: queries at /data/user_de/0/com.google.android.gms/app_chimera/m/00000111/dl-AdsFdrDynamite.integ_230500000100000.apk Binary XML file line #15
05-16 10:42:05.870 W/PackageParser(23882): Unknown element under <manifest>: queries at /data/user_de/0/com.google.android.gms/app_chimera/m/s/dl-AdsFdrDynamite.integ_231004600100000.apk Binary XML file line #15
05-16 10:42:06.039 W/PackageParser(23882): Unknown element under <manifest>: queries at /data/user_de/0/com.google.android.gms/app_chimera/m/00000111/dl-AdsFdrDynamite.integ_230500000100000.apk Binary XML file line #15
05-16 10:42:06.064 W/PackageParser(23882): Unknown element under <manifest>: queries at /data/user_de/0/com.google.android.gms/app_chimera/m/0000019e/dl-AdsFdrDynamite.integ_231004600100000.apk Binary XML file line #15
05-16 10:42:06.206 W/PackageParser(23882): Unknown element under <manifest>: queries at /data/user_de/0/com.google.android.gms/app_chimera/m/00000111/dl-AdsFdrDynamite.integ_230500000100000.apk Binary XML file line #15
05-16 10:42:06.231 W/PackageParser(23882): Unknown element under <manifest>: queries at /data/user_de/0/com.google.android.gms/app_chimera/m/0000019e/dl-AdsFdrDynamite.integ_231004600100000.apk Binary XML file line #15
05-16 10:42:06.378 W/PackageParser(23882): Unknown element under <manifest>: queries at /data/user_de/0/com.google.android.gms/app_chimera/m/00000111/dl-AdsFdrDynamite.integ_230500000100000.apk Binary XML file line #15
05-16 10:42:06.401 W/PackageParser(23882): Unknown element under <manifest>: queries at /data/user_de/0/com.google.android.gms/app_chimera/m/0000019e/dl-AdsFdrDynamite.integ_231004600100000.apk Binary XML file line #15
05-16 10:42:06.606 W/BroadcastQueue( 1711): Background execution not allowed: receiving Intent { act=com.google.android.chimera.MODULE_CONFIGURATION_CHANGED flg=0x10 (has extras) } to com.google.android.gms/.chimera.GmsIntentOperationService$PersistentInternalReceiver
05-16 10:42:10.450 I/ActivityManager( 1711): Killing 22390:com.google.android.apps.carrier.log/u0a100 (adj 985): empty #33
05-16 10:42:13.876 I/keystore2(  514): keystore2::watchdog: Watchdog thread idle -> terminating. Have a great day.
05-16 10:42:14.068 I/ActivityManager( 1711): Killing 25066:com.google.android.partnersetup/u0a148 (adj 985): empty #33
05-16 10:42:15.939 W/BroadcastQueue( 1711): Association not allowed: broadcasting Intent { act=com.google.android.gms.phenotype.UPDATE flg=0x10 pkg=com.google.android.as (has extras) } from com.google.android.gms (pid=25271, uid=10121) to com.google.android.as/com.google.android.libraries.phenotype.client.stable.PhenotypeUpdateBackgroundBroadcastReceiver
05-16 10:42:16.027 D/CompatibilityChangeReporter( 1711): Compat change id reported: 168419799; UID 10165; state: DISABLED
05-16 10:42:16.575 D/CompatibilityChangeReporter( 1711): Compat change id reported: 135634846; UID 10166; state: DISABLED
05-16 10:42:16.575 D/CompatibilityChangeReporter( 1711): Compat change id reported: 177438394; UID 10166; state: DISABLED
05-16 10:42:16.575 D/CompatibilityChangeReporter( 1711): Compat change id reported: 135772972; UID 10166; state: DISABLED
05-16 10:42:16.575 D/CompatibilityChangeReporter( 1711): Compat change id reported: 135754954; UID 10166; state: ENABLED
05-16 10:42:16.576 D/CompatibilityChangeReporter( 1711): Compat change id reported: 143937733; UID 10166; state: ENABLED
05-16 10:42:16.581 I/RescueParty( 1711): Starting to observe: [android], updated namespace: statsd_native_boot
05-16 10:42:16.581 I/PackageWatchdog( 1711): Syncing state, reason: observing new packages
05-16 10:42:16.581 D/PackageWatchdog( 1711): rescue-party-observer added the following packages to monitor [android]
05-16 10:42:16.581 I/PackageWatchdog( 1711): Syncing state, reason: updated observers
05-16 10:42:16.581 I/PackageWatchdog( 1711): Not pruning observers, elapsed time: 0ms
05-16 10:42:16.581 I/PackageWatchdog( 1711): Syncing health check requests for packages: {}
05-16 10:42:16.581 I/ExplicitHealthCheckController( 1711): Service not ready to get health check supported packages. Binding...
05-16 10:42:16.582 I/PackageWatchdog( 1711): Saving observer state to file
05-16 10:42:16.583 I/ExplicitHealthCheckController( 1711): Explicit health check service is bound
05-16 10:42:16.588 I/ActivityManager( 1711): Start proc 28187:com.google.android.webview/u0a166 for broadcast {com.google.android.webview/com.google.android.libraries.phenotype.client.stable.PhenotypeUpdateBackgroundBroadcastReceiver}
05-16 10:42:16.590 I/PackageWatchdog( 1711): Syncing health check requests for packages: {}
05-16 10:42:16.590 I/ExplicitHealthCheckController( 1711): Service not ready to get health check supported packages. Binding...
05-16 10:42:16.590 I/ExplicitHealthCheckController( 1711): Not binding to service, service already connecting
05-16 10:42:16.590 I/ExplicitHealthCheckController( 1711): Explicit health check service is connected ComponentInfo{com.google.android.ext.services/android.ext.services.watchdog.ExplicitHealthCheckServiceImpl}
05-16 10:42:16.591 I/ExplicitHealthCheckController( 1711): Service initialized, syncing requests
05-16 10:42:16.591 I/PackageWatchdog( 1711): Syncing health check requests for packages: {}
05-16 10:42:16.591 D/ExplicitHealthCheckController( 1711): Getting health check supported packages
05-16 10:42:16.594 I/ExplicitHealthCheckController( 1711): Explicit health check supported packages [PackageConfig{com.google.android.networkstack, 86400000}]
05-16 10:42:16.595 D/PackageWatchdog( 1711): Received supported packages [PackageConfig{com.google.android.networkstack, 86400000}]
05-16 10:42:16.595 D/ExplicitHealthCheckController( 1711): Getting health check requested packages
05-16 10:42:16.595 I/ExplicitHealthCheckController( 1711): Explicit health check requested packages []
05-16 10:42:16.595 I/ExplicitHealthCheckController( 1711): No more health check requests, unbinding...
05-16 10:42:16.596 I/ExplicitHealthCheckController( 1711): Explicit health check service is unbound
05-16 10:42:16.604 D/CompatibilityChangeReporter( 1711): Compat change id reported: 168419799; UID 10166; state: DISABLED
05-16 10:42:16.647 D/CompatibilityChangeReporter( 1711): Compat change id reported: 168419799; UID 10162; state: DISABLED
05-16 10:42:18.769 W/PackageParser(23882): Unknown element under <manifest>: queries at /data/user_de/0/com.google.android.gms/app_chimera/m/00000111/dl-AdsFdrDynamite.integ_230500000100000.apk Binary XML file line #15
05-16 10:42:18.793 W/PackageParser(23882): Unknown element under <manifest>: queries at /data/user_de/0/com.google.android.gms/app_chimera/m/0000019e/dl-AdsFdrDynamite.integ_231004600100000.apk Binary XML file line #15
05-16 10:42:19.051 W/PackageParser(23882): Unknown element under <manifest>: queries at /data/user_de/0/com.google.android.gms/app_chimera/m/00000111/dl-AdsFdrDynamite.integ_230500000100000.apk Binary XML file line #15
05-16 10:42:19.075 W/PackageParser(23882): Unknown element under <manifest>: queries at /data/user_de/0/com.google.android.gms/app_chimera/m/0000019e/dl-AdsFdrDynamite.integ_231004600100000.apk Binary XML file line #15
05-16 10:42:19.197 I/ActivityManager( 1711): Killing 25217:com.google.android.apps.carrier.carrierwifi/u0a123 (adj 975): empty #33
05-16 10:42:19.197 I/ActivityManager( 1711): Killing 25170:com.android.providers.calendar/u0a75 (adj 985): empty #34
05-16 10:42:19.211 W/PackageParser(23882): Unknown element under <manifest>: queries at /data/user_de/0/com.google.android.gms/app_chimera/m/00000111/dl-AdsFdrDynamite.integ_230500000100000.apk Binary XML file line #15
05-16 10:42:19.235 W/PackageParser(23882): Unknown element under <manifest>: queries at /data/user_de/0/com.google.android.gms/app_chimera/m/0000019e/dl-AdsFdrDynamite.integ_231004600100000.apk Binary XML file line #15
05-16 10:42:20.938 I/ActivityManager( 1711): Killing 24735:com.google.android.gms.unstable/u0a121 (adj 985): empty #33
05-16 10:42:22.086 I/ActivityManager( 1711): Background started FGS: Allowed [callingPackage: com.android.vending; callingUid: 10116; uidState: TRNB; intent: Intent { act=com.google.android.finsky.BIND_DOWNLOAD_SERVICE pkg=com.android.vending (has extras) }; code:BACKGROUND_ACTIVITY_PERMISSION; tempAllowListReason:<,reasonCode:SYSTEM_ALLOW_LISTED,duration:9223372036854775807,callingUid:-1>; targetSdkVersion:33; callerTargetSdkVersion:33; startForegroundCount:0; bindFromPackage:null]
05-16 10:42:24.821 D/BiometricService( 1711): canAuthenticate: User=0, Caller=0, Authenticators=255
05-16 10:42:24.822 D/BiometricService/PreAuthInfo( 1711): Package: com.google.android.gms Sensor ID: 0 Modality: 2 Status: 7
05-16 10:42:24.822 D/BiometricService/PreAuthInfo( 1711): getCanAuthenticateInternal Modality: 2 AuthenticatorStatus: 7
05-16 10:42:24.822 D/AuthService( 1711): canAuthenticate, userId: 0, callingUserId: 0, authenticators: 255, result: 11
05-16 10:42:29.255 E/PackageManager( 1711): ERROR: could not load root hash from incremental install
05-16 10:42:29.255 E/PackageManager( 1711): ERROR: could not load root hash from incremental install
05-16 10:42:29.255 E/PackageManager( 1711): ERROR: could not load root hash from incremental install
05-16 10:42:29.255 E/PackageManager( 1711): ERROR: could not load root hash from incremental install
05-16 10:42:29.260 I/ActivityManager( 1711): Killing 25577:com.google.android.apps.work.oobconfig/u0a144 (adj 985): empty #33
05-16 10:42:29.262 I/PackageManager( 1711): Integrity check passed for file:///data/app/vmdl1079933970.tmp
05-16 10:42:29.680 I/ActivityManager( 1711): Force stopping com.google.android.youtube appid=10174 user=-1: installPackageLI
05-16 10:42:29.680 I/PackageManager( 1711): Update system package com.google.android.youtube code path from /data/app/~~dkXoaIuh6Ui0wuH_e0AdJA==/com.google.android.youtube-feqMnmRSeXPnJ6bzDcJNOw== to /data/app/~~ok2LKX8jZSRewMGQMyWb4g==/com.google.android.youtube-QXZQoTnbmMwOihyxQPOiwA==; Retain data and using new
05-16 10:42:29.745 I/PackageManager( 1711): Permission ownership changed. Updating all permissions.
05-16 10:42:33.470 I/ActivityManager( 1711): Force stopping com.google.android.youtube appid=10174 user=0: pkg removed
05-16 10:42:33.476 I/ActivityManager( 1711): Force stopping com.google.android.youtube appid=10174 user=0: pkg removed
05-16 10:42:33.481 D/CompatibilityChangeReporter( 1711): Compat change id reported: 168419799; UID 10174; state: DISABLED
05-16 10:42:33.519 W/BroadcastQueue( 1711): Background execution not allowed: receiving Intent { act=android.intent.action.PACKAGE_REMOVED dat=package: flg=0x4000010 (has extras) } to com.android.vending/com.google.android.finsky.packagemonitor.impl.PackageMonitorReceiverImpl$RegisteredReceiver
05-16 10:42:33.524 W/ProcessStats( 1711): Tracking association SourceState{21addb7 com.tencent.android.qqdownloader/10272 BTopFgs #27363} whose proc state 2 is better than process ProcessState{92a426b com.tencent.android.qqdownloader:daemon/10272 pkg=com.tencent.android.qqdownloader} proc state 3 (8 skipped)
05-16 10:42:33.534 W/BroadcastQueue( 1711): Background execution not allowed: receiving Intent { act=android.intent.action.PACKAGE_REMOVED dat=package: flg=0x4000010 (has extras) } to com.android.vending/com.google.android.finsky.packagemonitor.backgroundimpl.BackgroundPackageMonitorReceiverImpl$RegisteredReceiver
05-16 10:42:33.534 W/BroadcastQueue( 1711): Background execution not allowed: receiving Intent { act=android.intent.action.PACKAGE_REMOVED dat=package: flg=0x4000010 (has extras) } to com.android.vending/com.google.android.finsky.instantapps.appmanagement.InstantAppRemoveMonitor
05-16 10:42:33.534 W/BroadcastQueue( 1711): Background execution not allowed: receiving Intent { act=android.intent.action.PACKAGE_REMOVED dat=package: flg=0x4000010 (has extras) } to com.google.android.apps.maps/com.google.android.libraries.social.peoplekit.thirdparty.viewcontrollers.ThirdPartyReceiver
05-16 10:42:33.534 W/BroadcastQueue( 1711): Background execution not allowed: receiving Intent { act=android.intent.action.PACKAGE_REMOVED dat=package: flg=0x4000010 (has extras) } to com.google.android.apps.photos/com.google.android.libraries.social.peoplekit.thirdparty.viewcontrollers.ThirdPartyReceiver
05-16 10:42:33.534 W/BroadcastQueue( 1711): Background execution not allowed: receiving Intent { act=android.intent.action.PACKAGE_REMOVED dat=package: flg=0x4000010 (has extras) } to com.google.android.gms/.games.chimera.GamesSystemBroadcastReceiverProxy
05-16 10:42:33.534 W/BroadcastQueue( 1711): Background execution not allowed: receiving Intent { act=android.intent.action.PACKAGE_REMOVED dat=package: flg=0x4000010 (has extras) } to com.google.android.gms/.chimera.GmsIntentOperationService$PersistentTrustedReceiver
05-16 10:42:33.534 W/BroadcastQueue( 1711): Background execution not allowed: receiving Intent { act=android.intent.action.PACKAGE_REMOVED dat=package: flg=0x4000010 (has extras) } to com.google.android.googlequicksearchbox/com.google.android.apps.gsa.googlequicksearchbox.GelStubAppWatcher
05-16 10:42:33.534 W/BroadcastQueue( 1711): Background execution not allowed: receiving Intent { act=android.intent.action.PACKAGE_REMOVED dat=package: flg=0x4000010 (has extras) } to com.baidu.netdisk/.module.toolbox.AppInfoBroadcastReceiver
05-16 10:42:33.549 D/PackageInstallerSession( 1711): Marking session 1079933970 as applied
05-16 10:42:33.591 I/Telecom ( 1711): CarModeTracker: Package com.google.android.youtube is not tracked.: SSH.oR@AWA
05-16 10:42:33.591 I/Telecom ( 1711): InCallController: updateCarModeForConnections: car mode apps: : SSH.oR@AWA
05-16 10:42:33.594 I/Telecom ( 1711): DefaultDialerCache: Refreshing default dialer for user 0: now com.google.android.dialer: DDC.oR@AWE
05-16 10:42:33.624 D/CompatibilityChangeReporter( 1711): Compat change id reported: 218533173; UID 10174; state: ENABLED
05-16 10:42:33.624 D/CompatibilityChangeReporter( 1711): Compat change id reported: 171306433; UID 10174; state: ENABLED
05-16 10:42:33.624 W/AlarmManager( 1711): Package com.google.android.youtube, uid 10174 lost permission to set exact alarms!
05-16 10:42:33.687 E/VerityUtils( 1711): Failed to measure fs-verity, errno 1: /data/app/~~ok2LKX8jZSRewMGQMyWb4g==/com.google.android.youtube-QXZQoTnbmMwOihyxQPOiwA==/base.apk
05-16 10:42:33.703 W/BroadcastQueue( 1711): Background execution not allowed: receiving Intent { act=android.intent.action.PACKAGE_ADDED dat=package: flg=0x4000010 (has extras) } to com.google.android.packageinstaller/com.android.packageinstaller.PackageInstalledReceiver
05-16 10:42:33.704 W/BroadcastQueue( 1711): Background execution not allowed: receiving Intent { act=android.intent.action.PACKAGE_ADDED dat=package: flg=0x4000010 (has extras) } to com.android.vending/com.google.android.finsky.packagemonitor.impl.PackageMonitorReceiverImpl$RegisteredReceiver
05-16 10:42:33.704 W/BroadcastQueue( 1711): Background execution not allowed: receiving Intent { act=android.intent.action.PACKAGE_ADDED dat=package: flg=0x4000010 (has extras) } to com.android.vending/com.google.android.finsky.packagemonitor.backgroundimpl.BackgroundPackageMonitorReceiverImpl$RegisteredReceiver
05-16 10:42:33.704 W/BroadcastQueue( 1711): Background execution not allowed: receiving Intent { act=android.intent.action.PACKAGE_ADDED dat=package: flg=0x4000010 (has extras) } to com.google.android.gms/.games.chimera.GamesSystemBroadcastReceiverProxy
05-16 10:42:33.704 W/BroadcastQueue( 1711): Background execution not allowed: receiving Intent { act=android.intent.action.PACKAGE_ADDED dat=package: flg=0x4000010 (has extras) } to com.google.android.gms/.gass.chimera.PackageChangeBroadcastReceiver
05-16 10:42:33.704 W/BroadcastQueue( 1711): Background execution not allowed: receiving Intent { act=android.intent.action.PACKAGE_ADDED dat=package: flg=0x4000010 (has extras) } to com.google.android.gms/.chimera.GmsIntentOperationService$PersistentTrustedReceiver
05-16 10:42:33.704 W/BroadcastQueue( 1711): Background execution not allowed: receiving Intent { act=android.intent.action.PACKAGE_ADDED dat=package: flg=0x4000010 (has extras) } to com.google.android.googlequicksearchbox/com.google.android.apps.gsa.googlequicksearchbox.GelStubAppWatcher
05-16 10:42:33.704 W/BroadcastQueue( 1711): Background execution not allowed: receiving Intent { act=android.intent.action.PACKAGE_ADDED dat=package: flg=0x4000010 (has extras) } to com.baidu.netdisk/.module.toolbox.AppInfoBroadcastReceiver
05-16 10:42:33.704 W/BroadcastQueue( 1711): Background execution not allowed: receiving Intent { act=android.intent.action.PACKAGE_ADDED dat=package: flg=0x4000010 (has extras) } to com.qihoo.appstore/.personalcenter.installhistory.PackageRecevier
05-16 10:42:33.704 W/BroadcastQueue( 1711): Background execution not allowed: receiving Intent { act=android.intent.action.PACKAGE_ADDED dat=package: flg=0x4000010 (has extras) } to com.qiyi.video/org.qiyi.android.commonphonepad.receiver.AddPackageBroadcast
05-16 10:42:33.743 W/BroadcastQueue( 1711): Background execution not allowed: receiving Intent { act=android.intent.action.PACKAGE_REPLACED dat=package: flg=0x4000010 (has extras) } to com.google.android.apps.photos/.account.full.FetchAccountPropertiesAppUpgradeBroadcastReceiver
05-16 10:42:33.743 W/BroadcastQueue( 1711): Background execution not allowed: receiving Intent { act=android.intent.action.PACKAGE_REPLACED dat=package: flg=0x4000010 (has extras) } to com.google.android.apps.photos/.account.full.SyncAccountsForLoginBroadcastReceiver
05-16 10:42:33.743 W/BroadcastQueue( 1711): Background execution not allowed: receiving Intent { act=android.intent.action.PACKAGE_REPLACED dat=package: flg=0x4000010 (has extras) } to com.google.android.apps.photos/.notificationchannels.AppUpdateBroadcastReceiver
05-16 10:42:33.743 W/BroadcastQueue( 1711): Background execution not allowed: receiving Intent { act=android.intent.action.PACKAGE_REPLACED dat=package: flg=0x4000010 (has extras) } to com.google.android.gms/.gass.chimera.PackageChangeBroadcastReceiver
05-16 10:42:33.743 W/BroadcastQueue( 1711): Background execution not allowed: receiving Intent { act=android.intent.action.PACKAGE_REPLACED dat=package: flg=0x4000010 (has extras) } to com.google.android.gms/.chimera.GmsIntentOperationService$PersistentTrustedReceiver
05-16 10:42:33.743 W/BroadcastQueue( 1711): Background execution not allowed: receiving Intent { act=android.intent.action.PACKAGE_REPLACED dat=package: flg=0x4000010 (has extras) } to com.google.android.googlequicksearchbox/com.google.android.apps.gsa.googlequicksearchbox.GelStubAppWatcher
05-16 10:42:33.743 W/BroadcastQueue( 1711): Background execution not allowed: receiving Intent { act=android.intent.action.PACKAGE_REPLACED dat=package: flg=0x4000010 (has extras) } to com.qihoo.appstore/.personalcenter.installhistory.PackageRecevier
05-16 10:42:33.744 D/CompatibilityChangeReporter( 1711): Compat change id reported: 135634846; UID 10174; state: DISABLED
05-16 10:42:33.744 D/CompatibilityChangeReporter( 1711): Compat change id reported: 177438394; UID 10174; state: DISABLED
05-16 10:42:33.744 D/CompatibilityChangeReporter( 1711): Compat change id reported: 135772972; UID 10174; state: DISABLED
05-16 10:42:33.744 D/CompatibilityChangeReporter( 1711): Compat change id reported: 135754954; UID 10174; state: ENABLED
05-16 10:42:33.744 D/CompatibilityChangeReporter( 1711): Compat change id reported: 143937733; UID 10174; state: ENABLED
05-16 10:42:33.754 I/ActivityManager( 1711): Start proc 28349:com.google.android.youtube/u0a174 for broadcast {com.google.android.youtube/com.google.android.apps.youtube.app.application.backup.PackageReplacedReceiver}
05-16 10:42:33.760 E/VerityUtils( 1711): Failed to measure fs-verity, errno 1: /data/app/~~ok2LKX8jZSRewMGQMyWb4g==/com.google.android.youtube-QXZQoTnbmMwOihyxQPOiwA==/base.apk
05-16 10:42:33.849 W/WindowMagnificationMgr( 1711): requestConnection duplicated request: connect=false, mConnectionState=DISCONNECTED
05-16 10:42:33.872 D/CompatibilityChangeReporter( 1711): Compat change id reported: 161252188; UID 10174; state: ENABLED
05-16 10:42:34.013 W/WindowMagnificationMgr( 1711): requestConnection duplicated request: connect=false, mConnectionState=DISCONNECTED
05-16 10:42:34.013 W/Looper  ( 1711): Slow dispatch took 164ms main h=com.android.server.accessibility.AccessibilityManagerService$MainHandler c=<recycled PooledLambda@c262dd7> m=0
05-16 10:42:34.054 D/CompatibilityChangeReporter( 1711): Compat change id reported: 161145287; UID 10174; state: DISABLED
05-16 10:42:34.162 D/AppWidgetServiceImpl( 1711): Provider info from ComponentInfo{com.google.android.youtube/com.google.android.apps.youtube.app.widget.YtQuickActionsWidgetProvider} won't be persisted.
05-16 10:42:34.162 D/AppWidgetServiceImpl( 1711): Provider info from ComponentInfo{com.google.android.youtube/com.google.android.apps.youtube.app.widget.YtSearchWidgetProvider} won't be persisted.
05-16 10:42:34.190 D/CompatibilityChangeReporter( 1711): Compat change id reported: 161252188; UID 10121; state: ENABLED
05-16 10:42:34.333 E/VerityUtils( 1711): Failed to measure fs-verity, errno 1: /data/app/~~ok2LKX8jZSRewMGQMyWb4g==/com.google.android.youtube-QXZQoTnbmMwOihyxQPOiwA==/base.apk
05-16 10:42:34.521 D/CompatibilityChangeReporter( 1711): Compat change id reported: 194532703; UID 10174; state: ENABLED
05-16 10:42:34.528 D/CompatibilityChangeReporter( 1711): Compat change id reported: 168419799; UID 10184; state: DISABLED
05-16 10:42:34.549 W/JobScheduler( 1711): Job didn't exist in JobStore: c412691 #1000/100062 com.tencent.android.qqdownloader.YYBLiveAccountProvider/com.tencent.android.qqdownloader.YYBLiveAccountProvider.account/应用宝:android
05-16 10:42:34.890 D/CompatibilityChangeReporter( 1711): Compat change id reported: 183164979; UID 10174; state: ENABLED
05-16 10:42:35.069 D/CompatibilityChangeReporter( 1711): Compat change id reported: 161252188; UID 1000; state: ENABLED
05-16 10:42:35.143 W/ContextImpl(18457): Calling a method in the system process without a qualified user: android.app.ContextImpl.bindService:1950 android.content.ContextWrapper.bindService:853 com.google.android.wifitrackerlib.WsuServiceClient.bindWsuService:411 com.google.android.wifitrackerlib.WsuManager.bindAllServices:66 com.google.android.wifitrackerlib.GoogleWifiPickerTracker.onStart:115 
05-16 10:42:35.147 D/CompatibilityChangeReporter( 1711): Compat change id reported: 135634846; UID 10123; state: DISABLED
05-16 10:42:35.147 D/CompatibilityChangeReporter( 1711): Compat change id reported: 177438394; UID 10123; state: DISABLED
05-16 10:42:35.147 D/CompatibilityChangeReporter( 1711): Compat change id reported: 135772972; UID 10123; state: DISABLED
05-16 10:42:35.148 D/CompatibilityChangeReporter( 1711): Compat change id reported: 135754954; UID 10123; state: ENABLED
05-16 10:42:35.148 D/CompatibilityChangeReporter( 1711): Compat change id reported: 143937733; UID 10123; state: ENABLED
05-16 10:42:35.161 I/ActivityManager( 1711): Start proc 28537:com.google.android.apps.carrier.carrierwifi/u0a123 for service {com.google.android.apps.carrier.carrierwifi/com.google.android.wsu.service.WsuServiceImpl}
05-16 10:42:35.176 D/CompatibilityChangeReporter( 1711): Compat change id reported: 168419799; UID 10123; state: DISABLED
05-16 10:42:35.701 I/ActivityManager( 1711): Background started FGS: Allowed [callingPackage: com.android.vending; callingUid: 10116; uidState: TRNB; intent: Intent { act=com.google.android.finsky.BIND_DOWNLOAD_SERVICE pkg=com.android.vending (has extras) }; code:BACKGROUND_ACTIVITY_PERMISSION; tempAllowListReason:<,reasonCode:SYSTEM_ALLOW_LISTED,duration:9223372036854775807,callingUid:-1>; targetSdkVersion:33; callerTargetSdkVersion:33; startForegroundCount:0; bindFromPackage:null]
05-16 10:42:36.511 E/AppOps  ( 1711): Bad call made by uid 10133. Package "com.google.android.gms" does not belong to uid 10133.
05-16 10:42:36.513 E/AppOps  ( 1711): Bad call made by uid 10133. Package "com.google.android.gms" does not belong to uid 10133.
05-16 10:42:36.514 E/AppOps  ( 1711): Bad call made by uid 10133. Package "com.google.android.gms" does not belong to uid 10133.
05-16 10:42:36.609 E/AppOps  ( 1711): Bad call made by uid 10162. Package "com.google.android.gms" does not belong to uid 10162.
05-16 10:42:36.665 E/AppOps  ( 1711): Bad call made by uid 10162. Package "com.google.android.gms" does not belong to uid 10162.
05-16 10:42:36.677 D/CompatibilityChangeReporter( 1711): Compat change id reported: 135634846; UID 10162; state: DISABLED
05-16 10:42:36.678 E/AppOps  ( 1711): Bad call made by uid 10162. Package "com.google.android.gms" does not belong to uid 10162.
05-16 10:42:36.678 D/CompatibilityChangeReporter( 1711): Compat change id reported: 177438394; UID 10162; state: DISABLED
05-16 10:42:36.679 D/CompatibilityChangeReporter( 1711): Compat change id reported: 135772972; UID 10162; state: DISABLED
05-16 10:42:36.679 D/CompatibilityChangeReporter( 1711): Compat change id reported: 135754954; UID 10162; state: ENABLED
05-16 10:42:36.681 D/CompatibilityChangeReporter( 1711): Compat change id reported: 143937733; UID 10162; state: ENABLED
05-16 10:42:36.693 I/ActivityManager( 1711): Start proc 28591:com.android.chrome:privileged_process0/u0a162 for service {com.android.chrome/org.chromium.content.app.PrivilegedProcessService0}
05-16 10:42:36.827 D/CompatibilityChangeReporter( 1711): Compat change id reported: 143937733; UID 10162; state: ENABLED
05-16 10:42:36.830 D/CompatibilityChangeReporter( 1711): Compat change id reported: 135634846; UID 10162; state: DISABLED
05-16 10:42:36.830 D/CompatibilityChangeReporter( 1711): Compat change id reported: 177438394; UID 10162; state: DISABLED
05-16 10:42:36.830 D/CompatibilityChangeReporter( 1711): Compat change id reported: 135772972; UID 10162; state: DISABLED
05-16 10:42:36.830 D/CompatibilityChangeReporter( 1711): Compat change id reported: 135754954; UID 10162; state: ENABLED
05-16 10:42:36.830 D/CompatibilityChangeReporter( 1711): Compat change id reported: 207557677; UID 10162; state: ENABLED
05-16 10:42:36.943 W/ActivityManager( 1711): Slow operation: 116ms so far, now at startProcess: returned from zygote!
05-16 10:42:36.944 W/ActivityManager( 1711): Slow operation: 118ms so far, now at startProcess: done updating battery stats
05-16 10:42:36.944 W/ActivityManager( 1711): Slow operation: 118ms so far, now at startProcess: building log message
05-16 10:42:36.944 I/ActivityManager( 1711): Start proc 28642:com.android.chrome:sandboxed_process0:org.chromium.content.app.SandboxedProcessService0:0/u0ai0 for  {com.android.chrome/org.chromium.content.app.SandboxedProcessService0:0}
05-16 10:42:36.944 W/ActivityManager( 1711): Slow operation: 118ms so far, now at startProcess: starting to update pids map
05-16 10:42:36.944 W/ActivityManager( 1711): Slow operation: 118ms so far, now at startProcess: done updating pids map
05-16 10:42:36.946 D/CompatibilityChangeReporter( 1711): Compat change id reported: 182734110; UID 10162; state: ENABLED
05-16 10:42:36.947 D/CompatibilityChangeReporter( 1711): Compat change id reported: 149924527; UID 10162; state: ENABLED
05-16 10:42:36.948 D/CompatibilityChangeReporter( 1711): Compat change id reported: 132649864; UID 10162; state: DISABLED
05-16 10:42:38.099 D/CompatibilityChangeReporter( 1711): Compat change id reported: 143937733; UID 10162; state: ENABLED
05-16 10:42:38.117 I/ActivityManager( 1711): Start proc 28691:com.android.chrome:sandboxed_process0:org.chromium.content.app.SandboxedProcessService0:1/u0ai1 for  {com.android.chrome/org.chromium.content.app.SandboxedProcessService0:1}
05-16 10:42:38.209 I/ActivityManager( 1711): Killing 28691:com.android.chrome:sandboxed_process0:org.chromium.content.app.SandboxedProcessService0:1/u0a162i-8999 (adj 0): isolated not needed
05-16 10:42:45.037 D/PowerUI ( 1975): can't show warning due to - plugged: true status unknown: false
05-16 10:42:49.303 D/CompatibilityChangeReporter( 1711): Compat change id reported: 218533173; UID 10272; state: DISABLED
05-16 10:42:49.310 W/BroadcastQueue( 1711): Background execution not allowed: receiving Intent { act=com.tencent.android.qqdownloader.action.SCHEDULE_JOB flg=0x14 (has extras) } to com.tencent.android.qqdownloader/com.tencent.assistant.module.timer.ScheduleJobReceiver
05-16 10:42:49.312 D/CompatibilityChangeReporter( 1711): Compat change id reported: 171306433; UID 1000; state: ENABLED
05-16 10:42:49.312 D/CompatibilityChangeReporter( 1711): Compat change id reported: 218533173; UID 1000; state: ENABLED
05-16 10:42:49.349 I/RescueParty( 1711): Starting to observe: [com.google.android.ext.services, com.google.android.providers.media.module, android], updated namespace: storage_native_boot
05-16 10:42:49.349 I/PackageWatchdog( 1711): Syncing state, reason: observing new packages
05-16 10:42:49.349 D/PackageWatchdog( 1711): rescue-party-observer added the following packages to monitor [com.google.android.ext.services, com.google.android.providers.media.module, android]
05-16 10:42:49.349 I/PackageWatchdog( 1711): Syncing state, reason: updated observers
05-16 10:42:49.349 I/PackageWatchdog( 1711): Not pruning observers, elapsed time: 0ms
05-16 10:42:49.349 I/PackageWatchdog( 1711): Saving observer state to file
05-16 10:42:49.355 I/PackageWatchdog( 1711): Syncing health check requests for packages: {}
05-16 10:42:49.355 I/ExplicitHealthCheckController( 1711): Service not ready to get health check supported packages. Binding...
05-16 10:42:49.358 I/ExplicitHealthCheckController( 1711): Explicit health check service is bound
05-16 10:42:49.361 I/ExplicitHealthCheckController( 1711): Explicit health check service is connected ComponentInfo{com.google.android.ext.services/android.ext.services.watchdog.ExplicitHealthCheckServiceImpl}
05-16 10:42:49.361 I/ExplicitHealthCheckController( 1711): Service initialized, syncing requests
05-16 10:42:49.361 I/PackageWatchdog( 1711): Syncing health check requests for packages: {}
05-16 10:42:49.361 D/ExplicitHealthCheckController( 1711): Getting health check supported packages
05-16 10:42:49.364 I/ExplicitHealthCheckController( 1711): Explicit health check supported packages [PackageConfig{com.google.android.networkstack, 86400000}]
05-16 10:42:49.364 D/PackageWatchdog( 1711): Received supported packages [PackageConfig{com.google.android.networkstack, 86400000}]
05-16 10:42:49.364 D/ExplicitHealthCheckController( 1711): Getting health check requested packages
05-16 10:42:49.365 I/RescueParty( 1711): Starting to observe: [android], updated namespace: statsd_native_boot
05-16 10:42:49.365 I/PackageWatchdog( 1711): Syncing state, reason: observing new packages
05-16 10:42:49.365 D/PackageWatchdog( 1711): rescue-party-observer added the following packages to monitor [android]
05-16 10:42:49.365 I/PackageWatchdog( 1711): Syncing state, reason: updated observers
05-16 10:42:49.365 I/ExplicitHealthCheckController( 1711): Explicit health check requested packages []
05-16 10:42:49.365 I/PackageWatchdog( 1711): Not pruning observers, elapsed time: 0ms
05-16 10:42:49.365 I/ExplicitHealthCheckController( 1711): No more health check requests, unbinding...
05-16 10:42:49.365 I/PackageWatchdog( 1711): Saving observer state to file
05-16 10:42:49.367 I/ExplicitHealthCheckController( 1711): Explicit health check service is unbound
05-16 10:42:49.374 I/RescueParty( 1711): Starting to observe: [android], updated namespace: surface_flinger_native_boot
05-16 10:42:49.378 E/SettingsToPropertiesMapper( 1711): com.yelp.android,0,com.yy.biu,0,com.groupme.android,0,air.tv.douyu.android,0,com.baidu.mbaby,0,com.vlocker.locker,0,com.znxh.hyhuo,0,com.yixia.xiaokaxiu,0 exceeds system property max length.
05-16 10:42:49.381 I/PackageWatchdog( 1711): Syncing state, reason: observing new packages
05-16 10:42:49.381 D/PackageWatchdog( 1711): rescue-party-observer added the following packages to monitor [android]
05-16 10:42:49.381 I/PackageWatchdog( 1711): Syncing state, reason: updated observers
05-16 10:42:49.381 I/PackageWatchdog( 1711): Not pruning observers, elapsed time: 0ms
05-16 10:42:49.381 I/PackageWatchdog( 1711): Saving observer state to file
05-16 10:42:49.384 I/PackageWatchdog( 1711): Syncing health check requests for packages: {}
05-16 10:42:49.384 I/ExplicitHealthCheckController( 1711): Service not ready to get health check supported packages. Binding...
05-16 10:42:49.384 I/RescueParty( 1711): Starting to observe: [android], updated namespace: activity_manager_native_boot
05-16 10:42:49.386 I/ExplicitHealthCheckController( 1711): Explicit health check service is bound
05-16 10:42:49.387 I/PackageWatchdog( 1711): Syncing health check requests for packages: {}
05-16 10:42:49.387 I/ExplicitHealthCheckController( 1711): Service not ready to get health check supported packages. Binding...
05-16 10:42:49.387 I/ExplicitHealthCheckController( 1711): Not binding to service, service already connecting
05-16 10:42:49.388 I/ExplicitHealthCheckController( 1711): Explicit health check service is connected ComponentInfo{com.google.android.ext.services/android.ext.services.watchdog.ExplicitHealthCheckServiceImpl}
05-16 10:42:49.389 I/ExplicitHealthCheckController( 1711): Service initialized, syncing requests
05-16 10:42:49.389 I/PackageWatchdog( 1711): Syncing health check requests for packages: {}
05-16 10:42:49.389 D/ExplicitHealthCheckController( 1711): Getting health check supported packages
05-16 10:42:49.390 I/ExplicitHealthCheckController( 1711): Explicit health check supported packages [PackageConfig{com.google.android.networkstack, 86400000}]
05-16 10:42:49.390 D/PackageWatchdog( 1711): Received supported packages [PackageConfig{com.google.android.networkstack, 86400000}]
05-16 10:42:49.390 D/ExplicitHealthCheckController( 1711): Getting health check requested packages
05-16 10:42:49.390 I/ExplicitHealthCheckController( 1711): Explicit health check requested packages []
05-16 10:42:49.390 I/ExplicitHealthCheckController( 1711): No more health check requests, unbinding...
05-16 10:42:49.390 I/PackageWatchdog( 1711): Syncing state, reason: observing new packages
05-16 10:42:49.390 D/PackageWatchdog( 1711): rescue-party-observer added the following packages to monitor [android]
05-16 10:42:49.390 I/PackageWatchdog( 1711): Syncing state, reason: updated observers
05-16 10:42:49.390 I/PackageWatchdog( 1711): Not pruning observers, elapsed time: 0ms
05-16 10:42:49.390 I/PackageWatchdog( 1711): Syncing health check requests for packages: {}
05-16 10:42:49.390 I/PackageWatchdog( 1711): Saving observer state to file
05-16 10:42:49.391 I/ExplicitHealthCheckController( 1711): Explicit health check service is unbound
05-16 10:42:49.391 I/ExplicitHealthCheckController( 1711): Service not ready to get health check supported packages. Binding...
05-16 10:42:49.392 I/ExplicitHealthCheckController( 1711): Explicit health check service is bound
05-16 10:42:49.395 I/RescueParty( 1711): Starting to observe: [android], updated namespace: profcollect_native_boot
