05-16 10:39:52.069 E/ProcessStats( 1711): Foregrounding service ServiceState{2560484 org.chromium.content.app.SandboxedProcessService0 pkg=com.android.chrome proc=6815d83} without owner
05-16 10:39:52.069 E/ProcessStats( 1711): Binding service ServiceState{2560484 org.chromium.content.app.SandboxedProcessService0 pkg=com.android.chrome proc=6815d83} without owner
05-16 10:39:52.069 E/ProcessStats( 1711): Starting service ServiceState{2560484 org.chromium.content.app.SandboxedProcessService0 pkg=com.android.chrome proc=6815d83} without owner
05-16 10:39:52.070 E/ProcessStats( 1711): Executing service ServiceState{2560484 org.chromium.content.app.SandboxedProcessService0 pkg=com.android.chrome proc=6815d83} without owner
05-16 10:39:52.070 E/ProcessStats( 1711): Foregrounding service ServiceState{2560484 org.chromium.content.app.SandboxedProcessService0 pkg=com.android.chrome proc=6815d83} without owner
05-16 10:39:52.138 I/DropBoxManagerService( 1711): add tag=system_server_wtf isTagEnabled=true flags=0x6
05-16 10:39:52.192 W/ActivityManager( 1711): Exception when unbinding service com.tencent.tim/org.chromium.content.app.SandboxedProcessService0:0
05-16 10:39:52.192 W/ActivityManager( 1711): android.os.DeadObjectException
05-16 10:39:52.192 W/ActivityManager( 1711): 	at android.os.BinderProxy.transactNative(Native Method)
05-16 10:39:52.192 W/ActivityManager( 1711): 	at android.os.BinderProxy.transact(BinderProxy.java:584)
05-16 10:39:52.192 W/ActivityManager( 1711): 	at android.app.IApplicationThread$Stub$Proxy.scheduleUnbindService(IApplicationThread.java:1346)
05-16 10:39:52.192 W/ActivityManager( 1711): 	at com.android.server.am.ActiveServices.removeConnectionLocked(ActiveServices.java:4899)
05-16 10:39:52.192 W/ActivityManager( 1711): 	at com.android.server.am.ActiveServices.killServicesLocked(ActiveServices.java:5417)
05-16 10:39:52.192 W/ActivityManager( 1711): 	at com.android.server.am.ActivityManagerService.cleanUpApplicationRecordLocked(ActivityManagerService.java:12330)
05-16 10:39:52.192 W/ActivityManager( 1711): 	at com.android.server.am.ActivityManagerService.handleAppDiedLocked(ActivityManagerService.java:3237)
05-16 10:39:52.192 W/ActivityManager( 1711): 	at com.android.server.am.ActivityManagerService.appDiedLocked(ActivityManagerService.java:3344)
05-16 10:39:52.192 W/ActivityManager( 1711): 	at com.android.server.am.ActivityManagerService$AppDeathRecipient.binderDied(ActivityManagerService.java:1478)
05-16 10:39:52.192 W/ActivityManager( 1711): 	at android.os.IBinder$DeathRecipient.binderDied(IBinder.java:317)
05-16 10:39:52.192 W/ActivityManager( 1711): 	at android.os.BinderProxy.sendDeathNotice(BinderProxy.java:704)
05-16 10:39:52.192 I/ActivityManager( 1711): Killing 20583:com.google.android.webview:sandboxed_process0:org.chromium.content.app.SandboxedProcessService0:0/u0a288i4 (adj 905): isolated not needed
05-16 10:39:52.224 I/DropBoxManagerService( 1711): add tag=system_server_wtf isTagEnabled=true flags=0x6
05-16 10:39:52.305 I/DropBoxManagerService( 1711): add tag=system_server_wtf isTagEnabled=true flags=0x6
05-16 10:39:52.376 I/DropBoxManagerService( 1711): add tag=system_server_wtf isTagEnabled=true flags=0x6
05-16 10:39:52.475 I/DropBoxManagerService( 1711): add tag=system_server_wtf isTagEnabled=true flags=0x6
05-16 10:39:52.564 I/DropBoxManagerService( 1711): add tag=system_server_wtf isTagEnabled=true flags=0x6
05-16 10:39:52.666 W/BroadcastQueue( 1711): Exported Denial: sending Intent { act=android.net.conn.CONNECTIVITY_CHANGE flg=0x4200010 (has extras) }, action: android.net.conn.CONNECTIVITY_CHANGE from null (uid=-1) due to receiver ProcessRecord{9955742 22022:com.google.android.apps.messaging/u0a150} (uid 10150) not specifying RECEIVER_EXPORTED
05-16 10:39:54.110 I/ActivityManager( 1711): Killing 20653:com.tencent.tim:mini3/u0a288 (adj 985): empty #33
05-16 10:39:54.146 W/BroadcastQueue( 1711): Background execution not allowed: receiving Intent { act=android.intent.action.DROPBOX_ENTRY_ADDED flg=0x10 (has extras) } to com.google.android.gms/.stats.service.DropBoxEntryAddedReceiver
05-16 10:39:54.147 W/BroadcastQueue( 1711): Background execution not allowed: receiving Intent { act=android.intent.action.DROPBOX_ENTRY_ADDED flg=0x10 (has extras) } to com.google.android.gms/.chimera.GmsIntentOperationService$PersistentTrustedReceiver
05-16 10:39:54.236 I/DropBoxManagerService( 1711): add tag=platform_stats_bookmark isTagEnabled=true flags=0x2
05-16 10:39:54.238 W/BroadcastQueue( 1711): Background execution not allowed: receiving Intent { act=android.intent.action.DROPBOX_ENTRY_ADDED flg=0x10 (has extras) } to com.google.android.gms/.stats.service.DropBoxEntryAddedReceiver
05-16 10:39:54.238 W/BroadcastQueue( 1711): Background execution not allowed: receiving Intent { act=android.intent.action.DROPBOX_ENTRY_ADDED flg=0x10 (has extras) } to com.google.android.gms/.chimera.GmsIntentOperationService$PersistentTrustedReceiver
05-16 10:39:55.287 I/ActivityManager( 1711): Killing 20533:com.google.android.webview:webview_service/u0a166 (adj 985): empty #33
05-16 10:39:58.387 I/ActivityManager( 1711): Killing 21534:com.tencent.mobileqq/u0a263 (adj 985): empty #33
05-16 10:40:01.280 I/ActivityManager( 1711): Killing 21496:com.tencent.mobileqq:MSF/u0a263 (adj 985): empty #33
05-16 10:40:05.455 I/ActivityManager( 1711): Background started FGS: Allowed [callingPackage: com.android.vending; callingUid: 10116; uidState: TRNB; intent: Intent { act=com.google.android.finsky.BIND_DOWNLOAD_SERVICE pkg=com.android.vending (has extras) }; code:BACKGROUND_ACTIVITY_PERMISSION; tempAllowListReason:<,reasonCode:SYSTEM_ALLOW_LISTED,duration:9223372036854775807,callingUid:-1>; targetSdkVersion:33; callerTargetSdkVersion:33; startForegroundCount:0; bindFromPackage:null]
05-16 10:40:06.043 D/CompatibilityChangeReporter( 1711): Compat change id reported: 182734110; UID 10121; state: ENABLED
05-16 10:40:06.044 D/CompatibilityChangeReporter( 1711): Compat change id reported: 149924527; UID 10121; state: ENABLED
05-16 10:40:06.044 D/CompatibilityChangeReporter( 1711): Compat change id reported: 132649864; UID 10121; state: DISABLED
05-16 10:40:13.050 I/ActivityManager( 1711): Killing 19247:com.google.android.apps.docs/u0a171 (adj 925): empty #33
05-16 10:40:13.091 I/ActivityManager( 1711): Killing 22644:com.google.android.odad/u0a112 (adj 985): empty #33
05-16 10:40:13.092 I/ActivityManager( 1711): Killing 21934:com.google.process.gapps/u0a121 (adj 985): empty #34
05-16 10:40:13.092 I/ActivityManager( 1711): Killing 21771:com.google.android.contacts/u0a155 (adj 995): empty #35
05-16 10:40:13.093 I/ActivityManager( 1711): Killing 19061:com.google.android.gm/u0a164 (adj 995): empty #36
05-16 10:40:16.447 E/PackageManager( 1711): ERROR: could not load root hash from incremental install
05-16 10:40:16.447 E/PackageManager( 1711): ERROR: could not load root hash from incremental install
05-16 10:40:16.447 E/PackageManager( 1711): ERROR: could not load root hash from incremental install
05-16 10:40:16.448 I/PackageManager( 1711): Integrity check passed for file:///data/app/vmdl857466519.tmp
05-16 10:40:18.444 I/ActivityManager( 1711): Force stopping com.google.android.gms appid=10121 user=-1: installPackageLI
05-16 10:40:18.445 I/PackageManager( 1711): Update system package com.google.android.gms code path from /data/app/~~Lic3un9w3NHmdtzdQtsdYw==/com.google.android.gms-5PKOiLZl_k0a4VMoDvwpTg== to /data/app/~~42THTwiunHvmQlfaINVg1w==/com.google.android.gms-gE1pLPFTEk1e_HR3I0uf-A==; Retain data and using new
05-16 10:40:18.445 W/PackageManager( 1711): Package com.google.android.gms declares library com.google.android.gms that already exists; skipping
05-16 10:40:18.502 I/PackageManager( 1711): Permission ownership changed. Updating all permissions.
05-16 10:40:18.573 I/ActivityManager( 1711): Killing 22022:com.google.android.apps.messaging/u0a150 (adj 700): stop com.google.android.gms due to installPackageLI
05-16 10:40:18.576 I/ActivityManager( 1711): Killing 2580:com.google.android.gms.persistent/u0a121 (adj 100): stop com.google.android.gms due to installPackageLI
05-16 10:40:18.580 I/ActivityManager( 1711): Killing 18941:com.android.chrome/u0a162 (adj 915): depends on provider com.google.android.gms/.fonts.provider.FontsProvider in dying proc com.google.android.gms.persistent (adj -10000)
05-16 10:40:18.581 I/ActivityThread(21725): Removing dead content provider:android.content.ContentProviderProxy@bf3974c
05-16 10:40:18.584 I/ActivityManager( 1711): Killing 23439:com.google.android.gms.unstable/u0a121 (adj 915): stop com.google.android.gms due to installPackageLI
05-16 10:40:18.586 I/ActivityManager( 1711): Killing 22991:com.google.android.gms.ui/u0a121 (adj 915): stop com.google.android.gms due to installPackageLI
05-16 10:40:18.587 I/ActivityManager( 1711): Killing 3151:com.google.android.gms/u0a121 (adj 905): stop com.google.android.gms due to installPackageLI
05-16 10:40:18.629 V/ActivityManager( 1711): Got obituary of 23439:com.google.android.gms.unstable
05-16 10:40:18.662 V/ActivityManager( 1711): Got obituary of 22022:com.google.android.apps.messaging
05-16 10:40:18.684 V/ActivityManager( 1711): Got obituary of 22991:com.google.android.gms.ui
05-16 10:40:18.735 V/ActivityManager( 1711): Got obituary of 2580:com.google.android.gms.persistent
05-16 10:40:18.746 W/ActivityManager( 1711): Exception when unbinding service com.android.chrome/org.chromium.content.app.PrivilegedProcessService0
05-16 10:40:18.746 W/ActivityManager( 1711): android.os.DeadObjectException
05-16 10:40:18.746 W/ActivityManager( 1711): 	at android.os.BinderProxy.transactNative(Native Method)
05-16 10:40:18.746 W/ActivityManager( 1711): 	at android.os.BinderProxy.transact(BinderProxy.java:584)
05-16 10:40:18.746 W/ActivityManager( 1711): 	at android.app.IApplicationThread$Stub$Proxy.scheduleUnbindService(IApplicationThread.java:1346)
05-16 10:40:18.746 W/ActivityManager( 1711): 	at com.android.server.am.ActiveServices.removeConnectionLocked(ActiveServices.java:4899)
05-16 10:40:18.746 W/ActivityManager( 1711): 	at com.android.server.am.ActiveServices.killServicesLocked(ActiveServices.java:5417)
05-16 10:40:18.746 W/ActivityManager( 1711): 	at com.android.server.am.ActivityManagerService.cleanUpApplicationRecordLocked(ActivityManagerService.java:12330)
05-16 10:40:18.746 W/ActivityManager( 1711): 	at com.android.server.am.ActivityManagerService.handleAppDiedLocked(ActivityManagerService.java:3237)
05-16 10:40:18.746 W/ActivityManager( 1711): 	at com.android.server.am.ActivityManagerService.appDiedLocked(ActivityManagerService.java:3344)
05-16 10:40:18.746 W/ActivityManager( 1711): 	at com.android.server.am.ActivityManagerService$AppDeathRecipient.binderDied(ActivityManagerService.java:1478)
05-16 10:40:18.746 W/ActivityManager( 1711): 	at android.os.IBinder$DeathRecipient.binderDied(IBinder.java:317)
05-16 10:40:18.746 W/ActivityManager( 1711): 	at android.os.BinderProxy.sendDeathNotice(BinderProxy.java:704)
05-16 10:40:18.749 V/ActivityManager( 1711): Got obituary of 3151:com.google.android.gms
05-16 10:40:18.753 I/ActivityManager( 1711): Process com.android.chrome:privileged_process0 (pid 19787) has died: cch+35 CEM 
05-16 10:40:25.078 I/ActivityManager( 1711): Force stopping com.google.android.gms appid=10121 user=0: pkg removed
05-16 10:40:25.079 I/ActivityManager( 1711):   Force stopping service ServiceRecord{953730b u0 com.google.android.gms/com.google.android.location.internal.server.HardwareArProviderService}
05-16 10:40:25.079 I/ActivityManager( 1711):   Force stopping service ServiceRecord{54e56ef u0 com.google.android.gms/com.google.android.location.internal.GoogleLocationManagerService}
05-16 10:40:25.079 I/ActivityManager( 1711):   Force stopping service ServiceRecord{8120493 u0 com.google.android.gms/com.google.android.location.network.NetworkLocationService}
05-16 10:40:25.079 I/ActivityManager( 1711):   Force stopping service ServiceRecord{b68d9df u0 com.google.android.gms/.geotimezone.GeoTimeZoneService}
05-16 10:40:25.079 I/ActivityManager( 1711):   Force stopping service ServiceRecord{d2c3918 u0 com.google.android.gms/.chimera.PersistentDirectBootAwareApiService}
05-16 10:40:25.079 I/ActivityManager( 1711):   Force stopping service ServiceRecord{7953883 u0 com.google.android.gms/com.google.android.location.fused.FusedLocationService}
05-16 10:40:25.079 I/ActivityManager( 1711):   Force stopping service ServiceRecord{74434e7 u0 com.google.android.gms/.location.geocode.GeocodeService}
05-16 10:40:25.079 I/ActivityManager( 1711):   Force stopping service ServiceRecord{7b5a965 u0 com.google.android.gms/.instantapps.service.InstantAppsService}
05-16 10:40:25.092 W/BroadcastQueue( 1711): Background execution not allowed: receiving Intent { act=android.intent.action.PACKAGE_REMOVED dat=package: flg=0x4000010 (has extras) } to com.android.musicfx/.Compatibility$Receiver
05-16 10:40:25.100 D/CompatibilityChangeReporter( 1711): Compat change id reported: 135634846; UID 1000; state: DISABLED
05-16 10:40:25.100 D/CompatibilityChangeReporter( 1711): Compat change id reported: 177438394; UID 1000; state: DISABLED
05-16 10:40:25.100 D/CompatibilityChangeReporter( 1711): Compat change id reported: 135772972; UID 1000; state: DISABLED
05-16 10:40:25.101 D/CompatibilityChangeReporter( 1711): Compat change id reported: 135754954; UID 1000; state: ENABLED
05-16 10:40:25.101 I/ActivityManager( 1711): Force stopping com.google.android.gms appid=10121 user=0: pkg removed
05-16 10:40:25.105 I/Telecom ( 1711): CarModeTracker: Package com.google.android.gms is not tracked.: SSH.oR@ATo
05-16 10:40:25.105 I/Telecom ( 1711): InCallController: updateCarModeForConnections: car mode apps: : SSH.oR@ATo
05-16 10:40:25.117 W/ProcessStats( 1711): Tracking association SourceState{21addb7 com.tencent.android.qqdownloader/10272 BTopFgs #21162} whose proc state 2 is better than process ProcessState{92a426b com.tencent.android.qqdownloader:daemon/10272 pkg=com.tencent.android.qqdownloader} proc state 3 (0 skipped)
05-16 10:40:25.120 D/CompatibilityChangeReporter( 1711): Compat change id reported: 168419799; UID 10121; state: DISABLED
05-16 10:40:25.126 D/PackageInstallerSession( 1711): Marking session 857466519 as applied
05-16 10:40:25.134 W/BroadcastQueue( 1711): Background execution not allowed: receiving Intent { act=android.intent.action.PACKAGE_REMOVED dat=package: flg=0x4000010 (has extras) } to com.android.vending/com.google.android.finsky.packagemonitor.impl.PackageMonitorReceiverImpl$RegisteredReceiver
05-16 10:40:25.145 I/Telecom ( 1711): DefaultDialerCache: Refreshing default dialer for user 0: now com.google.android.dialer: DDC.oR@ATs
05-16 10:40:25.146 I/ActivityManager( 1711): Start proc 23880:com.android.keychain/1000 for service {com.android.keychain/com.android.keychain.KeyChainService}
05-16 10:40:25.159 D/CompatibilityChangeReporter( 1711): Compat change id reported: 135634846; UID 10121; state: DISABLED
05-16 10:40:25.159 D/CompatibilityChangeReporter( 1711): Compat change id reported: 177438394; UID 10121; state: DISABLED
05-16 10:40:25.159 D/CompatibilityChangeReporter( 1711): Compat change id reported: 135772972; UID 10121; state: DISABLED
05-16 10:40:25.159 D/CompatibilityChangeReporter( 1711): Compat change id reported: 135754954; UID 10121; state: ENABLED
05-16 10:40:25.159 D/CompatibilityChangeReporter( 1711): Compat change id reported: 143937733; UID 10121; state: ENABLED
05-16 10:40:25.173 W/BroadcastQueue( 1711): Background execution not allowed: receiving Intent { act=android.intent.action.PACKAGE_REMOVED dat=package: flg=0x4000010 (has extras) } to com.android.vending/com.google.android.finsky.packagemonitor.backgroundimpl.BackgroundPackageMonitorReceiverImpl$RegisteredReceiver
05-16 10:40:25.173 W/BroadcastQueue( 1711): Background execution not allowed: receiving Intent { act=android.intent.action.PACKAGE_REMOVED dat=package: flg=0x4000010 (has extras) } to com.android.vending/com.google.android.finsky.instantapps.appmanagement.InstantAppRemoveMonitor
05-16 10:40:25.173 W/BroadcastQueue( 1711): Background execution not allowed: receiving Intent { act=android.intent.action.PACKAGE_REMOVED dat=package: flg=0x4000010 (has extras) } to com.google.android.apps.maps/com.google.android.libraries.social.peoplekit.thirdparty.viewcontrollers.ThirdPartyReceiver
05-16 10:40:25.173 W/BroadcastQueue( 1711): Background execution not allowed: receiving Intent { act=android.intent.action.PACKAGE_REMOVED dat=package: flg=0x4000010 (has extras) } to com.google.android.apps.photos/com.google.android.libraries.social.peoplekit.thirdparty.viewcontrollers.ThirdPartyReceiver
05-16 10:40:25.173 W/BroadcastQueue( 1711): Background execution not allowed: receiving Intent { act=android.intent.action.PACKAGE_REMOVED dat=package: flg=0x4000010 (has extras) } to com.google.android.googlequicksearchbox/com.google.android.apps.gsa.googlequicksearchbox.GelStubAppWatcher
05-16 10:40:25.173 W/BroadcastQueue( 1711): Background execution not allowed: receiving Intent { act=android.intent.action.PACKAGE_REMOVED dat=package: flg=0x4000010 (has extras) } to com.google.android.videos/com.google.android.libraries.social.peoplekit.thirdparty.viewcontrollers.ThirdPartyReceiver
05-16 10:40:25.173 W/BroadcastQueue( 1711): Background execution not allowed: receiving Intent { act=android.intent.action.PACKAGE_REMOVED dat=package: flg=0x4000010 (has extras) } to com.baidu.netdisk/.module.toolbox.AppInfoBroadcastReceiver
05-16 10:40:25.191 D/CompatibilityChangeReporter( 1711): Compat change id reported: 218533173; UID 10121; state: ENABLED
05-16 10:40:25.195 I/ActivityManager( 1711): Start proc 23882:com.google.android.gms/u0a121 for content provider {com.google.android.gms/com.google.android.gms.people.service.galprovider.PeopleGalProvider}
05-16 10:40:25.259 W/ActivityManager( 1711): Slow operation: 62ms so far, now at startProcess: returned from zygote!
05-16 10:40:25.259 W/ActivityManager( 1711): Slow operation: 63ms so far, now at startProcess: done updating battery stats
05-16 10:40:25.259 W/ActivityManager( 1711): Slow operation: 63ms so far, now at startProcess: building log message
05-16 10:40:25.259 I/ActivityManager( 1711): Start proc 23911:com.google.android.gms.persistent/u0a121 for service {com.google.android.gms/com.google.android.gms.chimera.PersistentDirectBootAwareApiService}
05-16 10:40:25.259 W/ActivityManager( 1711): Slow operation: 63ms so far, now at startProcess: starting to update pids map
05-16 10:40:25.259 W/ActivityManager( 1711): Slow operation: 63ms so far, now at startProcess: done updating pids map
05-16 10:40:25.618 W/BroadcastQueue( 1711): Background execution not allowed: receiving Intent { act=android.intent.action.PACKAGE_ADDED dat=package: flg=0x4000010 (has extras) } to com.google.android.packageinstaller/com.android.packageinstaller.PackageInstalledReceiver
05-16 10:40:25.619 W/BroadcastQueue( 1711): Background execution not allowed: receiving Intent { act=android.intent.action.PACKAGE_ADDED dat=package: flg=0x4000010 (has extras) } to com.android.musicfx/.Compatibility$Receiver
05-16 10:40:25.619 W/BroadcastQueue( 1711): Background execution not allowed: receiving Intent { act=android.intent.action.PACKAGE_ADDED dat=package: flg=0x4000010 (has extras) } to com.android.vending/com.google.android.finsky.packagemonitor.impl.PackageMonitorReceiverImpl$RegisteredReceiver
05-16 10:40:25.619 W/BroadcastQueue( 1711): Background execution not allowed: receiving Intent { act=android.intent.action.PACKAGE_ADDED dat=package: flg=0x4000010 (has extras) } to com.android.vending/com.google.android.finsky.packagemonitor.backgroundimpl.BackgroundPackageMonitorReceiverImpl$RegisteredReceiver
05-16 10:40:25.619 W/BroadcastQueue( 1711): Background execution not allowed: receiving Intent { act=android.intent.action.PACKAGE_ADDED dat=package: flg=0x4000010 (has extras) } to com.google.android.googlequicksearchbox/com.google.android.apps.gsa.googlequicksearchbox.GelStubAppWatcher
05-16 10:40:25.619 W/BroadcastQueue( 1711): Background execution not allowed: receiving Intent { act=android.intent.action.PACKAGE_ADDED dat=package: flg=0x4000010 (has extras) } to com.google.android.ims/.receivers.RcsAutoStartReceiver
05-16 10:40:25.619 W/BroadcastQueue( 1711): Background execution not allowed: receiving Intent { act=android.intent.action.PACKAGE_ADDED dat=package: flg=0x4000010 (has extras) } to com.baidu.netdisk/.module.toolbox.AppInfoBroadcastReceiver
05-16 10:40:25.619 W/BroadcastQueue( 1711): Background execution not allowed: receiving Intent { act=android.intent.action.PACKAGE_ADDED dat=package: flg=0x4000010 (has extras) } to com.qihoo.appstore/.personalcenter.installhistory.PackageRecevier
05-16 10:40:25.619 W/BroadcastQueue( 1711): Background execution not allowed: receiving Intent { act=android.intent.action.PACKAGE_ADDED dat=package: flg=0x4000010 (has extras) } to com.qiyi.video/org.qiyi.android.commonphonepad.receiver.AddPackageBroadcast
05-16 10:40:25.673 W/BroadcastQueue( 1711): Background execution not allowed: receiving Intent { act=android.intent.action.PACKAGE_REPLACED dat=package: flg=0x4000010 (has extras) } to com.android.musicfx/.Compatibility$Receiver
05-16 10:40:25.674 W/BroadcastQueue( 1711): Background execution not allowed: receiving Intent { act=android.intent.action.PACKAGE_REPLACED dat=package: flg=0x4000010 (has extras) } to com.google.android.apps.photos/.account.full.FetchAccountPropertiesAppUpgradeBroadcastReceiver
05-16 10:40:25.674 W/BroadcastQueue( 1711): Background execution not allowed: receiving Intent { act=android.intent.action.PACKAGE_REPLACED dat=package: flg=0x4000010 (has extras) } to com.google.android.apps.photos/.account.full.SyncAccountsForLoginBroadcastReceiver
05-16 10:40:25.674 W/BroadcastQueue( 1711): Background execution not allowed: receiving Intent { act=android.intent.action.PACKAGE_REPLACED dat=package: flg=0x4000010 (has extras) } to com.google.android.apps.photos/.notificationchannels.AppUpdateBroadcastReceiver
05-16 10:40:25.674 W/BroadcastQueue( 1711): Background execution not allowed: receiving Intent { act=android.intent.action.PACKAGE_REPLACED dat=package: flg=0x4000010 (has extras) } to com.google.android.gms/.gass.chimera.PackageChangeBroadcastReceiver
05-16 10:40:25.674 W/BroadcastQueue( 1711): Background execution not allowed: receiving Intent { act=android.intent.action.PACKAGE_REPLACED dat=package: flg=0x4000010 (has extras) } to com.google.android.gms/.chimera.GmsIntentOperationService$PersistentTrustedReceiver
05-16 10:40:25.674 W/BroadcastQueue( 1711): Background execution not allowed: receiving Intent { act=android.intent.action.PACKAGE_REPLACED dat=package: flg=0x4000010 (has extras) } to com.google.android.googlequicksearchbox/com.google.android.apps.gsa.googlequicksearchbox.GelStubAppWatcher
05-16 10:40:25.674 W/BroadcastQueue( 1711): Background execution not allowed: receiving Intent { act=android.intent.action.PACKAGE_REPLACED dat=package: flg=0x4000010 (has extras) } to com.google.android.ims/.receivers.RcsAutoStartReceiver
05-16 10:40:25.674 W/BroadcastQueue( 1711): Background execution not allowed: receiving Intent { act=android.intent.action.PACKAGE_REPLACED dat=package: flg=0x4000010 (has extras) } to com.qihoo.appstore/.personalcenter.installhistory.PackageRecevier
05-16 10:40:25.724 W/WindowMagnificationMgr( 1711): requestConnection duplicated request: connect=false, mConnectionState=DISCONNECTED
05-16 10:40:25.730 W/WindowMagnificationMgr( 1711): requestConnection duplicated request: connect=false, mConnectionState=DISCONNECTED
05-16 10:40:26.032 D/CompatibilityChangeReporter( 1711): Compat change id reported: 168419799; UID 1000; state: DISABLED
05-16 10:40:26.049 D/CompatibilityChangeReporter( 1711): Compat change id reported: 177438394; UID 10171; state: DISABLED
05-16 10:40:26.049 D/CompatibilityChangeReporter( 1711): Compat change id reported: 135772972; UID 10171; state: DISABLED
05-16 10:40:26.049 D/CompatibilityChangeReporter( 1711): Compat change id reported: 135754954; UID 10171; state: ENABLED
05-16 10:40:26.050 D/CompatibilityChangeReporter( 1711): Compat change id reported: 143937733; UID 10171; state: ENABLED
05-16 10:40:26.065 I/ActivityManager( 1711): Start proc 23971:com.google.android.apps.docs/u0a171 for service {com.google.android.apps.docs/com.google.android.apps.docs.common.sync.syncadapter.DocsSyncAdapterService}
05-16 10:40:26.111 D/CompatibilityChangeReporter( 1711): Compat change id reported: 194532703; UID 1000; state: ENABLED
05-16 10:40:26.195 D/CompatibilityChangeReporter( 1711): Compat change id reported: 161145287; UID 10171; state: DISABLED
05-16 10:40:26.219 D/CompatibilityChangeReporter( 1711): Compat change id reported: 158482162; UID 1000; state: ENABLED
05-16 10:40:26.318 I/BackgroundDexOptService( 1711): Pinning optimized code {com.google.android.gm}
05-16 10:40:26.318 I/BackgroundDexOptService( 1711): Idle optimizations completed.
05-16 10:40:26.318 I/BackgroundDexOptService( 1711): dexopt finishing. jobid:801 completed:true
05-16 10:40:26.318 I/BackgroundDexOptService( 1711): onStopJob:801
05-16 10:40:26.318 I/BackgroundDexOptService( 1711): Starting thread:DexOptCancel
05-16 10:40:26.319 W/JobScheduler( 1711): Job didn't exist in JobStore: d47b8a2 #1000/801 android/com.android.server.pm.BackgroundDexOptJobService
05-16 10:40:26.376 E/BackupManagerService( 1711): [UserID:0] Unable to get management intent from transport: Transport com.google.android.gms/.backup.BackupTransportService not registered
05-16 10:40:26.398 W/PackageParser(23882): Unknown element under <manifest>: queries at /data/user_de/0/com.google.android.gms/app_chimera/m/00000111/dl-AdsFdrDynamite.integ_230500000100000.apk Binary XML file line #15
05-16 10:40:26.501 E/BackupManagerService( 1711): [UserID:0] Unable to get management intent from transport: Transport com.google.android.gms/.backup.BackupTransportService not registered
05-16 10:40:26.574 D/CompatibilityChangeReporter( 1711): Compat change id reported: 161145287; UID 1000; state: DISABLED
05-16 10:40:26.609 W/PackageParser(23882): Unknown element under <manifest>: queries at /data/user_de/0/com.google.android.gms/app_chimera/m/00000111/dl-AdsFdrDynamite.integ_230500000100000.apk Binary XML file line #15
05-16 10:40:26.738 D/CompatibilityChangeReporter( 1711): Compat change id reported: 183407956; UID 1000; state: ENABLED
05-16 10:40:26.742 I/Telecom ( 1711): PhoneAccountRegistrar: getSimCallManager: SimCallManager for subId -1 queried, returning: null
05-16 10:40:26.782 W/PackageParser(23882): Unknown element under <manifest>: queries at /data/user_de/0/com.google.android.gms/app_chimera/m/00000111/dl-AdsFdrDynamite.integ_230500000100000.apk Binary XML file line #15
05-16 10:40:26.827 D/CompatibilityChangeReporter( 1711): Compat change id reported: 135634846; UID 10150; state: DISABLED
05-16 10:40:26.827 D/CompatibilityChangeReporter( 1711): Compat change id reported: 177438394; UID 10150; state: DISABLED
05-16 10:40:26.827 D/CompatibilityChangeReporter( 1711): Compat change id reported: 135772972; UID 10150; state: DISABLED
05-16 10:40:26.827 D/CompatibilityChangeReporter( 1711): Compat change id reported: 135754954; UID 10150; state: ENABLED
05-16 10:40:26.828 D/CompatibilityChangeReporter( 1711): Compat change id reported: 143937733; UID 10150; state: ENABLED
05-16 10:40:26.840 I/ActivityManager( 1711): Start proc 24012:com.google.android.apps.messaging/u0a150 for content provider {com.google.android.apps.messaging/com.google.android.apps.messaging.settings.search.MessagesSearchIndexablesProvider}
05-16 10:40:26.897 D/CompatibilityChangeReporter( 1711): Compat change id reported: 135634846; UID 10121; state: DISABLED
05-16 10:40:26.897 D/CompatibilityChangeReporter( 1711): Compat change id reported: 177438394; UID 10121; state: DISABLED
05-16 10:40:26.897 D/CompatibilityChangeReporter( 1711): Compat change id reported: 135772972; UID 10121; state: DISABLED
05-16 10:40:26.897 D/CompatibilityChangeReporter( 1711): Compat change id reported: 135754954; UID 10121; state: ENABLED
05-16 10:40:26.897 D/CompatibilityChangeReporter( 1711): Compat change id reported: 143937733; UID 10121; state: ENABLED
05-16 10:40:26.907 I/ActivityManager( 1711): Start proc 24043:com.google.android.gms.ui/u0a121 for content provider {com.google.android.gms/com.google.android.gms.accountsettings.content.SettingsSearchContentProvider}
05-16 10:40:27.169 D/CompatibilityChangeReporter( 1711): Compat change id reported: 161145287; UID 10121; state: DISABLED
05-16 10:40:27.224 D/CompatibilityChangeReporter( 1711): Compat change id reported: 161145287; UID 10150; state: DISABLED
05-16 10:40:27.349 D/CompatibilityChangeReporter( 1711): Compat change id reported: 201794303; UID 10171; state: ENABLED
05-16 10:40:27.439 I/TransportConnection( 1711): D2dTransportService#3: Notifying [TransportManager.registerTransport()] transport = BackupTransportClient
05-16 10:40:27.460 D/CompatibilityChangeReporter( 1711): Compat change id reported: 161252188; UID 10121; state: ENABLED
05-16 10:40:27.496 D/BackupTransportManager( 1711): Transport com.google.android.gms/.backup.component.D2dTransportService registered
05-16 10:40:27.496 D/BackupManagerService( 1711): [UserID:0] Transport com.google.android.gms/.backup.migrate.service.D2dTransport registered 2976563ms after first request (delay = 3000ms)
05-16 10:40:27.559 D/CompatibilityChangeReporter( 1711): Compat change id reported: 135634846; UID 10121; state: DISABLED
05-16 10:40:27.560 D/CompatibilityChangeReporter( 1711): Compat change id reported: 177438394; UID 10121; state: DISABLED
05-16 10:40:27.560 D/CompatibilityChangeReporter( 1711): Compat change id reported: 135772972; UID 10121; state: DISABLED
05-16 10:40:27.560 D/CompatibilityChangeReporter( 1711): Compat change id reported: 135754954; UID 10121; state: ENABLED
05-16 10:40:27.560 D/CompatibilityChangeReporter( 1711): Compat change id reported: 143937733; UID 10121; state: ENABLED
05-16 10:40:27.573 I/ActivityManager( 1711): Start proc 24241:com.google.process.gapps/u0a121 for content provider {com.google.android.gsf/com.google.android.gsf.settings.GoogleSettingsProvider}
05-16 10:40:27.590 D/CompatibilityChangeReporter( 1711): Compat change id reported: 168419799; UID 10121; state: DISABLED
05-16 10:40:27.625 D/CompatibilityChangeReporter( 1711): Compat change id reported: 158482162; UID 10121; state: ENABLED
05-16 10:40:27.727 I/ActivityManager( 1711): Process com.google.android.apps.wellbeing (pid 21483) has died: fg  BFGS
05-16 10:40:27.729 I/ActivityThread(20121): Removing dead content provider:android.content.ContentProviderProxy@9590cf1
05-16 10:40:27.806 D/CompatibilityChangeReporter( 1711): Compat change id reported: 171306433; UID 10121; state: ENABLED
05-16 10:40:27.806 D/CompatibilityChangeReporter( 1711): Compat change id reported: 218533173; UID 10121; state: ENABLED
05-16 10:40:27.868 I/ActivityManager( 1711): Process com.google.android.apps.safetyhub (pid 22956) has died: prcl TRNB
05-16 10:40:27.871 D/CompatibilityChangeReporter( 1711): Compat change id reported: 201794303; UID 10121; state: ENABLED
05-16 10:40:27.877 I/ActivityManager( 1711): Process com.google.android.apps.tips (pid 22802) has died: prcl TRNB
05-16 10:40:27.881 I/ActivityManager( 1711): Process com.google.android.dialer (pid 22193) has died: cch+35 CEM 
05-16 10:40:27.887 I/ActivityManager( 1711): Process com.google.android.apps.photos (pid 22447) has died: cch+5 CEM 
05-16 10:40:27.962 I/ActivityManager( 1711): Process com.google.android.apps.nbu.files (pid 22878) has died: cch+15 CEM 
05-16 10:40:27.980 D/CompatibilityChangeReporter( 1711): Compat change id reported: 168936375; UID 10121; state: ENABLED
05-16 10:40:27.980 D/CompatibilityChangeReporter( 1711): Compat change id reported: 73144566; UID 10121; state: ENABLED
05-16 10:40:28.097 I/TransportConnection( 1711): BackupTransportService#4: Notifying [TransportManager.registerTransport()] transport = BackupTransportClient
05-16 10:40:28.124 D/BackupTransportManager( 1711): Transport com.google.android.gms/.backup.BackupTransportService registered
05-16 10:40:28.124 D/BackupManagerService( 1711): [UserID:0] Transport com.google.android.gms/.backup.BackupTransportService registered 2977190ms after first request (delay = 3000ms)
05-16 10:40:28.176 I/WindowManager( 1711): WIN DEATH: Window{11f2585 u0 InputMethod}
05-16 10:40:28.177 I/ActivityManager( 1711): Process com.google.android.inputmethod.latin (pid 15460) has died: prcp IMPB
05-16 10:40:28.178 W/InputMethodManagerService( 1711): Session failed to close due to remote exception
05-16 10:40:28.178 W/InputMethodManagerService( 1711): android.os.DeadObjectException
05-16 10:40:28.178 W/InputMethodManagerService( 1711): 	at android.os.BinderProxy.transactNative(Native Method)
05-16 10:40:28.178 W/InputMethodManagerService( 1711): 	at android.os.BinderProxy.transact(BinderProxy.java:584)
05-16 10:40:28.178 W/InputMethodManagerService( 1711): 	at com.android.internal.view.IInputMethodSession$Stub$Proxy.finishSession(IInputMethodSession.java:358)
05-16 10:40:28.178 W/InputMethodManagerService( 1711): 	at com.android.server.inputmethod.InputMethodManagerService.finishSessionLocked(InputMethodManagerService.java:3144)
05-16 10:40:28.178 W/InputMethodManagerService( 1711): 	at com.android.server.inputmethod.InputMethodManagerService.clearClientSessionLocked(InputMethodManagerService.java:3116)
05-16 10:40:28.178 W/InputMethodManagerService( 1711): 	at com.android.server.inputmethod.InputMethodManagerService.clearClientSessionsLocked(InputMethodManagerService.java:3177)
05-16 10:40:28.178 W/InputMethodManagerService( 1711): 	at com.android.server.inputmethod.InputMethodBindingController.clearCurMethodAndSessions(InputMethodBindingController.java:367)
05-16 10:40:28.178 W/InputMethodManagerService( 1711): 	at com.android.server.inputmethod.InputMethodBindingController.-$$Nest$mclearCurMethodAndSessions(Unknown Source:0)
05-16 10:40:28.178 W/InputMethodManagerService( 1711): 	at com.android.server.inputmethod.InputMethodBindingController$2.onServiceDisconnected(InputMethodBindingController.java:338)
05-16 10:40:28.178 W/InputMethodManagerService( 1711): 	at android.app.LoadedApk$ServiceDispatcher.doDeath(LoadedApk.java:2208)
05-16 10:40:28.178 W/InputMethodManagerService( 1711): 	at android.app.LoadedApk$ServiceDispatcher$RunConnection.run(LoadedApk.java:2223)
05-16 10:40:28.178 W/InputMethodManagerService( 1711): 	at android.os.Handler.handleCallback(Handler.java:942)
05-16 10:40:28.178 W/InputMethodManagerService( 1711): 	at android.os.Handler.dispatchMessage(Handler.java:99)
05-16 10:40:28.178 W/InputMethodManagerService( 1711): 	at android.os.Looper.loopOnce(Looper.java:201)
05-16 10:40:28.178 W/InputMethodManagerService( 1711): 	at android.os.Looper.loop(Looper.java:288)
05-16 10:40:28.178 W/InputMethodManagerService( 1711): 	at com.android.server.SystemServer.run(SystemServer.java:964)
05-16 10:40:28.178 W/InputMethodManagerService( 1711): 	at com.android.server.SystemServer.main(SystemServer.java:649)
05-16 10:40:28.178 W/InputMethodManagerService( 1711): 	at java.lang.reflect.Method.invoke(Native Method)
05-16 10:40:28.178 W/InputMethodManagerService( 1711): 	at com.android.internal.os.RuntimeInit$MethodAndArgsCaller.run(RuntimeInit.java:548)
05-16 10:40:28.178 W/InputMethodManagerService( 1711): 	at com.android.internal.os.ZygoteInit.main(ZygoteInit.java:914)
05-16 10:40:28.181 W/ActivityManager( 1711): Scheduling restart of crashed service com.google.android.inputmethod.latin/com.android.inputmethod.latin.LatinIME in 10000ms for connection
05-16 10:40:28.182 W/ActivityManager( 1711): setHasOverlayUi called on unknown pid: 15460
05-16 10:40:28.218 W/BroadcastQueue( 1711): Can't deliver broadcast to com.google.android.googlequicksearchbox:search (pid 3310). Crashing it.
05-16 10:40:28.218 I/ActivityManager( 1711): Killing 3310:com.google.android.googlequicksearchbox:search/u0a151 (adj 250): scheduleCrash for 'can't deliver broadcast' failed
05-16 10:40:28.219 W/BroadcastQueue( 1711): Failure sending broadcast Intent { act=android.location.PROVIDERS_CHANGED flg=0x50000010 (has extras) }
05-16 10:40:28.219 W/BroadcastQueue( 1711): android.os.DeadObjectException
05-16 10:40:28.219 W/BroadcastQueue( 1711): 	at android.os.BinderProxy.transactNative(Native Method)
05-16 10:40:28.219 W/BroadcastQueue( 1711): 	at android.os.BinderProxy.transact(BinderProxy.java:584)
05-16 10:40:28.219 W/BroadcastQueue( 1711): 	at android.app.IApplicationThread$Stub$Proxy.scheduleRegisteredReceiver(IApplicationThread.java:1380)
05-16 10:40:28.219 W/BroadcastQueue( 1711): 	at com.android.server.am.BroadcastQueue.performReceiveLocked(BroadcastQueue.java:651)
05-16 10:40:28.219 W/BroadcastQueue( 1711): 	at com.android.server.am.BroadcastQueue.deliverToRegisteredReceiverLocked(BroadcastQueue.java:983)
05-16 10:40:28.219 W/BroadcastQueue( 1711): 	at com.android.server.am.BroadcastQueue.processNextBroadcastLocked(BroadcastQueue.java:1187)
05-16 10:40:28.219 W/BroadcastQueue( 1711): 	at com.android.server.am.BroadcastQueue.processNextBroadcast(BroadcastQueue.java:1139)
05-16 10:40:28.219 W/BroadcastQueue( 1711): 	at com.android.server.am.BroadcastQueue.-$$Nest$mprocessNextBroadcast(Unknown Source:0)
05-16 10:40:28.219 W/BroadcastQueue( 1711): 	at com.android.server.am.BroadcastQueue$BroadcastHandler.handleMessage(BroadcastQueue.java:222)
05-16 10:40:28.219 W/BroadcastQueue( 1711): 	at android.os.Handler.dispatchMessage(Handler.java:106)
05-16 10:40:28.219 W/BroadcastQueue( 1711): 	at android.os.Looper.loopOnce(Looper.java:201)
05-16 10:40:28.219 W/BroadcastQueue( 1711): 	at android.os.Looper.loop(Looper.java:288)
05-16 10:40:28.219 W/BroadcastQueue( 1711): 	at android.os.HandlerThread.run(HandlerThread.java:67)
05-16 10:40:28.219 W/BroadcastQueue( 1711): 	at com.android.server.ServiceThread.run(ServiceThread.java:44)
05-16 10:40:28.221 D/CompatibilityChangeReporter( 1711): Compat change id reported: 73144566; UID 1000; state: ENABLED
05-16 10:40:28.221 D/CompatibilityChangeReporter( 1711): Compat change id reported: 171306433; UID 1000; state: ENABLED
05-16 10:40:28.221 D/CompatibilityChangeReporter( 1711): Compat change id reported: 218533173; UID 1000; state: ENABLED
05-16 10:40:28.261 W/SoundTriggerService( 1711): Client died, cleaning up session.
05-16 10:40:28.263 W/ActivityManager( 1711): Scheduling restart of crashed service com.google.android.googlequicksearchbox/com.google.android.apps.gsa.nowoverlayservice.DrawerOverlayService in 29918ms for connection
05-16 10:40:28.263 W/ActivityManager( 1711): Scheduling restart of crashed service com.google.android.googlequicksearchbox/com.google.android.apps.gsa.shared.util.keepalive.StandaloneKeepAlive$KeepAliveService in 49917ms for start-requested
05-16 10:40:28.287 I/ActivityManager( 1711): Process com.google.android.apps.maps (pid 22414) has died: cch+5 CEM 
05-16 10:40:28.315 W/AppOps  ( 1711): Noting op not finished: uid 10110 pkg com.google.android.apps.scone code 79 startTime of in progress event=1684204828311
05-16 10:40:28.396 D/CompatibilityChangeReporter( 1711): Compat change id reported: 218533173; UID 10171; state: ENABLED
05-16 10:40:28.397 I/Telecom ( 1711): DefaultDialerCache: Refreshing default dialer for user 0: now com.google.android.dialer: DDC.oR@AUE
05-16 10:40:28.408 I/Telecom ( 1711): DefaultDialerCache: Refreshing default dialer for user 0: now com.google.android.dialer: DDC.oR@AUI
05-16 10:40:28.503 I/ActivityManager( 1711): Background started FGS: Allowed [callingPackage: com.android.vending; callingUid: 10116; uidState: TRNB; intent: Intent { act=com.google.android.finsky.BIND_DOWNLOAD_SERVICE pkg=com.android.vending (has extras) }; code:BACKGROUND_ACTIVITY_PERMISSION; tempAllowListReason:<,reasonCode:SYSTEM_ALLOW_LISTED,duration:9223372036854775807,callingUid:-1>; targetSdkVersion:33; callerTargetSdkVersion:33; startForegroundCount:0; bindFromPackage:null]
05-16 10:40:28.596 D/AppWidgetServiceImpl( 1711): Provider info from ComponentInfo{com.google.android.apps.docs/com.google.android.apps.docs.drive.widget.suggestion.SuggestionAppWidgetProvider} won't be persisted.
05-16 10:40:28.596 D/AppWidgetServiceImpl( 1711): Provider info from ComponentInfo{com.google.android.apps.docs/com.google.android.apps.docs.drive.widget.CakemixAppWidgetProvider} won't be persisted.
05-16 10:40:28.719 W/ActivityManager( 1711): Rescheduling restart of crashed service com.google.android.inputmethod.latin/com.android.inputmethod.latin.LatinIME in 462ms for mem-pressure-event
05-16 10:40:28.719 W/ActivityManager( 1711): Rescheduling restart of crashed service com.google.android.googlequicksearchbox/com.google.android.apps.gsa.shared.util.keepalive.StandaloneKeepAlive$KeepAliveService in 10462ms for mem-pressure-event
05-16 10:40:28.847 W/PackageParser(23882): Unknown element under <manifest>: queries at /data/user_de/0/com.google.android.gms/app_chimera/m/000000a3/dl-AdsFdrDynamite.integ_224400003100000.apk Binary XML file line #11
05-16 10:40:28.906 W/ActivityManager( 1711): Unable to start service Intent { act=com.google.android.gms.home.service.START pkg=com.google.android.gms } U=0: not found
05-16 10:40:28.907 W/ActivityManager( 1711): Unbind failed: could not find connection for android.os.BinderProxy@aeecfb8
05-16 10:40:29.083 W/BroadcastQueue( 1711): Background execution not allowed: receiving Intent { act=com.google.android.chimera.MODULE_CONFIGURATION_CHANGED flg=0x10 (has extras) } to com.google.android.gms/.chimera.GmsIntentOperationService$PersistentInternalReceiver
05-16 10:40:29.120 D/CompatibilityChangeReporter( 1711): Compat change id reported: 135634846; UID 10162; state: DISABLED
05-16 10:40:29.120 D/CompatibilityChangeReporter( 1711): Compat change id reported: 177438394; UID 10162; state: DISABLED
05-16 10:40:29.120 D/CompatibilityChangeReporter( 1711): Compat change id reported: 135772972; UID 10162; state: DISABLED
05-16 10:40:29.120 D/CompatibilityChangeReporter( 1711): Compat change id reported: 135754954; UID 10162; state: ENABLED
05-16 10:40:29.120 D/CompatibilityChangeReporter( 1711): Compat change id reported: 143937733; UID 10162; state: ENABLED
05-16 10:40:29.141 I/ActivityManager( 1711): Start proc 24389:com.android.chrome/u0a162 for broadcast {com.android.chrome/com.google.android.apps.chrome.webapps.WebApkInstallStatusReceiver}
05-16 10:40:29.163 D/CompatibilityChangeReporter( 1711): Compat change id reported: 168419799; UID 10162; state: DISABLED
05-16 10:40:29.181 D/CompatibilityChangeReporter( 1711): Compat change id reported: 135634846; UID 10165; state: DISABLED
05-16 10:40:29.181 D/CompatibilityChangeReporter( 1711): Compat change id reported: 177438394; UID 10165; state: DISABLED
05-16 10:40:29.181 D/CompatibilityChangeReporter( 1711): Compat change id reported: 135772972; UID 10165; state: DISABLED
05-16 10:40:29.182 D/CompatibilityChangeReporter( 1711): Compat change id reported: 135754954; UID 10165; state: ENABLED
05-16 10:40:29.182 D/CompatibilityChangeReporter( 1711): Compat change id reported: 143937733; UID 10165; state: ENABLED
05-16 10:40:29.191 I/ActivityManager( 1711): Start proc 24409:com.google.android.inputmethod.latin/u0a165 for service {com.google.android.inputmethod.latin/com.android.inputmethod.latin.LatinIME}
05-16 10:40:29.359 D/CompatibilityChangeReporter( 1711): Compat change id reported: 161145287; UID 10162; state: DISABLED
05-16 10:40:29.366 D/CompatibilityChangeReporter( 1711): Compat change id reported: 161145287; UID 10165; state: DISABLED
05-16 10:40:29.544 W/AlarmManager( 1711): Window length 1383505805527740672ms too long; limiting to 1 day
05-16 10:40:29.648 D/CompatibilityChangeReporter( 1711): Compat change id reported: 161252188; UID 10111; state: ENABLED
05-16 10:40:29.739 W/BroadcastQueue( 1711): Background execution not allowed: receiving Intent { act=com.google.android.location.internal.server.ACTION_RESTARTED flg=0x10 (has extras) } to com.google.android.gms/.chimera.GmsIntentOperationService$PersistentInternalReceiver
05-16 10:40:30.025 D/CompatibilityChangeReporter( 1711): Compat change id reported: 161252188; UID 10171; state: ENABLED
05-16 10:40:30.169 I/Telecom ( 1711): DefaultDialerCache: Refreshing default dialer for user 0: now com.google.android.dialer: DDC.oR@AUM
05-16 10:40:30.225 W/AlarmManager( 1711): Alarms must either supply a PendingIntent or an AlarmReceiver
05-16 10:40:30.249 D/CompatibilityChangeReporter( 1711): Compat change id reported: 194532703; UID 10165; state: ENABLED
05-16 10:40:30.370 E/keystore2(  514): keystore2::error: In import_key.
05-16 10:40:30.370 E/keystore2(  514): 
05-16 10:40:30.370 E/keystore2(  514): Caused by:
05-16 10:40:30.370 E/keystore2(  514):     0: In store_new_key.
05-16 10:40:30.370 E/keystore2(  514):     1: In store_new_key. Failed to handle super encryption.
05-16 10:40:30.370 E/keystore2(  514):     2: In handle_super_encryption_on_key_init: User ECDH key missing.
05-16 10:40:30.370 E/keystore2(  514):     3: Error::Rc(ResponseCode(4))
05-16 10:40:30.600 D/CompatibilityChangeReporter( 1711): Compat change id reported: 172251878; UID 10121; state: ENABLED
05-16 10:40:30.604 D/CompatibilityChangeReporter( 1711): Compat change id reported: 161252188; UID 10121; state: ENABLED
05-16 10:40:30.705 W/JobScheduler( 1711): Job didn't exist in JobStore: a92ec7 #u0a146/-782930206 com.google.android.as.oss/com.google.android.gms.learning.internal.training.InAppJobService
05-16 10:40:31.289 W/PackageParser(23882): Unknown element under <manifest>: queries at /data/user_de/0/com.google.android.gms/app_chimera/m/00000111/dl-AdsFdrDynamite.integ_230500000100000.apk Binary XML file line #15
05-16 10:40:31.411 D/CoreBackPreview( 1711): Window{f0a2dc u0 InputMethod}: Setting back callback OnBackInvokedCallbackInfo{mCallback=android.window.IOnBackInvokedCallback$Stub$Proxy@5310c8, mPriority=0}
05-16 10:40:31.658 D/CompatibilityChangeReporter( 1711): Compat change id reported: 135634846; UID 10151; state: DISABLED
05-16 10:40:31.658 D/CompatibilityChangeReporter( 1711): Compat change id reported: 177438394; UID 10151; state: DISABLED
05-16 10:40:31.658 D/CompatibilityChangeReporter( 1711): Compat change id reported: 135772972; UID 10151; state: DISABLED
05-16 10:40:31.658 D/CompatibilityChangeReporter( 1711): Compat change id reported: 135754954; UID 10151; state: ENABLED
05-16 10:40:31.658 D/CompatibilityChangeReporter( 1711): Compat change id reported: 143937733; UID 10151; state: ENABLED
05-16 10:40:31.668 I/ActivityManager( 1711): Start proc 24678:com.google.android.googlequicksearchbox:search/u0a151 for service {com.google.android.googlequicksearchbox/com.google.android.apps.search.assistant.surfaces.dictation.service.endpoint.AssistantDictationService}
05-16 10:40:31.725 D/CompatibilityChangeReporter( 1711): Compat change id reported: 194532703; UID 10121; state: ENABLED
05-16 10:40:31.825 D/CompatibilityChangeReporter( 1711): Compat change id reported: 161145287; UID 10151; state: DISABLED
05-16 10:40:31.860 W/PackageParser(23882): Unknown element under <manifest>: queries at /data/user_de/0/com.google.android.gms/app_chimera/m/00000111/dl-AdsFdrDynamite.integ_230500000100000.apk Binary XML file line #15
05-16 10:40:32.148 D/CompatibilityChangeReporter( 1711): Compat change id reported: 135634846; UID 10121; state: DISABLED
05-16 10:40:32.148 D/CompatibilityChangeReporter( 1711): Compat change id reported: 177438394; UID 10121; state: DISABLED
05-16 10:40:32.148 D/CompatibilityChangeReporter( 1711): Compat change id reported: 135772972; UID 10121; state: DISABLED
05-16 10:40:32.148 D/CompatibilityChangeReporter( 1711): Compat change id reported: 135754954; UID 10121; state: ENABLED
05-16 10:40:32.148 D/CompatibilityChangeReporter( 1711): Compat change id reported: 143937733; UID 10121; state: ENABLED
05-16 10:40:32.162 I/ActivityManager( 1711): Start proc 24735:com.google.android.gms.unstable/u0a121 for service {com.google.android.gms/com.google.android.gms.droidguard.DroidGuardService}
05-16 10:40:32.347 W/PackageParser(23882): Unknown element under <manifest>: queries at /data/user_de/0/com.google.android.gms/app_chimera/m/00000111/dl-AdsFdrDynamite.integ_230500000100000.apk Binary XML file line #15
05-16 10:40:32.357 D/BiometricService( 1711): canAuthenticate: User=0, Caller=0, Authenticators=255
05-16 10:40:32.357 D/BiometricService/PreAuthInfo( 1711): Package: com.google.android.gms Sensor ID: 0 Modality: 2 Status: 7
05-16 10:40:32.357 D/BiometricService/PreAuthInfo( 1711): getCanAuthenticateInternal Modality: 2 AuthenticatorStatus: 7
05-16 10:40:32.357 D/AuthService( 1711): canAuthenticate, userId: 0, callingUserId: 0, authenticators: 255, result: 11
05-16 10:40:32.388 W/AppOps  ( 1711): Noting op not finished: uid 10121 pkg com.google.android.gms code 1 startTime of in progress event=1684204828343
05-16 10:40:32.609 I/DropBoxManagerService( 1711): add tag=event_log isTagEnabled=true flags=0x2
05-16 10:40:32.611 W/BroadcastQueue( 1711): Background execution not allowed: receiving Intent { act=android.intent.action.DROPBOX_ENTRY_ADDED flg=0x10 (has extras) } to com.google.android.gms/.stats.service.DropBoxEntryAddedReceiver
05-16 10:40:32.611 W/BroadcastQueue( 1711): Background execution not allowed: receiving Intent { act=android.intent.action.DROPBOX_ENTRY_ADDED flg=0x10 (has extras) } to com.google.android.gms/.chimera.GmsIntentOperationService$PersistentTrustedReceiver
05-16 10:40:32.851 D/CompatibilityChangeReporter( 1711): Compat change id reported: 161252188; UID 10162; state: ENABLED
05-16 10:40:32.890 D/CompatibilityChangeReporter( 1711): Compat change id reported: 161252188; UID 1000; state: ENABLED
05-16 10:40:32.909 E/AppOps  ( 1711): Bad call made by uid 10165. Package "com.google.android.gms" does not belong to uid 10165.
