04-14 15:59:17.903  1843 14538 W ProcessStats: Tracking association SourceState{79e806a com.google.android.gms/10121 Top #1774723} whose proc state 1 is better than process ProcessState{fd0ea72 com.google.android.gms.persistent/10121 pkg=com.google.android.gms} proc state 2 (2 skipped)
04-14 15:59:29.143  1843  2086 D ActivityManager: freezing 27147 com.google.process.gservices
04-14 15:59:29.155  1843  2086 D ActivityManager: freezing 3575 com.tencent.tim
04-14 15:59:34.358  1843  1979 W ProcessStats: Tracking association SourceState{79e806a com.google.android.gms/10121 Top #1774727} whose proc state 1 is better than process ProcessState{fd0ea72 com.google.android.gms.persistent/10121 pkg=com.google.android.gms} proc state 2 (3 skipped)
04-14 15:59:44.381  1843  1979 W ProcessStats: Tracking association SourceState{79e806a com.google.android.gms/10121 Top #1774730} whose proc state 1 is better than process ProcessState{fd0ea72 com.google.android.gms.persistent/10121 pkg=com.google.android.gms} proc state 2 (2 skipped)
04-14 15:59:54.421  1843  1979 W ProcessStats: Tracking association SourceState{79e806a com.google.android.gms/10121 Top #1774732} whose proc state 1 is better than process ProcessState{fd0ea72 com.google.android.gms.persistent/10121 pkg=com.google.android.gms} proc state 2 (1 skipped)
04-14 16:00:00.025  1843  1980 D ActivityManager: sync unfroze 1341 com.google.android.settings.intelligence
04-14 16:00:00.034  1843 14538 D CompatibilityChangeReporter: Compat change id reported: 161252188; UID 1000; state: ENABLED
04-14 16:00:00.048  1843 14538 D ActivityManager: sync unfroze 1408 com.android.settings
04-14 16:00:00.049  1843 14538 D ActivityManager: sync unfroze 4425 com.google.android.apps.security.securityhub
04-14 16:00:04.462  1843  1979 W ProcessStats: Tracking association SourceState{79e806a com.google.android.gms/10121 Top #1774740} whose proc state 1 is better than process ProcessState{fd0ea72 com.google.android.gms.persistent/10121 pkg=com.google.android.gms} proc state 2 (6 skipped)
04-14 16:00:14.489  1843  1979 W ProcessStats: Tracking association SourceState{79e806a com.google.android.gms/10121 Top #1774744} whose proc state 1 is better than process ProcessState{fd0ea72 com.google.android.gms.persistent/10121 pkg=com.google.android.gms} proc state 2 (2 skipped)
04-14 16:00:24.520  1843  1979 W ProcessStats: Tracking association SourceState{79e806a com.google.android.gms/10121 Top #1774746} whose proc state 1 is better than process ProcessState{fd0ea72 com.google.android.gms.persistent/10121 pkg=com.google.android.gms} proc state 2 (1 skipped)
04-14 16:00:34.550  1843  1979 W ProcessStats: Tracking association SourceState{79e806a com.google.android.gms/10121 Top #1774748} whose proc state 1 is better than process ProcessState{fd0ea72 com.google.android.gms.persistent/10121 pkg=com.google.android.gms} proc state 2 (1 skipped)
04-14 16:00:44.577  1843  1979 W ProcessStats: Tracking association SourceState{79e806a com.google.android.gms/10121 Top #1774750} whose proc state 1 is better than process ProcessState{fd0ea72 com.google.android.gms.persistent/10121 pkg=com.google.android.gms} proc state 2 (1 skipped)
04-14 16:00:54.601  1843  1979 W ProcessStats: Tracking association SourceState{79e806a com.google.android.gms/10121 Top #1774752} whose proc state 1 is better than process ProcessState{fd0ea72 com.google.android.gms.persistent/10121 pkg=com.google.android.gms} proc state 2 (1 skipped)
04-14 16:01:00.102  1843 14538 W BatteryExternalStatsWorker: error reading Bluetooth stats: 11
04-14 16:01:04.635  1843  1979 W ProcessStats: Tracking association SourceState{79e806a com.google.android.gms/10121 Top #1774754} whose proc state 1 is better than process ProcessState{fd0ea72 com.google.android.gms.persistent/10121 pkg=com.google.android.gms} proc state 2 (1 skipped)
04-14 16:01:14.680  1843  1979 W ProcessStats: Tracking association SourceState{79e806a com.google.android.gms/10121 Top #1774756} whose proc state 1 is better than process ProcessState{fd0ea72 com.google.android.gms.persistent/10121 pkg=com.google.android.gms} proc state 2 (1 skipped)
04-14 16:01:24.715  1843  1979 W ProcessStats: Tracking association SourceState{79e806a com.google.android.gms/10121 Top #1774758} whose proc state 1 is better than process ProcessState{fd0ea72 com.google.android.gms.persistent/10121 pkg=com.google.android.gms} proc state 2 (1 skipped)
04-14 16:01:34.752  1843  1979 W ProcessStats: Tracking association SourceState{79e806a com.google.android.gms/10121 Top #1774767} whose proc state 1 is better than process ProcessState{fd0ea72 com.google.android.gms.persistent/10121 pkg=com.google.android.gms} proc state 2 (8 skipped)
04-14 16:01:40.764  1843  2306 D ActivityManager: sync unfroze 3575 com.tencent.tim
04-14 16:01:44.798  1843  1979 W ProcessStats: Tracking association SourceState{79e806a com.google.android.gms/10121 Top #1774772} whose proc state 1 is better than process ProcessState{fd0ea72 com.google.android.gms.persistent/10121 pkg=com.google.android.gms} proc state 2 (4 skipped)
04-14 16:01:54.822  1843  1979 W ProcessStats: Tracking association SourceState{79e806a com.google.android.gms/10121 Top #1774775} whose proc state 1 is better than process ProcessState{fd0ea72 com.google.android.gms.persistent/10121 pkg=com.google.android.gms} proc state 2 (1 skipped)
04-14 16:02:04.856  1843  1979 W ProcessStats: Tracking association SourceState{79e806a com.google.android.gms/10121 Top #1774777} whose proc state 1 is better than process ProcessState{fd0ea72 com.google.android.gms.persistent/10121 pkg=com.google.android.gms} proc state 2 (1 skipped)
04-14 16:02:14.894  1843  1979 W ProcessStats: Tracking association SourceState{79e806a com.google.android.gms/10121 Top #1774781} whose proc state 1 is better than process ProcessState{fd0ea72 com.google.android.gms.persistent/10121 pkg=com.google.android.gms} proc state 2 (3 skipped)
04-14 16:02:24.934  1843  1979 W ProcessStats: Tracking association SourceState{79e806a com.google.android.gms/10121 Top #1774783} whose proc state 1 is better than process ProcessState{fd0ea72 com.google.android.gms.persistent/10121 pkg=com.google.android.gms} proc state 2 (1 skipped)
04-14 16:02:37.909  1843 14538 W ProcessStats: Tracking association SourceState{79e806a com.google.android.gms/10121 Top #1774787} whose proc state 1 is better than process ProcessState{fd0ea72 com.google.android.gms.persistent/10121 pkg=com.google.android.gms} proc state 2 (3 skipped)
04-14 16:02:47.914  1843  2306 W ProcessStats: Tracking association SourceState{79e806a com.google.android.gms/10121 Top #1774790} whose proc state 1 is better than process ProcessState{fd0ea72 com.google.android.gms.persistent/10121 pkg=com.google.android.gms} proc state 2 (2 skipped)
04-14 16:02:57.915  1843  3709 W ProcessStats: Tracking association SourceState{79e806a com.google.android.gms/10121 Top #1774793} whose proc state 1 is better than process ProcessState{fd0ea72 com.google.android.gms.persistent/10121 pkg=com.google.android.gms} proc state 2 (2 skipped)
04-14 16:03:09.130  1843  2306 W ProcessStats: Tracking association SourceState{79e806a com.google.android.gms/10121 Top #1774805} whose proc state 1 is better than process ProcessState{fd0ea72 com.google.android.gms.persistent/10121 pkg=com.google.android.gms} proc state 2 (9 skipped)
04-14 16:03:19.170  1843  3709 W ProcessStats: Tracking association SourceState{79e806a com.google.android.gms/10121 Top #1774810} whose proc state 1 is better than process ProcessState{fd0ea72 com.google.android.gms.persistent/10121 pkg=com.google.android.gms} proc state 2 (3 skipped)
04-14 16:03:29.203  1843 14548 W ProcessStats: Tracking association SourceState{79e806a com.google.android.gms/10121 Top #1774816} whose proc state 1 is better than process ProcessState{fd0ea72 com.google.android.gms.persistent/10121 pkg=com.google.android.gms} proc state 2 (5 skipped)
04-14 16:03:39.238  1843 14548 W ProcessStats: Tracking association SourceState{79e806a com.google.android.gms/10121 Top #1774819} whose proc state 1 is better than process ProcessState{fd0ea72 com.google.android.gms.persistent/10121 pkg=com.google.android.gms} proc state 2 (2 skipped)
04-14 16:03:49.282  1843 14431 W ProcessStats: Tracking association SourceState{79e806a com.google.android.gms/10121 Top #1774822} whose proc state 1 is better than process ProcessState{fd0ea72 com.google.android.gms.persistent/10121 pkg=com.google.android.gms} proc state 2 (2 skipped)
04-14 16:03:59.336  1843 14548 W ProcessStats: Tracking association SourceState{79e806a com.google.android.gms/10121 Top #1774825} whose proc state 1 is better than process ProcessState{fd0ea72 com.google.android.gms.persistent/10121 pkg=com.google.android.gms} proc state 2 (2 skipped)
04-14 16:04:09.386  1843 14548 W ProcessStats: Tracking association SourceState{79e806a com.google.android.gms/10121 Top #1774829} whose proc state 1 is better than process ProcessState{fd0ea72 com.google.android.gms.persistent/10121 pkg=com.google.android.gms} proc state 2 (3 skipped)
04-14 16:04:19.426  1843 14548 W ProcessStats: Tracking association SourceState{79e806a com.google.android.gms/10121 Top #1774832} whose proc state 1 is better than process ProcessState{fd0ea72 com.google.android.gms.persistent/10121 pkg=com.google.android.gms} proc state 2 (2 skipped)
04-14 16:04:29.468  1843  2306 W ProcessStats: Tracking association SourceState{79e806a com.google.android.gms/10121 Top #1774840} whose proc state 1 is better than process ProcessState{fd0ea72 com.google.android.gms.persistent/10121 pkg=com.google.android.gms} proc state 2 (7 skipped)
04-14 16:04:39.517  1843  2306 W ProcessStats: Tracking association SourceState{79e806a com.google.android.gms/10121 Top #1774843} whose proc state 1 is better than process ProcessState{fd0ea72 com.google.android.gms.persistent/10121 pkg=com.google.android.gms} proc state 2 (2 skipped)
04-14 16:04:49.558  1843  2306 W ProcessStats: Tracking association SourceState{79e806a com.google.android.gms/10121 Top #1774849} whose proc state 1 is better than process ProcessState{fd0ea72 com.google.android.gms.persistent/10121 pkg=com.google.android.gms} proc state 2 (5 skipped)
04-14 16:05:03.237  1843  1980 W ProcessStats: Tracking association SourceState{79e806a com.google.android.gms/10121 Top #1774852} whose proc state 1 is better than process ProcessState{fd0ea72 com.google.android.gms.persistent/10121 pkg=com.google.android.gms} proc state 2 (2 skipped)
04-14 16:05:13.944  1843  1979 W ProcessStats: Tracking association SourceState{79e806a com.google.android.gms/10121 Top #1774857} whose proc state 1 is better than process ProcessState{fd0ea72 com.google.android.gms.persistent/10121 pkg=com.google.android.gms} proc state 2 (4 skipped)
04-14 16:05:23.945  1843  1979 W ProcessStats: Tracking association SourceState{79e806a com.google.android.gms/10121 Top #1774860} whose proc state 1 is better than process ProcessState{fd0ea72 com.google.android.gms.persistent/10121 pkg=com.google.android.gms} proc state 2 (2 skipped)
04-14 16:05:33.954  1843  1979 W ProcessStats: Tracking association SourceState{79e806a com.google.android.gms/10121 Top #1774863} whose proc state 1 is better than process ProcessState{fd0ea72 com.google.android.gms.persistent/10121 pkg=com.google.android.gms} proc state 2 (2 skipped)
04-14 16:05:47.919  1843 14431 W ProcessStats: Tracking association SourceState{79e806a com.google.android.gms/10121 Top #1774867} whose proc state 1 is better than process ProcessState{fd0ea72 com.google.android.gms.persistent/10121 pkg=com.google.android.gms} proc state 2 (3 skipped)
04-14 16:05:57.923  1843 14431 W ProcessStats: Tracking association SourceState{79e806a com.google.android.gms/10121 Top #1774870} whose proc state 1 is better than process ProcessState{fd0ea72 com.google.android.gms.persistent/10121 pkg=com.google.android.gms} proc state 2 (2 skipped)
04-14 16:06:09.897  1843  3137 W ProcessStats: Tracking association SourceState{79e806a com.google.android.gms/10121 Top #1774874} whose proc state 1 is better than process ProcessState{fd0ea72 com.google.android.gms.persistent/10121 pkg=com.google.android.gms} proc state 2 (3 skipped)
04-14 16:06:19.935  1843  3137 W ProcessStats: Tracking association SourceState{79e806a com.google.android.gms/10121 Top #1774877} whose proc state 1 is better than process ProcessState{fd0ea72 com.google.android.gms.persistent/10121 pkg=com.google.android.gms} proc state 2 (2 skipped)
04-14 16:06:29.973  1843  3137 W ProcessStats: Tracking association SourceState{79e806a com.google.android.gms/10121 Top #1774880} whose proc state 1 is better than process ProcessState{fd0ea72 com.google.android.gms.persistent/10121 pkg=com.google.android.gms} proc state 2 (2 skipped)
04-14 16:06:40.001  1843  3137 W ProcessStats: Tracking association SourceState{79e806a com.google.android.gms/10121 Top #1774883} whose proc state 1 is better than process ProcessState{fd0ea72 com.google.android.gms.persistent/10121 pkg=com.google.android.gms} proc state 2 (2 skipped)
04-14 16:06:50.047  1843  3137 W ProcessStats: Tracking association SourceState{79e806a com.google.android.gms/10121 Top #1774886} whose proc state 1 is better than process ProcessState{fd0ea72 com.google.android.gms.persistent/10121 pkg=com.google.android.gms} proc state 2 (2 skipped)
04-14 16:07:00.089  1843 14548 W ProcessStats: Tracking association SourceState{79e806a com.google.android.gms/10121 Top #1774889} whose proc state 1 is better than process ProcessState{fd0ea72 com.google.android.gms.persistent/10121 pkg=com.google.android.gms} proc state 2 (2 skipped)
04-14 16:07:10.134  1843 14548 W ProcessStats: Tracking association SourceState{79e806a com.google.android.gms/10121 Top #1774892} whose proc state 1 is better than process ProcessState{fd0ea72 com.google.android.gms.persistent/10121 pkg=com.google.android.gms} proc state 2 (2 skipped)
04-14 16:07:20.188  1843  3137 W ProcessStats: Tracking association SourceState{79e806a com.google.android.gms/10121 Top #1774895} whose proc state 1 is better than process ProcessState{fd0ea72 com.google.android.gms.persistent/10121 pkg=com.google.android.gms} proc state 2 (2 skipped)
04-14 16:07:30.233  1843  3137 W ProcessStats: Tracking association SourceState{79e806a com.google.android.gms/10121 Top #1774898} whose proc state 1 is better than process ProcessState{fd0ea72 com.google.android.gms.persistent/10121 pkg=com.google.android.gms} proc state 2 (2 skipped)
04-14 16:07:40.269  1843  3137 W ProcessStats: Tracking association SourceState{79e806a com.google.android.gms/10121 Top #1774901} whose proc state 1 is better than process ProcessState{fd0ea72 com.google.android.gms.persistent/10121 pkg=com.google.android.gms} proc state 2 (2 skipped)
04-14 16:07:50.313  1843  3137 W ProcessStats: Tracking association SourceState{79e806a com.google.android.gms/10121 Top #1774905} whose proc state 1 is better than process ProcessState{fd0ea72 com.google.android.gms.persistent/10121 pkg=com.google.android.gms} proc state 2 (3 skipped)
04-14 16:08:00.362  1843 14431 W ProcessStats: Tracking association SourceState{79e806a com.google.android.gms/10121 Top #1774909} whose proc state 1 is better than process ProcessState{fd0ea72 com.google.android.gms.persistent/10121 pkg=com.google.android.gms} proc state 2 (3 skipped)
04-14 16:08:10.399  1843  2306 W ProcessStats: Tracking association SourceState{79e806a com.google.android.gms/10121 Top #1774918} whose proc state 1 is better than process ProcessState{fd0ea72 com.google.android.gms.persistent/10121 pkg=com.google.android.gms} proc state 2 (6 skipped)
04-14 16:08:20.436  1843  2306 W ProcessStats: Tracking association SourceState{79e806a com.google.android.gms/10121 Top #1774921} whose proc state 1 is better than process ProcessState{fd0ea72 com.google.android.gms.persistent/10121 pkg=com.google.android.gms} proc state 2 (2 skipped)
04-14 16:08:30.482  1843  2306 W ProcessStats: Tracking association SourceState{79e806a com.google.android.gms/10121 Top #1774924} whose proc state 1 is better than process ProcessState{fd0ea72 com.google.android.gms.persistent/10121 pkg=com.google.android.gms} proc state 2 (2 skipped)
04-14 16:08:40.517  1843 14548 W ProcessStats: Tracking association SourceState{79e806a com.google.android.gms/10121 Top #1774927} whose proc state 1 is better than process ProcessState{fd0ea72 com.google.android.gms.persistent/10121 pkg=com.google.android.gms} proc state 2 (2 skipped)
04-14 16:08:50.547  1843  2306 W ProcessStats: Tracking association SourceState{79e806a com.google.android.gms/10121 Top #1774930} whose proc state 1 is better than process ProcessState{fd0ea72 com.google.android.gms.persistent/10121 pkg=com.google.android.gms} proc state 2 (2 skipped)
04-14 16:09:00.583  1843 14538 W ProcessStats: Tracking association SourceState{79e806a com.google.android.gms/10121 Top #1774935} whose proc state 1 is better than process ProcessState{fd0ea72 com.google.android.gms.persistent/10121 pkg=com.google.android.gms} proc state 2 (4 skipped)
04-14 16:09:10.626  1843 14538 W ProcessStats: Tracking association SourceState{79e806a com.google.android.gms/10121 Top #1774938} whose proc state 1 is better than process ProcessState{fd0ea72 com.google.android.gms.persistent/10121 pkg=com.google.android.gms} proc state 2 (2 skipped)
04-14 16:09:20.657  1843 14538 W ProcessStats: Tracking association SourceState{79e806a com.google.android.gms/10121 Top #1774941} whose proc state 1 is better than process ProcessState{fd0ea72 com.google.android.gms.persistent/10121 pkg=com.google.android.gms} proc state 2 (2 skipped)
04-14 16:09:30.716  1843 14548 W ProcessStats: Tracking association SourceState{79e806a com.google.android.gms/10121 Top #1774944} whose proc state 1 is better than process ProcessState{fd0ea72 com.google.android.gms.persistent/10121 pkg=com.google.android.gms} proc state 2 (2 skipped)
04-14 16:09:40.755  1843 14548 W ProcessStats: Tracking association SourceState{79e806a com.google.android.gms/10121 Top #1774947} whose proc state 1 is better than process ProcessState{fd0ea72 com.google.android.gms.persistent/10121 pkg=com.google.android.gms} proc state 2 (2 skipped)
04-14 16:09:50.789  1843 14538 W ProcessStats: Tracking association SourceState{79e806a com.google.android.gms/10121 Top #1774950} whose proc state 1 is better than process ProcessState{fd0ea72 com.google.android.gms.persistent/10121 pkg=com.google.android.gms} proc state 2 (2 skipped)
04-14 16:10:00.065  1843  2086 D ActivityManager: freezing 1408 com.android.settings
04-14 16:10:00.075  1843  2086 D ActivityManager: freezing 4425 com.google.android.apps.security.securityhub
04-14 16:10:00.825  1843  3709 W ProcessStats: Tracking association SourceState{79e806a com.google.android.gms/10121 Top #1774953} whose proc state 1 is better than process ProcessState{fd0ea72 com.google.android.gms.persistent/10121 pkg=com.google.android.gms} proc state 2 (2 skipped)
04-14 16:10:10.063  1843  2086 D ActivityManager: freezing 1341 com.google.android.settings.intelligence
04-14 16:10:10.862  1843  3709 W ProcessStats: Tracking association SourceState{79e806a com.google.android.gms/10121 Top #1774956} whose proc state 1 is better than process ProcessState{fd0ea72 com.google.android.gms.persistent/10121 pkg=com.google.android.gms} proc state 2 (2 skipped)
04-14 16:10:20.913  1843  3709 W ProcessStats: Tracking association SourceState{79e806a com.google.android.gms/10121 Top #1774959} whose proc state 1 is better than process ProcessState{fd0ea72 com.google.android.gms.persistent/10121 pkg=com.google.android.gms} proc state 2 (2 skipped)
04-14 16:10:30.954  1843  3137 W ProcessStats: Tracking association SourceState{79e806a com.google.android.gms/10121 Top #1774962} whose proc state 1 is better than process ProcessState{fd0ea72 com.google.android.gms.persistent/10121 pkg=com.google.android.gms} proc state 2 (2 skipped)
04-14 16:10:40.999  1843  3137 W ProcessStats: Tracking association SourceState{79e806a com.google.android.gms/10121 Top #1774965} whose proc state 1 is better than process ProcessState{fd0ea72 com.google.android.gms.persistent/10121 pkg=com.google.android.gms} proc state 2 (2 skipped)
04-14 16:10:51.061  1843  3137 W ProcessStats: Tracking association SourceState{79e806a com.google.android.gms/10121 Top #1774968} whose proc state 1 is better than process ProcessState{fd0ea72 com.google.android.gms.persistent/10121 pkg=com.google.android.gms} proc state 2 (2 skipped)
04-14 16:10:59.380  1843  3709 I ActivityManager: Killing 4183:com.google.android.apps.gcs/u0a124 (adj 985): empty for 1800s
04-14 16:11:01.099  1843 14546 I ActivityManager: Killing 4982:com.android.remoteprovisioner/u0a209 (adj 999): empty for 1800s
04-14 16:11:01.100  1843 14546 I ActivityManager: Killing 4009:com.google.android.apps.docs/u0a171 (adj 999): empty for 1800s
04-14 16:11:01.101  1843 14546 W ProcessStats: Tracking association SourceState{79e806a com.google.android.gms/10121 Top #1774983} whose proc state 1 is better than process ProcessState{fd0ea72 com.google.android.gms.persistent/10121 pkg=com.google.android.gms} proc state 2 (9 skipped)
04-14 16:11:04.604  1843  1979 I ActivityManager: Killing 5003:com.google.android.projection.gearhead:projection/u0a137 (adj 975): empty for 1801s
04-14 16:11:04.607  1843  1979 I ActivityManager: Killing 4077:com.google.android.apps.safetyhub/u0a120 (adj 975): empty for 1801s
04-14 16:11:04.608  1843  1979 I ActivityManager: Killing 4938:com.google.android.cellbroadcastreceiver/u0a217 (adj 985): empty for 1801s
04-14 16:11:04.608  1843  1979 I ActivityManager: Killing 4932:com.google.android.inputmethod.latin/u0a165 (adj 985): empty for 1801s
04-14 16:11:04.609  1843  1979 I ActivityManager: Killing 4042:com.google.android.apps.wellbeing/u0a133 (adj 995): empty for 1801s
04-14 16:11:04.610  1843  1979 I ActivityManager: Killing 4900:com.google.android.apps.tips/u0a106 (adj 995): empty for 1801s
04-14 16:11:04.611  1843  1979 I ActivityManager: Killing 4876:com.android.traceur/u0a76 (adj 995): empty for 1801s
04-14 16:11:04.611  1843  1979 I ActivityManager: Killing 4359:com.android.vending:instant_app_installer/u0a116 (adj 915): empty for 1801s
04-14 16:11:07.925  1843  2028 I ActivityManager: Killing 3955:com.google.android.gms.unstable/u0a121 (adj 999): empty for 1802s
04-14 16:11:07.928  1843  2028 I ActivityManager: Killing 3575:com.tencent.tim/u0a288 (adj 999): empty for 1802s
04-14 16:11:11.125  1843 14537 I ActivityManager: Killing 4919:com.google.android.gms.ui/u0a121 (adj 995): empty for 1801s
04-14 16:11:11.127  1843 14537 I ActivityManager: Killing 2665:com.google.android.permissioncontroller/u0a219 (adj 999): empty for 1802s
04-14 16:11:11.129  1843 14537 W ProcessStats: Tracking association SourceState{79e806a com.google.android.gms/10121 Top #1775000} whose proc state 1 is better than process ProcessState{fd0ea72 com.google.android.gms.persistent/10121 pkg=com.google.android.gms} proc state 2 (16 skipped)
04-14 16:11:13.954  1843  1979 I ActivityManager: Killing 3669:com.google.android.turboadapter/u0a197 (adj 985): empty for 1802s
04-14 16:11:13.955  1843  1979 I ActivityManager: Killing 4061:com.android.vending/u0a116 (adj 985): empty for 1802s
04-14 16:11:13.956  1843  1979 I ActivityManager: Killing 5285:com.google.android.projection.gearhead:provider/u0a137 (adj 995): empty for 1802s
04-14 16:11:17.934  1843  3133 I ActivityManager: Killing 3650:com.google.process.gapps/u0a121 (adj 975): empty for 1802s
04-14 16:11:21.172  1843 14431 W ProcessStats: Tracking association SourceState{79e806a com.google.android.gms/10121 Top #1775009} whose proc state 1 is better than process ProcessState{fd0ea72 com.google.android.gms.persistent/10121 pkg=com.google.android.gms} proc state 2 (8 skipped)
04-14 16:11:23.963  1843  1979 I ActivityManager: Killing 4834:com.android.vending:background/u0a116 (adj 975): empty for 1802s
04-14 16:11:24.032  1843 14431 I ActivityManager: Killing 27147:com.google.process.gservices/u0a121 (adj 965): empty for 1800s
04-14 16:11:31.230  1843  2307 W ProcessStats: Tracking association SourceState{79e806a com.google.android.gms/10121 Top #1775014} whose proc state 1 is better than process ProcessState{fd0ea72 com.google.android.gms.persistent/10121 pkg=com.google.android.gms} proc state 2 (4 skipped)
04-14 16:11:41.273  1843  2307 W ProcessStats: Tracking association SourceState{79e806a com.google.android.gms/10121 Top #1775017} whose proc state 1 is better than process ProcessState{fd0ea72 com.google.android.gms.persistent/10121 pkg=com.google.android.gms} proc state 2 (2 skipped)
04-14 16:11:51.320  1843  2307 W ProcessStats: Tracking association SourceState{79e806a com.google.android.gms/10121 Top #1775022} whose proc state 1 is better than process ProcessState{fd0ea72 com.google.android.gms.persistent/10121 pkg=com.google.android.gms} proc state 2 (4 skipped)
04-14 16:12:00.645  1843  1979 I ActivityManager: Killing 4524:com.google.android.euicc/u0a99 (adj 999): empty for 1802s
04-14 16:12:01.366  1843  2309 W ProcessStats: Tracking association SourceState{79e806a com.google.android.gms/10121 Top #1775029} whose proc state 1 is better than process ProcessState{fd0ea72 com.google.android.gms.persistent/10121 pkg=com.google.android.gms} proc state 2 (7 skipped)
04-14 16:12:11.404  1843 14536 W ProcessStats: Tracking association SourceState{79e806a com.google.android.gms/10121 Top #1775039} whose proc state 1 is better than process ProcessState{fd0ea72 com.google.android.gms.persistent/10121 pkg=com.google.android.gms} proc state 2 (9 skipped)
04-14 16:12:21.441  1843 14536 W ProcessStats: Tracking association SourceState{79e806a com.google.android.gms/10121 Top #1775045} whose proc state 1 is better than process ProcessState{fd0ea72 com.google.android.gms.persistent/10121 pkg=com.google.android.gms} proc state 2 (5 skipped)
04-14 16:12:31.485  1843  2309 W ProcessStats: Tracking association SourceState{79e806a com.google.android.gms/10121 Top #1775048} whose proc state 1 is better than process ProcessState{fd0ea72 com.google.android.gms.persistent/10121 pkg=com.google.android.gms} proc state 2 (2 skipped)
04-14 16:12:41.534  1843  3133 W ProcessStats: Tracking association SourceState{79e806a com.google.android.gms/10121 Top #1775054} whose proc state 1 is better than process ProcessState{fd0ea72 com.google.android.gms.persistent/10121 pkg=com.google.android.gms} proc state 2 (5 skipped)
04-14 16:12:51.580  1843  3133 W ProcessStats: Tracking association SourceState{79e806a com.google.android.gms/10121 Top #1775058} whose proc state 1 is better than process ProcessState{fd0ea72 com.google.android.gms.persistent/10121 pkg=com.google.android.gms} proc state 2 (3 skipped)
04-14 16:13:01.619  1843  3133 W ProcessStats: Tracking association SourceState{79e806a com.google.android.gms/10121 Top #1775061} whose proc state 1 is better than process ProcessState{fd0ea72 com.google.android.gms.persistent/10121 pkg=com.google.android.gms} proc state 2 (2 skipped)
04-14 16:13:07.814  1843  3133 W BatteryExternalStatsWorker: error reading Bluetooth stats: 11
04-14 16:13:11.665  1843 14543 W ProcessStats: Tracking association SourceState{79e806a com.google.android.gms/10121 Top #1775065} whose proc state 1 is better than process ProcessState{fd0ea72 com.google.android.gms.persistent/10121 pkg=com.google.android.gms} proc state 2 (3 skipped)
04-14 16:13:21.707  1843  3417 W ProcessStats: Tracking association SourceState{79e806a com.google.android.gms/10121 Top #1775072} whose proc state 1 is better than process ProcessState{fd0ea72 com.google.android.gms.persistent/10121 pkg=com.google.android.gms} proc state 2 (4 skipped)
04-14 16:13:31.752  1843 14543 W ProcessStats: Tracking association SourceState{79e806a com.google.android.gms/10121 Top #1775079} whose proc state 1 is better than process ProcessState{fd0ea72 com.google.android.gms.persistent/10121 pkg=com.google.android.gms} proc state 2 (6 skipped)
04-14 16:13:41.785  1843 14543 W ProcessStats: Tracking association SourceState{79e806a com.google.android.gms/10121 Top #1775085} whose proc state 1 is better than process ProcessState{fd0ea72 com.google.android.gms.persistent/10121 pkg=com.google.android.gms} proc state 2 (5 skipped)
04-14 16:13:51.829  1843 14543 W ProcessStats: Tracking association SourceState{79e806a com.google.android.gms/10121 Top #1775088} whose proc state 1 is better than process ProcessState{fd0ea72 com.google.android.gms.persistent/10121 pkg=com.google.android.gms} proc state 2 (2 skipped)
04-14 16:14:01.882  1843  3133 W ProcessStats: Tracking association SourceState{79e806a com.google.android.gms/10121 Top #1775091} whose proc state 1 is better than process ProcessState{fd0ea72 com.google.android.gms.persistent/10121 pkg=com.google.android.gms} proc state 2 (2 skipped)
04-14 16:14:11.922  1843  3133 W ProcessStats: Tracking association SourceState{79e806a com.google.android.gms/10121 Top #1775094} whose proc state 1 is better than process ProcessState{fd0ea72 com.google.android.gms.persistent/10121 pkg=com.google.android.gms} proc state 2 (2 skipped)
04-14 16:14:21.970  1843  3133 W ProcessStats: Tracking association SourceState{79e806a com.google.android.gms/10121 Top #1775097} whose proc state 1 is better than process ProcessState{fd0ea72 com.google.android.gms.persistent/10121 pkg=com.google.android.gms} proc state 2 (2 skipped)
04-14 16:14:31.997  1843 14543 W ProcessStats: Tracking association SourceState{79e806a com.google.android.gms/10121 Top #1775100} whose proc state 1 is better than process ProcessState{fd0ea72 com.google.android.gms.persistent/10121 pkg=com.google.android.gms} proc state 2 (2 skipped)
04-14 16:14:42.036  1843 14543 W ProcessStats: Tracking association SourceState{79e806a com.google.android.gms/10121 Top #1775103} whose proc state 1 is better than process ProcessState{fd0ea72 com.google.android.gms.persistent/10121 pkg=com.google.android.gms} proc state 2 (2 skipped)
04-14 16:14:52.105  1843 14543 W ProcessStats: Tracking association SourceState{79e806a com.google.android.gms/10121 Top #1775106} whose proc state 1 is better than process ProcessState{fd0ea72 com.google.android.gms.persistent/10121 pkg=com.google.android.gms} proc state 2 (2 skipped)
04-14 16:15:02.140  1843 14543 W ProcessStats: Tracking association SourceState{79e806a com.google.android.gms/10121 Top #1775109} whose proc state 1 is better than process ProcessState{fd0ea72 com.google.android.gms.persistent/10121 pkg=com.google.android.gms} proc state 2 (2 skipped)
04-14 16:15:12.204  1843 14431 W ProcessStats: Tracking association SourceState{79e806a com.google.android.gms/10121 Top #1775112} whose proc state 1 is better than process ProcessState{fd0ea72 com.google.android.gms.persistent/10121 pkg=com.google.android.gms} proc state 2 (2 skipped)
04-14 16:15:22.262  1843 14431 W ProcessStats: Tracking association SourceState{79e806a com.google.android.gms/10121 Top #1775115} whose proc state 1 is better than process ProcessState{fd0ea72 com.google.android.gms.persistent/10121 pkg=com.google.android.gms} proc state 2 (2 skipped)
04-14 16:15:32.310  1843 14539 W ProcessStats: Tracking association SourceState{79e806a com.google.android.gms/10121 Top #1775118} whose proc state 1 is better than process ProcessState{fd0ea72 com.google.android.gms.persistent/10121 pkg=com.google.android.gms} proc state 2 (2 skipped)
04-14 16:15:32.748  1843 14431 W BatteryExternalStatsWorker: error reading Bluetooth stats: 11
04-14 16:15:42.352  1843 14431 W ProcessStats: Tracking association SourceState{79e806a com.google.android.gms/10121 Top #1775121} whose proc state 1 is better than process ProcessState{fd0ea72 com.google.android.gms.persistent/10121 pkg=com.google.android.gms} proc state 2 (2 skipped)
04-14 16:15:51.469  1843 14543 W ActivityManager: Unable to start service Intent { cmp=com.iqiyi.knowledge/org.qiyi.video.module.icommunication.ipc.HostService } U=0: not found
04-14 16:15:51.476  1843 14543 W ActivityManager: Unable to start service Intent { cmp=com.iqiyi.knowledge/org.qiyi.video.module.icommunication.ipc.HostService } U=0: not found
04-14 16:15:52.405  1843  3133 W ProcessStats: Tracking association SourceState{79e806a com.google.android.gms/10121 Top #1775124} whose proc state 1 is better than process ProcessState{fd0ea72 com.google.android.gms.persistent/10121 pkg=com.google.android.gms} proc state 2 (2 skipped)
04-14 16:15:53.219  1843  2090 E AlarmManager: Attempt to decrement existing alarm count 0 by 1 for uid 1000
04-14 16:15:53.305  1843  1980 I DropBoxManagerService: add tag=system_server_wtf isTagEnabled=true flags=0x6
04-14 16:15:55.314  1843  1980 W BroadcastQueue: Background execution not allowed: receiving Intent { act=android.intent.action.DROPBOX_ENTRY_ADDED flg=0x10 (has extras) } to com.google.android.gms/.stats.service.DropBoxEntryAddedReceiver
04-14 16:15:55.315  1843  1980 W BroadcastQueue: Background execution not allowed: receiving Intent { act=android.intent.action.DROPBOX_ENTRY_ADDED flg=0x10 (has extras) } to com.google.android.gms/.chimera.GmsIntentOperationService$PersistentTrustedReceiver
04-14 16:15:55.435  1843 13616 I DropBoxManagerService: add tag=platform_stats_bookmark isTagEnabled=true flags=0x2
04-14 16:15:55.437  1843  1980 W BroadcastQueue: Background execution not allowed: receiving Intent { act=android.intent.action.DROPBOX_ENTRY_ADDED flg=0x10 (has extras) } to com.google.android.gms/.stats.service.DropBoxEntryAddedReceiver
04-14 16:15:55.437  1843  1980 W BroadcastQueue: Background execution not allowed: receiving Intent { act=android.intent.action.DROPBOX_ENTRY_ADDED flg=0x10 (has extras) } to com.google.android.gms/.chimera.GmsIntentOperationService$PersistentTrustedReceiver
04-14 16:15:55.701  1843   663 D IntervalStats: Unable to parse usage stats packages: [468, 471]
04-14 16:15:55.708  1843   663 D IntervalStats: Unable to parse usage stats packages: [471, 472]
04-14 16:15:55.732  1843   663 D IntervalStats: Unable to parse usage stats packages: [471, 472, 473, 474, 475, 476]
04-14 16:15:55.745  1843   663 D IntervalStats: Unable to parse usage stats packages: [474, 476]
04-14 16:15:55.748  1843   663 D IntervalStats: Unable to parse usage stats packages: [474]
04-14 16:15:55.754  1843   663 D IntervalStats: Unable to parse usage stats packages: [477, 478, 479, 480]
04-14 16:15:55.768  1843   663 D IntervalStats: Unable to parse usage stats packages: [479, 480, 481, 482, 483, 484]
04-14 16:15:55.836  1843   663 D IntervalStats: Unable to parse usage stats packages: [484, 486]
04-14 16:15:55.846  1843   663 D IntervalStats: Unable to parse usage stats packages: [486]
04-14 16:15:57.130  1843  1968 I EntropyMixer: Updated seed file
04-14 16:16:02.446  1843 13616 W ProcessStats: Tracking association SourceState{e81bd61 com.qiyi.video/10432 Top #1775163} whose proc state 1 is better than process ProcessState{a15317c com.google.android.gms/10121 pkg=com.google.android.gms} proc state 7 (33 skipped)
04-14 16:16:08.214  1843  2076 D CompatibilityChangeReporter: Compat change id reported: 171306433; UID 10151; state: ENABLED
04-14 16:16:08.215  1843  2076 D CompatibilityChangeReporter: Compat change id reported: 226439802; UID 10151; state: DISABLED
04-14 16:16:08.215  1843  2076 D CompatibilityChangeReporter: Compat change id reported: 218533173; UID 10063; state: ENABLED
04-14 16:16:08.218  1843  2076 D CompatibilityChangeReporter: Compat change id reported: 171306433; UID 10150; state: ENABLED
04-14 16:16:08.218  1843  2076 D CompatibilityChangeReporter: Compat change id reported: 226439802; UID 10150; state: DISABLED
04-14 16:16:08.218  1843  2076 D CompatibilityChangeReporter: Compat change id reported: 218533173; UID 10185; state: ENABLED
04-14 16:16:08.220  1843  2076 D CompatibilityChangeReporter: Compat change id reported: 218533173; UID 10173; state: ENABLED
04-14 16:16:08.221  1843  2076 D CompatibilityChangeReporter: Compat change id reported: 218533173; UID 10187; state: ENABLED
04-14 16:16:08.225  1843  2076 D CompatibilityChangeReporter: Compat change id reported: 218533173; UID 10141; state: ENABLED
04-14 16:16:08.225  1843  2076 D CompatibilityChangeReporter: Compat change id reported: 218533173; UID 10197; state: ENABLED
04-14 16:16:08.226  1843  2076 D CompatibilityChangeReporter: Compat change id reported: 218533173; UID 10219; state: ENABLED
04-14 16:16:08.226  1843  2076 D CompatibilityChangeReporter: Compat change id reported: 218533173; UID 10128; state: ENABLED
04-14 16:16:08.227  1843  2076 D CompatibilityChangeReporter: Compat change id reported: 218533173; UID 10099; state: ENABLED
04-14 16:16:08.229  1843  2076 D CompatibilityChangeReporter: Compat change id reported: 171306433; UID 10122; state: ENABLED
04-14 16:16:08.229  1843  2076 D CompatibilityChangeReporter: Compat change id reported: 226439802; UID 10122; state: DISABLED
04-14 16:16:08.229  1843  2076 D CompatibilityChangeReporter: Compat change id reported: 218533173; UID 10102; state: ENABLED
04-14 16:16:08.230  1843  2076 D CompatibilityChangeReporter: Compat change id reported: 171306433; UID 10184; state: ENABLED
04-14 16:16:08.231  1843  2076 D CompatibilityChangeReporter: Compat change id reported: 226439802; UID 10184; state: DISABLED
04-14 16:16:08.232  1843  2076 D CompatibilityChangeReporter: Compat change id reported: 218533173; UID 10166; state: ENABLED
04-14 16:16:08.234  1843  2076 D CompatibilityChangeReporter: Compat change id reported: 218533173; UID 10062; state: ENABLED
04-14 16:16:08.234  1843  2076 D CompatibilityChangeReporter: Compat change id reported: 218533173; UID 10148; state: ENABLED
04-14 16:16:08.236  1843  2076 D CompatibilityChangeReporter: Compat change id reported: 218533173; UID 10179; state: ENABLED
04-14 16:16:08.238  1843  2076 D CompatibilityChangeReporter: Compat change id reported: 218533173; UID 10202; state: ENABLED
04-14 16:16:08.240  1843  2076 D CompatibilityChangeReporter: Compat change id reported: 171306433; UID 10137; state: ENABLED
04-14 16:16:08.240  1843  2076 D CompatibilityChangeReporter: Compat change id reported: 226439802; UID 10137; state: DISABLED
04-14 16:16:08.240  1843  2076 D CompatibilityChangeReporter: Compat change id reported: 218533173; UID 10149; state: ENABLED
04-14 16:16:08.241  1843  2076 D CompatibilityChangeReporter: Compat change id reported: 218533173; UID 10209; state: ENABLED
04-14 16:16:08.242  1843  2076 D CompatibilityChangeReporter: Compat change id reported: 218533173; UID 10156; state: ENABLED
04-14 16:16:08.244  1843  2076 D CompatibilityChangeReporter: Compat change id reported: 218533173; UID 10076; state: ENABLED
04-14 16:16:08.244  1843  2076 D CompatibilityChangeReporter: Compat change id reported: 218533173; UID 10124; state: ENABLED
04-14 16:16:08.245  1843  2076 D CompatibilityChangeReporter: Compat change id reported: 218533173; UID 10113; state: DISABLED
04-14 16:16:12.494  1843 14538 W ProcessStats: Tracking association SourceState{79e806a com.google.android.gms/10121 Top #1775175} whose proc state 1 is better than process ProcessState{fd0ea72 com.google.android.gms.persistent/10121 pkg=com.google.android.gms} proc state 2 (11 skipped)
04-14 16:16:22.529  1843 14538 W ProcessStats: Tracking association SourceState{79e806a com.google.android.gms/10121 Top #1775179} whose proc state 1 is better than process ProcessState{fd0ea72 com.google.android.gms.persistent/10121 pkg=com.google.android.gms} proc state 2 (3 skipped)
04-14 16:16:32.573  1843 13616 W ProcessStats: Tracking association SourceState{79e806a com.google.android.gms/10121 Top #1775187} whose proc state 1 is better than process ProcessState{fd0ea72 com.google.android.gms.persistent/10121 pkg=com.google.android.gms} proc state 2 (7 skipped)
04-14 16:16:42.608  1843 13616 W ProcessStats: Tracking association SourceState{79e806a com.google.android.gms/10121 Top #1775190} whose proc state 1 is better than process ProcessState{fd0ea72 com.google.android.gms.persistent/10121 pkg=com.google.android.gms} proc state 2 (2 skipped)
04-14 16:16:52.646  1843 13616 W ProcessStats: Tracking association SourceState{79e806a com.google.android.gms/10121 Top #1775193} whose proc state 1 is better than process ProcessState{fd0ea72 com.google.android.gms.persistent/10121 pkg=com.google.android.gms} proc state 2 (2 skipped)
04-14 16:17:02.701  1843 14543 W ProcessStats: Tracking association SourceState{79e806a com.google.android.gms/10121 Top #1775197} whose proc state 1 is better than process ProcessState{fd0ea72 com.google.android.gms.persistent/10121 pkg=com.google.android.gms} proc state 2 (3 skipped)
04-14 16:17:12.746  1843 14543 W ProcessStats: Tracking association SourceState{79e806a com.google.android.gms/10121 Top #1775200} whose proc state 1 is better than process ProcessState{fd0ea72 com.google.android.gms.persistent/10121 pkg=com.google.android.gms} proc state 2 (2 skipped)
04-14 16:17:22.792  1843 13616 W ProcessStats: Tracking association SourceState{79e806a com.google.android.gms/10121 Top #1775204} whose proc state 1 is better than process ProcessState{fd0ea72 com.google.android.gms.persistent/10121 pkg=com.google.android.gms} proc state 2 (3 skipped)
04-14 16:17:32.841  1843 14538 W ProcessStats: Tracking association SourceState{79e806a com.google.android.gms/10121 Top #1775207} whose proc state 1 is better than process ProcessState{fd0ea72 com.google.android.gms.persistent/10121 pkg=com.google.android.gms} proc state 2 (2 skipped)
04-14 16:17:33.562  1843  1979 I UsageStatsService: User[0] Flushing usage stats to disk
04-14 16:17:42.888  1843 14538 W ProcessStats: Tracking association SourceState{79e806a com.google.android.gms/10121 Top #1775210} whose proc state 1 is better than process ProcessState{fd0ea72 com.google.android.gms.persistent/10121 pkg=com.google.android.gms} proc state 2 (2 skipped)
04-14 16:17:52.950  1843 13616 W ProcessStats: Tracking association SourceState{79e806a com.google.android.gms/10121 Top #1775213} whose proc state 1 is better than process ProcessState{fd0ea72 com.google.android.gms.persistent/10121 pkg=com.google.android.gms} proc state 2 (2 skipped)
04-14 16:18:03.000  1843 14543 W ProcessStats: Tracking association SourceState{79e806a com.google.android.gms/10121 Top #1775216} whose proc state 1 is better than process ProcessState{fd0ea72 com.google.android.gms.persistent/10121 pkg=com.google.android.gms} proc state 2 (2 skipped)
04-14 16:18:13.046  1843 13616 W ProcessStats: Tracking association SourceState{79e806a com.google.android.gms/10121 Top #1775219} whose proc state 1 is better than process ProcessState{fd0ea72 com.google.android.gms.persistent/10121 pkg=com.google.android.gms} proc state 2 (2 skipped)
04-14 16:18:23.094  1843 13616 W ProcessStats: Tracking association SourceState{79e806a com.google.android.gms/10121 Top #1775222} whose proc state 1 is better than process ProcessState{fd0ea72 com.google.android.gms.persistent/10121 pkg=com.google.android.gms} proc state 2 (2 skipped)
04-14 16:18:33.127  1843 14543 W ProcessStats: Tracking association SourceState{79e806a com.google.android.gms/10121 Top #1775225} whose proc state 1 is better than process ProcessState{fd0ea72 com.google.android.gms.persistent/10121 pkg=com.google.android.gms} proc state 2 (2 skipped)
04-14 16:18:43.168  1843 14543 W ProcessStats: Tracking association SourceState{79e806a com.google.android.gms/10121 Top #1775228} whose proc state 1 is better than process ProcessState{fd0ea72 com.google.android.gms.persistent/10121 pkg=com.google.android.gms} proc state 2 (2 skipped)
04-14 16:18:53.200  1843 13616 W ProcessStats: Tracking association SourceState{79e806a com.google.android.gms/10121 Top #1775231} whose proc state 1 is better than process ProcessState{fd0ea72 com.google.android.gms.persistent/10121 pkg=com.google.android.gms} proc state 2 (2 skipped)
04-14 16:19:03.233  1843 14546 W ProcessStats: Tracking association SourceState{79e806a com.google.android.gms/10121 Top #1775236} whose proc state 1 is better than process ProcessState{fd0ea72 com.google.android.gms.persistent/10121 pkg=com.google.android.gms} proc state 2 (2 skipped)
04-14 16:19:13.268  1843 14536 W ProcessStats: Tracking association SourceState{79e806a com.google.android.gms/10121 Top #1775239} whose proc state 1 is better than process ProcessState{fd0ea72 com.google.android.gms.persistent/10121 pkg=com.google.android.gms} proc state 2 (2 skipped)
04-14 16:19:23.305  1843 14536 W ProcessStats: Tracking association SourceState{79e806a com.google.android.gms/10121 Top #1775242} whose proc state 1 is better than process ProcessState{fd0ea72 com.google.android.gms.persistent/10121 pkg=com.google.android.gms} proc state 2 (2 skipped)
04-14 16:19:33.349  1843  3133 W ProcessStats: Tracking association SourceState{79e806a com.google.android.gms/10121 Top #1775247} whose proc state 1 is better than process ProcessState{fd0ea72 com.google.android.gms.persistent/10121 pkg=com.google.android.gms} proc state 2 (3 skipped)
04-14 16:19:43.413  1843  3133 W ProcessStats: Tracking association SourceState{79e806a com.google.android.gms/10121 Top #1775250} whose proc state 1 is better than process ProcessState{fd0ea72 com.google.android.gms.persistent/10121 pkg=com.google.android.gms} proc state 2 (2 skipped)
04-14 16:19:53.457  1843 14543 W ProcessStats: Tracking association SourceState{79e806a com.google.android.gms/10121 Top #1775253} whose proc state 1 is better than process ProcessState{fd0ea72 com.google.android.gms.persistent/10121 pkg=com.google.android.gms} proc state 2 (2 skipped)
04-14 16:20:03.510  1843 14538 W ProcessStats: Tracking association SourceState{79e806a com.google.android.gms/10121 Top #1775256} whose proc state 1 is better than process ProcessState{fd0ea72 com.google.android.gms.persistent/10121 pkg=com.google.android.gms} proc state 2 (2 skipped)
04-14 16:20:13.552  1843 14538 W ProcessStats: Tracking association SourceState{79e806a com.google.android.gms/10121 Top #1775259} whose proc state 1 is better than process ProcessState{fd0ea72 com.google.android.gms.persistent/10121 pkg=com.google.android.gms} proc state 2 (2 skipped)
04-14 16:20:23.594  1843 14538 W ProcessStats: Tracking association SourceState{79e806a com.google.android.gms/10121 Top #1775262} whose proc state 1 is better than process ProcessState{fd0ea72 com.google.android.gms.persistent/10121 pkg=com.google.android.gms} proc state 2 (2 skipped)
04-14 16:20:33.642  1843 14543 W ProcessStats: Tracking association SourceState{79e806a com.google.android.gms/10121 Top #1775265} whose proc state 1 is better than process ProcessState{fd0ea72 com.google.android.gms.persistent/10121 pkg=com.google.android.gms} proc state 2 (2 skipped)
04-14 16:20:42.930  1843  3133 W ActivityManager: Background start not allowed: service Intent { cmp=com.qiyi.video/org.qiyi.video.module.icommunication.ipc.HostService } to com.qiyi.video/org.qiyi.video.module.icommunication.ipc.HostService from pid=23439 uid=10432 pkg=com.qiyi.video startFg?=false
04-14 16:20:43.692  1843  3133 W ProcessStats: Tracking association SourceState{79e806a com.google.android.gms/10121 Top #1775268} whose proc state 1 is better than process ProcessState{fd0ea72 com.google.android.gms.persistent/10121 pkg=com.google.android.gms} proc state 2 (2 skipped)
04-14 16:20:53.735  1843 14536 W ProcessStats: Tracking association SourceState{79e806a com.google.android.gms/10121 Top #1775271} whose proc state 1 is better than process ProcessState{fd0ea72 com.google.android.gms.persistent/10121 pkg=com.google.android.gms} proc state 2 (2 skipped)
04-14 16:20:54.201  1843  2086 D ActivityManager: freezing 32146 com.google.android.googlequicksearchbox:search
04-14 16:21:03.791  1843  3133 W ProcessStats: Tracking association SourceState{79e806a com.google.android.gms/10121 Top #1775274} whose proc state 1 is better than process ProcessState{fd0ea72 com.google.android.gms.persistent/10121 pkg=com.google.android.gms} proc state 2 (2 skipped)
04-14 16:21:07.991  1843  2086 D ActivityManager: freezing 5353 com.tencent.tim:MSF
04-14 16:21:13.830  1843  3133 W ProcessStats: Tracking association SourceState{79e806a com.google.android.gms/10121 Top #1775283} whose proc state 1 is better than process ProcessState{fd0ea72 com.google.android.gms.persistent/10121 pkg=com.google.android.gms} proc state 2 (8 skipped)
04-14 16:21:14.020  1843  2086 D ActivityManager: freezing 11976 com.google.android.ims
04-14 16:21:23.868  1843  3133 W ProcessStats: Tracking association SourceState{79e806a com.google.android.gms/10121 Top #1775289} whose proc state 1 is better than process ProcessState{fd0ea72 com.google.android.gms.persistent/10121 pkg=com.google.android.gms} proc state 2 (5 skipped)
04-14 16:21:33.925  1843 14536 W ProcessStats: Tracking association SourceState{79e806a com.google.android.gms/10121 Top #1775292} whose proc state 1 is better than process ProcessState{fd0ea72 com.google.android.gms.persistent/10121 pkg=com.google.android.gms} proc state 2 (2 skipped)
04-14 16:21:43.977  1843 14538 W ProcessStats: Tracking association SourceState{79e806a com.google.android.gms/10121 Top #1775295} whose proc state 1 is better than process ProcessState{fd0ea72 com.google.android.gms.persistent/10121 pkg=com.google.android.gms} proc state 2 (2 skipped)
04-14 16:21:54.017  1843 14546 W ProcessStats: Tracking association SourceState{79e806a com.google.android.gms/10121 Top #1775300} whose proc state 1 is better than process ProcessState{fd0ea72 com.google.android.gms.persistent/10121 pkg=com.google.android.gms} proc state 2 (4 skipped)
