05-16 10:29:24.152 I/ActivityManager( 1711): Killing 19910:com.android.chrome:sandboxed_process0:org.chromium.content.app.SandboxedProcessService0:1/u0a162i-8999 (adj 0): isolated not needed
05-16 10:29:24.755 D/CompatibilityChangeReporter( 1711): Compat change id reported: 161145287; UID 10186; state: DISABLED
05-16 10:29:27.652 D/CompatibilityChangeReporter( 1711): Compat change id reported: 201794303; UID 10164; state: ENABLED
05-16 10:29:29.862 I/ActivityManager( 1711): Killing 15067:com.google.android.apps.wellbeing/u0a133 (adj 955): empty #33
05-16 10:29:35.079 I/ActivityManager( 1711): Killing 18537:com.google.android.marvin.talkback/u0a187 (adj 975): empty #33
05-16 10:29:35.122 I/ActivityManager( 1711): Killing 18578:com.google.android.apps.work.clouddpc/u0a156 (adj 985): empty #33
05-16 10:29:45.065 D/PowerUI ( 1975): can't show warning due to - plugged: true status unknown: false
05-16 10:30:03.122 D/CompatibilityChangeReporter( 1711): Compat change id reported: 168419799; UID 1000; state: DISABLED
05-16 10:30:03.209 D/CompatibilityChangeReporter( 1711): Compat change id reported: 194532703; UID 1000; state: ENABLED
05-16 10:30:17.669 D/CompatibilityChangeReporter( 1711): Compat change id reported: 135634846; UID 10288; state: DISABLED
05-16 10:30:17.669 D/CompatibilityChangeReporter( 1711): Compat change id reported: 177438394; UID 10288; state: DISABLED
05-16 10:30:17.669 D/CompatibilityChangeReporter( 1711): Compat change id reported: 135772972; UID 10288; state: DISABLED
05-16 10:30:17.669 D/CompatibilityChangeReporter( 1711): Compat change id reported: 135754954; UID 10288; state: DISABLED
05-16 10:30:17.670 D/CompatibilityChangeReporter( 1711): Compat change id reported: 143937733; UID 10288; state: DISABLED
05-16 10:30:17.716 I/ActivityManager( 1711): Start proc 20034:com.tencent.tim/u0a288 for broadcast {com.tencent.tim/mqq.app.QQBroadcastReceiver}
05-16 10:30:17.901 D/ActivityThread(20034): Loading provider com.tencent.tim.pandoraprovider: com.tencent.qmethod.pandoraex.provider.PandoraExProvider
05-16 10:30:17.974 D/CompatibilityChangeReporter( 1711): Compat change id reported: 161145287; UID 10288; state: DISABLED
05-16 10:30:18.021 D/ActivityThread(20034): Loading provider com.tencent.tim.XG_SETTINGS_PROVIDER: com.tencent.tpns.baseapi.base.SettingsContentProvider
05-16 10:30:18.515 D/CompatibilityChangeReporter( 1711): Compat change id reported: 135634846; UID 10111; state: DISABLED
05-16 10:30:18.515 D/CompatibilityChangeReporter( 1711): Compat change id reported: 177438394; UID 10111; state: DISABLED
05-16 10:30:18.515 D/CompatibilityChangeReporter( 1711): Compat change id reported: 135772972; UID 10111; state: DISABLED
05-16 10:30:18.516 D/CompatibilityChangeReporter( 1711): Compat change id reported: 135754954; UID 10111; state: ENABLED
05-16 10:30:18.516 D/CompatibilityChangeReporter( 1711): Compat change id reported: 143937733; UID 10111; state: ENABLED
05-16 10:30:18.518 I/ActivityManager( 1711): Killing 18659:com.google.android.projection.gearhead:shared/u0a137 (adj 975): empty #33
05-16 10:30:18.533 I/ActivityManager( 1711): Start proc 20121:com.google.android.settings.intelligence/u0a111 for broadcast {com.google.android.settings.intelligence/com.google.android.settings.intelligence.modules.settingslogbridge.impl.SettingsLogBridgeBroadcastReceiver}
05-16 10:30:18.600 I/ActivityManager( 1711): Killing 18687:com.google.android.apps.restore/u0a113 (adj 985): empty #33
05-16 10:30:18.858 D/CompatibilityChangeReporter( 1711): Compat change id reported: 194532703; UID 10111; state: ENABLED
05-16 10:30:18.872 D/CompatibilityChangeReporter( 1711): Compat change id reported: 161145287; UID 10111; state: DISABLED
05-16 10:30:18.880 W/ContentProviderHelper( 1711): Permission Denial: opening provider com.android.providers.contacts.ContactsProvider2 from ProcessRecord{d01ec6 20034:com.tencent.tim/u0a288} (pid=20034, uid=10288) requires android.permission.READ_CONTACTS or android.permission.WRITE_CONTACTS
05-16 10:30:19.143 I/ActivityManager( 1711): Killing 18393:com.google.android.contacts/u0a155 (adj 915): empty #33
05-16 10:30:20.059 I/ActivityManager( 1711): Killing 18723:com.google.audio.hearing.visualization.accessibility.scribe/u0a122 (adj 985): empty #33
05-16 10:30:20.119 D/CompatibilityChangeReporter( 1711): Compat change id reported: 135634846; UID 10288; state: DISABLED
05-16 10:30:20.119 D/CompatibilityChangeReporter( 1711): Compat change id reported: 177438394; UID 10288; state: DISABLED
05-16 10:30:20.119 D/CompatibilityChangeReporter( 1711): Compat change id reported: 135772972; UID 10288; state: DISABLED
05-16 10:30:20.119 D/CompatibilityChangeReporter( 1711): Compat change id reported: 135754954; UID 10288; state: DISABLED
05-16 10:30:20.120 D/CompatibilityChangeReporter( 1711): Compat change id reported: 143937733; UID 10288; state: DISABLED
05-16 10:30:20.136 I/ActivityManager( 1711): Start proc 20395:com.tencent.tim:mini/u0a288 for broadcast {com.tencent.tim/com.tencent.mobileqq.mini.app.AppBrandTaskPreloadReceiver}
05-16 10:30:20.875 D/CompatibilityChangeReporter( 1711): Compat change id reported: 161252188; UID 10166; state: ENABLED
05-16 10:30:20.879 D/CompatibilityChangeReporter( 1711): Compat change id reported: 135634846; UID 10166; state: DISABLED
05-16 10:30:20.879 D/CompatibilityChangeReporter( 1711): Compat change id reported: 177438394; UID 10166; state: DISABLED
05-16 10:30:20.879 D/CompatibilityChangeReporter( 1711): Compat change id reported: 135772972; UID 10166; state: DISABLED
05-16 10:30:20.879 D/CompatibilityChangeReporter( 1711): Compat change id reported: 135754954; UID 10166; state: ENABLED
05-16 10:30:20.880 D/CompatibilityChangeReporter( 1711): Compat change id reported: 143937733; UID 10166; state: ENABLED
05-16 10:30:20.896 I/ActivityManager( 1711): Start proc 20533:com.google.android.webview:webview_service/u0a166 for service {com.google.android.webview/org.chromium.android_webview.services.VariationsSeedServer}
05-16 10:30:20.911 D/CompatibilityChangeReporter( 1711): Compat change id reported: 168419799; UID 10166; state: DISABLED
05-16 10:30:21.164 D/CompatibilityChangeReporter( 1711): Compat change id reported: 161252188; UID 10166; state: ENABLED
05-16 10:30:21.165 D/CompatibilityChangeReporter( 1711): Compat change id reported: 135634846; UID 99004; state: DISABLED
05-16 10:30:21.165 D/CompatibilityChangeReporter( 1711): Compat change id reported: 177438394; UID 99004; state: DISABLED
05-16 10:30:21.165 D/CompatibilityChangeReporter( 1711): Compat change id reported: 135772972; UID 99004; state: DISABLED
05-16 10:30:21.165 D/CompatibilityChangeReporter( 1711): Compat change id reported: 135754954; UID 99004; state: ENABLED
05-16 10:30:21.166 D/CompatibilityChangeReporter( 1711): Compat change id reported: 143937733; UID 10288; state: ENABLED
05-16 10:30:21.182 I/ActivityManager( 1711): Start proc 20583:com.google.android.webview:sandboxed_process0:org.chromium.content.app.SandboxedProcessService0:0/u0i4 for  {com.tencent.tim/org.chromium.content.app.SandboxedProcessService0:0}
05-16 10:30:21.625 D/CompatibilityChangeReporter( 1711): Compat change id reported: 135634846; UID 10288; state: DISABLED
05-16 10:30:21.625 D/CompatibilityChangeReporter( 1711): Compat change id reported: 177438394; UID 10288; state: DISABLED
05-16 10:30:21.626 D/CompatibilityChangeReporter( 1711): Compat change id reported: 135772972; UID 10288; state: DISABLED
05-16 10:30:21.626 D/CompatibilityChangeReporter( 1711): Compat change id reported: 135754954; UID 10288; state: DISABLED
05-16 10:30:21.627 D/CompatibilityChangeReporter( 1711): Compat change id reported: 143937733; UID 10288; state: DISABLED
05-16 10:30:21.630 I/ActivityManager( 1711): Killing 18823:com.google.android.apps.wearables.maestro.companion/u0a108 (adj 975): empty #33
05-16 10:30:21.631 I/ActivityManager( 1711): Killing 18792:com.google.android.tts/u0a161 (adj 975): empty #34
05-16 10:30:21.632 I/ActivityManager( 1711): Killing 18763:com.google.android.apps.camera.services/u0a168 (adj 985): empty #35
05-16 10:30:21.645 I/ActivityManager( 1711): Start proc 20653:com.tencent.tim:mini3/u0a288 for broadcast {com.tencent.tim/com.tencent.qqmini.sdk.receiver.AppBrandMainReceiver3}
05-16 10:30:22.864 D/CompatibilityChangeReporter( 1711): Compat change id reported: 135634846; UID 10288; state: DISABLED
05-16 10:30:22.865 D/CompatibilityChangeReporter( 1711): Compat change id reported: 177438394; UID 10288; state: DISABLED
05-16 10:30:22.865 D/CompatibilityChangeReporter( 1711): Compat change id reported: 135772972; UID 10288; state: DISABLED
05-16 10:30:22.865 D/CompatibilityChangeReporter( 1711): Compat change id reported: 135754954; UID 10288; state: DISABLED
05-16 10:30:22.865 D/CompatibilityChangeReporter( 1711): Compat change id reported: 143937733; UID 10288; state: DISABLED
05-16 10:30:22.880 I/ActivityManager( 1711): Start proc 20788:com.tencent.tim:mail/u0a288 for service {com.tencent.tim/com.tencent.androidqqmail.tim.MailPluginService}
05-16 10:30:24.093 I/ActivityManager( 1711): Killing 18846:com.android.vending:instant_app_installer/u0a116 (adj 985): empty #33
05-16 10:30:28.201 D/CompatibilityChangeReporter( 1711): Compat change id reported: 171306433; UID 10288; state: DISABLED
05-16 10:30:33.585 I/ActivityManager( 1711): Waited long enough for: ServiceRecord{87ae1c8 u0 com.tencent.tim/com.tencent.mobileqq.app.CoreService}
05-16 10:30:45.070 D/PowerUI ( 1975): can't show warning due to - plugged: true status unknown: false
05-16 10:30:47.660 I/UsageStatsService( 1711): User[0] Flushing usage stats to disk
05-16 10:31:45.050 D/PowerUI ( 1975): can't show warning due to - plugged: true status unknown: false
05-16 10:32:28.087 D/PowerUI ( 1975): can't show warning due to - plugged: true status unknown: false
05-16 10:32:45.045 D/PowerUI ( 1975): can't show warning due to - plugged: true status unknown: false
05-16 10:32:49.207 D/CompatibilityChangeReporter( 1711): Compat change id reported: 171306433; UID 1000; state: ENABLED
05-16 10:32:49.207 D/CompatibilityChangeReporter( 1711): Compat change id reported: 218533173; UID 1000; state: ENABLED
05-16 10:32:49.212 D/CompatibilityChangeReporter( 1711): Compat change id reported: 135634846; UID 10146; state: DISABLED
05-16 10:32:49.212 D/CompatibilityChangeReporter( 1711): Compat change id reported: 177438394; UID 10146; state: DISABLED
05-16 10:32:49.212 D/CompatibilityChangeReporter( 1711): Compat change id reported: 135772972; UID 10146; state: DISABLED
05-16 10:32:49.213 D/CompatibilityChangeReporter( 1711): Compat change id reported: 135754954; UID 10146; state: ENABLED
05-16 10:32:49.217 D/CompatibilityChangeReporter( 1711): Compat change id reported: 143937733; UID 10146; state: ENABLED
05-16 10:32:49.252 I/ActivityManager( 1711): Start proc 21189:com.google.android.as.oss/u0a146 for service {com.google.android.as.oss/com.google.android.gms.learning.internal.training.InAppJobService}
05-16 10:32:49.399 D/CompatibilityChangeReporter( 1711): Compat change id reported: 161145287; UID 10146; state: DISABLED
05-16 10:32:49.409 D/CompatibilityChangeReporter( 1711): Compat change id reported: 135634846; UID 10146; state: DISABLED
05-16 10:32:49.409 D/CompatibilityChangeReporter( 1711): Compat change id reported: 177438394; UID 10146; state: DISABLED
05-16 10:32:49.409 D/CompatibilityChangeReporter( 1711): Compat change id reported: 135772972; UID 10146; state: DISABLED
05-16 10:32:49.409 D/CompatibilityChangeReporter( 1711): Compat change id reported: 135754954; UID 10146; state: ENABLED
05-16 10:32:49.410 D/CompatibilityChangeReporter( 1711): Compat change id reported: 143937733; UID 10146; state: ENABLED
05-16 10:32:49.439 I/ActivityManager( 1711): Start proc 21207:com.google.android.as.oss:learning_bg/u0a146 for service {com.google.android.as.oss/com.google.android.gms.learning.internal.training.InAppTrainingService}
05-16 10:32:50.479 I/ActivityManager( 1711): Killing 17631:com.android.vending/u0a116 (adj 985): empty #33
05-16 10:32:50.485 D/CompatibilityChangeReporter( 1711): Compat change id reported: 194532703; UID 10146; state: ENABLED
05-16 10:32:50.502 W/JobScheduler( 1711): Job didn't exist in JobStore: 7c5e340 #u0a146/-578294288 com.google.android.as.oss/com.google.android.gms.learning.internal.training.InAppJobService
05-16 10:32:50.506 I/ActivityManager( 1711): Killing 18416:android.process.acore/u0a62 (adj 975): empty #33
05-16 10:33:45.077 D/PowerUI ( 1975): can't show warning due to - plugged: true status unknown: false
05-16 10:35:28.234 W/ActivityManager( 1711): Unable to start service Intent { flg=0x4 cmp=com.tencent.tim/com.tencent.qqmail.utilities.qmnetwork.service.QMPushService (has extras) } U=0: not found
05-16 10:35:28.342 W/JobScheduler( 1711): Job didn't exist in JobStore: dfe7eab #1000/100050 com.tencent.android.qqdownloader.YYBLiveAccountProvider/com.tencent.android.qqdownloader.YYBLiveAccountProvider.account/应用宝:android
05-16 10:35:28.871 W/JobScheduler( 1711): Job didn't exist in JobStore: bba4b24 #u0a146/-1679289975 com.google.android.as.oss/com.google.android.gms.learning.internal.training.InAppJobService
05-16 10:35:45.045 D/PowerUI ( 1975): can't show warning due to - plugged: true status unknown: false
05-16 10:36:45.042 D/PowerUI ( 1975): can't show warning due to - plugged: true status unknown: false
05-16 10:36:48.263 D/CompatibilityChangeReporter( 1711): Compat change id reported: 135634846; UID 10119; state: DISABLED
05-16 10:36:48.263 D/CompatibilityChangeReporter( 1711): Compat change id reported: 177438394; UID 10119; state: DISABLED
05-16 10:36:48.263 D/CompatibilityChangeReporter( 1711): Compat change id reported: 135772972; UID 10119; state: DISABLED
05-16 10:36:48.264 D/CompatibilityChangeReporter( 1711): Compat change id reported: 135754954; UID 10119; state: ENABLED
05-16 10:36:48.265 D/CompatibilityChangeReporter( 1711): Compat change id reported: 143937733; UID 10119; state: ENABLED
05-16 10:36:48.299 I/ActivityManager( 1711): Start proc 21410:com.google.android.apps.turbo/u0a119 for service {com.google.android.apps.turbo/com.google.android.apps.turbo.nudges.battery.PeriodicMaintenanceWindowService}
05-16 10:36:48.321 W/JobScheduler( 1711): Job didn't exist in JobStore: 334137f #1000/100051 com.tencent.android.qqdownloader.YYBLiveAccountProvider/com.tencent.android.qqdownloader.YYBLiveAccountProvider.account/应用宝:android
05-16 10:36:48.322 D/CompatibilityChangeReporter( 1711): Compat change id reported: 168419799; UID 10119; state: DISABLED
05-16 10:36:48.394 W/JobScheduler( 1711): Job didn't exist in JobStore: 3c812e1 #u0a146/-1909303987 com.google.android.as.oss/com.google.android.gms.learning.internal.training.InAppJobService
05-16 10:36:48.423 W/JobScheduler( 1711): Job didn't exist in JobStore: d973d19 #u0a146/-1108408622 com.google.android.as.oss/com.google.android.gms.learning.internal.training.InAppJobService
05-16 10:36:48.446 W/JobScheduler( 1711): Job didn't exist in JobStore: 30f268d #u0a146/-1670948438 com.google.android.as.oss/com.google.android.gms.learning.internal.training.InAppJobService
05-16 10:36:48.470 W/JobScheduler( 1711): Job didn't exist in JobStore: 82f96ae #u0a146/-814368097 com.google.android.as.oss/com.google.android.gms.learning.internal.training.InAppJobService
05-16 10:36:48.971 W/JobScheduler( 1711): Job didn't exist in JobStore: dcd5c29 #u0a146/-648439940 com.google.android.as.oss/com.google.android.gms.learning.internal.training.InAppJobService
05-16 10:36:48.973 I/ActivityManager( 1711): Killing 18874:com.google.android.apps.nbu.files/u0a102 (adj 985): empty #33
05-16 10:36:55.436 D/CompatibilityChangeReporter( 1711): Compat change id reported: 161145287; UID 10119; state: DISABLED
05-16 10:37:49.259 D/CompatibilityChangeReporter( 1711): Compat change id reported: 135634846; UID 10133; state: DISABLED
05-16 10:37:49.259 D/CompatibilityChangeReporter( 1711): Compat change id reported: 177438394; UID 10133; state: DISABLED
05-16 10:37:49.259 D/CompatibilityChangeReporter( 1711): Compat change id reported: 135772972; UID 10133; state: DISABLED
05-16 10:37:49.260 D/CompatibilityChangeReporter( 1711): Compat change id reported: 135754954; UID 10133; state: ENABLED
05-16 10:37:49.269 D/CompatibilityChangeReporter( 1711): Compat change id reported: 143937733; UID 10133; state: ENABLED
05-16 10:37:49.287 D/CompatibilityChangeReporter( 1711): Compat change id reported: 135634846; UID 10263; state: DISABLED
05-16 10:37:49.287 D/CompatibilityChangeReporter( 1711): Compat change id reported: 177438394; UID 10263; state: DISABLED
05-16 10:37:49.287 D/CompatibilityChangeReporter( 1711): Compat change id reported: 135772972; UID 10263; state: DISABLED
05-16 10:37:49.287 D/CompatibilityChangeReporter( 1711): Compat change id reported: 135754954; UID 10263; state: DISABLED
05-16 10:37:49.311 W/ActivityManager( 1711): Slow operation: 53ms so far, now at startProcess: done updating battery stats
05-16 10:37:49.311 W/ActivityManager( 1711): Slow operation: 53ms so far, now at startProcess: building log message
05-16 10:37:49.311 I/ActivityManager( 1711): Start proc 21483:com.google.android.apps.wellbeing/u0a133 for service {com.google.android.apps.wellbeing/androidx.work.impl.background.systemjob.SystemJobService}
05-16 10:37:49.311 W/ActivityManager( 1711): Slow operation: 53ms so far, now at startProcess: starting to update pids map
05-16 10:37:49.311 W/ActivityManager( 1711): Slow operation: 53ms so far, now at startProcess: done updating pids map
05-16 10:37:49.311 D/CompatibilityChangeReporter( 1711): Compat change id reported: 143937733; UID 10263; state: DISABLED
05-16 10:37:49.326 I/ActivityManager( 1711): Start proc 21496:com.tencent.mobileqq:MSF/u0a263 for service {com.tencent.mobileqq/com.tencent.mobileqq.msf.service.MSFAliveJobService}
05-16 10:37:49.410 D/CompatibilityChangeReporter( 1711): Compat change id reported: 135634846; UID 10263; state: DISABLED
05-16 10:37:49.410 D/CompatibilityChangeReporter( 1711): Compat change id reported: 177438394; UID 10263; state: DISABLED
05-16 10:37:49.410 D/CompatibilityChangeReporter( 1711): Compat change id reported: 135772972; UID 10263; state: DISABLED
05-16 10:37:49.410 D/CompatibilityChangeReporter( 1711): Compat change id reported: 135754954; UID 10263; state: DISABLED
05-16 10:37:49.411 D/CompatibilityChangeReporter( 1711): Compat change id reported: 143937733; UID 10263; state: DISABLED
05-16 10:37:49.423 I/ActivityManager( 1711): Start proc 21534:com.tencent.mobileqq/u0a263 for content provider {com.tencent.mobileqq/com.tencent.mqq.shared_file_accessor.ContentProviderImpl}
05-16 10:37:49.532 D/CompatibilityChangeReporter( 1711): Compat change id reported: 161145287; UID 10263; state: DISABLED
05-16 10:37:49.594 W/ActivityManager( 1711): Background start not allowed: service Intent { cmp=com.tencent.mobileqq/.msf.service.MsfService (has extras) } to com.tencent.mobileqq/.msf.service.MsfService from pid=21496 uid=10263 pkg=com.tencent.mobileqq startFg?=false
05-16 10:37:49.598 D/CompatibilityChangeReporter( 1711): Compat change id reported: 194532703; UID 10133; state: ENABLED
05-16 10:37:49.606 W/JobScheduler( 1711): Job didn't exist in JobStore: 38aa3a3 #u0a133/6185 com.google.android.apps.wellbeing/androidx.work.impl.background.systemjob.SystemJobService
05-16 10:37:49.910 I/ActivityManager( 1711): Killing 18918:com.google.ambient.streaming/u0a239 (adj 985): empty #33
05-16 10:37:50.210 I/ActivityManager( 1711): Killing 18964:com.google.android.apps.photos/u0a172 (adj 985): empty #33
05-16 10:37:50.229 W/JobScheduler( 1711): Job didn't exist in JobStore: c18fb98 #u0a146/-2127835104 com.google.android.as.oss/com.google.android.gms.learning.internal.training.InAppJobService
05-16 10:37:50.232 I/ActivityManager( 1711): Killing 18995:com.google.android.dialer/u0a147 (adj 985): empty #33
05-16 10:37:52.694 W/ActivityManager( 1711): Background start not allowed: service Intent { cmp=com.tencent.mobileqq/.msf.service.MsfService (has extras) } to com.tencent.mobileqq/.msf.service.MsfService from pid=21534 uid=10263 pkg=com.tencent.mobileqq startFg?=false
05-16 10:37:56.529 D/CompatibilityChangeReporter( 1711): Compat change id reported: 161145287; UID 10133; state: DISABLED
05-16 10:37:59.799 D/CompatibilityChangeReporter( 1711): Compat change id reported: 194532703; UID 10263; state: DISABLED
05-16 10:38:00.378 I/keystore2(  514): keystore2::watchdog: Watchdog thread idle -> terminating. Have a great day.
05-16 10:39:07.312 D/CompatibilityChangeReporter( 1711): Compat change id reported: 218533173; UID 10164; state: ENABLED
05-16 10:39:13.487 D/ActivityManager( 1711): freezing 19031 com.google.android.apps.accessibility.voiceaccess
05-16 10:39:17.609 D/ActivityManager( 1711): freezing 19162 com.google.android.apps.security.securityhub
05-16 10:39:17.841 D/ActivityManager( 1711): freezing 19191 com.google.android.calculator
05-16 10:39:18.230 D/ActivityManager( 1711): freezing 19214 com.google.android.apps.safetyhub
05-16 10:39:18.930 D/ActivityManager( 1711): freezing 19247 com.google.android.apps.docs
05-16 10:39:19.135 D/ActivityManager( 1711): freezing 19315 com.google.pixel.livewallpaper
05-16 10:39:20.175 D/ActivityManager( 1711): freezing 18557 com.google.android.apps.carrier.carrierwifi
05-16 10:39:21.045 D/ActivityManager( 1711): freezing 19512 com.google.android.calendar
05-16 10:39:21.063 D/ActivityManager( 1711): freezing 19552 com.android.providers.calendar
05-16 10:39:21.562 D/ActivityManager( 1711): freezing 19061 com.google.android.gm
05-16 10:39:22.995 D/ActivityManager( 1711): freezing 19822 com.android.chrome:sandboxed_process0:org.chromium.content.app.SandboxedProcessService0:0
05-16 10:39:23.010 D/ActivityManager( 1711): freezing 19787 com.android.chrome:privileged_process0
05-16 10:39:29.858 D/ActivityManager( 1711): freezing 19400 com.google.android.permissioncontroller
05-16 10:39:35.643 D/CompatibilityChangeReporter( 1711): Compat change id reported: 168419799; UID 10119; state: DISABLED
05-16 10:39:35.655 D/CompatibilityChangeReporter( 1711): Compat change id reported: 135634846; UID 10119; state: DISABLED
05-16 10:39:35.655 D/CompatibilityChangeReporter( 1711): Compat change id reported: 177438394; UID 10119; state: DISABLED
05-16 10:39:35.655 D/CompatibilityChangeReporter( 1711): Compat change id reported: 135772972; UID 10119; state: DISABLED
05-16 10:39:35.655 D/CompatibilityChangeReporter( 1711): Compat change id reported: 135754954; UID 10119; state: ENABLED
05-16 10:39:35.657 D/CompatibilityChangeReporter( 1711): Compat change id reported: 143937733; UID 10119; state: ENABLED
05-16 10:39:35.660 I/ActivityManager( 1711): com.android.vending is exempt from freezer
05-16 10:39:35.660 D/CompatibilityChangeReporter( 1711): Compat change id reported: 135634846; UID 10116; state: DISABLED
05-16 10:39:35.660 D/CompatibilityChangeReporter( 1711): Compat change id reported: 177438394; UID 10116; state: DISABLED
05-16 10:39:35.660 D/CompatibilityChangeReporter( 1711): Compat change id reported: 135772972; UID 10116; state: DISABLED
05-16 10:39:35.660 D/CompatibilityChangeReporter( 1711): Compat change id reported: 135754954; UID 10116; state: ENABLED
05-16 10:39:35.662 I/ActivityManager( 1711): com.android.vending is exempt from freezer
05-16 10:39:35.689 D/CompatibilityChangeReporter( 1711): Compat change id reported: 177438394; UID 10155; state: DISABLED
05-16 10:39:35.689 D/CompatibilityChangeReporter( 1711): Compat change id reported: 135772972; UID 10155; state: DISABLED
05-16 10:39:35.689 D/CompatibilityChangeReporter( 1711): Compat change id reported: 135754954; UID 10155; state: ENABLED
05-16 10:39:35.693 I/ActivityManager( 1711): Start proc 21722:com.google.android.apps.turbo:ssb/u0a119 for service {com.google.android.apps.turbo/com.google.android.libraries.smartbattery.brightness.library.UpdateOfflineModelJob}
05-16 10:39:35.693 D/CompatibilityChangeReporter( 1711): Compat change id reported: 143937733; UID 10116; state: ENABLED
05-16 10:39:35.712 W/ActivityManager( 1711): Slow operation: 52ms so far, now at startProcess: returned from zygote!
05-16 10:39:35.714 D/ActivityManager( 1711): sync unfroze 19061 com.google.android.gm
05-16 10:39:35.717 W/ActivityManager( 1711): Slow operation: 58ms so far, now at startProcess: done updating battery stats
05-16 10:39:35.717 W/ActivityManager( 1711): Slow operation: 58ms so far, now at startProcess: building log message
05-16 10:39:35.717 I/ActivityManager( 1711): Start proc 21725:com.android.vending:instant_app_installer/u0a116 for service {com.android.vending/com.google.android.finsky.instantapps.InstantAppHygieneService}
05-16 10:39:35.717 W/ActivityManager( 1711): Slow operation: 58ms so far, now at startProcess: starting to update pids map
05-16 10:39:35.717 W/ActivityManager( 1711): Slow operation: 58ms so far, now at startProcess: done updating pids map
05-16 10:39:35.717 W/ActivityManager( 1711): Slow operation: 56ms so far, now at startProcess: asking zygote to start proc
05-16 10:39:35.727 W/ActivityManager( 1711): Slow operation: 66ms so far, now at startProcess: returned from zygote!
05-16 10:39:35.730 D/ActivityManager( 1711): sync unfroze 19247 com.google.android.apps.docs
05-16 10:39:35.733 D/CompatibilityChangeReporter( 1711): Compat change id reported: 168419799; UID 10171; state: DISABLED
05-16 10:39:35.735 W/ActivityManager( 1711): Slow operation: 73ms so far, now at startProcess: done updating battery stats
05-16 10:39:35.735 W/ActivityManager( 1711): Slow operation: 73ms so far, now at startProcess: building log message
05-16 10:39:35.735 I/ActivityManager( 1711): Start proc 21746:com.android.vending/u0a116 for service {com.android.vending/com.google.android.finsky.scheduler.process.mainimpl.PhoneskyJobServiceMain}
05-16 10:39:35.735 W/ActivityManager( 1711): Slow operation: 73ms so far, now at startProcess: starting to update pids map
05-16 10:39:35.735 W/ActivityManager( 1711): Slow operation: 73ms so far, now at startProcess: done updating pids map
05-16 10:39:35.735 D/CompatibilityChangeReporter( 1711): Compat change id reported: 143937733; UID 10155; state: ENABLED
05-16 10:39:35.738 D/CompatibilityChangeReporter( 1711): Compat change id reported: 168419799; UID 10116; state: DISABLED
05-16 10:39:35.747 W/ActivityManager( 1711): Slow operation: 60ms so far, now at startProcess: returned from zygote!
05-16 10:39:35.747 W/ActivityManager( 1711): Slow operation: 61ms so far, now at startProcess: done updating battery stats
05-16 10:39:35.747 W/ActivityManager( 1711): Slow operation: 61ms so far, now at startProcess: building log message
05-16 10:39:35.747 I/ActivityManager( 1711): Start proc 21771:com.google.android.contacts/u0a155 for service {com.google.android.contacts/com.google.android.apps.contacts.operation.ContactsService}
05-16 10:39:35.747 W/ActivityManager( 1711): Slow operation: 61ms so far, now at startProcess: starting to update pids map
05-16 10:39:35.747 W/ActivityManager( 1711): Slow operation: 61ms so far, now at startProcess: done updating pids map
05-16 10:39:35.761 D/CompatibilityChangeReporter( 1711): Compat change id reported: 168419799; UID 10155; state: DISABLED
05-16 10:39:35.780 W/BroadcastQueue( 1711): Permission Denial: broadcasting Intent { act=android.intent.action.MEDIA_SCANNER_STARTED dat=file:///... flg=0x10 } from com.google.android.providers.media.module (pid=2890, uid=10214) to com.tencent.mobileqq/.msf.core.NetConnInfoCenter is not exported from uid 10263
05-16 10:39:35.780 W/BroadcastQueue( 1711): Permission Denial: broadcasting Intent { act=android.intent.action.MEDIA_SCANNER_STARTED dat=file:///... flg=0x10 } from com.google.android.providers.media.module (pid=2890, uid=10214) to com.tencent.tim/com.tencent.mobileqq.msf.core.NetConnInfoCenter is not exported from uid 10288
05-16 10:39:36.018 D/CompatibilityChangeReporter( 1711): Compat change id reported: 161145287; UID 10116; state: DISABLED
05-16 10:39:36.075 W/BroadcastQueue( 1711): Permission Denial: broadcasting Intent { act=android.intent.action.MEDIA_SCANNER_FINISHED dat=file:///... flg=0x10 } from com.google.android.providers.media.module (pid=2890, uid=10214) to com.tencent.mobileqq/.msf.core.NetConnInfoCenter is not exported from uid 10263
05-16 10:39:36.075 W/BroadcastQueue( 1711): Permission Denial: broadcasting Intent { act=android.intent.action.MEDIA_SCANNER_FINISHED dat=file:///... flg=0x10 } from com.google.android.providers.media.module (pid=2890, uid=10214) to com.tencent.tim/com.tencent.mobileqq.msf.core.NetConnInfoCenter is not exported from uid 10288
05-16 10:39:36.079 W/BatteryExternalStatsWorker( 1711): error reading Bluetooth stats: 11
05-16 10:39:36.179 D/CompatibilityChangeReporter( 1711): Compat change id reported: 161145287; UID 10155; state: DISABLED
05-16 10:39:36.256 D/KernelCpuUidUserSysTimeReader( 1711): Removing uids 90001-90001
05-16 10:39:36.265 D/CompatibilityChangeReporter( 1711): Compat change id reported: 135634846; UID 10062; state: DISABLED
05-16 10:39:36.265 D/CompatibilityChangeReporter( 1711): Compat change id reported: 177438394; UID 10062; state: DISABLED
05-16 10:39:36.265 D/CompatibilityChangeReporter( 1711): Compat change id reported: 135772972; UID 10062; state: DISABLED
05-16 10:39:36.266 D/CompatibilityChangeReporter( 1711): Compat change id reported: 135754954; UID 10062; state: ENABLED
05-16 10:39:36.266 D/CompatibilityChangeReporter( 1711): Compat change id reported: 143937733; UID 10062; state: ENABLED
05-16 10:39:36.270 D/CompatibilityChangeReporter( 1711): Compat change id reported: 135634846; UID 10121; state: DISABLED
05-16 10:39:36.270 D/CompatibilityChangeReporter( 1711): Compat change id reported: 177438394; UID 10121; state: DISABLED
05-16 10:39:36.270 D/CompatibilityChangeReporter( 1711): Compat change id reported: 135772972; UID 10121; state: DISABLED
05-16 10:39:36.270 D/CompatibilityChangeReporter( 1711): Compat change id reported: 135754954; UID 10121; state: ENABLED
05-16 10:39:36.277 I/ActivityManager( 1711): Start proc 21931:android.process.acore/u0a62 for content provider {com.android.providers.contacts/com.android.providers.contacts.ContactsProvider2}
05-16 10:39:36.277 D/CompatibilityChangeReporter( 1711): Compat change id reported: 143937733; UID 10121; state: ENABLED
05-16 10:39:36.285 I/ActivityManager( 1711): Start proc 21934:com.google.process.gapps/u0a121 for content provider {com.google.android.gsf/com.google.android.gsf.settings.GoogleSettingsProvider}
05-16 10:39:36.294 D/CompatibilityChangeReporter( 1711): Compat change id reported: 168419799; UID 10062; state: DISABLED
05-16 10:39:36.309 W/ActivityManager( 1711): Unable to start service Intent { act=com.google.android.gms.semanticlocationhistory.federated.FederatedTaskIdentityDataService.ACTION_TASK_READY pkg=com.google.android.gms } U=0: not found
05-16 10:39:36.354 D/CompatibilityChangeReporter( 1711): Compat change id reported: 161252188; UID 10121; state: ENABLED
05-16 10:39:36.432 D/CompatibilityChangeReporter( 1711): Compat change id reported: 161145287; UID 10062; state: DISABLED
05-16 10:39:36.511 D/ActivityThread(21931): Loading provider call_log_shadow: com.android.providers.contacts.ShadowCallLogProvider
05-16 10:39:36.751 D/CompatibilityChangeReporter( 1711): Compat change id reported: 201794303; UID 10121; state: ENABLED
05-16 10:39:36.759 W/JobScheduler( 1711): Job didn't exist in JobStore: cc79d8 #1000/100073 com.google.android.apps.docs/com.google/yanshuaijia01@gmail.com:android
05-16 10:39:36.838 D/CompatibilityChangeReporter( 1711): Compat change id reported: 201794303; UID 10062; state: ENABLED
05-16 10:39:37.195 D/CompatibilityChangeReporter( 1711): Compat change id reported: 135634846; UID 10150; state: DISABLED
05-16 10:39:37.195 D/CompatibilityChangeReporter( 1711): Compat change id reported: 177438394; UID 10150; state: DISABLED
05-16 10:39:37.195 D/CompatibilityChangeReporter( 1711): Compat change id reported: 135772972; UID 10150; state: DISABLED
05-16 10:39:37.195 D/CompatibilityChangeReporter( 1711): Compat change id reported: 135754954; UID 10150; state: ENABLED
05-16 10:39:37.196 D/CompatibilityChangeReporter( 1711): Compat change id reported: 143937733; UID 10150; state: ENABLED
05-16 10:39:37.208 I/ActivityManager( 1711): Start proc 22022:com.google.android.apps.messaging/u0a150 for service {com.google.android.apps.messaging/androidx.work.impl.background.systemjob.SystemJobService}
05-16 10:39:37.245 W/JobScheduler( 1711): Job didn't exist in JobStore: d18f756 #u0a116/9218 com.android.vending/com.google.android.finsky.scheduler.process.mainimpl.PhoneskyJobServiceMain
05-16 10:39:37.251 W/JobScheduler( 1711): Job didn't exist in JobStore: 35b6049 #u0a116/9101 com.android.vending/com.google.android.finsky.scheduler.process.mainimpl.PhoneskyJobServiceMain
05-16 10:39:37.256 I/ActivityManager( 1711): Killing 19031:com.google.android.apps.accessibility.voiceaccess/u0a167 (adj 985): empty #33
05-16 10:39:37.279 D/CompatibilityChangeReporter( 1711): Compat change id reported: 194532703; UID 10116; state: ENABLED
05-16 10:39:37.532 D/CompatibilityChangeReporter( 1711): Compat change id reported: 161145287; UID 10150; state: DISABLED
05-16 10:39:37.783 I/ActivityManager( 1711): Killing 19162:com.google.android.apps.security.securityhub/u0a141 (adj 985): empty #33
05-16 10:39:37.841 D/CompatibilityChangeReporter( 1711): Compat change id reported: 194532703; UID 10155; state: ENABLED
05-16 10:39:37.865 I/ActivityManager( 1711): Force stopping com.google.android.trichromelibrary_495157433 appid=10242 user=0: deletePackageX
05-16 10:39:37.865 D/PackageManager( 1711): Deleting system pkg from data partition
05-16 10:39:37.931 D/CompatibilityChangeReporter( 1711): Compat change id reported: 168419799; UID 10121; state: DISABLED
05-16 10:39:37.943 I/PackageManager( 1711): /product/app/TrichromeLibrary-Stub changed; collecting certs
05-16 10:39:37.947 I/PackageManager( 1711): Update system package com.google.android.trichromelibrary_495157433 code path from /data/app/~~wjQhy8b35ddUdoFKDa3NXg==/com.google.android.trichromelibrary_495157433-lzzqzQJWJ808jZf2MGaaTQ== to /product/app/TrichromeLibrary-Stub; Retain data and using new
05-16 10:39:37.968 D/ActivityManager( 1711): sync unfroze 19787 com.android.chrome:privileged_process0
05-16 10:39:38.039 W/SignedConfig( 1711): Got null PackageInfo for com.google.android.trichromelibrary_495157433; user 0
05-16 10:39:38.039 V/GameManagerService_GamePackageConfiguration( 1711): Failed to get package metadata
05-16 10:39:38.040 W/GameManagerService( 1711): Invalid package config for com.google.android.trichromelibrary_495157433:[Name:com.google.android.trichromelibrary_495157433 Modes: {}]
05-16 10:39:38.040 I/GameManagerService( 1711): Disabling downscale for com.google.android.trichromelibrary_495157433
05-16 10:39:38.048 D/ActivityManager( 1711): sync unfroze 19400 com.google.android.permissioncontroller
05-16 10:39:38.048 D/CompatibilityChangeReporter( 1711): Compat change id reported: 168419799; UID 10219; state: DISABLED
05-16 10:39:38.048 W/ActivityManager( 1711): Dropping ACTION_PACKAGE_REPLACED for non-existent pkg: ssp=com.google.android.trichromelibrary_495157433 data=package:com.google.android.trichromelibrary_495157433
05-16 10:39:38.074 I/Telecom ( 1711): DefaultDialerCache: Refreshing default dialer for user 0: now com.google.android.dialer: DDC.oR@ATI
05-16 10:39:38.086 W/BackupManagerService( 1711): [UserID:0] Can't resolve new app com.google.android.trichromelibrary_495157433
05-16 10:39:38.088 W/AlarmManager( 1711): Package com.google.android.trichromelibrary_495157433, uid 10242 lost permission to set exact alarms!
05-16 10:39:38.109 D/CompatibilityChangeReporter( 1711): Compat change id reported: 161252188; UID 10099; state: ENABLED
05-16 10:39:38.111 D/CompatibilityChangeReporter( 1711): Compat change id reported: 168419799; UID 10099; state: DISABLED
05-16 10:39:38.147 D/CompatibilityChangeReporter( 1711): Compat change id reported: 194532703; UID 10119; state: ENABLED
05-16 10:39:38.202 E/AppOps  ( 1711): Bad call made by uid 10162. Package "com.google.android.gms" does not belong to uid 10162.
05-16 10:39:38.249 E/AppOps  ( 1711): Bad call made by uid 10162. Package "com.google.android.gms" does not belong to uid 10162.
05-16 10:39:38.252 E/AppOps  ( 1711): Bad call made by uid 10162. Package "com.google.android.gms" does not belong to uid 10162.
05-16 10:39:38.285 D/CompatibilityChangeReporter( 1711): Compat change id reported: 194532703; UID 10150; state: ENABLED
05-16 10:39:38.286 W/JobScheduler( 1711): Job didn't exist in JobStore: 7c85fd9 #u0a150/2579 com.google.android.apps.messaging/androidx.work.impl.background.systemjob.SystemJobService
05-16 10:39:38.326 E/AppOps  ( 1711): Bad call made by uid 10133. Package "com.google.android.gms" does not belong to uid 10133.
05-16 10:39:38.345 E/AppOps  ( 1711): Bad call made by uid 10133. Package "com.google.android.gms" does not belong to uid 10133.
05-16 10:39:38.347 E/AppOps  ( 1711): Bad call made by uid 10133. Package "com.google.android.gms" does not belong to uid 10133.
05-16 10:39:38.426 W/JobScheduler( 1711): Job didn't exist in JobStore: 85b1d9e #u0a150/1270 com.google.android.apps.messaging/androidx.work.impl.background.systemjob.SystemJobService
05-16 10:39:38.517 D/CompatibilityChangeReporter( 1711): Compat change id reported: 168419799; UID 10155; state: DISABLED
05-16 10:39:38.542 D/CompatibilityChangeReporter( 1711): Compat change id reported: 168419799; UID 10119; state: DISABLED
05-16 10:39:38.550 D/CompatibilityChangeReporter( 1711): Compat change id reported: 168419799; UID 10116; state: DISABLED
05-16 10:39:38.571 D/CompatibilityChangeReporter( 1711): Compat change id reported: 161145287; UID 10119; state: DISABLED
05-16 10:39:38.575 D/CompatibilityChangeReporter( 1711): Compat change id reported: 135634846; UID 10147; state: DISABLED
05-16 10:39:38.575 D/CompatibilityChangeReporter( 1711): Compat change id reported: 177438394; UID 10147; state: DISABLED
05-16 10:39:38.575 D/CompatibilityChangeReporter( 1711): Compat change id reported: 135772972; UID 10147; state: DISABLED
05-16 10:39:38.575 D/CompatibilityChangeReporter( 1711): Compat change id reported: 135754954; UID 10147; state: ENABLED
05-16 10:39:38.575 D/CompatibilityChangeReporter( 1711): Compat change id reported: 143937733; UID 10147; state: ENABLED
05-16 10:39:38.586 I/ActivityManager( 1711): Start proc 22193:com.google.android.dialer/u0a147 for service {com.google.android.dialer/com.android.dialer.shortcuts.PeriodicJobService}
05-16 10:39:38.610 D/CompatibilityChangeReporter( 1711): Compat change id reported: 168419799; UID 10147; state: DISABLED
05-16 10:39:38.642 D/CompatibilityChangeReporter( 1711): Compat change id reported: 161145287; UID 10121; state: DISABLED
05-16 10:39:38.729 W/JobScheduler( 1711): Job didn't exist in JobStore: 8a3871e #u0a151/-114 com.google.android.googlequicksearchbox/com.google.android.apps.gsa.tasks.BackgroundTasksJobService
05-16 10:39:38.770 W/WindowMagnificationMgr( 1711): requestConnection duplicated request: connect=false, mConnectionState=DISCONNECTED
05-16 10:39:38.776 W/WindowMagnificationMgr( 1711): requestConnection duplicated request: connect=false, mConnectionState=DISCONNECTED
05-16 10:39:39.006 D/CompatibilityChangeReporter( 1711): Compat change id reported: 168419799; UID 10150; state: DISABLED
05-16 10:39:39.462 W/BroadcastQueue( 1711): Background execution not allowed: receiving Intent { act=android.intent.action.PACKAGE_ADDED dat=package: flg=0x4000010 (has extras) } to com.google.android.packageinstaller/com.android.packageinstaller.PackageInstalledReceiver
05-16 10:39:39.463 W/BroadcastQueue( 1711): Background execution not allowed: receiving Intent { act=android.intent.action.PACKAGE_ADDED dat=package: flg=0x4000010 (has extras) } to com.android.musicfx/.Compatibility$Receiver
05-16 10:39:39.463 W/BroadcastQueue( 1711): Background execution not allowed: receiving Intent { act=android.intent.action.PACKAGE_ADDED dat=package: flg=0x4000010 (has extras) } to com.android.vending/com.google.android.finsky.packagemonitor.impl.PackageMonitorReceiverImpl$RegisteredReceiver
05-16 10:39:39.463 W/BroadcastQueue( 1711): Background execution not allowed: receiving Intent { act=android.intent.action.PACKAGE_ADDED dat=package: flg=0x4000010 (has extras) } to com.android.vending/com.google.android.finsky.packagemonitor.backgroundimpl.BackgroundPackageMonitorReceiverImpl$RegisteredReceiver
05-16 10:39:39.463 W/BroadcastQueue( 1711): Background execution not allowed: receiving Intent { act=android.intent.action.PACKAGE_ADDED dat=package: flg=0x4000010 (has extras) } to com.google.android.gms/.games.chimera.GamesSystemBroadcastReceiverProxy
05-16 10:39:39.463 W/BroadcastQueue( 1711): Background execution not allowed: receiving Intent { act=android.intent.action.PACKAGE_ADDED dat=package: flg=0x4000010 (has extras) } to com.google.android.gms/.gass.chimera.PackageChangeBroadcastReceiver
05-16 10:39:39.463 W/BroadcastQueue( 1711): Background execution not allowed: receiving Intent { act=android.intent.action.PACKAGE_ADDED dat=package: flg=0x4000010 (has extras) } to com.google.android.gms/.chimera.GmsIntentOperationService$PersistentTrustedReceiver
05-16 10:39:39.463 W/BroadcastQueue( 1711): Background execution not allowed: receiving Intent { act=android.intent.action.PACKAGE_ADDED dat=package: flg=0x4000010 (has extras) } to com.google.android.googlequicksearchbox/com.google.android.apps.gsa.googlequicksearchbox.GelStubAppWatcher
05-16 10:39:39.463 W/BroadcastQueue( 1711): Background execution not allowed: receiving Intent { act=android.intent.action.PACKAGE_ADDED dat=package: flg=0x4000010 (has extras) } to com.google.android.ims/.receivers.RcsAutoStartReceiver
05-16 10:39:39.463 W/BroadcastQueue( 1711): Background execution not allowed: receiving Intent { act=android.intent.action.PACKAGE_ADDED dat=package: flg=0x4000010 (has extras) } to com.baidu.netdisk/.module.toolbox.AppInfoBroadcastReceiver
05-16 10:39:39.463 W/BroadcastQueue( 1711): Background execution not allowed: receiving Intent { act=android.intent.action.PACKAGE_ADDED dat=package: flg=0x4000010 (has extras) } to com.qihoo.appstore/.personalcenter.installhistory.PackageRecevier
05-16 10:39:39.463 W/BroadcastQueue( 1711): Background execution not allowed: receiving Intent { act=android.intent.action.PACKAGE_ADDED dat=package: flg=0x4000010 (has extras) } to com.qiyi.video/org.qiyi.android.commonphonepad.receiver.AddPackageBroadcast
05-16 10:39:39.474 D/CompatibilityChangeReporter( 1711): Compat change id reported: 177438394; UID 10137; state: DISABLED
05-16 10:39:39.474 D/CompatibilityChangeReporter( 1711): Compat change id reported: 135772972; UID 10137; state: DISABLED
05-16 10:39:39.474 D/CompatibilityChangeReporter( 1711): Compat change id reported: 135754954; UID 10137; state: ENABLED
05-16 10:39:39.474 D/CompatibilityChangeReporter( 1711): Compat change id reported: 143937733; UID 10137; state: ENABLED
05-16 10:39:39.484 D/IntervalStats( 1711): Unable to parse usage stats packages: [33, 35, 67, 111, 130, 138, 227, 257, 258, 260, 261, 267, 273, 286, 287, 289, 299, 300, 305, 306, 316, 317, 330, 331, 332, 337, 338, 339, 340, 341, 342, 344, 345, 346, 347, 348, 350, 351, 352, 353, 354, 355, 356, 358, 359, 360, 361, 362, 363, 365, 366, 367, 369, 370, 372, 373, 377, 378, 380, 381, 382, 385, 386, 387, 390, 393, 394, 395, 396, 397, 398, 399, 400, 402, 403, 404, 405, 406, 407, 408, 409, 410, 411, 413, 414, 415, 416, 417, 418, 419, 420, 421, 423, 424, 425, 428, 429, 430, 431, 432, 433, 434, 435, 436, 437, 438, 439, 440, 441, 442, 443, 444, 445, 446, 447, 448, 449, 450, 451, 452, 453, 454, 455, 456, 457, 458, 460, 461, 462, 463, 464, 465, 467, 468, 469, 471, 472, 473, 474, 475, 476, 477, 478, 479, 480, 481, 482, 483, 484, 486]
05-16 10:39:39.492 I/ActivityManager( 1711): Start proc 22259:com.google.android.projection.gearhead:provider/u0a137 for content provider {com.google.android.projection.gearhead/com.google.android.apps.auto.components.projectionstate.ProjectionStateProvider}
05-16 10:39:39.508 D/CompatibilityChangeReporter( 1711): Compat change id reported: 168419799; UID 10137; state: DISABLED
05-16 10:39:39.642 D/CompatibilityChangeReporter( 1711): Compat change id reported: 161145287; UID 10137; state: DISABLED
05-16 10:39:39.842 I/SoundTriggerService( 1711): getModuleProperties()
05-16 10:39:40.022 D/DynamicCodeLogger( 1711): Got no hash for /data/user/0/com.google.android.apps.youtube.music/cache/1673051109277.jar
05-16 10:39:40.094 D/CompatibilityChangeReporter( 1711): Compat change id reported: 194532703; UID 10147; state: ENABLED
05-16 10:39:40.246 E/DynamicCodeLogger( 1711): Could not infer CE/DE storage for path /apex/com.android.art/javalib/service-art.jar
05-16 10:39:40.246 E/DynamicCodeLogger( 1711): Could not infer CE/DE storage for path /apex/com.android.adservices/javalib/service-sdksandbox.jar
05-16 10:39:40.246 E/DynamicCodeLogger( 1711): Could not infer CE/DE storage for path /apex/com.android.appsearch/javalib/service-appsearch.jar
05-16 10:39:40.246 E/DynamicCodeLogger( 1711): Could not infer CE/DE storage for path /apex/com.android.compos/javalib/service-compos.jar
05-16 10:39:40.246 E/DynamicCodeLogger( 1711): Could not infer CE/DE storage for path /system/framework/services.jar
05-16 10:39:40.246 E/DynamicCodeLogger( 1711): Could not infer CE/DE storage for path /apex/com.android.adservices/javalib/service-adservices.jar
05-16 10:39:40.246 E/DynamicCodeLogger( 1711): Could not infer CE/DE storage for path /system/framework/com.android.location.provider.jar
05-16 10:39:40.246 E/DynamicCodeLogger( 1711): Could not infer CE/DE storage for path /apex/com.android.permission/javalib/service-permission.jar
05-16 10:39:40.246 E/DynamicCodeLogger( 1711): Could not infer CE/DE storage for path /apex/com.android.media/javalib/service-media-s.jar
05-16 10:39:40.389 D/DynamicCodeLogger( 1711): Got no hash for /data/user/0/com.android.vending/app_dg_cache/F4C5A12E63F892A67A0D6E24ED3C5A3C7A0C9F7D/the.apk
05-16 10:39:40.399 D/DynamicCodeLogger( 1711): Got no hash for /data/user/0/com.android.vending/app_dg_cache/0E47D651A67DEC59B1C2EB76D29145BC3E0B81D6/the.apk
05-16 10:39:40.570 D/DynamicCodeLogger( 1711): Got no hash for /data/user/0/com.google.android.gms/app_dg_cache/0E47D651A67DEC59B1C2EB76D29145BC3E0B81D6/the.apk
05-16 10:39:40.573 D/DynamicCodeLogger( 1711): Got no hash for /data/user/0/com.google.android.gms/app_dg_cache/F4C5A12E63F892A67A0D6E24ED3C5A3C7A0C9F7D/the.apk
05-16 10:39:40.599 I/WatchlistLoggingHandler( 1711): No need to aggregate record yet.
05-16 10:39:40.599 I/WatchlistLoggingHandler( 1711): Milliseconds spent on tryAggregateRecords(): 0
05-16 10:39:40.608 D/TransparencyService( 1711): Job to update binary measurements started.
05-16 10:39:40.612 D/DynamicCodeLogger( 1711): Got no hash for /data/user/0/com.google.android.gms/app_dg_cache/4E160AEFA08DE028F11C0D5A1DC8F7FFC020C4FA/the.apk
05-16 10:39:40.614 D/TransparencyService( 1711): No apex in cache yet.
05-16 10:39:40.614 D/TransparencyService( 1711): Obtained package manager
05-16 10:39:40.639 D/TransparencyService( 1711): Last update time for com.google.android.adbd: 0
05-16 10:39:40.643 I/CompanionDeviceManagerService( 1711): Execute the Association Removal job
05-16 10:39:40.650 D/TransparencyService( 1711): Last update time for com.google.android.appsearch: 0
05-16 10:39:40.652 D/TransparencyService( 1711): Last update time for com.android.apex.cts.shim: 0
05-16 10:39:40.685 D/TransparencyService( 1711): Last update time for com.google.android.adservices: 0
05-16 10:39:40.752 D/DynamicCodeLogger( 1711): Got no hash for /data/user/0/com.google.android.gms/app_dg_cache/68C71D0ECD87CF4FE4536FD125724BF70CEA7994/the.apk
05-16 10:39:40.757 D/DynamicCodeLogger( 1711): Got no hash for /data/user/0/com.google.android.gms/app_dg_cache/23B2DDD505234CA4D7911FF163D86731A8D1AE8E/the.apk
05-16 10:39:40.762 D/DynamicCodeLogger( 1711): Got no hash for /data/user/0/com.google.android.gms/app_dg_cache/4162E0EF958E5F277E3B336ECC37F734EB1AE95F/the.apk
05-16 10:39:40.797 D/TransparencyService( 1711): Last update time for com.android.btservices: 0
05-16 10:39:40.804 I/BackgroundDexOptService( 1711): onStartJob:800
05-16 10:39:40.820 I/BackgroundDexOptService( 1711): onStartJob:801
05-16 10:39:40.822 I/BackgroundDexOptService( 1711): Starting thread:BackgroundDexOptService_PostBoot
05-16 10:39:40.824 D/BackgroundDexOptService( 1711): jobExecution
05-16 10:39:40.826 D/TransparencyService( 1711): Last update time for com.google.android.compos: 0
05-16 10:39:40.829 D/DynamicCodeLogger( 1711): Got no hash for /data/user/0/com.google.android.gms/cache/1678981529375.jar
05-16 10:39:40.840 D/DownloadManager( 3199): Removed 0 stale downloads
05-16 10:39:40.864 D/DynamicCodeLogger( 1711): Got no hash for /data/user/0/com.google.android.gms/app_fb/f.apk
05-16 10:39:40.865 D/DownloadManager( 3199): Found 0 files in database
05-16 10:39:40.865 D/DownloadManager( 3199): Found 0 files on disk
05-16 10:39:40.877 D/CompatibilityChangeReporter( 1711): Compat change id reported: 135634846; UID 10100; state: DISABLED
05-16 10:39:40.877 D/CompatibilityChangeReporter( 1711): Compat change id reported: 177438394; UID 10100; state: DISABLED
05-16 10:39:40.877 D/CompatibilityChangeReporter( 1711): Compat change id reported: 135772972; UID 10100; state: DISABLED
05-16 10:39:40.877 D/CompatibilityChangeReporter( 1711): Compat change id reported: 135754954; UID 10100; state: ENABLED
05-16 10:39:40.877 D/CompatibilityChangeReporter( 1711): Compat change id reported: 143937733; UID 10100; state: ENABLED
05-16 10:39:40.888 D/TransparencyService( 1711): Last update time for com.google.android.art: 0
