04-14 13:54:28.419  1843  3416 D ActivityManager: sync unfroze 29673 com.android.chrome:privileged_process0
04-14 13:54:38.576  1843 14548 W ProcessStats: Tracking association SourceState{79e806a com.google.android.gms/10121 Top #1768640} whose proc state 1 is better than process ProcessState{fd0ea72 com.google.android.gms.persistent/10121 pkg=com.google.android.gms} proc state 2 (121 skipped)
04-14 13:54:47.336  1083  1083 I vendor.google.wifi_ext@1.0-service-vendor: Wifi: Reseting SAR Scenario to default
04-14 13:54:52.181  1843 14540 W ProcessStats: Tracking association SourceState{79e806a com.google.android.gms/10121 Top #1768651} whose proc state 1 is better than process ProcessState{fd0ea72 com.google.android.gms.persistent/10121 pkg=com.google.android.gms} proc state 2 (9 skipped)
04-14 13:55:02.446  1843  3416 W ProcessStats: Tracking association SourceState{79e806a com.google.android.gms/10121 Top #1768655} whose proc state 1 is better than process ProcessState{fd0ea72 com.google.android.gms.persistent/10121 pkg=com.google.android.gms} proc state 2 (3 skipped)
04-14 13:55:13.770  1843  1979 W ProcessStats: Tracking association SourceState{79e806a com.google.android.gms/10121 Top #1768661} whose proc state 1 is better than process ProcessState{fd0ea72 com.google.android.gms.persistent/10121 pkg=com.google.android.gms} proc state 2 (5 skipped)
04-14 13:55:23.795  1843  1979 W ProcessStats: Tracking association SourceState{79e806a com.google.android.gms/10121 Top #1768664} whose proc state 1 is better than process ProcessState{fd0ea72 com.google.android.gms.persistent/10121 pkg=com.google.android.gms} proc state 2 (2 skipped)
04-14 13:55:33.829  1843  1979 W ProcessStats: Tracking association SourceState{79e806a com.google.android.gms/10121 Top #1768666} whose proc state 1 is better than process ProcessState{fd0ea72 com.google.android.gms.persistent/10121 pkg=com.google.android.gms} proc state 2 (1 skipped)
04-14 13:55:43.882  1843  1979 W ProcessStats: Tracking association SourceState{ab2dfb6 com.google.android.gms/10121 Top #1768686} whose proc state 1 is better than process ProcessState{fd0ea72 com.google.android.gms.persistent/10121 pkg=com.google.android.gms} proc state 2 (26 skipped)
04-14 13:55:50.417  1843  4194 D ActivityManager: sync unfroze 24653 android.process.acore
04-14 13:55:53.916  1843  1979 W ProcessStats: Tracking association SourceState{79e806a com.google.android.gms/10121 Top #1768703} whose proc state 1 is better than process ProcessState{fd0ea72 com.google.android.gms.persistent/10121 pkg=com.google.android.gms} proc state 2 (20 skipped)
04-14 13:56:03.956  1843  1979 W ProcessStats: Tracking association SourceState{79e806a com.google.android.gms/10121 Top #1768707} whose proc state 1 is better than process ProcessState{fd0ea72 com.google.android.gms.persistent/10121 pkg=com.google.android.gms} proc state 2 (2 skipped)
04-14 13:56:13.985  1843  1979 W ProcessStats: Tracking association SourceState{79e806a com.google.android.gms/10121 Top #1768713} whose proc state 1 is better than process ProcessState{fd0ea72 com.google.android.gms.persistent/10121 pkg=com.google.android.gms} proc state 2 (5 skipped)
04-14 13:56:24.019  1843  1979 W ProcessStats: Tracking association SourceState{79e806a com.google.android.gms/10121 Top #1768716} whose proc state 1 is better than process ProcessState{fd0ea72 com.google.android.gms.persistent/10121 pkg=com.google.android.gms} proc state 2 (2 skipped)
04-14 13:56:34.064  1843  1979 W ProcessStats: Tracking association SourceState{79e806a com.google.android.gms/10121 Top #1768718} whose proc state 1 is better than process ProcessState{fd0ea72 com.google.android.gms.persistent/10121 pkg=com.google.android.gms} proc state 2 (1 skipped)
04-14 13:56:44.095  1843  1979 W ProcessStats: Tracking association SourceState{79e806a com.google.android.gms/10121 Top #1768724} whose proc state 1 is better than process ProcessState{fd0ea72 com.google.android.gms.persistent/10121 pkg=com.google.android.gms} proc state 2 (5 skipped)
04-14 13:56:54.131  1843  1979 W ProcessStats: Tracking association SourceState{79e806a com.google.android.gms/10121 Top #1768728} whose proc state 1 is better than process ProcessState{fd0ea72 com.google.android.gms.persistent/10121 pkg=com.google.android.gms} proc state 2 (3 skipped)
04-14 13:57:04.613  1843  1979 W ProcessStats: Tracking association SourceState{79e806a com.google.android.gms/10121 Top #1768730} whose proc state 1 is better than process ProcessState{fd0ea72 com.google.android.gms.persistent/10121 pkg=com.google.android.gms} proc state 2 (1 skipped)
04-14 13:57:17.509  1843  3416 W ProcessStats: Tracking association SourceState{79e806a com.google.android.gms/10121 Top #1768736} whose proc state 1 is better than process ProcessState{fd0ea72 com.google.android.gms.persistent/10121 pkg=com.google.android.gms} proc state 2 (5 skipped)
04-14 13:57:33.000  1843  1979 I UsageStatsService: User[0] Flushing usage stats to disk
04-14 13:57:34.264  1843  1979 W ProcessStats: Tracking association SourceState{79e806a com.google.android.gms/10121 Top #1768740} whose proc state 1 is better than process ProcessState{fd0ea72 com.google.android.gms.persistent/10121 pkg=com.google.android.gms} proc state 2 (3 skipped)
04-14 13:57:37.425  1843  3416 W BatteryExternalStatsWorker: error reading Bluetooth stats: 11
04-14 13:57:44.297  1843  1979 W ProcessStats: Tracking association SourceState{79e806a com.google.android.gms/10121 Top #1768745} whose proc state 1 is better than process ProcessState{fd0ea72 com.google.android.gms.persistent/10121 pkg=com.google.android.gms} proc state 2 (4 skipped)
04-14 13:57:54.360  1843  1979 W ProcessStats: Tracking association SourceState{79e806a com.google.android.gms/10121 Top #1768748} whose proc state 1 is better than process ProcessState{fd0ea72 com.google.android.gms.persistent/10121 pkg=com.google.android.gms} proc state 2 (2 skipped)
04-14 13:58:04.398  1843  1979 W ProcessStats: Tracking association SourceState{79e806a com.google.android.gms/10121 Top #1768750} whose proc state 1 is better than process ProcessState{fd0ea72 com.google.android.gms.persistent/10121 pkg=com.google.android.gms} proc state 2 (1 skipped)
04-14 13:58:14.433  1843  1979 W ProcessStats: Tracking association SourceState{79e806a com.google.android.gms/10121 Top #1768755} whose proc state 1 is better than process ProcessState{fd0ea72 com.google.android.gms.persistent/10121 pkg=com.google.android.gms} proc state 2 (4 skipped)
04-14 13:58:24.470  1843  1979 W ProcessStats: Tracking association SourceState{79e806a com.google.android.gms/10121 Top #1768758} whose proc state 1 is better than process ProcessState{fd0ea72 com.google.android.gms.persistent/10121 pkg=com.google.android.gms} proc state 2 (2 skipped)
04-14 13:58:34.510  1843  1979 W ProcessStats: Tracking association SourceState{79e806a com.google.android.gms/10121 Top #1768760} whose proc state 1 is better than process ProcessState{fd0ea72 com.google.android.gms.persistent/10121 pkg=com.google.android.gms} proc state 2 (1 skipped)
04-14 13:58:47.511  1843  3416 W ProcessStats: Tracking association SourceState{79e806a com.google.android.gms/10121 Top #1768767} whose proc state 1 is better than process ProcessState{fd0ea72 com.google.android.gms.persistent/10121 pkg=com.google.android.gms} proc state 2 (6 skipped)
04-14 13:58:57.517  1843 14537 W ProcessStats: Tracking association SourceState{79e806a com.google.android.gms/10121 Top #1768771} whose proc state 1 is better than process ProcessState{fd0ea72 com.google.android.gms.persistent/10121 pkg=com.google.android.gms} proc state 2 (3 skipped)
04-14 13:59:08.635  1843  4194 W ProcessStats: Tracking association SourceState{79e806a com.google.android.gms/10121 Top #1768777} whose proc state 1 is better than process ProcessState{fd0ea72 com.google.android.gms.persistent/10121 pkg=com.google.android.gms} proc state 2 (5 skipped)
04-14 13:59:18.676  1843  4194 W ProcessStats: Tracking association SourceState{79e806a com.google.android.gms/10121 Top #1768783} whose proc state 1 is better than process ProcessState{fd0ea72 com.google.android.gms.persistent/10121 pkg=com.google.android.gms} proc state 2 (5 skipped)
04-14 13:59:28.723  1843 14537 W ProcessStats: Tracking association SourceState{79e806a com.google.android.gms/10121 Top #1768787} whose proc state 1 is better than process ProcessState{fd0ea72 com.google.android.gms.persistent/10121 pkg=com.google.android.gms} proc state 2 (3 skipped)
04-14 13:59:38.755  1843  4194 W ProcessStats: Tracking association SourceState{79e806a com.google.android.gms/10121 Top #1768790} whose proc state 1 is better than process ProcessState{fd0ea72 com.google.android.gms.persistent/10121 pkg=com.google.android.gms} proc state 2 (2 skipped)
04-14 13:59:48.795  1843  4194 W ProcessStats: Tracking association SourceState{79e806a com.google.android.gms/10121 Top #1768796} whose proc state 1 is better than process ProcessState{fd0ea72 com.google.android.gms.persistent/10121 pkg=com.google.android.gms} proc state 2 (5 skipped)
04-14 13:59:58.839  1843  3416 W ProcessStats: Tracking association SourceState{79e806a com.google.android.gms/10121 Top #1768801} whose proc state 1 is better than process ProcessState{fd0ea72 com.google.android.gms.persistent/10121 pkg=com.google.android.gms} proc state 2 (4 skipped)
04-14 14:00:00.016  1843  1980 D CompatibilityChangeReporter: Compat change id reported: 135634846; UID 10111; state: DISABLED
04-14 14:00:00.016  1843  1980 D CompatibilityChangeReporter: Compat change id reported: 177438394; UID 10111; state: DISABLED
04-14 14:00:00.016  1843  1980 D CompatibilityChangeReporter: Compat change id reported: 135772972; UID 10111; state: DISABLED
04-14 14:00:00.016  1843  1980 D CompatibilityChangeReporter: Compat change id reported: 135754954; UID 10111; state: ENABLED
04-14 14:00:00.018  1843  1981 D CompatibilityChangeReporter: Compat change id reported: 143937733; UID 10111; state: ENABLED
04-14 14:00:00.044  1843  1981 I ActivityManager: Start proc 30809:com.google.android.settings.intelligence/u0a111 for broadcast {com.google.android.settings.intelligence/com.google.android.settings.intelligence.modules.battery.impl.usage.PeriodicJobReceiver}
04-14 14:00:00.153  1843  4194 D CompatibilityChangeReporter: Compat change id reported: 194532703; UID 10111; state: ENABLED
04-14 14:00:00.156  1843  4194 D CompatibilityChangeReporter: Compat change id reported: 161145287; UID 10111; state: DISABLED
04-14 14:00:00.161  1843  4194 D CompatibilityChangeReporter: Compat change id reported: 161252188; UID 1000; state: ENABLED
04-14 14:00:00.166  1843  4194 D CompatibilityChangeReporter: Compat change id reported: 171306433; UID 10111; state: ENABLED
04-14 14:00:00.167  1843  4194 D CompatibilityChangeReporter: Compat change id reported: 226439802; UID 10111; state: DISABLED
04-14 14:00:00.167  1843  4194 D CompatibilityChangeReporter: Compat change id reported: 218533173; UID 10111; state: ENABLED
04-14 14:00:00.172  1843  4194 D CompatibilityChangeReporter: Compat change id reported: 135634846; UID 1000; state: DISABLED
04-14 14:00:00.172  1843  4194 D CompatibilityChangeReporter: Compat change id reported: 177438394; UID 1000; state: DISABLED
04-14 14:00:00.172  1843  4194 D CompatibilityChangeReporter: Compat change id reported: 135772972; UID 1000; state: DISABLED
04-14 14:00:00.172  1843  4194 D CompatibilityChangeReporter: Compat change id reported: 135754954; UID 1000; state: ENABLED
04-14 14:00:00.186  1843  1981 I ActivityManager: Start proc 30832:com.android.settings/1000 for broadcast {com.android.settings/com.google.android.settings.fuelgauge.BatteryBroadcastReceiver}
04-14 14:00:00.218  1843  4194 D CompatibilityChangeReporter: Compat change id reported: 168419799; UID 1000; state: DISABLED
04-14 14:00:00.385 30832 30850 W PowerProfile: ambient.on is deprecated! Use ambient.on.display0 instead.
04-14 14:00:00.385 30832 30850 W PowerProfile: screen.on is deprecated! Use screen.on.display0 instead.
04-14 14:00:00.385 30832 30850 W PowerProfile: screen.full is deprecated! Use screen.full.display0 instead.
04-14 14:00:00.385 30832 30850 W ModemPowerProfile: getAverageBatteryDrainMaH called with unexpected key: 0x0, drain:0,RAT:DEFAULT
04-14 14:00:00.385 30832 30850 W ModemPowerProfile: getAverageBatteryDrainMaH called with unexpected key: 0x10000000, drain:IDLE,RAT:DEFAULT
04-14 14:00:00.386 30832 30850 W ModemPowerProfile: getAverageBatteryDrainMaH called with unexpected key: 0x20000000, drain:RX,RAT:DEFAULT
04-14 14:00:00.386 30832 30850 W ModemPowerProfile: getAverageBatteryDrainMaH called with unexpected key: 0x30000000, drain:TX,level:UNKNOWN(0x0)RAT:DEFAULT
04-14 14:00:00.386 30832 30850 W ModemPowerProfile: getAverageBatteryDrainMaH called with unexpected key: 0x31000000, drain:TX,level:UNKNOWN(0x1000000)RAT:DEFAULT
04-14 14:00:00.386 30832 30850 W ModemPowerProfile: getAverageBatteryDrainMaH called with unexpected key: 0x32000000, drain:TX,level:UNKNOWN(0x2000000)RAT:DEFAULT
04-14 14:00:00.386 30832 30850 W ModemPowerProfile: getAverageBatteryDrainMaH called with unexpected key: 0x33000000, drain:TX,level:UNKNOWN(0x3000000)RAT:DEFAULT
04-14 14:00:00.386 30832 30850 W ModemPowerProfile: getAverageBatteryDrainMaH called with unexpected key: 0x34000000, drain:TX,level:UNKNOWN(0x4000000)RAT:DEFAULT
04-14 14:00:00.938  1843  3416 D CompatibilityChangeReporter: Compat change id reported: 161145287; UID 1000; state: DISABLED
04-14 14:00:08.880  1843 14537 W ProcessStats: Tracking association SourceState{79e806a com.google.android.gms/10121 Top #1768821} whose proc state 1 is better than process ProcessState{fd0ea72 com.google.android.gms.persistent/10121 pkg=com.google.android.gms} proc state 2 (10 skipped)
04-14 14:00:18.924  1843 14537 W ProcessStats: Tracking association SourceState{79e806a com.google.android.gms/10121 Top #1768831} whose proc state 1 is better than process ProcessState{fd0ea72 com.google.android.gms.persistent/10121 pkg=com.google.android.gms} proc state 2 (8 skipped)
04-14 14:00:21.524  1843  2308 D CompatibilityChangeReporter: Compat change id reported: 135634846; UID 10151; state: DISABLED
04-14 14:00:21.524  1843  2308 D CompatibilityChangeReporter: Compat change id reported: 177438394; UID 10151; state: DISABLED
04-14 14:00:21.524  1843  2308 D CompatibilityChangeReporter: Compat change id reported: 135772972; UID 10151; state: DISABLED
04-14 14:00:21.524  1843  2308 D CompatibilityChangeReporter: Compat change id reported: 135754954; UID 10151; state: ENABLED
04-14 14:00:21.525  1843  1981 D CompatibilityChangeReporter: Compat change id reported: 143937733; UID 10151; state: ENABLED
04-14 14:00:21.556  1843  1981 I ActivityManager: Start proc 30879:com.google.android.googlequicksearchbox:train/u0a151 for service {com.google.android.googlequicksearchbox/com.google.frameworks.client.data.android.server.tiktok.TrainProcessEndpointService}
04-14 14:00:21.935  1843  2308 I ActivityManager: Killing 28202:com.google.process.gapps/u0a121 (adj 985): empty #33
04-14 14:00:21.943  1843  2308 D CompatibilityChangeReporter: Compat change id reported: 161145287; UID 10151; state: DISABLED
04-14 14:00:23.289  1843 14431 D CompatibilityChangeReporter: Compat change id reported: 194532703; UID 10151; state: ENABLED
04-14 14:00:28.967  1843  2308 W ProcessStats: Tracking association SourceState{79e806a com.google.android.gms/10121 Top #1768868} whose proc state 1 is better than process ProcessState{fd0ea72 com.google.android.gms.persistent/10121 pkg=com.google.android.gms} proc state 2 (29 skipped)
04-14 14:00:38.996  1843  2308 W ProcessStats: Tracking association SourceState{79e806a com.google.android.gms/10121 Top #1768880} whose proc state 1 is better than process ProcessState{fd0ea72 com.google.android.gms.persistent/10121 pkg=com.google.android.gms} proc state 2 (11 skipped)
04-14 14:00:49.033  1843 14431 W ProcessStats: Tracking association SourceState{79e806a com.google.android.gms/10121 Top #1768883} whose proc state 1 is better than process ProcessState{fd0ea72 com.google.android.gms.persistent/10121 pkg=com.google.android.gms} proc state 2 (2 skipped)
04-14 14:01:00.094  1843 14431 W BatteryExternalStatsWorker: error reading Bluetooth stats: 11
04-14 14:01:03.541  1843  1979 W ProcessStats: Tracking association SourceState{79e806a com.google.android.gms/10121 Top #1768897} whose proc state 1 is better than process ProcessState{fd0ea72 com.google.android.gms.persistent/10121 pkg=com.google.android.gms} proc state 2 (7 skipped)
04-14 14:01:13.545  1843  1979 W ProcessStats: Tracking association SourceState{79e806a com.google.android.gms/10121 Top #1768905} whose proc state 1 is better than process ProcessState{fd0ea72 com.google.android.gms.persistent/10121 pkg=com.google.android.gms} proc state 2 (7 skipped)
04-14 14:01:24.052  1843 14431 W ProcessStats: Tracking association SourceState{79e806a com.google.android.gms/10121 Top #1768917} whose proc state 1 is better than process ProcessState{fd0ea72 com.google.android.gms.persistent/10121 pkg=com.google.android.gms} proc state 2 (10 skipped)
04-14 14:01:37.512  1843  2027 W ProcessStats: Tracking association SourceState{79e806a com.google.android.gms/10121 Top #1768931} whose proc state 1 is better than process ProcessState{fd0ea72 com.google.android.gms.persistent/10121 pkg=com.google.android.gms} proc state 2 (12 skipped)
04-14 14:01:47.514  1843  2027 W ProcessStats: Tracking association SourceState{79e806a com.google.android.gms/10121 Top #1768938} whose proc state 1 is better than process ProcessState{fd0ea72 com.google.android.gms.persistent/10121 pkg=com.google.android.gms} proc state 2 (6 skipped)
04-14 14:01:57.522  1843 14431 W ProcessStats: Tracking association SourceState{79e806a com.google.android.gms/10121 Top #1768942} whose proc state 1 is better than process ProcessState{fd0ea72 com.google.android.gms.persistent/10121 pkg=com.google.android.gms} proc state 2 (3 skipped)
04-14 14:02:09.028  1843  2027 W ProcessStats: Tracking association SourceState{79e806a com.google.android.gms/10121 Top #1768946} whose proc state 1 is better than process ProcessState{fd0ea72 com.google.android.gms.persistent/10121 pkg=com.google.android.gms} proc state 2 (3 skipped)
04-14 14:02:19.353  1843  2027 W ProcessStats: Tracking association SourceState{79e806a com.google.android.gms/10121 Top #1768952} whose proc state 1 is better than process ProcessState{fd0ea72 com.google.android.gms.persistent/10121 pkg=com.google.android.gms} proc state 2 (5 skipped)
04-14 14:02:29.390  1843  2027 W ProcessStats: Tracking association SourceState{79e806a com.google.android.gms/10121 Top #1768956} whose proc state 1 is better than process ProcessState{fd0ea72 com.google.android.gms.persistent/10121 pkg=com.google.android.gms} proc state 2 (3 skipped)
04-14 14:02:39.436  1843 14431 W ProcessStats: Tracking association SourceState{79e806a com.google.android.gms/10121 Top #1768962} whose proc state 1 is better than process ProcessState{fd0ea72 com.google.android.gms.persistent/10121 pkg=com.google.android.gms} proc state 2 (5 skipped)
04-14 14:02:49.481  1843 14431 W ProcessStats: Tracking association SourceState{79e806a com.google.android.gms/10121 Top #1768965} whose proc state 1 is better than process ProcessState{fd0ea72 com.google.android.gms.persistent/10121 pkg=com.google.android.gms} proc state 2 (2 skipped)
04-14 14:03:03.556  1843  1979 W ProcessStats: Tracking association SourceState{79e806a com.google.android.gms/10121 Top #1768970} whose proc state 1 is better than process ProcessState{fd0ea72 com.google.android.gms.persistent/10121 pkg=com.google.android.gms} proc state 2 (4 skipped)
04-14 14:03:14.169  1843  2027 W ProcessStats: Tracking association SourceState{79e806a com.google.android.gms/10121 Top #1768977} whose proc state 1 is better than process ProcessState{fd0ea72 com.google.android.gms.persistent/10121 pkg=com.google.android.gms} proc state 2 (6 skipped)
04-14 14:03:27.525  1843  3416 W ProcessStats: Tracking association SourceState{79e806a com.google.android.gms/10121 Top #1768985} whose proc state 1 is better than process ProcessState{fd0ea72 com.google.android.gms.persistent/10121 pkg=com.google.android.gms} proc state 2 (5 skipped)
04-14 14:03:37.525  1843  2027 W ProcessStats: Tracking association SourceState{79e806a com.google.android.gms/10121 Top #1768992} whose proc state 1 is better than process ProcessState{fd0ea72 com.google.android.gms.persistent/10121 pkg=com.google.android.gms} proc state 2 (6 skipped)
04-14 14:03:47.526  1843  2027 W ProcessStats: Tracking association SourceState{79e806a com.google.android.gms/10121 Top #1768998} whose proc state 1 is better than process ProcessState{fd0ea72 com.google.android.gms.persistent/10121 pkg=com.google.android.gms} proc state 2 (5 skipped)
04-14 14:03:57.531  1843  2027 W ProcessStats: Tracking association SourceState{79e806a com.google.android.gms/10121 Top #1769003} whose proc state 1 is better than process ProcessState{fd0ea72 com.google.android.gms.persistent/10121 pkg=com.google.android.gms} proc state 2 (4 skipped)
04-14 14:04:09.143  1843  4194 W ProcessStats: Tracking association SourceState{79e806a com.google.android.gms/10121 Top #1769007} whose proc state 1 is better than process ProcessState{fd0ea72 com.google.android.gms.persistent/10121 pkg=com.google.android.gms} proc state 2 (3 skipped)
04-14 14:04:19.762  1843 14536 W ProcessStats: Tracking association SourceState{79e806a com.google.android.gms/10121 Top #1769013} whose proc state 1 is better than process ProcessState{fd0ea72 com.google.android.gms.persistent/10121 pkg=com.google.android.gms} proc state 2 (5 skipped)
04-14 14:04:28.231  1843  2086 D ActivityManager: freezing 27519 com.tencent.android.qqdownloader:live
04-14 14:04:28.333  1843  2086 D ActivityManager: freezing 15113 com.tencent.mm:appbrand1
04-14 14:04:28.351  1843  2086 D ActivityManager: freezing 15112 com.tencent.mm:appbrand0
04-14 14:04:28.369  1843  2086 D ActivityManager: freezing 16333 com.iqiyi.knowledge
04-14 14:04:28.408  1843  2086 D ActivityManager: freezing 29033 com.google.android.inputmethod.latin
04-14 14:04:28.422  1843  2086 D ActivityManager: freezing 29673 com.android.chrome:privileged_process0
04-14 14:04:29.803  1843  4194 W ProcessStats: Tracking association SourceState{79e806a com.google.android.gms/10121 Top #1769021} whose proc state 1 is better than process ProcessState{fd0ea72 com.google.android.gms.persistent/10121 pkg=com.google.android.gms} proc state 2 (7 skipped)
04-14 14:04:39.851  1843  4194 W ProcessStats: Tracking association SourceState{79e806a com.google.android.gms/10121 Top #1769031} whose proc state 1 is better than process ProcessState{fd0ea72 com.google.android.gms.persistent/10121 pkg=com.google.android.gms} proc state 2 (9 skipped)
04-14 14:04:48.440  1843  2086 D ActivityManager: freezing 30414 .ShannonImsService
04-14 14:04:49.897  1843  4194 W ProcessStats: Tracking association SourceState{79e806a com.google.android.gms/10121 Top #1769035} whose proc state 1 is better than process ProcessState{fd0ea72 com.google.android.gms.persistent/10121 pkg=com.google.android.gms} proc state 2 (3 skipped)
04-14 14:04:59.938  1843 14537 W ProcessStats: Tracking association SourceState{79e806a com.google.android.gms/10121 Top #1769046} whose proc state 1 is better than process ProcessState{fd0ea72 com.google.android.gms.persistent/10121 pkg=com.google.android.gms} proc state 2 (8 skipped)
04-14 14:05:07.360  1083  1083 I vendor.google.wifi_ext@1.0-service-vendor: Wifi: Setting SAR Scenario to 3
04-14 14:05:09.985  1843 14536 W ProcessStats: Tracking association SourceState{79e806a com.google.android.gms/10121 Top #1769057} whose proc state 1 is better than process ProcessState{fd0ea72 com.google.android.gms.persistent/10121 pkg=com.google.android.gms} proc state 2 (9 skipped)
04-14 14:05:20.027  1843 14536 W ProcessStats: Tracking association SourceState{79e806a com.google.android.gms/10121 Top #1769060} whose proc state 1 is better than process ProcessState{fd0ea72 com.google.android.gms.persistent/10121 pkg=com.google.android.gms} proc state 2 (2 skipped)
04-14 14:05:26.711  1083  1083 I vendor.google.wifi_ext@1.0-service-vendor: Wifi: Reseting SAR Scenario to default
04-14 14:05:30.067  1843 14536 W ProcessStats: Tracking association SourceState{79e806a com.google.android.gms/10121 Top #1769068} whose proc state 1 is better than process ProcessState{fd0ea72 com.google.android.gms.persistent/10121 pkg=com.google.android.gms} proc state 2 (6 skipped)
04-14 14:05:40.121  1843 14536 W ProcessStats: Tracking association SourceState{79e806a com.google.android.gms/10121 Top #1769074} whose proc state 1 is better than process ProcessState{fd0ea72 com.google.android.gms.persistent/10121 pkg=com.google.android.gms} proc state 2 (5 skipped)
04-14 14:05:50.165  1843 14536 W ProcessStats: Tracking association SourceState{79e806a com.google.android.gms/10121 Top #1769079} whose proc state 1 is better than process ProcessState{fd0ea72 com.google.android.gms.persistent/10121 pkg=com.google.android.gms} proc state 2 (4 skipped)
04-14 14:05:52.447  1843  2086 D ActivityManager: freezing 30430 com.google.android.apps.messaging
04-14 14:05:52.458  1843  2086 D ActivityManager: freezing 24653 android.process.acore
04-14 14:05:52.921  1843  2090 E AlarmManager: Attempt to decrement existing alarm count 0 by 1 for uid 1000
04-14 14:05:52.925  1843  2090 E AlarmManager: Attempt to decrement existing alarm count 0 by 1 for uid 1000
04-14 14:05:53.016  1843  1980 I DropBoxManagerService: add tag=system_server_wtf isTagEnabled=true flags=0x6
04-14 14:05:53.094  1843  1980 I DropBoxManagerService: add tag=system_server_wtf isTagEnabled=true flags=0x6
04-14 14:05:55.024  1843  1980 W BroadcastQueue: Background execution not allowed: receiving Intent { act=android.intent.action.DROPBOX_ENTRY_ADDED flg=0x10 (has extras) } to com.google.android.gms/.stats.service.DropBoxEntryAddedReceiver
04-14 14:05:55.025  1843  1980 W BroadcastQueue: Background execution not allowed: receiving Intent { act=android.intent.action.DROPBOX_ENTRY_ADDED flg=0x10 (has extras) } to com.google.android.gms/.chimera.GmsIntentOperationService$PersistentTrustedReceiver
04-14 14:05:55.118  1843 14536 I DropBoxManagerService: add tag=platform_stats_bookmark isTagEnabled=true flags=0x2
04-14 14:05:55.120  1843  1980 W BroadcastQueue: Background execution not allowed: receiving Intent { act=android.intent.action.DROPBOX_ENTRY_ADDED flg=0x10 (has extras) } to com.google.android.gms/.stats.service.DropBoxEntryAddedReceiver
04-14 14:05:55.120  1843  1980 W BroadcastQueue: Background execution not allowed: receiving Intent { act=android.intent.action.DROPBOX_ENTRY_ADDED flg=0x10 (has extras) } to com.google.android.gms/.chimera.GmsIntentOperationService$PersistentTrustedReceiver
04-14 14:06:00.204  1843 14536 W ProcessStats: Tracking association SourceState{e81bd61 com.qiyi.video/10432 Top #1769108} whose proc state 1 is better than process ProcessState{a15317c com.google.android.gms/10121 pkg=com.google.android.gms} proc state 7 (28 skipped)
04-14 14:06:10.245  1843 14538 W ProcessStats: Tracking association SourceState{79e806a com.google.android.gms/10121 Top #1769123} whose proc state 1 is better than process ProcessState{fd0ea72 com.google.android.gms.persistent/10121 pkg=com.google.android.gms} proc state 2 (14 skipped)
04-14 14:06:20.281  1843 14538 W ProcessStats: Tracking association SourceState{79e806a com.google.android.gms/10121 Top #1769126} whose proc state 1 is better than process ProcessState{fd0ea72 com.google.android.gms.persistent/10121 pkg=com.google.android.gms} proc state 2 (2 skipped)
04-14 14:06:30.307  1843 14536 W ProcessStats: Tracking association SourceState{79e806a com.google.android.gms/10121 Top #1769130} whose proc state 1 is better than process ProcessState{fd0ea72 com.google.android.gms.persistent/10121 pkg=com.google.android.gms} proc state 2 (3 skipped)
04-14 14:06:40.346  1843 14538 W ProcessStats: Tracking association SourceState{79e806a com.google.android.gms/10121 Top #1769136} whose proc state 1 is better than process ProcessState{fd0ea72 com.google.android.gms.persistent/10121 pkg=com.google.android.gms} proc state 2 (5 skipped)
04-14 14:06:50.384  1843 14538 W ProcessStats: Tracking association SourceState{79e806a com.google.android.gms/10121 Top #1769139} whose proc state 1 is better than process ProcessState{fd0ea72 com.google.android.gms.persistent/10121 pkg=com.google.android.gms} proc state 2 (2 skipped)
04-14 14:07:00.450  1843 14538 W ProcessStats: Tracking association SourceState{79e806a com.google.android.gms/10121 Top #1769144} whose proc state 1 is better than process ProcessState{fd0ea72 com.google.android.gms.persistent/10121 pkg=com.google.android.gms} proc state 2 (4 skipped)
04-14 14:07:10.496  1843 14541 W ProcessStats: Tracking association SourceState{79e806a com.google.android.gms/10121 Top #1769150} whose proc state 1 is better than process ProcessState{fd0ea72 com.google.android.gms.persistent/10121 pkg=com.google.android.gms} proc state 2 (5 skipped)
04-14 14:07:20.526  1843 14541 W ProcessStats: Tracking association SourceState{79e806a com.google.android.gms/10121 Top #1769154} whose proc state 1 is better than process ProcessState{fd0ea72 com.google.android.gms.persistent/10121 pkg=com.google.android.gms} proc state 2 (3 skipped)
04-14 14:07:30.563  1843 14538 W ProcessStats: Tracking association SourceState{79e806a com.google.android.gms/10121 Top #1769159} whose proc state 1 is better than process ProcessState{fd0ea72 com.google.android.gms.persistent/10121 pkg=com.google.android.gms} proc state 2 (4 skipped)
04-14 14:07:40.611  1843 14538 W ProcessStats: Tracking association SourceState{79e806a com.google.android.gms/10121 Top #1769165} whose proc state 1 is better than process ProcessState{fd0ea72 com.google.android.gms.persistent/10121 pkg=com.google.android.gms} proc state 2 (5 skipped)
04-14 14:07:43.817  1843 14538 D CompatibilityChangeReporter: Compat change id reported: 161252188; UID 10219; state: ENABLED
04-14 14:07:43.823  1843 14538 D ActivityManager: sync unfroze 29096 com.google.android.permissioncontroller
04-14 14:07:43.824  1843 14538 D CompatibilityChangeReporter: Compat change id reported: 168419799; UID 10219; state: DISABLED
04-14 14:07:50.654  1843 14536 W ProcessStats: Tracking association SourceState{79e806a com.google.android.gms/10121 Top #1769172} whose proc state 1 is better than process ProcessState{fd0ea72 com.google.android.gms.persistent/10121 pkg=com.google.android.gms} proc state 2 (3 skipped)
04-14 14:08:00.677  1843 14538 W ProcessStats: Tracking association SourceState{79e806a com.google.android.gms/10121 Top #1769176} whose proc state 1 is better than process ProcessState{fd0ea72 com.google.android.gms.persistent/10121 pkg=com.google.android.gms} proc state 2 (3 skipped)
04-14 14:08:10.719  1843 14538 W ProcessStats: Tracking association SourceState{79e806a com.google.android.gms/10121 Top #1769182} whose proc state 1 is better than process ProcessState{fd0ea72 com.google.android.gms.persistent/10121 pkg=com.google.android.gms} proc state 2 (5 skipped)
04-14 14:08:20.759  1843 14539 W ProcessStats: Tracking association SourceState{79e806a com.google.android.gms/10121 Top #1769188} whose proc state 1 is better than process ProcessState{fd0ea72 com.google.android.gms.persistent/10121 pkg=com.google.android.gms} proc state 2 (5 skipped)
04-14 14:08:30.810  1843  4311 W ProcessStats: Tracking association SourceState{79e806a com.google.android.gms/10121 Top #1769192} whose proc state 1 is better than process ProcessState{fd0ea72 com.google.android.gms.persistent/10121 pkg=com.google.android.gms} proc state 2 (3 skipped)
04-14 14:08:40.851  1843  4311 W ProcessStats: Tracking association SourceState{79e806a com.google.android.gms/10121 Top #1769198} whose proc state 1 is better than process ProcessState{fd0ea72 com.google.android.gms.persistent/10121 pkg=com.google.android.gms} proc state 2 (5 skipped)
04-14 14:08:50.893  1843  4311 W ProcessStats: Tracking association SourceState{79e806a com.google.android.gms/10121 Top #1769201} whose proc state 1 is better than process ProcessState{fd0ea72 com.google.android.gms.persistent/10121 pkg=com.google.android.gms} proc state 2 (2 skipped)
04-14 14:09:00.932  1843  4311 W ProcessStats: Tracking association SourceState{79e806a com.google.android.gms/10121 Top #1769208} whose proc state 1 is better than process ProcessState{fd0ea72 com.google.android.gms.persistent/10121 pkg=com.google.android.gms} proc state 2 (6 skipped)
04-14 14:09:10.981  1843  4311 W ProcessStats: Tracking association SourceState{79e806a com.google.android.gms/10121 Top #1769214} whose proc state 1 is better than process ProcessState{fd0ea72 com.google.android.gms.persistent/10121 pkg=com.google.android.gms} proc state 2 (5 skipped)
04-14 14:09:21.016  1843 14539 W ProcessStats: Tracking association SourceState{79e806a com.google.android.gms/10121 Top #1769218} whose proc state 1 is better than process ProcessState{fd0ea72 com.google.android.gms.persistent/10121 pkg=com.google.android.gms} proc state 2 (3 skipped)
04-14 14:09:31.067  1843 14539 W ProcessStats: Tracking association SourceState{79e806a com.google.android.gms/10121 Top #1769222} whose proc state 1 is better than process ProcessState{fd0ea72 com.google.android.gms.persistent/10121 pkg=com.google.android.gms} proc state 2 (3 skipped)
04-14 14:09:41.104  1843 14539 W ProcessStats: Tracking association SourceState{79e806a com.google.android.gms/10121 Top #1769229} whose proc state 1 is better than process ProcessState{fd0ea72 com.google.android.gms.persistent/10121 pkg=com.google.android.gms} proc state 2 (6 skipped)
04-14 14:09:51.142  1843  4311 W ProcessStats: Tracking association SourceState{79e806a com.google.android.gms/10121 Top #1769232} whose proc state 1 is better than process ProcessState{fd0ea72 com.google.android.gms.persistent/10121 pkg=com.google.android.gms} proc state 2 (2 skipped)
04-14 14:10:00.315  1843  2086 D ActivityManager: freezing 30832 com.android.settings
04-14 14:10:01.184  1843 14431 W ProcessStats: Tracking association SourceState{79e806a com.google.android.gms/10121 Top #1769239} whose proc state 1 is better than process ProcessState{fd0ea72 com.google.android.gms.persistent/10121 pkg=com.google.android.gms} proc state 2 (4 skipped)
04-14 14:10:10.040  1843  2086 D ActivityManager: freezing 30809 com.google.android.settings.intelligence
04-14 14:10:11.239  1843 14431 W ProcessStats: Tracking association SourceState{79e806a com.google.android.gms/10121 Top #1769245} whose proc state 1 is better than process ProcessState{fd0ea72 com.google.android.gms.persistent/10121 pkg=com.google.android.gms} proc state 2 (5 skipped)
04-14 14:10:21.285  1843 14431 W ProcessStats: Tracking association SourceState{79e806a com.google.android.gms/10121 Top #1769248} whose proc state 1 is better than process ProcessState{fd0ea72 com.google.android.gms.persistent/10121 pkg=com.google.android.gms} proc state 2 (2 skipped)
04-14 14:10:23.342  1843  2086 D ActivityManager: freezing 13996 com.tencent.tim:MSF
04-14 14:10:31.330  1843 14431 I ActivityManager: Killing 28735:com.google.audio.hearing.visualization.accessibility.scribe/u0a122 (adj 975): empty for 1800s
04-14 14:10:31.334  1843 14431 I ActivityManager: Killing 28706:com.google.android.apps.restore/u0a113 (adj 975): empty for 1800s
04-14 14:10:31.335  1843 14431 I ActivityManager: Killing 28682:com.google.android.projection.gearhead:shared/u0a137 (adj 985): empty for 1800s
04-14 14:10:31.336  1843 14431 I ActivityManager: Killing 28659:com.google.android.marvin.talkback/u0a187 (adj 985): empty for 1800s
04-14 14:10:31.336  1843 14431 I ActivityManager: Killing 28632:com.google.android.accessibility.soundamplifier/u0a177 (adj 985): empty for 1800s
04-14 14:10:31.337  1843 14431 I ActivityManager: Killing 24653:android.process.acore/u0a62 (adj 985): empty for 1800s
04-14 14:10:31.339  1843 14431 W ProcessStats: Tracking association SourceState{79e806a com.google.android.gms/10121 Top #1769252} whose proc state 1 is better than process ProcessState{fd0ea72 com.google.android.gms.persistent/10121 pkg=com.google.android.gms} proc state 2 (3 skipped)
04-14 14:10:32.047  1843  3416 I ActivityManager: Killing 27918:com.google.android.apps.nbu.files/u0a102 (adj 995): empty for 1800s
04-14 14:10:33.568  1843  1979 I ActivityManager: Killing 28913:com.google.android.apps.safetyhub/u0a120 (adj 995): empty for 1800s
04-14 14:10:33.570  1843  1979 I ActivityManager: Killing 28832:com.google.android.apps.photos/u0a172 (adj 995): empty for 1801s
04-14 14:10:35.597  1843 14538 I ActivityManager: Killing 29308:com.google.android.apps.carrier.carrierwifi/u0a123 (adj 985): empty for 1800s
04-14 14:10:35.598  1843 14538 I ActivityManager: Killing 29126:com.google.android.youtube/u0a174 (adj 905): empty for 1800s
04-14 14:10:35.600  1843 14538 I ActivityManager: Killing 29033:com.google.android.inputmethod.latin/u0a165 (adj 985): empty for 1801s
04-14 14:10:35.660  1843  4311 D ActivityManager: sync unfroze 29673 com.android.chrome:privileged_process0
04-14 14:10:35.664  1843  4311 D ActivityManager: sync unfroze 29724 com.android.chrome:sandboxed_process0:org.chromium.content.app.SandboxedProcessService0:0
04-14 14:10:36.760  1843  2308 I ActivityManager: Killing 28059:com.google.android.gm/u0a164 (adj 905): empty for 1800s
04-14 14:10:36.763  1843  2308 I ActivityManager: Killing 28406:com.google.android.projection.gearhead:provider/u0a137 (adj 995): empty for 1800s
04-14 14:10:36.764  1843  2308 I ActivityManager: Killing 29423:com.google.android.apps.youtube.music/u0a160 (adj 915): empty for 1800s
04-14 14:10:36.765  1843  2308 I ActivityManager: Killing 29329:com.google.android.calendar/u0a179 (adj 999): empty for 1800s
04-14 14:10:36.766  1843  2308 I ActivityManager: Killing 29369:com.android.providers.calendar/u0a75 (adj 999): empty for 1800s
04-14 14:10:39.542  1843 14538 I ActivityManager: Killing 27987:com.android.vending/u0a116 (adj 985): empty for 1800s
04-14 14:10:39.545  1843 14538 I ActivityManager: Killing 29724:com.android.chrome:sandboxed_process0:org.chromium.content.app.SandboxedProcessService0:0/u0a162i-9000 (adj 985): empty for 1801s
04-14 14:10:39.609  1843  1955 W ActivityManager: Scheduling restart of crashed service com.android.chrome/org.chromium.content.app.SandboxedProcessService0:0 in 1000ms for connection
04-14 14:10:41.370  1843 14538 W ProcessStats: Tracking association SourceState{79e806a com.google.android.gms/10121 Top #1769292} whose proc state 1 is better than process ProcessState{fd0ea72 com.google.android.gms.persistent/10121 pkg=com.google.android.gms} proc state 2 (39 skipped)
04-14 14:10:51.416  1843 14536 I ActivityManager: Killing 28433:com.android.vending:background/u0a116 (adj 975): empty for 1802s
04-14 14:10:51.420  1843 14536 W ProcessStats: Tracking association SourceState{79e806a com.google.android.gms/10121 Top #1769295} whose proc state 1 is better than process ProcessState{fd0ea72 com.google.android.gms.persistent/10121 pkg=com.google.android.gms} proc state 2 (2 skipped)
04-14 14:10:52.955  1843  1843 D CompatibilityChangeReporter: Compat change id reported: 171306433; UID 1000; state: ENABLED
04-14 14:10:52.955  1843  1843 D CompatibilityChangeReporter: Compat change id reported: 218533173; UID 1000; state: ENABLED
04-14 14:11:01.455  1843  1955 W ProcessStats: Tracking association SourceState{79e806a com.google.android.gms/10121 Top #1769305} whose proc state 1 is better than process ProcessState{fd0ea72 com.google.android.gms.persistent/10121 pkg=com.google.android.gms} proc state 2 (9 skipped)
04-14 14:11:11.473  1843  2028 W ProcessStats: Tracking association SourceState{79e806a com.google.android.gms/10121 Top #1769311} whose proc state 1 is better than process ProcessState{fd0ea72 com.google.android.gms.persistent/10121 pkg=com.google.android.gms} proc state 2 (5 skipped)
04-14 14:11:21.512  1843 14538 W ProcessStats: Tracking association SourceState{79e806a com.google.android.gms/10121 Top #1769320} whose proc state 1 is better than process ProcessState{fd0ea72 com.google.android.gms.persistent/10121 pkg=com.google.android.gms} proc state 2 (6 skipped)
04-14 14:11:28.294  1843  2086 D ActivityManager: freezing 30879 com.google.android.googlequicksearchbox:train
04-14 14:11:31.550  1843 14538 W ProcessStats: Tracking association SourceState{79e806a com.google.android.gms/10121 Top #1769324} whose proc state 1 is better than process ProcessState{fd0ea72 com.google.android.gms.persistent/10121 pkg=com.google.android.gms} proc state 2 (3 skipped)
04-14 14:11:37.554  1843 14538 I ActivityManager: Killing 29140:com.google.android.euicc/u0a99 (adj 975): empty for 1802s
04-14 14:11:41.587  1843  3416 W ProcessStats: Tracking association SourceState{79e806a com.google.android.gms/10121 Top #1769336} whose proc state 1 is better than process ProcessState{fd0ea72 com.google.android.gms.persistent/10121 pkg=com.google.android.gms} proc state 2 (9 skipped)
04-14 14:11:51.632  1843  3417 W ProcessStats: Tracking association SourceState{79e806a com.google.android.gms/10121 Top #1769340} whose proc state 1 is better than process ProcessState{fd0ea72 com.google.android.gms.persistent/10121 pkg=com.google.android.gms} proc state 2 (3 skipped)
04-14 14:12:01.669  1843  3416 W ProcessStats: Tracking association SourceState{79e806a com.google.android.gms/10121 Top #1769344} whose proc state 1 is better than process ProcessState{fd0ea72 com.google.android.gms.persistent/10121 pkg=com.google.android.gms} proc state 2 (3 skipped)
04-14 14:12:11.721  1843  3416 W ProcessStats: Tracking association SourceState{79e806a com.google.android.gms/10121 Top #1769350} whose proc state 1 is better than process ProcessState{fd0ea72 com.google.android.gms.persistent/10121 pkg=com.google.android.gms} proc state 2 (5 skipped)
04-14 14:12:21.761  1843  3417 W ProcessStats: Tracking association SourceState{79e806a com.google.android.gms/10121 Top #1769353} whose proc state 1 is better than process ProcessState{fd0ea72 com.google.android.gms.persistent/10121 pkg=com.google.android.gms} proc state 2 (2 skipped)
04-14 14:12:31.799  1843  3416 W ProcessStats: Tracking association SourceState{79e806a com.google.android.gms/10121 Top #1769357} whose proc state 1 is better than process ProcessState{fd0ea72 com.google.android.gms.persistent/10121 pkg=com.google.android.gms} proc state 2 (3 skipped)
04-14 14:12:41.832  1843  3416 W ProcessStats: Tracking association SourceState{79e806a com.google.android.gms/10121 Top #1769371} whose proc state 1 is better than process ProcessState{fd0ea72 com.google.android.gms.persistent/10121 pkg=com.google.android.gms} proc state 2 (13 skipped)
04-14 14:12:51.842  1843  3417 W ProcessStats: Tracking association SourceState{79e806a com.google.android.gms/10121 Top #1769375} whose proc state 1 is better than process ProcessState{fd0ea72 com.google.android.gms.persistent/10121 pkg=com.google.android.gms} proc state 2 (3 skipped)
04-14 14:13:01.929  1843  3416 W ProcessStats: Tracking association SourceState{79e806a com.google.android.gms/10121 Top #1769383} whose proc state 1 is better than process ProcessState{fd0ea72 com.google.android.gms.persistent/10121 pkg=com.google.android.gms} proc state 2 (7 skipped)
04-14 14:13:11.968  1843  1956 W ProcessStats: Tracking association SourceState{79e806a com.google.android.gms/10121 Top #1769389} whose proc state 1 is better than process ProcessState{fd0ea72 com.google.android.gms.persistent/10121 pkg=com.google.android.gms} proc state 2 (5 skipped)
04-14 14:13:22.008  1843  3137 W ProcessStats: Tracking association SourceState{79e806a com.google.android.gms/10121 Top #1769395} whose proc state 1 is better than process ProcessState{fd0ea72 com.google.android.gms.persistent/10121 pkg=com.google.android.gms} proc state 2 (3 skipped)
04-14 14:13:32.060  1843  3137 W ProcessStats: Tracking association SourceState{79e806a com.google.android.gms/10121 Top #1769399} whose proc state 1 is better than process ProcessState{fd0ea72 com.google.android.gms.persistent/10121 pkg=com.google.android.gms} proc state 2 (3 skipped)
04-14 14:13:42.098  1843  3417 W ProcessStats: Tracking association SourceState{79e806a com.google.android.gms/10121 Top #1769406} whose proc state 1 is better than process ProcessState{fd0ea72 com.google.android.gms.persistent/10121 pkg=com.google.android.gms} proc state 2 (6 skipped)
04-14 14:13:52.140  1843 14540 W ProcessStats: Tracking association SourceState{79e806a com.google.android.gms/10121 Top #1769409} whose proc state 1 is better than process ProcessState{fd0ea72 com.google.android.gms.persistent/10121 pkg=com.google.android.gms} proc state 2 (2 skipped)
04-14 14:14:02.198  1843  3416 W ProcessStats: Tracking association SourceState{79e806a com.google.android.gms/10121 Top #1769418} whose proc state 1 is better than process ProcessState{fd0ea72 com.google.android.gms.persistent/10121 pkg=com.google.android.gms} proc state 2 (8 skipped)
04-14 14:14:12.236  1843  3416 W ProcessStats: Tracking association SourceState{79e806a com.google.android.gms/10121 Top #1769424} whose proc state 1 is better than process ProcessState{fd0ea72 com.google.android.gms.persistent/10121 pkg=com.google.android.gms} proc state 2 (5 skipped)
04-14 14:14:22.276  1843  1956 W ProcessStats: Tracking association SourceState{79e806a com.google.android.gms/10121 Top #1769430} whose proc state 1 is better than process ProcessState{fd0ea72 com.google.android.gms.persistent/10121 pkg=com.google.android.gms} proc state 2 (5 skipped)
04-14 14:14:32.316  1843  1956 W ProcessStats: Tracking association SourceState{79e806a com.google.android.gms/10121 Top #1769434} whose proc state 1 is better than process ProcessState{fd0ea72 com.google.android.gms.persistent/10121 pkg=com.google.android.gms} proc state 2 (3 skipped)
04-14 14:14:42.358  1843  3416 W ProcessStats: Tracking association SourceState{79e806a com.google.android.gms/10121 Top #1769440} whose proc state 1 is better than process ProcessState{fd0ea72 com.google.android.gms.persistent/10121 pkg=com.google.android.gms} proc state 2 (5 skipped)
04-14 14:14:52.397  1843 14540 W ProcessStats: Tracking association SourceState{79e806a com.google.android.gms/10121 Top #1769443} whose proc state 1 is better than process ProcessState{fd0ea72 com.google.android.gms.persistent/10121 pkg=com.google.android.gms} proc state 2 (2 skipped)
04-14 14:15:02.430  1843 14540 W ProcessStats: Tracking association SourceState{79e806a com.google.android.gms/10121 Top #1769448} whose proc state 1 is better than process ProcessState{fd0ea72 com.google.android.gms.persistent/10121 pkg=com.google.android.gms} proc state 2 (4 skipped)
04-14 14:15:12.466  1843 14540 W ProcessStats: Tracking association SourceState{79e806a com.google.android.gms/10121 Top #1769454} whose proc state 1 is better than process ProcessState{fd0ea72 com.google.android.gms.persistent/10121 pkg=com.google.android.gms} proc state 2 (5 skipped)
04-14 14:15:22.503  1843  1956 W ProcessStats: Tracking association SourceState{79e806a com.google.android.gms/10121 Top #1769457} whose proc state 1 is better than process ProcessState{fd0ea72 com.google.android.gms.persistent/10121 pkg=com.google.android.gms} proc state 2 (2 skipped)
04-14 14:15:32.546  1843 14540 W ProcessStats: Tracking association SourceState{79e806a com.google.android.gms/10121 Top #1769461} whose proc state 1 is better than process ProcessState{fd0ea72 com.google.android.gms.persistent/10121 pkg=com.google.android.gms} proc state 2 (3 skipped)
04-14 14:15:32.727  1843 14540 W BatteryExternalStatsWorker: error reading Bluetooth stats: 11
04-14 14:15:42.593  1843 14540 W ProcessStats: Tracking association SourceState{79e806a com.google.android.gms/10121 Top #1769467} whose proc state 1 is better than process ProcessState{fd0ea72 com.google.android.gms.persistent/10121 pkg=com.google.android.gms} proc state 2 (5 skipped)
04-14 14:15:51.265  1843  1956 W ActivityManager: Unable to start service Intent { cmp=com.iqiyi.knowledge/org.qiyi.video.module.icommunication.ipc.HostService } U=0: not found
04-14 14:15:51.267  1843  1956 W ActivityManager: Unable to start service Intent { cmp=com.iqiyi.knowledge/org.qiyi.video.module.icommunication.ipc.HostService } U=0: not found
04-14 14:15:52.640  1843  1956 W ProcessStats: Tracking association SourceState{79e806a com.google.android.gms/10121 Top #1769470} whose proc state 1 is better than process ProcessState{fd0ea72 com.google.android.gms.persistent/10121 pkg=com.google.android.gms} proc state 2 (2 skipped)
04-14 14:16:02.688  1843 14540 W ProcessStats: Tracking association SourceState{79e806a com.google.android.gms/10121 Top #1769474} whose proc state 1 is better than process ProcessState{fd0ea72 com.google.android.gms.persistent/10121 pkg=com.google.android.gms} proc state 2 (3 skipped)
04-14 14:16:12.736  1843 14540 W ProcessStats: Tracking association SourceState{79e806a com.google.android.gms/10121 Top #1769480} whose proc state 1 is better than process ProcessState{fd0ea72 com.google.android.gms.persistent/10121 pkg=com.google.android.gms} proc state 2 (5 skipped)
04-14 14:16:22.784  1843 14540 W ProcessStats: Tracking association SourceState{79e806a com.google.android.gms/10121 Top #1769483} whose proc state 1 is better than process ProcessState{fd0ea72 com.google.android.gms.persistent/10121 pkg=com.google.android.gms} proc state 2 (2 skipped)
