05-16 10:18:21.830 D/ActivityManager( 1711): freezing 16506 com.tencent.mobileqq:MSF
05-16 10:18:45.049 D/PowerUI ( 1975): can't show warning due to - plugged: true status unknown: false
05-16 10:19:45.048 D/PowerUI ( 1975): can't show warning due to - plugged: true status unknown: false
05-16 10:19:57.404 D/ActivityManager( 1711): sync unfroze 15667 com.google.android.settings.intelligence
05-16 10:19:57.406 D/CompatibilityChangeReporter( 1711): Compat change id reported: 168419799; UID 10111; state: DISABLED
05-16 10:19:57.415 D/CompatibilityChangeReporter( 1711): Compat change id reported: 168419799; UID 10146; state: DISABLED
05-16 10:19:57.450 W/JobScheduler( 1711): Job didn't exist in JobStore: 37907ec #1000/100038 com.tencent.android.qqdownloader.YYBLiveAccountProvider/com.tencent.android.qqdownloader.YYBLiveAccountProvider.account/应用宝:android
05-16 10:19:57.486 D/CompatibilityChangeReporter( 1711): Compat change id reported: 161145287; UID 10146; state: DISABLED
05-16 10:19:57.513 D/CompatibilityChangeReporter( 1711): Compat change id reported: 194532703; UID 10146; state: ENABLED
05-16 10:19:57.525 W/JobScheduler( 1711): Job didn't exist in JobStore: 5cc948a #u0a146/-2127835104 com.google.android.as.oss/com.google.android.gms.learning.internal.training.InAppJobService
05-16 10:19:57.569 W/JobScheduler( 1711): Job didn't exist in JobStore: 4d48606 #u0a146/-648439940 com.google.android.as.oss/com.google.android.gms.learning.internal.training.InAppJobService
05-16 10:19:58.112 W/JobScheduler( 1711): Job didn't exist in JobStore: b47d42c #u0a146/-286677079 com.google.android.as.oss/com.google.android.gms.learning.internal.training.InAppJobService
05-16 10:20:39.738 W/BatteryExternalStatsWorker( 1711): error reading Bluetooth stats: 11
05-16 10:20:39.986 D/KernelCpuUidUserSysTimeReader( 1711): Removing uids 99000-99000
05-16 10:20:45.051 D/PowerUI ( 1975): can't show warning due to - plugged: true status unknown: false
05-16 10:20:55.027 W/BatteryExternalStatsWorker( 1711): error reading Bluetooth stats: 11
05-16 10:20:58.391 I/ProcessStatsService( 1711): Pruning old procstats: /data/system/procstats/state-2020-01-01-20-00-07.bin
05-16 10:21:45.054 D/PowerUI ( 1975): can't show warning due to - plugged: true status unknown: false
05-16 10:22:45.049 D/PowerUI ( 1975): can't show warning due to - plugged: true status unknown: false
05-16 10:22:49.138 D/CompatibilityChangeReporter( 1711): Compat change id reported: 135634846; UID 10114; state: DISABLED
05-16 10:22:49.138 D/CompatibilityChangeReporter( 1711): Compat change id reported: 177438394; UID 10114; state: DISABLED
05-16 10:22:49.138 D/CompatibilityChangeReporter( 1711): Compat change id reported: 135772972; UID 10114; state: DISABLED
05-16 10:22:49.138 D/CompatibilityChangeReporter( 1711): Compat change id reported: 135754954; UID 10114; state: ENABLED
05-16 10:22:49.140 D/CompatibilityChangeReporter( 1711): Compat change id reported: 143937733; UID 10114; state: ENABLED
05-16 10:22:49.159 D/ActivityManager( 1711): sync unfroze 16506 com.tencent.mobileqq:MSF
05-16 10:22:49.161 D/CompatibilityChangeReporter( 1711): Compat change id reported: 168419799; UID 10263; state: DISABLED
05-16 10:22:49.170 D/ActivityManager( 1711): sync unfroze 16662 com.google.android.apps.turbo
05-16 10:22:49.170 D/CompatibilityChangeReporter( 1711): Compat change id reported: 168419799; UID 10119; state: DISABLED
05-16 10:22:49.172 I/ActivityManager( 1711): Start proc 17330:com.google.android.carrier/u0a114 for service {com.google.android.carrier/com.google.android.carrier.CheckinService}
05-16 10:22:49.246 W/JobScheduler( 1711): Job didn't exist in JobStore: e50044b #u0a146/-1909303987 com.google.android.as.oss/com.google.android.gms.learning.internal.training.InAppJobService
05-16 10:22:49.262 W/JobScheduler( 1711): Job didn't exist in JobStore: baa2cb7 #u0a146/-782930206 com.google.android.as.oss/com.google.android.gms.learning.internal.training.InAppJobService
05-16 10:22:49.276 W/JobScheduler( 1711): Job didn't exist in JobStore: 55c838d #u0a146/-1108408622 com.google.android.as.oss/com.google.android.gms.learning.internal.training.InAppJobService
05-16 10:22:49.296 W/JobScheduler( 1711): Job didn't exist in JobStore: 3b0c99c #u0a146/-939763582 com.google.android.as.oss/com.google.android.gms.learning.internal.training.InAppJobService
05-16 10:22:49.309 W/JobScheduler( 1711): Job didn't exist in JobStore: d5e9f7a #u0a146/-1679289975 com.google.android.as.oss/com.google.android.gms.learning.internal.training.InAppJobService
05-16 10:22:49.322 W/JobScheduler( 1711): Job didn't exist in JobStore: 7aa57ac #u0a146/-1670948438 com.google.android.as.oss/com.google.android.gms.learning.internal.training.InAppJobService
05-16 10:22:49.408 D/CompatibilityChangeReporter( 1711): Compat change id reported: 194532703; UID 10114; state: DISABLED
05-16 10:22:49.414 W/JobScheduler( 1711): Job didn't exist in JobStore: 24ca9df #u0a114/9 com.google.android.carrier/.CheckinService
05-16 10:22:49.431 D/CompatibilityChangeReporter( 1711): Compat change id reported: 161145287; UID 10114; state: DISABLED
05-16 10:22:49.767 W/JobScheduler( 1711): Job didn't exist in JobStore: 2b8f741 #u0a146/-144569728 com.google.android.as.oss/com.google.android.gms.learning.internal.training.InAppJobService
05-16 10:22:49.769 I/ActivityManager( 1711): Killing 2295:com.android.settings/1000 (adj 985): empty #33
05-16 10:22:49.827 W/ActivityManager( 1711): setHasOverlayUi called on unknown pid: 2295
05-16 10:23:45.051 D/PowerUI ( 1975): can't show warning due to - plugged: true status unknown: false
05-16 10:23:49.257 W/BatteryExternalStatsWorker( 1711): error reading Bluetooth stats: 11
05-16 10:24:29.328 W/JobScheduler( 1711): Job didn't exist in JobStore: 4d67df7 #u0a146/-814368097 com.google.android.as.oss/com.google.android.gms.learning.internal.training.InAppJobService
05-16 10:24:39.353 D/ActivityManager( 1711): freezing 17049 com.google.android.apps.gcs
05-16 10:24:39.372 D/ActivityManager( 1711): freezing 2873 com.google.process.gservices
05-16 10:24:45.046 D/PowerUI ( 1975): can't show warning due to - plugged: true status unknown: false
05-16 10:25:45.047 D/PowerUI ( 1975): can't show warning due to - plugged: true status unknown: false
05-16 10:26:45.042 D/PowerUI ( 1975): can't show warning due to - plugged: true status unknown: false
05-16 10:27:45.046 D/PowerUI ( 1975): can't show warning due to - plugged: true status unknown: false
05-16 10:27:45.095 D/PowerUI ( 1975): can't show warning due to - plugged: true status unknown: false
05-16 10:27:49.182 D/ActivityManager( 1711): sync unfroze 15378 com.google.android.apps.messaging
05-16 10:27:49.333 D/ActivityManager( 1711): sync unfroze 2873 com.google.process.gservices
05-16 10:28:45.062 D/PowerUI ( 1975): can't show warning due to - plugged: true status unknown: false
05-16 10:28:57.631 W/ActivityManager( 1711): Unable to start service Intent { act=com.google.android.gms.semanticlocationhistory.federated.FederatedTaskIdentityDataService.ACTION_TASK_READY pkg=com.google.android.gms } U=0: not found
05-16 10:28:58.050 D/CompatibilityChangeReporter( 1711): Compat change id reported: 177438394; UID 10182; state: DISABLED
05-16 10:28:58.050 D/CompatibilityChangeReporter( 1711): Compat change id reported: 135772972; UID 10182; state: DISABLED
05-16 10:28:58.050 D/CompatibilityChangeReporter( 1711): Compat change id reported: 135754954; UID 10182; state: ENABLED
05-16 10:28:58.051 D/CompatibilityChangeReporter( 1711): Compat change id reported: 143937733; UID 10182; state: ENABLED
05-16 10:28:58.068 I/ActivityManager( 1711): Start proc 17581:com.google.android.videos/u0a182 for broadcast {com.google.android.videos/com.google.android.apps.play.movies.common.service.indexing.AppIndexingUpdateReceiver}
05-16 10:28:58.086 D/CompatibilityChangeReporter( 1711): Compat change id reported: 168419799; UID 10182; state: DISABLED
05-16 10:28:58.432 D/CompatibilityChangeReporter( 1711): Compat change id reported: 161145287; UID 10182; state: DISABLED
05-16 10:28:58.606 I/ActivityManager( 1711): com.android.vending is exempt from freezer
05-16 10:28:58.606 D/CompatibilityChangeReporter( 1711): Compat change id reported: 135634846; UID 10116; state: DISABLED
05-16 10:28:58.606 D/CompatibilityChangeReporter( 1711): Compat change id reported: 177438394; UID 10116; state: DISABLED
05-16 10:28:58.606 D/CompatibilityChangeReporter( 1711): Compat change id reported: 135772972; UID 10116; state: DISABLED
05-16 10:28:58.606 D/CompatibilityChangeReporter( 1711): Compat change id reported: 135754954; UID 10116; state: ENABLED
05-16 10:28:58.606 D/CompatibilityChangeReporter( 1711): Compat change id reported: 143937733; UID 10116; state: ENABLED
05-16 10:28:58.616 I/ActivityManager( 1711): Start proc 17631:com.android.vending/u0a116 for service {com.android.vending/com.google.android.finsky.contentfilterui.ContentFiltersService}
05-16 10:28:58.638 D/CompatibilityChangeReporter( 1711): Compat change id reported: 135634846; UID 10121; state: DISABLED
05-16 10:28:58.638 D/CompatibilityChangeReporter( 1711): Compat change id reported: 177438394; UID 10121; state: DISABLED
05-16 10:28:58.638 D/CompatibilityChangeReporter( 1711): Compat change id reported: 135772972; UID 10121; state: DISABLED
05-16 10:28:58.638 D/CompatibilityChangeReporter( 1711): Compat change id reported: 135754954; UID 10121; state: ENABLED
05-16 10:28:58.639 D/CompatibilityChangeReporter( 1711): Compat change id reported: 143937733; UID 10121; state: ENABLED
05-16 10:28:58.647 I/ActivityManager( 1711): Start proc 17649:com.google.process.gapps/u0a121 for content provider {com.google.android.gsf/com.google.android.gsf.settings.GoogleSettingsProvider}
05-16 10:28:58.803 D/CompatibilityChangeReporter( 1711): Compat change id reported: 201794303; UID 10121; state: ENABLED
05-16 10:28:58.926 D/CompatibilityChangeReporter( 1711): Compat change id reported: 161145287; UID 10116; state: DISABLED
05-16 10:28:58.960 D/CompatibilityChangeReporter( 1711): Compat change id reported: 194532703; UID 10182; state: ENABLED
05-16 10:28:58.960 E/JobScheduler.JobStatus( 1711): App com.google.android.videos became active but still in NEVER bucket
05-16 10:28:58.970 E/JobScheduler.JobStatus( 1711): App com.google.android.videos became active but still in NEVER bucket
05-16 10:28:58.971 E/JobScheduler.JobStatus( 1711): App com.google.android.videos became active but still in NEVER bucket
05-16 10:28:58.972 E/JobScheduler.JobStatus( 1711): App com.google.android.videos became active but still in NEVER bucket
05-16 10:28:58.974 E/JobScheduler.JobStatus( 1711): App com.google.android.videos became active but still in NEVER bucket
05-16 10:28:58.975 E/JobScheduler.JobStatus( 1711): App com.google.android.videos became active but still in NEVER bucket
05-16 10:28:58.976 E/JobScheduler.JobStatus( 1711): App com.google.android.videos became active but still in NEVER bucket
05-16 10:28:58.977 E/JobScheduler.JobStatus( 1711): App com.google.android.videos became active but still in NEVER bucket
05-16 10:28:58.981 E/JobScheduler.JobStatus( 1711): App com.google.android.videos became active but still in NEVER bucket
05-16 10:28:58.982 E/JobScheduler.JobStatus( 1711): App com.google.android.videos became active but still in NEVER bucket
05-16 10:28:58.984 E/JobScheduler.JobStatus( 1711): App com.google.android.videos became active but still in NEVER bucket
05-16 10:28:59.008 E/JobScheduler.JobStatus( 1711): App com.google.android.videos became active but still in NEVER bucket
05-16 10:28:59.034 I/DropBoxManagerService( 1711): add tag=system_server_wtf isTagEnabled=true flags=0x6
05-16 10:28:59.120 I/DropBoxManagerService( 1711): add tag=system_server_wtf isTagEnabled=true flags=0x6
05-16 10:28:59.142 E/JobScheduler.JobStatus( 1711): App com.google.android.videos became active but still in NEVER bucket
05-16 10:28:59.149 D/CompatibilityChangeReporter( 1711): Compat change id reported: 177438394; UID 10184; state: DISABLED
05-16 10:28:59.149 D/CompatibilityChangeReporter( 1711): Compat change id reported: 135772972; UID 10184; state: DISABLED
05-16 10:28:59.149 D/CompatibilityChangeReporter( 1711): Compat change id reported: 135754954; UID 10184; state: ENABLED
05-16 10:28:59.149 D/CompatibilityChangeReporter( 1711): Compat change id reported: 143937733; UID 10184; state: ENABLED
05-16 10:28:59.159 I/ActivityManager( 1711): Start proc 17770:com.google.android.apps.maps/u0a184 for broadcast {com.google.android.apps.maps/com.google.android.apps.gmm.offline.appindex.OfflineAppIndexingReceiver}
05-16 10:28:59.173 D/CompatibilityChangeReporter( 1711): Compat change id reported: 168419799; UID 10184; state: DISABLED
05-16 10:28:59.196 I/DropBoxManagerService( 1711): add tag=system_server_wtf isTagEnabled=true flags=0x6
05-16 10:28:59.254 W/JobScheduler( 1711): Job didn't exist in JobStore: 465d553 #u0a182/875 com.google.android.videos/androidx.work.impl.background.systemjob.SystemJobService
05-16 10:28:59.260 E/JobScheduler.JobStatus( 1711): App com.google.android.videos became active but still in NEVER bucket
05-16 10:28:59.273 E/JobScheduler.JobStatus( 1711): App com.google.android.videos became active but still in NEVER bucket
05-16 10:28:59.280 E/JobScheduler.JobStatus( 1711): App com.google.android.videos became active but still in NEVER bucket
05-16 10:28:59.284 I/DropBoxManagerService( 1711): add tag=system_server_wtf isTagEnabled=true flags=0x6
05-16 10:28:59.286 E/JobScheduler.JobStatus( 1711): App com.google.android.videos became active but still in NEVER bucket
05-16 10:28:59.297 E/JobScheduler.JobStatus( 1711): App com.google.android.videos became active but still in NEVER bucket
05-16 10:28:59.333 E/JobScheduler.JobStatus( 1711): App com.google.android.videos became active but still in NEVER bucket
05-16 10:28:59.346 E/JobScheduler.JobStatus( 1711): App com.google.android.videos became active but still in NEVER bucket
05-16 10:28:59.432 I/DropBoxManagerService( 1711): add tag=system_server_wtf isTagEnabled=true flags=0x6
05-16 10:28:59.484 E/JobScheduler.JobStatus( 1711): App com.google.android.videos became active but still in NEVER bucket
05-16 10:28:59.503 I/DropBoxManagerService( 1711): add tag=system_server_wtf isTagEnabled=true flags=0x6
05-16 10:28:59.550 W/JobScheduler( 1711): Job didn't exist in JobStore: 7ed6431 #u0a182/877 com.google.android.videos/androidx.work.impl.background.systemjob.SystemJobService
05-16 10:28:59.846 D/CompatibilityChangeReporter( 1711): Compat change id reported: 161145287; UID 10184; state: DISABLED
05-16 10:28:59.887 D/ActivityManager( 1711): sync unfroze 15067 com.google.android.apps.wellbeing
05-16 10:29:00.030 D/CompatibilityChangeReporter( 1711): Compat change id reported: 194532703; UID 10184; state: ENABLED
05-16 10:29:00.107 D/CompatibilityChangeReporter( 1711): Compat change id reported: 168419799; UID 10133; state: DISABLED
05-16 10:29:00.335 W/JobScheduler( 1711): Job didn't exist in JobStore: 2b6a111 #u0a182/876 com.google.android.videos/androidx.work.impl.background.systemjob.SystemJobService
05-16 10:29:00.361 D/ActivityManager( 1711): sync unfroze 15415 com.google.android.apps.nbu.files
05-16 10:29:00.379 D/ActivityManager( 1711): sync unfroze 15185 com.google.android.apps.photos
05-16 10:29:00.384 D/ActivityManager( 1711): sync unfroze 15041 com.google.android.deskclock
05-16 10:29:00.385 D/CompatibilityChangeReporter( 1711): Compat change id reported: 168419799; UID 10153; state: DISABLED
05-16 10:29:00.398 D/ActivityManager( 1711): sync unfroze 15263 com.google.android.dialer
05-16 10:29:00.410 D/ActivityManager( 1711): sync unfroze 15143 com.google.android.apps.tips
05-16 10:29:00.415 D/CompatibilityChangeReporter( 1711): Compat change id reported: 135634846; UID 10162; state: DISABLED
05-16 10:29:00.415 D/CompatibilityChangeReporter( 1711): Compat change id reported: 177438394; UID 10162; state: DISABLED
05-16 10:29:00.415 D/CompatibilityChangeReporter( 1711): Compat change id reported: 135772972; UID 10162; state: DISABLED
05-16 10:29:00.415 D/CompatibilityChangeReporter( 1711): Compat change id reported: 135754954; UID 10162; state: ENABLED
05-16 10:29:00.416 D/CompatibilityChangeReporter( 1711): Compat change id reported: 143937733; UID 10162; state: ENABLED
05-16 10:29:00.429 I/ActivityManager( 1711): Start proc 17917:com.android.chrome/u0a162 for broadcast {com.android.chrome/com.google.android.apps.chrome.icing.AppIndexingUpdateReceiver}
05-16 10:29:00.437 D/ActivityManager( 1711): sync unfroze 15225 com.google.android.apps.safetyhub
05-16 10:29:00.446 D/CompatibilityChangeReporter( 1711): Compat change id reported: 168419799; UID 10162; state: DISABLED
05-16 10:29:00.500 D/CompatibilityChangeReporter( 1711): Compat change id reported: 194532703; UID 10116; state: ENABLED
05-16 10:29:00.591 D/CompatibilityChangeReporter( 1711): Compat change id reported: 161145287; UID 10162; state: DISABLED
05-16 10:29:00.623 E/JobScheduler.JobStatus( 1711): App com.google.android.videos became active but still in NEVER bucket
05-16 10:29:00.749 D/CompatibilityChangeReporter( 1711): Compat change id reported: 135634846; UID 10119; state: DISABLED
05-16 10:29:00.749 D/CompatibilityChangeReporter( 1711): Compat change id reported: 177438394; UID 10119; state: DISABLED
05-16 10:29:00.749 D/CompatibilityChangeReporter( 1711): Compat change id reported: 135772972; UID 10119; state: DISABLED
05-16 10:29:00.749 D/CompatibilityChangeReporter( 1711): Compat change id reported: 135754954; UID 10119; state: ENABLED
05-16 10:29:00.750 D/CompatibilityChangeReporter( 1711): Compat change id reported: 143937733; UID 10119; state: ENABLED
05-16 10:29:00.751 I/ActivityManager( 1711): Killing 14741:com.android.keychain/1000 (adj 999): empty #33
05-16 10:29:00.764 I/ActivityManager( 1711): Start proc 17960:com.google.android.apps.turbo:aab/u0a119 for broadcast {com.google.android.apps.turbo/com.google.android.libraries.smartbattery.common.phenotype.PhenotypeBroadcastReceiver}
05-16 10:29:00.873 I/ActivityManager( 1711): Killing 15185:com.google.android.apps.photos/u0a172 (adj 985): empty #33
05-16 10:29:00.874 D/CompatibilityChangeReporter( 1711): Compat change id reported: 168419799; UID 10109; state: DISABLED
05-16 10:29:00.877 D/CompatibilityChangeReporter( 1711): Compat change id reported: 177438394; UID 10184; state: DISABLED
05-16 10:29:00.877 D/CompatibilityChangeReporter( 1711): Compat change id reported: 135772972; UID 10184; state: DISABLED
05-16 10:29:00.877 D/CompatibilityChangeReporter( 1711): Compat change id reported: 135754954; UID 10184; state: ENABLED
05-16 10:29:00.878 D/CompatibilityChangeReporter( 1711): Compat change id reported: 143937733; UID 10184; state: ENABLED
05-16 10:29:00.890 I/ActivityManager( 1711): Start proc 17982:com.google.android.apps.maps:server_recovery_process/u0a184 for broadcast {com.google.android.apps.maps/com.google.android.apps.gmm.plugins.serverrecovery.PhenotypeServerRecoveryHandlerImpl}
05-16 10:29:00.908 D/CompatibilityChangeReporter( 1711): Compat change id reported: 168419799; UID 10184; state: DISABLED
05-16 10:29:01.033 I/ActivityManager( 1711): Process com.google.android.apps.maps:server_recovery_process (pid 17982) has died: fg  RCVR
05-16 10:29:01.077 D/CompatibilityChangeReporter( 1711): Compat change id reported: 177438394; UID 10184; state: DISABLED
05-16 10:29:01.078 D/CompatibilityChangeReporter( 1711): Compat change id reported: 135772972; UID 10184; state: DISABLED
05-16 10:29:01.078 D/CompatibilityChangeReporter( 1711): Compat change id reported: 135754954; UID 10184; state: ENABLED
05-16 10:29:01.078 D/CompatibilityChangeReporter( 1711): Compat change id reported: 143937733; UID 10184; state: ENABLED
05-16 10:29:01.083 D/CompatibilityChangeReporter( 1711): Compat change id reported: 177438394; UID 10137; state: DISABLED
05-16 10:29:01.083 D/CompatibilityChangeReporter( 1711): Compat change id reported: 135772972; UID 10137; state: DISABLED
05-16 10:29:01.083 D/CompatibilityChangeReporter( 1711): Compat change id reported: 135754954; UID 10137; state: ENABLED
05-16 10:29:01.092 I/ActivityManager( 1711): Start proc 18006:com.google.android.apps.maps:server_recovery_process/u0a184 for broadcast {com.google.android.apps.maps/com.google.android.apps.gmm.plugins.serverrecovery.PhenotypeServerRecoveryHandlerImpl}
05-16 10:29:01.092 D/CompatibilityChangeReporter( 1711): Compat change id reported: 143937733; UID 10137; state: ENABLED
05-16 10:29:01.103 I/ActivityManager( 1711): Start proc 18020:com.google.android.projection.gearhead:provider/u0a137 for content provider {com.google.android.projection.gearhead/com.google.android.apps.auto.components.projectionstate.ProjectionStateProvider}
05-16 10:29:01.137 I/DropBoxManagerService( 1711): add tag=platform_stats_bookmark isTagEnabled=true flags=0x2
05-16 10:29:01.240 I/ActivityManager( 1711): Process com.google.android.apps.maps:server_recovery_process (pid 18006) has died: fg  RCVR
05-16 10:29:01.283 E/JobScheduler.JobStatus( 1711): App com.google.android.videos became active but still in NEVER bucket
05-16 10:29:01.293 D/CompatibilityChangeReporter( 1711): Compat change id reported: 177438394; UID 10184; state: DISABLED
05-16 10:29:01.293 D/CompatibilityChangeReporter( 1711): Compat change id reported: 135772972; UID 10184; state: DISABLED
05-16 10:29:01.293 D/CompatibilityChangeReporter( 1711): Compat change id reported: 135754954; UID 10184; state: ENABLED
05-16 10:29:01.294 D/CompatibilityChangeReporter( 1711): Compat change id reported: 143937733; UID 10184; state: ENABLED
05-16 10:29:01.304 D/CompatibilityChangeReporter( 1711): Compat change id reported: 161145287; UID 10137; state: DISABLED
05-16 10:29:01.309 I/ActivityManager( 1711): Start proc 18048:com.google.android.apps.maps:server_recovery_process/u0a184 for broadcast {com.google.android.apps.maps/com.google.android.apps.gmm.plugins.serverrecovery.PhenotypeServerRecoveryHandlerImpl}
05-16 10:29:01.483 I/ActivityManager( 1711): Process com.google.android.apps.maps:server_recovery_process (pid 18048) has died: fg  RCVR
05-16 10:29:01.502 D/CompatibilityChangeReporter( 1711): Compat change id reported: 177438394; UID 10184; state: DISABLED
05-16 10:29:01.502 D/CompatibilityChangeReporter( 1711): Compat change id reported: 135772972; UID 10184; state: DISABLED
05-16 10:29:01.502 D/CompatibilityChangeReporter( 1711): Compat change id reported: 135754954; UID 10184; state: ENABLED
05-16 10:29:01.504 D/CompatibilityChangeReporter( 1711): Compat change id reported: 143937733; UID 10184; state: ENABLED
05-16 10:29:01.519 I/ActivityManager( 1711): Start proc 18070:com.google.android.apps.maps:server_recovery_process/u0a184 for broadcast {com.google.android.apps.maps/com.google.android.apps.gmm.plugins.serverrecovery.PhenotypeServerRecoveryHandlerImpl}
05-16 10:29:01.521 I/ActivityManager( 1711): Killing 15143:com.google.android.apps.tips/u0a106 (adj 975): empty #33
05-16 10:29:01.521 I/ActivityManager( 1711): Killing 15263:com.google.android.dialer/u0a147 (adj 975): empty #34
05-16 10:29:01.522 I/ActivityManager( 1711): Killing 15225:com.google.android.apps.safetyhub/u0a120 (adj 985): empty #35
05-16 10:29:01.668 I/ActivityManager( 1711): Process com.google.android.apps.maps:server_recovery_process (pid 18070) has died: fg  RCVR
05-16 10:29:01.723 D/CompatibilityChangeReporter( 1711): Compat change id reported: 177438394; UID 10184; state: DISABLED
05-16 10:29:01.723 D/CompatibilityChangeReporter( 1711): Compat change id reported: 135772972; UID 10184; state: DISABLED
05-16 10:29:01.723 D/CompatibilityChangeReporter( 1711): Compat change id reported: 135754954; UID 10184; state: ENABLED
05-16 10:29:01.723 D/CompatibilityChangeReporter( 1711): Compat change id reported: 143937733; UID 10184; state: ENABLED
05-16 10:29:01.737 I/ActivityManager( 1711): Start proc 18091:com.google.android.apps.maps:server_recovery_process/u0a184 for broadcast {com.google.android.apps.maps/com.google.android.apps.gmm.plugins.serverrecovery.PhenotypeServerRecoveryHandlerImpl}
05-16 10:29:01.856 I/ActivityManager( 1711): Process com.google.android.apps.maps:server_recovery_process (pid 18091) has died: fg  RCVR
05-16 10:29:01.927 W/PackageManager( 1711): Cannot suspend package "com.android.vending": required for package verification
05-16 10:29:01.927 W/PackageManager( 1711): Cannot suspend package "com.google.android.apps.work.oobconfig": protected package
05-16 10:29:01.927 W/PackageManager( 1711): Cannot suspend the platform package: android
05-16 10:29:01.928 W/PackageManager( 1711): Cannot suspend package "com.google.android.permissioncontroller": required for permissions management
05-16 10:29:01.928 W/PackageManager( 1711): Cannot suspend package "com.google.android.dialer": is the default dialer
05-16 10:29:01.928 W/PackageManager( 1711): Cannot suspend package "com.google.android.packageinstaller": required for package installation
05-16 10:29:01.928 W/PackageManager( 1711): Cannot suspend package "com.google.android.apps.nexuslauncher": contains the active launcher
05-16 10:29:01.956 D/CompatibilityChangeReporter( 1711): Compat change id reported: 135634846; UID 10149; state: DISABLED
05-16 10:29:01.956 D/CompatibilityChangeReporter( 1711): Compat change id reported: 177438394; UID 10149; state: DISABLED
05-16 10:29:01.956 D/CompatibilityChangeReporter( 1711): Compat change id reported: 135772972; UID 10149; state: DISABLED
05-16 10:29:01.956 D/CompatibilityChangeReporter( 1711): Compat change id reported: 135754954; UID 10149; state: ENABLED
05-16 10:29:01.957 D/CompatibilityChangeReporter( 1711): Compat change id reported: 143937733; UID 10149; state: ENABLED
05-16 10:29:01.971 I/ActivityManager( 1711): Start proc 18110:com.google.android.apps.dreamliner/u0a149 for broadcast {com.google.android.apps.dreamliner/com.google.android.apps.dreamliner.experiment.PhenotypeBroadcastReceiver}
05-16 10:29:02.168 D/CompatibilityChangeReporter( 1711): Compat change id reported: 177438394; UID 10160; state: DISABLED
05-16 10:29:02.168 D/CompatibilityChangeReporter( 1711): Compat change id reported: 135772972; UID 10160; state: DISABLED
05-16 10:29:02.168 D/CompatibilityChangeReporter( 1711): Compat change id reported: 135754954; UID 10160; state: ENABLED
05-16 10:29:02.169 D/CompatibilityChangeReporter( 1711): Compat change id reported: 143937733; UID 10160; state: ENABLED
05-16 10:29:02.192 I/ActivityManager( 1711): Start proc 18132:com.google.android.apps.youtube.music/u0a160 for broadcast {com.google.android.apps.youtube.music/com.google.android.libraries.phenotype.client.stable.PhenotypeUpdateBackgroundBroadcastReceiver}
05-16 10:29:02.426 D/CompatibilityChangeReporter( 1711): Compat change id reported: 161145287; UID 10160; state: DISABLED
05-16 10:29:02.651 D/CompatibilityChangeReporter( 1711): Compat change id reported: 135634846; UID 10106; state: DISABLED
05-16 10:29:02.651 D/CompatibilityChangeReporter( 1711): Compat change id reported: 177438394; UID 10106; state: DISABLED
05-16 10:29:02.651 D/CompatibilityChangeReporter( 1711): Compat change id reported: 135772972; UID 10106; state: DISABLED
05-16 10:29:02.651 D/CompatibilityChangeReporter( 1711): Compat change id reported: 135754954; UID 10106; state: ENABLED
05-16 10:29:02.652 D/CompatibilityChangeReporter( 1711): Compat change id reported: 143937733; UID 10106; state: ENABLED
05-16 10:29:02.654 I/ActivityManager( 1711): Killing 2628:android.process.acore/u0a62 (adj 985): empty #33
05-16 10:29:02.666 I/ActivityManager( 1711): Start proc 18205:com.google.android.apps.tips/u0a106 for broadcast {com.google.android.apps.tips/com.google.android.apps.tips.search.TipsUpdateIndexReceiver}
05-16 10:29:02.741 D/CompatibilityChangeReporter( 1711): Compat change id reported: 194532703; UID 10160; state: ENABLED
05-16 10:29:02.777 D/CompatibilityChangeReporter( 1711): Compat change id reported: 161145287; UID 10106; state: DISABLED
05-16 10:29:02.777 D/CompatibilityChangeReporter( 1711): Compat change id reported: 194532703; UID 10106; state: ENABLED
05-16 10:29:02.779 D/CompatibilityChangeReporter( 1711): Compat change id reported: 135634846; UID 10128; state: DISABLED
05-16 10:29:02.779 D/CompatibilityChangeReporter( 1711): Compat change id reported: 177438394; UID 10128; state: DISABLED
05-16 10:29:02.779 D/CompatibilityChangeReporter( 1711): Compat change id reported: 135772972; UID 10128; state: DISABLED
05-16 10:29:02.779 D/CompatibilityChangeReporter( 1711): Compat change id reported: 135754954; UID 10128; state: ENABLED
05-16 10:29:02.780 I/ActivityManager( 1711): Killing 15415:com.google.android.apps.nbu.files/u0a102 (adj 985): empty #33
05-16 10:29:02.783 D/CompatibilityChangeReporter( 1711): Compat change id reported: 143937733; UID 10128; state: ENABLED
05-16 10:29:02.797 I/ActivityManager( 1711): Start proc 18230:com.google.android.setupwizard/u0a128 for broadcast {com.google.android.setupwizard/com.google.android.libraries.phenotype.client.stable.PhenotypeUpdateBackgroundBroadcastReceiver}
05-16 10:29:02.815 D/CompatibilityChangeReporter( 1711): Compat change id reported: 168419799; UID 10128; state: DISABLED
05-16 10:29:02.862 E/VerityUtils( 1711): Failed to measure fs-verity, errno 1: /data/app/~~5Vh6Jw7ufUXv-2b1MZ37aQ==/com.google.android.apps.youtube.music-cZiH5b-TLlEvn7Oqiaap8w==/base.apk
05-16 10:29:03.123 D/CompatibilityChangeReporter( 1711): Compat change id reported: 183164979; UID 10160; state: ENABLED
05-16 10:29:03.224 D/CompatibilityChangeReporter( 1711): Compat change id reported: 135634846; UID 10100; state: DISABLED
05-16 10:29:03.224 D/CompatibilityChangeReporter( 1711): Compat change id reported: 177438394; UID 10100; state: DISABLED
05-16 10:29:03.224 D/CompatibilityChangeReporter( 1711): Compat change id reported: 135772972; UID 10100; state: DISABLED
05-16 10:29:03.224 D/CompatibilityChangeReporter( 1711): Compat change id reported: 135754954; UID 10100; state: ENABLED
05-16 10:29:03.225 D/CompatibilityChangeReporter( 1711): Compat change id reported: 143937733; UID 10100; state: ENABLED
05-16 10:29:03.229 I/ActivityManager( 1711): Killing 14746:com.google.android.permissioncontroller/u0a219 (adj 985): empty #33
05-16 10:29:03.242 I/ActivityManager( 1711): Start proc 18288:com.google.android.apps.carrier.log/u0a100 for broadcast {com.google.android.apps.carrier.log/com.google.android.libraries.phenotype.client.stable.PhenotypeUpdateBackgroundBroadcastReceiver}
05-16 10:29:03.328 D/CompatibilityChangeReporter( 1711): Compat change id reported: 135634846; UID 10173; state: DISABLED
05-16 10:29:03.328 D/CompatibilityChangeReporter( 1711): Compat change id reported: 177438394; UID 10173; state: DISABLED
05-16 10:29:03.328 D/CompatibilityChangeReporter( 1711): Compat change id reported: 135772972; UID 10173; state: DISABLED
05-16 10:29:03.328 D/CompatibilityChangeReporter( 1711): Compat change id reported: 135754954; UID 10173; state: ENABLED
05-16 10:29:03.328 I/ActivityManager( 1711): Killing 14783:com.google.android.euicc/u0a99 (adj 985): empty #33
05-16 10:29:03.329 D/CompatibilityChangeReporter( 1711): Compat change id reported: 143937733; UID 10173; state: ENABLED
05-16 10:29:03.342 I/ActivityManager( 1711): Start proc 18308:com.google.ar.core/u0a173 for broadcast {com.google.ar.core/com.google.android.libraries.phenotype.client.stable.PhenotypeUpdateBackgroundBroadcastReceiver}
05-16 10:29:03.361 D/CompatibilityChangeReporter( 1711): Compat change id reported: 168419799; UID 10173; state: DISABLED
05-16 10:29:03.433 D/CompatibilityChangeReporter( 1711): Compat change id reported: 161145287; UID 10173; state: DISABLED
05-16 10:29:03.902 I/ActivityManager( 1711): Killing 2795:com.google.android.cellbroadcastreceiver/u0a217 (adj 985): empty #33
05-16 10:29:04.070 I/RescueParty( 1711): Starting to observe: [com.google.android.ext.services, com.google.android.providers.media.module, android], updated namespace: storage_native_boot
05-16 10:29:04.071 I/PackageWatchdog( 1711): Syncing state, reason: observing new packages
05-16 10:29:04.071 D/PackageWatchdog( 1711): rescue-party-observer added the following packages to monitor [com.google.android.ext.services, com.google.android.providers.media.module, android]
05-16 10:29:04.071 I/PackageWatchdog( 1711): Syncing state, reason: updated observers
05-16 10:29:04.071 I/PackageWatchdog( 1711): Not pruning observers, elapsed time: 0ms
05-16 10:29:04.071 I/PackageWatchdog( 1711): Saving observer state to file
05-16 10:29:04.076 I/PackageWatchdog( 1711): Syncing health check requests for packages: {}
05-16 10:29:04.076 I/ExplicitHealthCheckController( 1711): Service not ready to get health check supported packages. Binding...
05-16 10:29:04.080 I/ExplicitHealthCheckController( 1711): Explicit health check service is bound
05-16 10:29:04.092 I/RescueParty( 1711): Starting to observe: [android], updated namespace: profcollect_native_boot
05-16 10:29:04.093 I/PackageWatchdog( 1711): Syncing state, reason: observing new packages
05-16 10:29:04.093 D/PackageWatchdog( 1711): rescue-party-observer added the following packages to monitor [android]
05-16 10:29:04.093 I/PackageWatchdog( 1711): Syncing state, reason: updated observers
05-16 10:29:04.093 I/PackageWatchdog( 1711): Not pruning observers, elapsed time: 0ms
05-16 10:29:04.093 I/PackageWatchdog( 1711): Saving observer state to file
05-16 10:29:04.095 E/SettingsToPropertiesMapper( 1711): com.yelp.android,0,com.yy.biu,0,com.groupme.android,0,air.tv.douyu.android,0,com.baidu.mbaby,0,com.vlocker.locker,0,com.znxh.hyhuo,0,com.yixia.xiaokaxiu,0 exceeds system property max length.
05-16 10:29:04.111 I/RescueParty( 1711): Starting to observe: [android], updated namespace: runtime_native_boot
05-16 10:29:04.120 I/PackageWatchdog( 1711): Syncing health check requests for packages: {}
05-16 10:29:04.121 I/ExplicitHealthCheckController( 1711): Service not ready to get health check supported packages. Binding...
05-16 10:29:04.121 I/ExplicitHealthCheckController( 1711): Not binding to service, service already connecting
05-16 10:29:04.121 I/ExplicitHealthCheckController( 1711): Explicit health check service is connected ComponentInfo{com.google.android.ext.services/android.ext.services.watchdog.ExplicitHealthCheckServiceImpl}
05-16 10:29:04.121 I/ExplicitHealthCheckController( 1711): Service initialized, syncing requests
05-16 10:29:04.121 I/PackageWatchdog( 1711): Syncing state, reason: observing new packages
05-16 10:29:04.121 D/PackageWatchdog( 1711): rescue-party-observer added the following packages to monitor [android]
05-16 10:29:04.121 I/PackageWatchdog( 1711): Syncing state, reason: updated observers
05-16 10:29:04.121 I/PackageWatchdog( 1711): Not pruning observers, elapsed time: 0ms
05-16 10:29:04.121 I/PackageWatchdog( 1711): Saving observer state to file
05-16 10:29:04.128 I/PackageWatchdog( 1711): Syncing health check requests for packages: {}
05-16 10:29:04.128 D/ExplicitHealthCheckController( 1711): Getting health check supported packages
05-16 10:29:04.132 I/ExplicitHealthCheckController( 1711): Explicit health check supported packages [PackageConfig{com.google.android.networkstack, 86400000}]
05-16 10:29:04.132 D/PackageWatchdog( 1711): Received supported packages [PackageConfig{com.google.android.networkstack, 86400000}]
05-16 10:29:04.132 D/ExplicitHealthCheckController( 1711): Getting health check requested packages
05-16 10:29:04.134 I/ExplicitHealthCheckController( 1711): Explicit health check requested packages []
05-16 10:29:04.134 I/ExplicitHealthCheckController( 1711): No more health check requests, unbinding...
05-16 10:29:04.136 I/ExplicitHealthCheckController( 1711): Explicit health check service is unbound
05-16 10:29:04.161 I/RescueParty( 1711): Starting to observe: [android], updated namespace: surface_flinger_native_boot
05-16 10:29:04.161 I/PackageWatchdog( 1711): Syncing state, reason: observing new packages
05-16 10:29:04.161 D/PackageWatchdog( 1711): rescue-party-observer added the following packages to monitor [android]
05-16 10:29:04.161 I/PackageWatchdog( 1711): Syncing state, reason: updated observers
05-16 10:29:04.161 I/PackageWatchdog( 1711): Not pruning observers, elapsed time: 0ms
05-16 10:29:04.161 I/PackageWatchdog( 1711): Saving observer state to file
05-16 10:29:04.166 I/PackageWatchdog( 1711): Syncing health check requests for packages: {}
05-16 10:29:04.166 I/ExplicitHealthCheckController( 1711): Service not ready to get health check supported packages. Binding...
05-16 10:29:04.168 I/ExplicitHealthCheckController( 1711): Explicit health check service is bound
05-16 10:29:04.171 I/ExplicitHealthCheckController( 1711): Explicit health check service is connected ComponentInfo{com.google.android.ext.services/android.ext.services.watchdog.ExplicitHealthCheckServiceImpl}
05-16 10:29:04.172 I/ExplicitHealthCheckController( 1711): Service initialized, syncing requests
05-16 10:29:04.172 I/PackageWatchdog( 1711): Syncing health check requests for packages: {}
05-16 10:29:04.172 D/ExplicitHealthCheckController( 1711): Getting health check supported packages
05-16 10:29:04.173 I/ExplicitHealthCheckController( 1711): Explicit health check supported packages [PackageConfig{com.google.android.networkstack, 86400000}]
05-16 10:29:04.173 D/PackageWatchdog( 1711): Received supported packages [PackageConfig{com.google.android.networkstack, 86400000}]
05-16 10:29:04.173 D/ExplicitHealthCheckController( 1711): Getting health check requested packages
05-16 10:29:04.174 I/ExplicitHealthCheckController( 1711): Explicit health check requested packages []
05-16 10:29:04.174 I/ExplicitHealthCheckController( 1711): No more health check requests, unbinding...
05-16 10:29:04.177 I/ExplicitHealthCheckController( 1711): Explicit health check service is unbound
05-16 10:29:04.177 I/RescueParty( 1711): Starting to observe: [android], updated namespace: activity_manager_native_boot
05-16 10:29:04.177 I/PackageWatchdog( 1711): Syncing state, reason: observing new packages
05-16 10:29:04.178 D/PackageWatchdog( 1711): rescue-party-observer added the following packages to monitor [android]
05-16 10:29:04.178 I/PackageWatchdog( 1711): Syncing state, reason: updated observers
05-16 10:29:04.178 I/PackageWatchdog( 1711): Not pruning observers, elapsed time: 0ms
05-16 10:29:04.178 I/PackageWatchdog( 1711): Saving observer state to file
05-16 10:29:04.186 I/PackageWatchdog( 1711): Syncing health check requests for packages: {}
05-16 10:29:04.186 I/ExplicitHealthCheckController( 1711): Service not ready to get health check supported packages. Binding...
05-16 10:29:04.191 I/ExplicitHealthCheckController( 1711): Explicit health check service is bound
05-16 10:29:04.194 I/ExplicitHealthCheckController( 1711): Explicit health check service is connected ComponentInfo{com.google.android.ext.services/android.ext.services.watchdog.ExplicitHealthCheckServiceImpl}
05-16 10:29:04.195 I/ExplicitHealthCheckController( 1711): Service initialized, syncing requests
05-16 10:29:04.195 I/PackageWatchdog( 1711): Syncing health check requests for packages: {}
05-16 10:29:04.195 D/ExplicitHealthCheckController( 1711): Getting health check supported packages
05-16 10:29:04.195 I/RescueParty( 1711): Starting to observe: [android], updated namespace: input_native_boot
05-16 10:29:04.195 I/PackageWatchdog( 1711): Syncing state, reason: observing new packages
05-16 10:29:04.196 D/PackageWatchdog( 1711): rescue-party-observer added the following packages to monitor [android]
05-16 10:29:04.196 I/PackageWatchdog( 1711): Syncing state, reason: updated observers
05-16 10:29:04.196 I/PackageWatchdog( 1711): Not pruning observers, elapsed time: 0ms
05-16 10:29:04.196 I/PackageWatchdog( 1711): Saving observer state to file
05-16 10:29:04.197 I/ExplicitHealthCheckController( 1711): Explicit health check supported packages [PackageConfig{com.google.android.networkstack, 86400000}]
05-16 10:29:04.228 I/PackageWatchdog( 1711): Syncing health check requests for packages: {}
05-16 10:29:04.228 D/ExplicitHealthCheckController( 1711): Getting health check supported packages
05-16 10:29:04.229 D/PackageWatchdog( 1711): Received supported packages [PackageConfig{com.google.android.networkstack, 86400000}]
05-16 10:29:04.229 D/ExplicitHealthCheckController( 1711): Getting health check requested packages
05-16 10:29:04.229 I/ExplicitHealthCheckController( 1711): Explicit health check supported packages [PackageConfig{com.google.android.networkstack, 86400000}]
05-16 10:29:04.229 D/PackageWatchdog( 1711): Received supported packages [PackageConfig{com.google.android.networkstack, 86400000}]
05-16 10:29:04.229 D/ExplicitHealthCheckController( 1711): Getting health check requested packages
05-16 10:29:04.229 I/ExplicitHealthCheckController( 1711): Explicit health check requested packages []
05-16 10:29:04.229 I/ExplicitHealthCheckController( 1711): No more health check requests, unbinding...
05-16 10:29:04.229 I/ExplicitHealthCheckController( 1711): Explicit health check requested packages []
05-16 10:29:04.231 I/ExplicitHealthCheckController( 1711): Explicit health check service is unbound
05-16 10:29:04.231 I/ExplicitHealthCheckController( 1711): No more health check requests, unbinding...
05-16 10:29:04.231 I/ExplicitHealthCheckController( 1711): Explicit health check service is unbound
05-16 10:29:04.478 D/CompatibilityChangeReporter( 1711): Compat change id reported: 135634846; UID 10185; state: DISABLED
05-16 10:29:04.478 D/CompatibilityChangeReporter( 1711): Compat change id reported: 177438394; UID 10185; state: DISABLED
05-16 10:29:04.478 D/CompatibilityChangeReporter( 1711): Compat change id reported: 135772972; UID 10185; state: DISABLED
05-16 10:29:04.478 D/CompatibilityChangeReporter( 1711): Compat change id reported: 135754954; UID 10185; state: ENABLED
05-16 10:29:04.479 D/CompatibilityChangeReporter( 1711): Compat change id reported: 143937733; UID 10185; state: ENABLED
05-16 10:29:04.494 I/ActivityManager( 1711): Start proc 18352:com.google.android.soundpicker/u0a185 for broadcast {com.google.android.soundpicker/com.google.android.libraries.phenotype.client.stable.PhenotypeUpdateBackgroundBroadcastReceiver}
05-16 10:29:04.524 D/CompatibilityChangeReporter( 1711): Compat change id reported: 168419799; UID 10185; state: DISABLED
05-16 10:29:04.628 I/RescueParty( 1711): Starting to observe: [android], updated namespace: statsd_native_boot
05-16 10:29:04.629 I/PackageWatchdog( 1711): Syncing state, reason: observing new packages
05-16 10:29:04.629 D/PackageWatchdog( 1711): rescue-party-observer added the following packages to monitor [android]
05-16 10:29:04.629 I/PackageWatchdog( 1711): Syncing state, reason: updated observers
05-16 10:29:04.629 I/PackageWatchdog( 1711): Not pruning observers, elapsed time: 0ms
05-16 10:29:04.629 I/PackageWatchdog( 1711): Saving observer state to file
05-16 10:29:04.632 I/PackageWatchdog( 1711): Syncing health check requests for packages: {}
05-16 10:29:04.632 I/ExplicitHealthCheckController( 1711): Service not ready to get health check supported packages. Binding...
05-16 10:29:04.636 I/ExplicitHealthCheckController( 1711): Explicit health check service is bound
05-16 10:29:04.639 I/ExplicitHealthCheckController( 1711): Explicit health check service is connected ComponentInfo{com.google.android.ext.services/android.ext.services.watchdog.ExplicitHealthCheckServiceImpl}
05-16 10:29:04.639 I/ExplicitHealthCheckController( 1711): Service initialized, syncing requests
05-16 10:29:04.639 I/PackageWatchdog( 1711): Syncing health check requests for packages: {}
05-16 10:29:04.639 D/ExplicitHealthCheckController( 1711): Getting health check supported packages
05-16 10:29:04.641 I/ExplicitHealthCheckController( 1711): Explicit health check supported packages [PackageConfig{com.google.android.networkstack, 86400000}]
05-16 10:29:04.641 D/PackageWatchdog( 1711): Received supported packages [PackageConfig{com.google.android.networkstack, 86400000}]
05-16 10:29:04.642 D/ExplicitHealthCheckController( 1711): Getting health check requested packages
05-16 10:29:04.642 I/ExplicitHealthCheckController( 1711): Explicit health check requested packages []
05-16 10:29:04.642 I/ExplicitHealthCheckController( 1711): No more health check requests, unbinding...
05-16 10:29:04.647 I/ExplicitHealthCheckController( 1711): Explicit health check service is unbound
05-16 10:29:04.726 D/CompatibilityChangeReporter( 1711): Compat change id reported: 135634846; UID 10166; state: DISABLED
05-16 10:29:04.726 D/CompatibilityChangeReporter( 1711): Compat change id reported: 177438394; UID 10166; state: DISABLED
05-16 10:29:04.726 D/CompatibilityChangeReporter( 1711): Compat change id reported: 135772972; UID 10166; state: DISABLED
05-16 10:29:04.726 D/CompatibilityChangeReporter( 1711): Compat change id reported: 135754954; UID 10166; state: ENABLED
05-16 10:29:04.728 I/ActivityManager( 1711): Killing 15852:com.tencent.mm:tools/u0a262 (adj 985): empty #33
05-16 10:29:04.729 D/CompatibilityChangeReporter( 1711): Compat change id reported: 143937733; UID 10166; state: ENABLED
05-16 10:29:04.751 I/ActivityManager( 1711): Start proc 18374:com.google.android.webview/u0a166 for broadcast {com.google.android.webview/com.google.android.libraries.phenotype.client.stable.PhenotypeUpdateBackgroundBroadcastReceiver}
05-16 10:29:04.779 D/CompatibilityChangeReporter( 1711): Compat change id reported: 168419799; UID 10166; state: DISABLED
05-16 10:29:04.830 I/ActivityManager( 1711): Killing 16320:com.google.android.webview:webview_service/u0a166 (adj 975): empty #33
05-16 10:29:04.897 I/ActivityManager( 1711): Process PhantomProcessRecord {71c43d5 16186:15852:logcat/u0a262} died
05-16 10:29:06.162 D/CompatibilityChangeReporter( 1711): Compat change id reported: 168419799; UID 10182; state: DISABLED
05-16 10:29:06.402 D/CompatibilityChangeReporter( 1711): Compat change id reported: 177438394; UID 10155; state: DISABLED
05-16 10:29:06.402 D/CompatibilityChangeReporter( 1711): Compat change id reported: 135772972; UID 10155; state: DISABLED
05-16 10:29:06.403 D/CompatibilityChangeReporter( 1711): Compat change id reported: 135754954; UID 10155; state: ENABLED
05-16 10:29:06.404 D/CompatibilityChangeReporter( 1711): Compat change id reported: 143937733; UID 10155; state: ENABLED
05-16 10:29:06.454 W/ActivityManager( 1711): Slow operation: 53ms so far, now at startProcess: returned from zygote!
05-16 10:29:06.454 W/ActivityManager( 1711): Slow operation: 54ms so far, now at startProcess: done updating battery stats
05-16 10:29:06.454 W/ActivityManager( 1711): Slow operation: 54ms so far, now at startProcess: building log message
05-16 10:29:06.455 I/ActivityManager( 1711): Start proc 18393:com.google.android.contacts/u0a155 for broadcast {com.google.android.contacts/com.google.android.libraries.phenotype.client.stable.PhenotypeUpdateBackgroundBroadcastReceiver}
05-16 10:29:06.455 W/ActivityManager( 1711): Slow operation: 54ms so far, now at startProcess: starting to update pids map
05-16 10:29:06.455 W/ActivityManager( 1711): Slow operation: 54ms so far, now at startProcess: done updating pids map
05-16 10:29:06.498 D/CompatibilityChangeReporter( 1711): Compat change id reported: 168419799; UID 10155; state: DISABLED
05-16 10:29:06.500 E/JobScheduler.Quota( 1711): <0>com.google.android.contacts has 0 EJ quota without running anything
05-16 10:29:06.501 E/JobScheduler.Quota( 1711): <0>com.google.android.contacts has 0 EJ quota without running anything
05-16 10:29:06.502 E/JobScheduler.Quota( 1711): <0>com.google.android.contacts has 0 EJ quota without running anything
05-16 10:29:06.765 D/CompatibilityChangeReporter( 1711): Compat change id reported: 161145287; UID 10155; state: DISABLED
05-16 10:29:06.788 D/CompatibilityChangeReporter( 1711): Compat change id reported: 135634846; UID 10062; state: DISABLED
05-16 10:29:06.789 D/CompatibilityChangeReporter( 1711): Compat change id reported: 177438394; UID 10062; state: DISABLED
05-16 10:29:06.789 D/CompatibilityChangeReporter( 1711): Compat change id reported: 135772972; UID 10062; state: DISABLED
05-16 10:29:06.789 D/CompatibilityChangeReporter( 1711): Compat change id reported: 135754954; UID 10062; state: ENABLED
05-16 10:29:06.790 D/CompatibilityChangeReporter( 1711): Compat change id reported: 143937733; UID 10062; state: ENABLED
05-16 10:29:06.809 I/ActivityManager( 1711): Start proc 18416:android.process.acore/u0a62 for content provider {com.android.providers.contacts/com.android.providers.contacts.ContactsProvider2}
05-16 10:29:06.840 D/CompatibilityChangeReporter( 1711): Compat change id reported: 168419799; UID 10062; state: DISABLED
05-16 10:29:06.900 D/CompatibilityChangeReporter( 1711): Compat change id reported: 194532703; UID 10155; state: ENABLED
05-16 10:29:06.901 E/JobScheduler.JobStatus( 1711): App com.google.android.contacts became active but still in NEVER bucket
05-16 10:29:06.912 E/JobScheduler.JobStatus( 1711): App com.google.android.contacts became active but still in NEVER bucket
05-16 10:29:06.918 D/CompatibilityChangeReporter( 1711): Compat change id reported: 161145287; UID 10062; state: DISABLED
05-16 10:29:06.923 E/JobScheduler.JobStatus( 1711): App com.google.android.contacts became active but still in NEVER bucket
05-16 10:29:06.934 E/JobScheduler.JobStatus( 1711): App com.google.android.contacts became active but still in NEVER bucket
05-16 10:29:07.042 E/JobScheduler.JobStatus( 1711): App com.google.android.contacts became active but still in NEVER bucket
05-16 10:29:07.056 E/JobScheduler.JobStatus( 1711): App com.google.android.contacts became active but still in NEVER bucket
05-16 10:29:07.059 E/JobScheduler.JobStatus( 1711): App com.google.android.contacts became active but still in NEVER bucket
05-16 10:29:07.062 E/JobScheduler.JobStatus( 1711): App com.google.android.contacts became active but still in NEVER bucket
