05-16 10:40:32.921 D/CompatibilityChangeReporter( 1711): Compat change id reported: 161252188; UID 10116; state: ENABLED
05-16 10:40:32.953 D/CompatibilityChangeReporter( 1711): Compat change id reported: 161252188; UID 10184; state: ENABLED
05-16 10:40:32.973 E/AppOps  ( 1711): Bad call made by uid 10165. Package "com.google.android.gms" does not belong to uid 10165.
05-16 10:40:32.980 E/AppOps  ( 1711): Bad call made by uid 10165. Package "com.google.android.gms" does not belong to uid 10165.
05-16 10:40:33.009 D/CompatibilityChangeReporter( 1711): Compat change id reported: 161252188; UID 10150; state: ENABLED
05-16 10:40:33.050 D/CompatibilityChangeReporter( 1711): Compat change id reported: 161252188; UID 10172; state: ENABLED
05-16 10:40:33.063 D/CompatibilityChangeReporter( 1711): Compat change id reported: 161252188; UID 10160; state: ENABLED
05-16 10:40:33.070 D/CompatibilityChangeReporter( 1711): Compat change id reported: 161252188; UID 10186; state: ENABLED
05-16 10:40:33.081 D/CompatibilityChangeReporter( 1711): Compat change id reported: 161252188; UID 10179; state: ENABLED
05-16 10:40:33.091 D/CompatibilityChangeReporter( 1711): Compat change id reported: 161252188; UID 10155; state: ENABLED
05-16 10:40:33.111 D/CompatibilityChangeReporter( 1711): Compat change id reported: 161252188; UID 10147; state: ENABLED
05-16 10:40:33.125 D/CompatibilityChangeReporter( 1711): Compat change id reported: 161252188; UID 10164; state: ENABLED
05-16 10:40:33.137 D/CompatibilityChangeReporter( 1711): Compat change id reported: 161252188; UID 10182; state: ENABLED
05-16 10:40:33.153 D/CompatibilityChangeReporter( 1711): Compat change id reported: 161252188; UID 10174; state: ENABLED
05-16 10:40:33.165 D/CompatibilityChangeReporter( 1711): Compat change id reported: 161252188; UID 10289; state: DISABLED
05-16 10:40:33.170 E/AppOps  ( 1711): Bad call made by uid 10151. Package "com.google.android.gms" does not belong to uid 10151.
05-16 10:40:33.180 E/AppOps  ( 1711): Bad call made by uid 10151. Package "com.google.android.gms" does not belong to uid 10151.
05-16 10:40:33.184 E/AppOps  ( 1711): Bad call made by uid 10151. Package "com.google.android.gms" does not belong to uid 10151.
05-16 10:40:33.194 D/CompatibilityChangeReporter( 1711): Compat change id reported: 161252188; UID 10413; state: DISABLED
05-16 10:40:33.245 D/CompatibilityChangeReporter( 1711): Compat change id reported: 161252188; UID 10272; state: DISABLED
05-16 10:40:33.259 D/CompatibilityChangeReporter( 1711): Compat change id reported: 161252188; UID 10102; state: ENABLED
05-16 10:40:33.263 D/CompatibilityChangeReporter( 1711): Compat change id reported: 161252188; UID 10098; state: ENABLED
05-16 10:40:33.269 D/CompatibilityChangeReporter( 1711): Compat change id reported: 161252188; UID 10120; state: ENABLED
05-16 10:40:33.276 D/CompatibilityChangeReporter( 1711): Compat change id reported: 161252188; UID 10106; state: ENABLED
05-16 10:40:33.282 D/CompatibilityChangeReporter( 1711): Compat change id reported: 161252188; UID 10151; state: ENABLED
05-16 10:40:33.297 D/CompatibilityChangeReporter( 1711): Compat change id reported: 161252188; UID 10275; state: DISABLED
05-16 10:40:33.300 D/CompatibilityChangeReporter( 1711): Compat change id reported: 161252188; UID 10077; state: DISABLED
05-16 10:40:33.368 D/CompatibilityChangeReporter( 1711): Compat change id reported: 161252188; UID 10060; state: DISABLED
05-16 10:40:33.374 D/CompatibilityChangeReporter( 1711): Compat change id reported: 161252188; UID 10254; state: DISABLED
05-16 10:40:33.390 D/CompatibilityChangeReporter( 1711): Compat change id reported: 161252188; UID 10335; state: DISABLED
05-16 10:40:33.412 D/CompatibilityChangeReporter( 1711): Compat change id reported: 161252188; UID 10431; state: ENABLED
05-16 10:40:33.466 D/CompatibilityChangeReporter( 1711): Compat change id reported: 161252188; UID 10227; state: DISABLED
05-16 10:40:33.500 D/CompatibilityChangeReporter( 1711): Compat change id reported: 161252188; UID 10432; state: ENABLED
05-16 10:40:33.548 D/CompatibilityChangeReporter( 1711): Compat change id reported: 161252188; UID 10262; state: DISABLED
05-16 10:40:33.617 D/CompatibilityChangeReporter( 1711): Compat change id reported: 161252188; UID 10263; state: DISABLED
05-16 10:40:33.681 D/CompatibilityChangeReporter( 1711): Compat change id reported: 161252188; UID 10281; state: DISABLED
05-16 10:40:33.725 D/CompatibilityChangeReporter( 1711): Compat change id reported: 161252188; UID 10288; state: DISABLED
05-16 10:40:33.751 D/CompatibilityChangeReporter( 1711): Compat change id reported: 161252188; UID 10354; state: DISABLED
05-16 10:40:33.875 D/CompatibilityChangeReporter( 1711): Compat change id reported: 161252188; UID 10209; state: ENABLED
05-16 10:40:33.876 D/CompatibilityChangeReporter( 1711): Compat change id reported: 135634846; UID 10209; state: DISABLED
05-16 10:40:33.876 D/CompatibilityChangeReporter( 1711): Compat change id reported: 177438394; UID 10209; state: DISABLED
05-16 10:40:33.876 D/CompatibilityChangeReporter( 1711): Compat change id reported: 135772972; UID 10209; state: DISABLED
05-16 10:40:33.877 D/CompatibilityChangeReporter( 1711): Compat change id reported: 135754954; UID 10209; state: ENABLED
05-16 10:40:33.877 D/CompatibilityChangeReporter( 1711): Compat change id reported: 143937733; UID 10209; state: ENABLED
05-16 10:40:33.886 D/CompatibilityChangeReporter( 1711): Compat change id reported: 161252188; UID 10401; state: DISABLED
05-16 10:40:33.889 I/ActivityManager( 1711): Start proc 24886:com.android.remoteprovisioner/u0a209 for service {com.android.remoteprovisioner/com.android.remoteprovisioner.service.GenerateRkpKeyService}
05-16 10:40:33.907 D/CompatibilityChangeReporter( 1711): Compat change id reported: 168419799; UID 10209; state: DISABLED
05-16 10:40:34.369 W/PackageParser(23882): Unknown element under <manifest>: queries at /data/user_de/0/com.google.android.gms/app_chimera/m/00000111/dl-AdsFdrDynamite.integ_230500000100000.apk Binary XML file line #15
05-16 10:40:34.375 D/CompatibilityChangeReporter( 1711): Compat change id reported: 149924527; UID 10121; state: ENABLED
05-16 10:40:34.375 D/CompatibilityChangeReporter( 1711): Compat change id reported: 132649864; UID 10121; state: DISABLED
05-16 10:40:34.670 I/Telecom ( 1711): DefaultDialerCache: Refreshing default dialer for user 0: now com.google.android.dialer: DDC.oR@AUQ
05-16 10:40:35.535 W/ProcessStats( 1711): Tracking association SourceState{56fc291 com.android.vending/10116 BTopFgs #22595} whose proc state 2 is better than process ProcessState{b0435f6 com.android.vending:background/10116 pkg=com.android.vending (sub)} proc state 3 (179 skipped)
05-16 10:40:35.973 W/PackageParser(23882): Unknown element under <manifest>: queries at /data/user_de/0/com.google.android.gms/app_chimera/m/000000a3/dl-AdsFdrDynamite.integ_224400003100000.apk Binary XML file line #11
05-16 10:40:36.315 W/BatteryExternalStatsWorker( 1711): error reading Bluetooth stats: 11
05-16 10:40:36.402 W/PackageParser(23882): Unknown element under <manifest>: queries at /data/user_de/0/com.google.android.gms/app_chimera/m/00000111/dl-AdsFdrDynamite.integ_230500000100000.apk Binary XML file line #15
05-16 10:40:36.578 W/PackageParser(23882): Unknown element under <manifest>: queries at /data/user_de/0/com.google.android.gms/app_chimera/m/00000111/dl-AdsFdrDynamite.integ_230500000100000.apk Binary XML file line #15
05-16 10:40:36.622 W/PackageParser(23882): Unknown element under <manifest>: queries at /data/user_de/0/com.google.android.gms/app_chimera/m/00000111/dl-AdsFdrDynamite.integ_230500000100000.apk Binary XML file line #15
05-16 10:40:36.839 W/PackageParser(23882): Unknown element under <manifest>: queries at /data/user_de/0/com.google.android.gms/app_chimera/m/00000111/dl-AdsFdrDynamite.integ_230500000100000.apk Binary XML file line #15
05-16 10:40:37.076 W/PackageParser(23882): Unknown element under <manifest>: queries at /data/user_de/0/com.google.android.gms/app_chimera/m/00000111/dl-AdsFdrDynamite.integ_230500000100000.apk Binary XML file line #15
05-16 10:40:37.253 W/PackageParser(23882): Unknown element under <manifest>: queries at /data/user_de/0/com.google.android.gms/app_chimera/m/00000111/dl-AdsFdrDynamite.integ_230500000100000.apk Binary XML file line #15
05-16 10:40:37.429 W/PackageParser(23882): Unknown element under <manifest>: queries at /data/user_de/0/com.google.android.gms/app_chimera/m/00000111/dl-AdsFdrDynamite.integ_230500000100000.apk Binary XML file line #15
05-16 10:40:37.652 W/BroadcastQueue( 1711): Background execution not allowed: receiving Intent { act=com.google.android.chimera.MODULE_CONFIGURATION_CHANGED flg=0x10 (has extras) } to com.google.android.gms/.chimera.GmsIntentOperationService$PersistentInternalReceiver
05-16 10:40:37.656 D/CompatibilityChangeReporter( 1711): Compat change id reported: 168419799; UID 10121; state: DISABLED
05-16 10:40:37.671 D/CompatibilityChangeReporter( 1711): Compat change id reported: 161145287; UID 10121; state: DISABLED
05-16 10:40:37.755 D/CompatibilityChangeReporter( 1711): Compat change id reported: 194532703; UID 10151; state: ENABLED
05-16 10:40:38.299 D/CompatibilityChangeReporter( 1711): Compat change id reported: 168419799; UID 10151; state: DISABLED
05-16 10:40:38.669 W/PackageParser(23882): Unknown element under <manifest>: queries at /data/user_de/0/com.google.android.gms/app_chimera/m/000000a3/dl-AdsFdrDynamite.integ_224400003100000.apk Binary XML file line #11
05-16 10:40:38.920 D/CompatibilityChangeReporter( 1711): Compat change id reported: 135634846; UID 1001; state: DISABLED
05-16 10:40:38.920 D/CompatibilityChangeReporter( 1711): Compat change id reported: 177438394; UID 1001; state: DISABLED
05-16 10:40:38.920 D/CompatibilityChangeReporter( 1711): Compat change id reported: 135772972; UID 1001; state: DISABLED
05-16 10:40:38.920 D/CompatibilityChangeReporter( 1711): Compat change id reported: 135754954; UID 1001; state: ENABLED
05-16 10:40:38.935 I/ActivityManager( 1711): Start proc 25008:com.google.RilConfigService/1001 for broadcast {com.google.RilConfigService/com.google.RilConfigService.GservicesChangeReceiver}
05-16 10:40:38.998 D/CompatibilityChangeReporter( 1711): Compat change id reported: 168419799; UID 10100; state: DISABLED
05-16 10:40:39.001 D/CompatibilityChangeReporter( 1711): Compat change id reported: 135634846; UID 10124; state: DISABLED
05-16 10:40:39.001 D/CompatibilityChangeReporter( 1711): Compat change id reported: 177438394; UID 10124; state: DISABLED
05-16 10:40:39.001 D/CompatibilityChangeReporter( 1711): Compat change id reported: 135772972; UID 10124; state: DISABLED
05-16 10:40:39.001 D/CompatibilityChangeReporter( 1711): Compat change id reported: 135754954; UID 10124; state: ENABLED
05-16 10:40:39.001 D/CompatibilityChangeReporter( 1711): Compat change id reported: 143937733; UID 10124; state: ENABLED
05-16 10:40:39.013 I/ActivityManager( 1711): Start proc 25024:com.google.android.apps.gcs/u0a124 for broadcast {com.google.android.apps.gcs/com.google.android.libraries.vpn.gcs.core.receiver.PhenotypeConfigChangedReceiver}
05-16 10:40:39.014 D/CompatibilityChangeReporter( 1711): Compat change id reported: 124107808; UID 1001; state: ENABLED
05-16 10:40:39.027 D/CompatibilityChangeReporter( 1711): Compat change id reported: 168419799; UID 10124; state: DISABLED
05-16 10:40:39.082 W/PackageParser(23882): Unknown element under <manifest>: queries at /data/user_de/0/com.google.android.gms/app_chimera/m/00000111/dl-AdsFdrDynamite.integ_230500000100000.apk Binary XML file line #15
05-16 10:40:39.090 E/AppOps  ( 1711): Bad call made by uid 10151. Package "com.google.android.gms" does not belong to uid 10151.
05-16 10:40:39.092 E/AppOps  ( 1711): Bad call made by uid 10151. Package "com.google.android.gms" does not belong to uid 10151.
05-16 10:40:39.093 E/AppOps  ( 1711): Bad call made by uid 10151. Package "com.google.android.gms" does not belong to uid 10151.
05-16 10:40:39.148 D/CompatibilityChangeReporter( 1711): Compat change id reported: 161145287; UID 10124; state: DISABLED
05-16 10:40:39.217 W/BroadcastQueue( 1711): Background execution not allowed: receiving Intent { act=com.google.android.systemui.OPA_ENABLED flg=0x10000010 (has extras) } to com.google.android.apps.nexuslauncher/.qsb.OPAStatusReceiver
05-16 10:40:39.243 D/CompatibilityChangeReporter( 1711): Compat change id reported: 194532703; UID 10124; state: ENABLED
05-16 10:40:39.417 D/CompatibilityChangeReporter( 1711): Compat change id reported: 168419799; UID 10150; state: DISABLED
05-16 10:40:39.421 D/CompatibilityChangeReporter( 1711): Compat change id reported: 135634846; UID 10148; state: DISABLED
05-16 10:40:39.421 D/CompatibilityChangeReporter( 1711): Compat change id reported: 177438394; UID 10148; state: DISABLED
05-16 10:40:39.421 D/CompatibilityChangeReporter( 1711): Compat change id reported: 135772972; UID 10148; state: DISABLED
05-16 10:40:39.421 D/CompatibilityChangeReporter( 1711): Compat change id reported: 135754954; UID 10148; state: ENABLED
05-16 10:40:39.422 D/CompatibilityChangeReporter( 1711): Compat change id reported: 143937733; UID 10148; state: ENABLED
05-16 10:40:39.436 I/ActivityManager( 1711): Start proc 25066:com.google.android.partnersetup/u0a148 for broadcast {com.google.android.partnersetup/com.google.android.partnersetup.RlzPingBroadcastReceiver}
05-16 10:40:39.530 D/CompatibilityChangeReporter( 1711): Compat change id reported: 171306433; UID 10121; state: ENABLED
05-16 10:40:39.530 D/CompatibilityChangeReporter( 1711): Compat change id reported: 218533173; UID 10121; state: ENABLED
05-16 10:40:39.549 D/CompatibilityChangeReporter( 1711): Compat change id reported: 135634846; UID 10133; state: DISABLED
05-16 10:40:39.549 D/CompatibilityChangeReporter( 1711): Compat change id reported: 177438394; UID 10133; state: DISABLED
05-16 10:40:39.550 D/CompatibilityChangeReporter( 1711): Compat change id reported: 135772972; UID 10133; state: DISABLED
05-16 10:40:39.550 D/CompatibilityChangeReporter( 1711): Compat change id reported: 135754954; UID 10133; state: ENABLED
05-16 10:40:39.551 D/CompatibilityChangeReporter( 1711): Compat change id reported: 143937733; UID 10133; state: ENABLED
05-16 10:40:39.562 I/ActivityManager( 1711): Start proc 25091:com.google.android.apps.wellbeing/u0a133 for broadcast {com.google.android.apps.wellbeing/com.google.android.apps.wellbeing.autodnd.impl.ContextManagerRestartBroadcastReceiver_Receiver}
05-16 10:40:39.575 D/CompatibilityChangeReporter( 1711): Compat change id reported: 168419799; UID 10133; state: DISABLED
05-16 10:40:39.708 D/CompatibilityChangeReporter( 1711): Compat change id reported: 201794303; UID 10121; state: ENABLED
05-16 10:40:39.934 W/JobScheduler( 1711): Job didn't exist in JobStore: 1906f80 #u0a151/-1000805 com.google.android.googlequicksearchbox/com.google.android.apps.gsa.tasks.BackgroundTasksJobService
05-16 10:40:40.029 W/PackageParser(23882): Unknown element under <manifest>: queries at /data/user_de/0/com.google.android.gms/app_chimera/m/00000111/dl-AdsFdrDynamite.integ_230500000100000.apk Binary XML file line #15
05-16 10:40:40.079 D/CompatibilityChangeReporter( 1711): Compat change id reported: 161145287; UID 10133; state: DISABLED
05-16 10:40:40.116 D/CompatibilityChangeReporter( 1711): Compat change id reported: 194532703; UID 10133; state: ENABLED
05-16 10:40:40.545 W/PackageParser(23882): Unknown element under <manifest>: queries at /data/user_de/0/com.google.android.gms/app_chimera/m/00000111/dl-AdsFdrDynamite.integ_230500000100000.apk Binary XML file line #15
05-16 10:40:40.744 W/PackageParser(23882): Unknown element under <manifest>: queries at /data/user_de/0/com.google.android.gms/app_chimera/m/00000111/dl-AdsFdrDynamite.integ_230500000100000.apk Binary XML file line #15
05-16 10:40:40.789 W/ActivityManager( 1711): Unable to start service Intent { cmp=com.google.android.apps.tachyon/.clientapi.ClientApiService } U=0: not found
05-16 10:40:40.888 E/keystore2(  514): keystore2::error: In import_key.
05-16 10:40:40.888 E/keystore2(  514): 
05-16 10:40:40.888 E/keystore2(  514): Caused by:
05-16 10:40:40.888 E/keystore2(  514):     0: In store_new_key.
05-16 10:40:40.888 E/keystore2(  514):     1: In store_new_key. Failed to handle super encryption.
05-16 10:40:40.888 E/keystore2(  514):     2: In handle_super_encryption_on_key_init: User ECDH key missing.
05-16 10:40:40.888 E/keystore2(  514):     3: Error::Rc(ResponseCode(4))
05-16 10:40:41.110 W/PackageParser(23882): Unknown element under <manifest>: queries at /data/user_de/0/com.google.android.gms/app_chimera/m/00000111/dl-AdsFdrDynamite.integ_230500000100000.apk Binary XML file line #15
05-16 10:40:41.383 D/CompatibilityChangeReporter( 1711): Compat change id reported: 135634846; UID 10075; state: DISABLED
05-16 10:40:41.383 D/CompatibilityChangeReporter( 1711): Compat change id reported: 177438394; UID 10075; state: DISABLED
05-16 10:40:41.383 D/CompatibilityChangeReporter( 1711): Compat change id reported: 135772972; UID 10075; state: DISABLED
05-16 10:40:41.384 D/CompatibilityChangeReporter( 1711): Compat change id reported: 135754954; UID 10075; state: ENABLED
05-16 10:40:41.385 D/CompatibilityChangeReporter( 1711): Compat change id reported: 143937733; UID 10075; state: ENABLED
05-16 10:40:41.405 I/ActivityManager( 1711): Start proc 25170:com.android.providers.calendar/u0a75 for content provider {com.android.providers.calendar/com.android.providers.calendar.CalendarProvider2}
05-16 10:40:41.423 D/CompatibilityChangeReporter( 1711): Compat change id reported: 168419799; UID 10075; state: DISABLED
05-16 10:40:41.485 D/CompatibilityChangeReporter( 1711): Compat change id reported: 161145287; UID 10075; state: DISABLED
05-16 10:40:41.544 D/CompatibilityChangeReporter( 1711): Compat change id reported: 143231523; UID 10075; state: DISABLED
05-16 10:40:41.580 W/PackageParser(23882): Unknown element under <manifest>: queries at /data/user_de/0/com.google.android.gms/app_chimera/m/00000111/dl-AdsFdrDynamite.integ_230500000100000.apk Binary XML file line #15
05-16 10:40:41.937 I/ContentCaptureManagerService( 1711): Data share request accepted by Content Capture service
05-16 10:40:42.031 W/PackageParser(23882): Unknown element under <manifest>: queries at /data/user_de/0/com.google.android.gms/app_chimera/m/00000111/dl-AdsFdrDynamite.integ_230500000100000.apk Binary XML file line #15
05-16 10:40:42.034 W/ActivityManager( 1711): Receiver with filter android.content.IntentFilter@3055355 already registered for pid 2898, callerPackage is com.google.android.googlequicksearchbox
05-16 10:40:42.111 W/ContextImpl(18457): Calling a method in the system process without a qualified user: android.app.ContextImpl.bindService:1950 android.content.ContextWrapper.bindService:853 com.google.android.wifitrackerlib.WsuServiceClient.bindWsuService:411 com.google.android.wifitrackerlib.WsuManager.bindAllServices:66 com.google.android.wifitrackerlib.GoogleWifiPickerTracker.onStart:115 
05-16 10:40:42.114 D/CompatibilityChangeReporter( 1711): Compat change id reported: 135634846; UID 10123; state: DISABLED
05-16 10:40:42.114 D/CompatibilityChangeReporter( 1711): Compat change id reported: 177438394; UID 10123; state: DISABLED
05-16 10:40:42.114 D/CompatibilityChangeReporter( 1711): Compat change id reported: 135772972; UID 10123; state: DISABLED
05-16 10:40:42.114 D/CompatibilityChangeReporter( 1711): Compat change id reported: 135754954; UID 10123; state: ENABLED
05-16 10:40:42.115 D/CompatibilityChangeReporter( 1711): Compat change id reported: 143937733; UID 10123; state: ENABLED
05-16 10:40:42.126 I/ActivityManager( 1711): Start proc 25217:com.google.android.apps.carrier.carrierwifi/u0a123 for service {com.google.android.apps.carrier.carrierwifi/com.google.android.wsu.service.WsuServiceImpl}
05-16 10:40:42.483 W/BroadcastQueue( 1711): Background execution not allowed: receiving Intent { act=com.google.android.chimera.MODULE_CONFIGURATION_CHANGED flg=0x10 (has extras) } to com.google.android.gms/.chimera.GmsIntentOperationService$PersistentInternalReceiver
05-16 10:40:42.543 W/BroadcastQueue( 1711): Exported Denial: sending Intent { act=android.net.conn.CONNECTIVITY_CHANGE flg=0x4200010 (has extras) }, action: android.net.conn.CONNECTIVITY_CHANGE from null (uid=-1) due to receiver ProcessRecord{9dfb3e2 24012:com.google.android.apps.messaging/u0a150} (uid 10150) not specifying RECEIVER_EXPORTED
05-16 10:40:42.635 I/ActivityManager( 1711): Process com.google.android.gms.persistent (pid 23911) has died: fg  BFGS
05-16 10:40:42.640 W/ActivityManager( 1711): Scheduling restart of crashed service com.google.android.gms/.chimera.PersistentBoundBrokerService in 1000ms for connection
05-16 10:40:42.640 W/ActivityManager( 1711): Scheduling restart of crashed service com.google.android.gms/.tron.CollectionService in 11000ms for start-requested
05-16 10:40:42.640 W/ActivityManager( 1711): Scheduling restart of crashed service com.google.android.gms/.nearby.exposurenotification.service.ExposureMatchingService in 20999ms for start-requested
05-16 10:40:42.640 W/ActivityManager( 1711): Scheduling restart of crashed service com.google.android.gms/com.google.android.location.internal.server.GoogleLocationService in 30999ms for start-requested
05-16 10:40:42.640 W/ActivityManager( 1711): Scheduling restart of crashed service com.google.android.gms/com.google.android.location.internal.server.HardwareArProviderService in 40999ms for connection
05-16 10:40:42.640 W/ActivityManager( 1711): Scheduling restart of crashed service com.google.android.gms/com.google.android.location.fused.FusedLocationService in 50999ms for connection
05-16 10:40:42.640 W/ActivityManager( 1711): Scheduling restart of crashed service com.google.android.gms/.deviceconnection.service.DeviceConnectionWatcherService in 60999ms for start-requested
05-16 10:40:42.641 W/ActivityManager( 1711): Scheduling restart of crashed service com.google.android.gms/.nearby.messages.service.NearbyMessagesService in 70999ms for start-requested
05-16 10:40:42.641 W/ActivityManager( 1711): Scheduling restart of crashed service com.google.android.gms/.fido.fido2.pollux.CableAuthenticatorService in 80999ms for start-requested
05-16 10:40:42.641 W/ActivityManager( 1711): Scheduling restart of crashed service com.google.android.gms/com.google.android.location.network.NetworkLocationService in 90999ms for connection
05-16 10:40:42.641 W/ActivityManager( 1711): Scheduling restart of crashed service com.google.android.gms/.chimera.PersistentIntentOperationService in 100999ms for start-requested
05-16 10:40:42.641 W/ActivityManager( 1711): Scheduling restart of crashed service com.google.android.gms/.gcm.GcmService in 110999ms for start-requested
05-16 10:40:42.641 W/ActivityManager( 1711): Scheduling restart of crashed service com.google.android.gms/.chimera.PersistentDirectBootAwareApiService in 120999ms for connection
05-16 10:40:42.641 W/ActivityManager( 1711): Scheduling restart of crashed service com.google.android.gms/.fido.authenticator.service.AuthenticatorService in 130999ms for start-requested
05-16 10:40:42.641 W/ActivityManager( 1711): Scheduling restart of crashed service com.google.android.gms/.geotimezone.GeoTimeZoneService in 140999ms for connection
05-16 10:40:42.641 W/ActivityManager( 1711): Scheduling restart of crashed service com.google.android.gms/.thunderbird.EmergencyPersistentService in 150999ms for start-requested
05-16 10:40:42.641 I/ActivityThread(24678): Removing dead content provider:android.content.ContentProviderProxy@fb0d4fe
05-16 10:40:42.641 I/ActivityThread(24678): Removing dead content provider:android.content.ContentProviderProxy@fb0d4fe
05-16 10:40:42.641 I/ActivityThread(24409): Removing dead content provider:android.content.ContentProviderProxy@2371b8d
05-16 10:40:42.642 I/ActivityThread(24409): Removing dead content provider:android.content.ContentProviderProxy@2371b8d
05-16 10:40:42.642 W/ActivityManager( 1711): Scheduling restart of crashed service com.google.android.gms/.location.geocode.GeocodeService in 160997ms for connection
05-16 10:40:42.642 W/ActivityManager( 1711): Scheduling restart of crashed service com.google.android.gms/.gcm.nts.SchedulerService in 170997ms for start-requested
05-16 10:40:42.643 W/ActivityManager( 1711): Scheduling restart of crashed service com.google.android.gms/.auth.GetToken in 180997ms for connection
05-16 10:40:42.643 W/ActivityManager( 1711): Scheduling restart of crashed service com.google.android.gms/.chimera.PersistentApiService in 190997ms for connection
05-16 10:40:42.643 W/ActivityManager( 1711): Scheduling restart of crashed service com.google.android.gms/.lockbox.service.LockboxBrokerService in 200997ms for connection
05-16 10:40:42.643 W/ActivityManager( 1711): Scheduling restart of crashed service com.google.android.gms/.common.stats.GmsCoreStatsService in 210997ms for start-requested
05-16 10:40:42.643 W/ActivityManager( 1711): Scheduling restart of crashed service com.google.android.gms/com.google.android.contextmanager.service.ContextManagerService in 220997ms for start-requested
05-16 10:40:42.643 W/ActivityManager( 1711): Scheduling restart of crashed service com.google.android.gms/.stats.eastworld.EastworldService in 230997ms for start-requested
05-16 10:40:42.643 W/ActivityManager( 1711): Scheduling restart of crashed service com.google.android.gms/com.google.android.location.internal.GoogleLocationManagerService in 240997ms for start-requested
05-16 10:40:42.643 W/ActivityManager( 1711): Scheduling restart of crashed service com.google.android.gms/.gcm.http.GoogleHttpService in 250997ms for connection
05-16 10:40:42.643 W/ActivityManager( 1711): Scheduling restart of crashed service com.google.android.gms/.nearby.sharing.ReceiveSurfaceService in 260997ms for start-requested
05-16 10:40:42.643 W/ActivityManager( 1711): Scheduling restart of crashed service com.google.android.gms/.chimera.PersistentApiServiceNoInstantApps in 270997ms for connection
05-16 10:40:42.643 W/ActivityManager( 1711): Scheduling restart of crashed service com.google.android.gms/com.google.android.location.reporting.service.ReportingAndroidService in 280997ms for connection
05-16 10:40:42.643 W/ActivityManager( 1711): Scheduling restart of crashed service com.google.android.gms/.instantapps.service.InstantAppsService in 290997ms for connection
05-16 10:40:42.643 W/ActivityManager( 1711): Scheduling restart of crashed service com.google.android.gms/.auth.setup.devicesignals.LockScreenService in 300997ms for start-requested
05-16 10:40:42.643 W/ActivityManager( 1711): Scheduling restart of crashed service com.google.android.gms/.nearby.exposurenotification.service.ExposureNotificationInternalService in 310997ms for start-requested
05-16 10:40:42.657 W/ActivityManager( 1711): Rescheduling restart of crashed service com.google.android.gms/.chimera.PersistentBoundBrokerService in 9982ms for mem-pressure-event
05-16 10:40:42.657 W/ActivityManager( 1711): Rescheduling restart of crashed service com.google.android.gms/.tron.CollectionService in 29982ms for mem-pressure-event
05-16 10:40:42.657 W/ActivityManager( 1711): Rescheduling restart of crashed service com.google.android.gms/.nearby.exposurenotification.service.ExposureMatchingService in 49982ms for mem-pressure-event
05-16 10:40:42.657 W/ActivityManager( 1711): Rescheduling restart of crashed service com.google.android.gms/com.google.android.location.internal.server.GoogleLocationService in 69982ms for mem-pressure-event
05-16 10:40:42.657 W/ActivityManager( 1711): Rescheduling restart of crashed service com.google.android.gms/com.google.android.location.internal.server.HardwareArProviderService in 89982ms for mem-pressure-event
05-16 10:40:42.657 W/ActivityManager( 1711): Rescheduling restart of crashed service com.google.android.gms/com.google.android.location.fused.FusedLocationService in 109982ms for mem-pressure-event
05-16 10:40:42.657 W/ActivityManager( 1711): Rescheduling restart of crashed service com.google.android.gms/.deviceconnection.service.DeviceConnectionWatcherService in 129982ms for mem-pressure-event
05-16 10:40:42.657 W/ActivityManager( 1711): Rescheduling restart of crashed service com.google.android.gms/.nearby.messages.service.NearbyMessagesService in 149982ms for mem-pressure-event
05-16 10:40:42.657 W/ActivityManager( 1711): Rescheduling restart of crashed service com.google.android.gms/.fido.fido2.pollux.CableAuthenticatorService in 169982ms for mem-pressure-event
05-16 10:40:42.658 W/ActivityManager( 1711): Rescheduling restart of crashed service com.google.android.gms/com.google.android.location.network.NetworkLocationService in 189982ms for mem-pressure-event
05-16 10:40:42.658 W/ActivityManager( 1711): Rescheduling restart of crashed service com.google.android.gms/.chimera.PersistentIntentOperationService in 209982ms for mem-pressure-event
05-16 10:40:42.658 W/ActivityManager( 1711): Rescheduling restart of crashed service com.google.android.gms/.gcm.GcmService in 229982ms for mem-pressure-event
05-16 10:40:42.658 W/ActivityManager( 1711): Rescheduling restart of crashed service com.google.android.gms/.chimera.PersistentDirectBootAwareApiService in 249982ms for mem-pressure-event
05-16 10:40:42.658 W/ActivityManager( 1711): Rescheduling restart of crashed service com.google.android.gms/.fido.authenticator.service.AuthenticatorService in 269982ms for mem-pressure-event
05-16 10:40:42.658 W/ActivityManager( 1711): Rescheduling restart of crashed service com.google.android.gms/.geotimezone.GeoTimeZoneService in 289982ms for mem-pressure-event
05-16 10:40:42.658 W/ActivityManager( 1711): Rescheduling restart of crashed service com.google.android.gms/.thunderbird.EmergencyPersistentService in 309982ms for mem-pressure-event
05-16 10:40:42.658 W/ActivityManager( 1711): Rescheduling restart of crashed service com.google.android.gms/.location.geocode.GeocodeService in 329982ms for mem-pressure-event
05-16 10:40:42.658 W/ActivityManager( 1711): Rescheduling restart of crashed service com.google.android.gms/.gcm.nts.SchedulerService in 349982ms for mem-pressure-event
05-16 10:40:42.658 W/ActivityManager( 1711): Rescheduling restart of crashed service com.google.android.gms/.auth.GetToken in 369982ms for mem-pressure-event
05-16 10:40:42.658 W/ActivityManager( 1711): Rescheduling restart of crashed service com.google.android.gms/.chimera.PersistentApiService in 389982ms for mem-pressure-event
05-16 10:40:42.658 W/ActivityManager( 1711): Rescheduling restart of crashed service com.google.android.gms/.lockbox.service.LockboxBrokerService in 409982ms for mem-pressure-event
05-16 10:40:42.658 W/ActivityManager( 1711): Rescheduling restart of crashed service com.google.android.gms/.common.stats.GmsCoreStatsService in 429982ms for mem-pressure-event
05-16 10:40:42.658 W/ActivityManager( 1711): Rescheduling restart of crashed service com.google.android.gms/com.google.android.contextmanager.service.ContextManagerService in 449982ms for mem-pressure-event
05-16 10:40:42.658 W/ActivityManager( 1711): Rescheduling restart of crashed service com.google.android.gms/.stats.eastworld.EastworldService in 469982ms for mem-pressure-event
05-16 10:40:42.658 W/ActivityManager( 1711): Rescheduling restart of crashed service com.google.android.gms/com.google.android.location.internal.GoogleLocationManagerService in 489982ms for mem-pressure-event
05-16 10:40:42.658 W/ActivityManager( 1711): Rescheduling restart of crashed service com.google.android.gms/.gcm.http.GoogleHttpService in 509982ms for mem-pressure-event
05-16 10:40:42.658 W/ActivityManager( 1711): Rescheduling restart of crashed service com.google.android.gms/.nearby.sharing.ReceiveSurfaceService in 529982ms for mem-pressure-event
05-16 10:40:42.658 W/ActivityManager( 1711): Rescheduling restart of crashed service com.google.android.gms/.chimera.PersistentApiServiceNoInstantApps in 549982ms for mem-pressure-event
05-16 10:40:42.658 W/ActivityManager( 1711): Rescheduling restart of crashed service com.google.android.gms/com.google.android.location.reporting.service.ReportingAndroidService in 569982ms for mem-pressure-event
05-16 10:40:42.658 W/ActivityManager( 1711): Rescheduling restart of crashed service com.google.android.gms/.instantapps.service.InstantAppsService in 589982ms for mem-pressure-event
05-16 10:40:42.658 W/ActivityManager( 1711): Rescheduling restart of crashed service com.google.android.gms/.auth.setup.devicesignals.LockScreenService in 609982ms for mem-pressure-event
05-16 10:40:42.658 W/ActivityManager( 1711): Rescheduling restart of crashed service com.google.android.gms/.nearby.exposurenotification.service.ExposureNotificationInternalService in 629982ms for mem-pressure-event
05-16 10:40:42.677 D/CompatibilityChangeReporter( 1711): Compat change id reported: 135634846; UID 10121; state: DISABLED
05-16 10:40:42.677 D/CompatibilityChangeReporter( 1711): Compat change id reported: 177438394; UID 10121; state: DISABLED
05-16 10:40:42.677 D/CompatibilityChangeReporter( 1711): Compat change id reported: 135772972; UID 10121; state: DISABLED
05-16 10:40:42.677 D/CompatibilityChangeReporter( 1711): Compat change id reported: 135754954; UID 10121; state: ENABLED
05-16 10:40:42.677 D/CompatibilityChangeReporter( 1711): Compat change id reported: 143937733; UID 10121; state: ENABLED
05-16 10:40:42.696 I/ActivityManager( 1711): Start proc 25271:com.google.android.gms.persistent/u0a121 for content provider {com.google.android.gms/com.google.android.gms.chimera.container.GmsModuleProvider}
05-16 10:40:42.811 W/PackageParser(23882): Unknown element under <manifest>: queries at /data/user_de/0/com.google.android.gms/app_chimera/m/00000111/dl-AdsFdrDynamite.integ_230500000100000.apk Binary XML file line #15
05-16 10:40:43.083 D/CompatibilityChangeReporter( 1711): Compat change id reported: 177438394; UID 10184; state: DISABLED
05-16 10:40:43.083 D/CompatibilityChangeReporter( 1711): Compat change id reported: 135772972; UID 10184; state: DISABLED
05-16 10:40:43.083 D/CompatibilityChangeReporter( 1711): Compat change id reported: 135754954; UID 10184; state: ENABLED
05-16 10:40:43.083 D/CompatibilityChangeReporter( 1711): Compat change id reported: 143937733; UID 10184; state: ENABLED
05-16 10:40:43.093 I/ActivityManager( 1711): Start proc 25327:com.google.android.apps.maps/u0a184 for service {com.google.android.apps.maps/com.google.android.apps.gmm.offline.update.OfflineAutoUpdateJobService}
05-16 10:40:43.109 D/CompatibilityChangeReporter( 1711): Compat change id reported: 168419799; UID 10184; state: DISABLED
05-16 10:40:43.150 D/CompatibilityChangeReporter( 1711): Compat change id reported: 168936375; UID 10121; state: ENABLED
05-16 10:40:43.151 D/CompatibilityChangeReporter( 1711): Compat change id reported: 73144566; UID 10121; state: ENABLED
05-16 10:40:43.221 W/AlarmManager( 1711): Window length 1383505805527738880ms too long; limiting to 1 day
05-16 10:40:43.241 D/CompatibilityChangeReporter( 1711): Compat change id reported: 194532703; UID 10150; state: ENABLED
05-16 10:40:43.245 W/BroadcastQueue( 1711): Background execution not allowed: receiving Intent { act=com.google.android.location.internal.server.ACTION_RESTARTED flg=0x10 (has extras) } to com.google.android.gms/.chimera.GmsIntentOperationService$PersistentInternalReceiver
05-16 10:40:43.381 D/CompatibilityChangeReporter( 1711): Compat change id reported: 161145287; UID 10184; state: DISABLED
05-16 10:40:43.384 W/PackageParser(23882): Unknown element under <manifest>: queries at /data/user_de/0/com.google.android.gms/app_chimera/m/00000111/dl-AdsFdrDynamite.integ_230500000100000.apk Binary XML file line #15
05-16 10:40:43.621 D/CompatibilityChangeReporter( 1711): Compat change id reported: 171306433; UID 10121; state: ENABLED
05-16 10:40:43.621 D/CompatibilityChangeReporter( 1711): Compat change id reported: 218533173; UID 10121; state: ENABLED
05-16 10:40:43.707 D/CompatibilityChangeReporter( 1711): Compat change id reported: 194532703; UID 10184; state: ENABLED
05-16 10:40:43.878 W/AppOps  ( 1711): Noting op not finished: uid 10110 pkg com.google.android.apps.scone code 79 startTime of in progress event=1684204843863
05-16 10:40:43.968 W/AlarmManager( 1711): Window length 1383505805527738624ms too long; limiting to 1 day
05-16 10:40:44.125 D/CompatibilityChangeReporter( 1711): Compat change id reported: 168419799; UID 10133; state: DISABLED
05-16 10:40:44.256 W/AppOps  ( 1711): Noting op not finished: uid 10121 pkg com.google.android.gms code 113 startTime of in progress event=1684204843996
05-16 10:40:44.292 W/AppOps  ( 1711): Noting op not finished: uid 10121 pkg com.google.android.gms code 113 startTime of in progress event=1684204843996
05-16 10:40:44.331 D/CompatibilityChangeReporter( 1711): Compat change id reported: 172251878; UID 10121; state: ENABLED
05-16 10:40:44.352 W/PackageParser(23882): Unknown element under <manifest>: queries at /data/user_de/0/com.google.android.gms/app_chimera/m/00000111/dl-AdsFdrDynamite.integ_230500000100000.apk Binary XML file line #15
05-16 10:40:44.383 W/JobScheduler( 1711): Job didn't exist in JobStore: 5339bf0 #u0a151/-49 com.google.android.googlequicksearchbox/com.google.android.apps.gsa.tasks.BackgroundTasksJobService
05-16 10:40:44.394 D/CompatibilityChangeReporter( 1711): Compat change id reported: 201794303; UID 10121; state: ENABLED
05-16 10:40:44.487 W/ActivityManager( 1711): Unable to start service Intent { act=com.google.android.gms.home.service.START pkg=com.google.android.gms } U=0: not found
05-16 10:40:44.489 W/AlarmManager( 1711): Alarms must either supply a PendingIntent or an AlarmReceiver
05-16 10:40:44.491 W/ActivityManager( 1711): Unbind failed: could not find connection for android.os.BinderProxy@331b6b6
05-16 10:40:44.709 D/CompatibilityChangeReporter( 1711): Compat change id reported: 135634846; UID 10166; state: DISABLED
05-16 10:40:44.709 D/CompatibilityChangeReporter( 1711): Compat change id reported: 177438394; UID 10166; state: DISABLED
05-16 10:40:44.709 D/CompatibilityChangeReporter( 1711): Compat change id reported: 135772972; UID 10166; state: DISABLED
05-16 10:40:44.709 D/CompatibilityChangeReporter( 1711): Compat change id reported: 135754954; UID 10166; state: ENABLED
05-16 10:40:44.709 D/CompatibilityChangeReporter( 1711): Compat change id reported: 143937733; UID 10166; state: ENABLED
05-16 10:40:44.727 I/ActivityManager( 1711): Start proc 25500:com.google.android.webview:webview_service/u0a166 for service {com.google.android.webview/org.chromium.android_webview.services.VariationsSeedServer}
05-16 10:40:44.743 D/CompatibilityChangeReporter( 1711): Compat change id reported: 168419799; UID 10166; state: DISABLED
05-16 10:40:44.750 W/AppOps  ( 1711): Noting op not finished: uid 10121 pkg com.google.android.gms code 113 startTime of in progress event=1684204843996
05-16 10:40:44.771 W/AppOps  ( 1711): Noting op not finished: uid 10121 pkg com.google.android.gms code 113 startTime of in progress event=1684204843996
05-16 10:40:44.798 W/AppOps  ( 1711): Noting op not finished: uid 10121 pkg com.google.android.gms code 113 startTime of in progress event=1684204844579
05-16 10:40:44.798 I/ActivityManager( 1711): Background started FGS: Allowed [callingPackage: com.android.vending; callingUid: 10116; uidState: TRNB; intent: Intent { act=com.google.android.finsky.BIND_DOWNLOAD_SERVICE pkg=com.android.vending (has extras) }; code:BACKGROUND_ACTIVITY_PERMISSION; tempAllowListReason:<,reasonCode:SYSTEM_ALLOW_LISTED,duration:9223372036854775807,callingUid:-1>; targetSdkVersion:33; callerTargetSdkVersion:33; startForegroundCount:0; bindFromPackage:null]
05-16 10:40:44.820 W/AppOps  ( 1711): Noting op not finished: uid 10121 pkg com.google.android.gms code 113 startTime of in progress event=1684204843996
05-16 10:40:44.955 E/keystore2(  514): keystore2::error: In read_keystore_crash_count: Property not set.
05-16 10:40:44.955 E/StatsPullAtomService( 1711): pulling keystore metrics failed
05-16 10:40:44.955 E/StatsPullAtomService( 1711): android.os.ServiceSpecificException: In read_keystore_crash_count: Property not set. (code 4)
05-16 10:40:44.955 E/StatsPullAtomService( 1711): 	at android.os.Parcel.createExceptionOrNull(Parcel.java:3025)
05-16 10:40:44.955 E/StatsPullAtomService( 1711): 	at android.os.Parcel.createException(Parcel.java:2995)
05-16 10:40:44.955 E/StatsPullAtomService( 1711): 	at android.os.Parcel.readException(Parcel.java:2978)
05-16 10:40:44.955 E/StatsPullAtomService( 1711): 	at android.os.Parcel.readException(Parcel.java:2920)
05-16 10:40:44.955 E/StatsPullAtomService( 1711): 	at android.security.metrics.IKeystoreMetrics$Stub$Proxy.pullMetrics(IKeystoreMetrics.java:135)
05-16 10:40:44.955 E/StatsPullAtomService( 1711): 	at com.android.server.stats.pull.StatsPullAtomService.pullKeystoreAtoms(StatsPullAtomService.java:4396)
05-16 10:40:44.955 E/StatsPullAtomService( 1711): 	at com.android.server.stats.pull.StatsPullAtomService$StatsPullAtomCallbackImpl.onPullAtom(StatsPullAtomService.java:726)
05-16 10:40:44.955 E/StatsPullAtomService( 1711): 	at android.app.StatsManager$PullAtomCallbackInternal.lambda$onPullAtom$0$android-app-StatsManager$PullAtomCallbackInternal(StatsManager.java:566)
05-16 10:40:44.955 E/StatsPullAtomService( 1711): 	at android.app.StatsManager$PullAtomCallbackInternal$$ExternalSyntheticLambda0.run(Unknown Source:6)
05-16 10:40:44.955 E/StatsPullAtomService( 1711): 	at com.android.internal.util.ConcurrentUtils$DirectExecutor.execute(ConcurrentUtils.java:141)
05-16 10:40:44.955 E/StatsPullAtomService( 1711): 	at android.app.StatsManager$PullAtomCallbackInternal.onPullAtom(StatsManager.java:564)
05-16 10:40:44.955 E/StatsPullAtomService( 1711): 	at android.os.IPullAtomCallback$Stub.onTransact(IPullAtomCallback.java:72)
05-16 10:40:44.955 E/StatsPullAtomService( 1711): 	at android.os.Binder.execTransactInternal(Binder.java:1285)
05-16 10:40:44.955 E/StatsPullAtomService( 1711): 	at android.os.Binder.execTransact(Binder.java:1244)
05-16 10:40:45.033 D/PowerUI ( 1975): can't show warning due to - plugged: true status unknown: false
05-16 10:40:45.499 D/CompatibilityChangeReporter( 1711): Compat change id reported: 161145287; UID 10121; state: DISABLED
05-16 10:40:45.750 D/CompatibilityChangeReporter( 1711): Compat change id reported: 168419799; UID 10121; state: DISABLED
05-16 10:40:45.851 D/ConditionProviders( 1711): Enabling component com.google.android.gms/com.google.android.location.settings.DrivingConditionProvider
05-16 10:40:45.851 V/ConditionProviders( 1711): binding: Intent { act=android.service.notification.ConditionProviderService cmp=com.google.android.gms/com.google.android.location.settings.DrivingConditionProvider (has extras) }
05-16 10:40:45.859 V/ConditionProviders( 1711): 0 condition provider service connected: ComponentInfo{com.google.android.gms/com.google.android.location.settings.DrivingConditionProvider}
05-16 10:40:45.866 D/ConditionProviders( 1711): Disabling component com.google.android.gms/com.google.android.location.settings.DrivingConditionProvider
05-16 10:40:47.141 I/ContentCaptureManagerService( 1711): Data share request accepted by Content Capture service
05-16 10:40:48.918 D/CompatibilityChangeReporter( 1711): Compat change id reported: 135634846; UID 10105; state: DISABLED
05-16 10:40:48.918 D/CompatibilityChangeReporter( 1711): Compat change id reported: 177438394; UID 10105; state: DISABLED
05-16 10:40:48.918 D/CompatibilityChangeReporter( 1711): Compat change id reported: 135772972; UID 10105; state: DISABLED
05-16 10:40:48.918 D/CompatibilityChangeReporter( 1711): Compat change id reported: 135754954; UID 10105; state: ENABLED
05-16 10:40:48.919 D/CompatibilityChangeReporter( 1711): Compat change id reported: 143937733; UID 10105; state: ENABLED
05-16 10:40:48.922 D/CompatibilityChangeReporter( 1711): Compat change id reported: 135634846; UID 10144; state: DISABLED
05-16 10:40:48.922 D/CompatibilityChangeReporter( 1711): Compat change id reported: 177438394; UID 10144; state: DISABLED
05-16 10:40:48.922 D/CompatibilityChangeReporter( 1711): Compat change id reported: 135772972; UID 10144; state: DISABLED
05-16 10:40:48.922 D/CompatibilityChangeReporter( 1711): Compat change id reported: 135754954; UID 10144; state: ENABLED
05-16 10:40:48.934 I/ActivityManager( 1711): Start proc 25570:com.google.android.configupdater/u0a105 for service {com.google.android.configupdater/com.google.android.configupdater.MainJobService}
05-16 10:40:48.935 D/CompatibilityChangeReporter( 1711): Compat change id reported: 143937733; UID 10144; state: ENABLED
05-16 10:40:48.952 I/ActivityManager( 1711): Start proc 25577:com.google.android.apps.work.oobconfig/u0a144 for service {com.google.android.apps.work.oobconfig/com.google.android.apps.work.oobconfig.gservices.GservicesChangedObserverService}
05-16 10:40:48.959 D/CompatibilityChangeReporter( 1711): Compat change id reported: 168419799; UID 10105; state: DISABLED
05-16 10:40:49.046 D/CompatibilityChangeReporter( 1711): Compat change id reported: 194532703; UID 10105; state: DISABLED
05-16 10:40:49.054 W/JobScheduler( 1711): Job didn't exist in JobStore: fe15625 #u0a105/1 com.google.android.configupdater/.MainJobService
05-16 10:40:49.073 D/CompatibilityChangeReporter( 1711): Compat change id reported: 194532703; UID 10144; state: DISABLED
05-16 10:40:49.081 W/JobScheduler( 1711): Job didn't exist in JobStore: caa3c08 #u0a144/5 com.google.android.apps.work.oobconfig/.gservices.GservicesChangedObserverService
05-16 10:40:49.085 D/CompatibilityChangeReporter( 1711): Compat change id reported: 161145287; UID 10144; state: DISABLED
05-16 10:40:52.809 I/ActivityManager( 1711): Killing 22859:com.cisco.anyconnect.vpn.android.avf:nchs/u0a254 (adj 999): empty #33
05-16 10:40:53.735 I/ActivityManager( 1711): Background started FGS: Allowed [callingPackage: com.android.vending; callingUid: 10116; uidState: TRNB; intent: Intent { act=com.google.android.finsky.BIND_DOWNLOAD_SERVICE pkg=com.android.vending (has extras) }; code:BACKGROUND_ACTIVITY_PERMISSION; tempAllowListReason:<,reasonCode:SYSTEM_ALLOW_LISTED,duration:9223372036854775807,callingUid:-1>; targetSdkVersion:33; callerTargetSdkVersion:33; startForegroundCount:0; bindFromPackage:null]
05-16 10:40:55.457 I/keystore2(  514): keystore2::watchdog: Watchdog thread idle -> terminating. Have a great day.
05-16 10:40:56.242 W/JobScheduler( 1711): Job didn't exist in JobStore: 540076 #u0a151/-47 com.google.android.googlequicksearchbox/com.google.android.apps.gsa.tasks.BackgroundTasksJobService
05-16 10:40:56.289 E/PackageManager( 1711): ERROR: could not load root hash from incremental install
05-16 10:40:56.299 E/PackageManager( 1711): ERROR: could not load root hash from incremental install
05-16 10:40:56.299 E/PackageManager( 1711): ERROR: could not load root hash from incremental install
05-16 10:40:56.299 E/PackageManager( 1711): ERROR: could not load root hash from incremental install
05-16 10:40:56.301 I/PackageManager( 1711): Integrity check passed for file:///data/app/vmdl1822177823.tmp
05-16 10:40:56.307 I/PackageManager( 1711): Integrity check passed for file:///data/app/vmdl2065821915.tmp
05-16 10:40:56.364 W/PackageParsing( 1711): Unknown element under <manifest>: uses-sdk at /data/app/vmdl2065821915.tmp/base.apk Binary XML file line #3
05-16 10:40:56.364 W/PackageParsing( 1711): Unknown element under <manifest>: module at /data/app/vmdl2065821915.tmp/base.apk Binary XML file line #5
05-16 10:40:56.364 W/PackageParsing( 1711): Unknown element under <manifest>: uses-permission at /data/app/vmdl2065821915.tmp/base.apk Binary XML file line #9
05-16 10:40:56.364 W/PackageParsing( 1711): Unknown element under <manifest>: uses-permission at /data/app/vmdl2065821915.tmp/base.apk Binary XML file line #10
05-16 10:40:56.376 I/ActivityManager( 1711): Force stopping com.google.android.webview appid=10166 user=-1: installPackageLI
05-16 10:40:56.376 I/PackageManager( 1711): Update system package com.google.android.webview code path from /data/app/~~0mEBaQyxikKNTfUGg7f2rA==/com.google.android.webview-jCHFftF5rkGdVIJqSNBMog== to /data/app/~~hLaHyfcyMjEERAMIdwwwGA==/com.google.android.webview-igKB75vZiTYHoIZHppgjMA==; Retain data and using new
05-16 10:40:56.378 E/PackageManager( 1711): Shared lib without setting: SharedLibraryInfo{name:com.google.android.trichromelibrary, type:static, version:567207634}
05-16 10:40:56.416 E/PackageManager( 1711): Shared lib without setting: SharedLibraryInfo{name:com.google.android.trichromelibrary, type:static, version:567207634}
05-16 10:40:56.463 I/ActivityManager( 1711): Killing 20788:com.tencent.tim:mail/u0a288 (adj 800): stop com.google.android.webview due to installPackageLI
05-16 10:40:56.464 W/ActivityManager( 1711): Scheduling restart of crashed service com.tencent.tim/com.tencent.androidqqmail.tim.MailPluginService in 1000ms for connection
05-16 10:40:56.464 I/ActivityManager( 1711): Killing 10613:com.tencent.mm/u0a262 (adj 800): stop com.google.android.webview due to installPackageLI
05-16 10:40:56.466 W/ActivityManager( 1711): Scheduling restart of crashed service com.tencent.mm/.service.ProcessService$MMProcessService in 10998ms for connection
05-16 10:40:56.466 I/ActivityManager( 1711): Killing 16337:com.google.android.webview:sandboxed_process0:org.chromium.content.app.SandboxedProcessService0:0/u0a262i3 (adj 0): isolated not needed
05-16 10:40:56.467 I/ActivityManager( 1711): Killing 24678:com.google.android.googlequicksearchbox:search/u0a151 (adj 200): stop com.google.android.webview due to installPackageLI
05-16 10:40:56.469 W/ActivityManager( 1711): Scheduling restart of crashed service com.google.android.googlequicksearchbox/com.google.android.apps.gsa.tasks.BackgroundTasksJobService in 20995ms for connection
