05-16 10:40:39.575 D/CompatibilityChangeReporter( 1711): Compat change id reported: 168419799; UID 10133; state: DISABLED
05-16 10:40:39.708 D/CompatibilityChangeReporter( 1711): Compat change id reported: 201794303; UID 10121; state: ENABLED
05-16 10:40:39.934 W/JobScheduler( 1711): Job didn't exist in JobStore: 1906f80 #u0a151/-1000805 com.google.android.googlequicksearchbox/com.google.android.apps.gsa.tasks.BackgroundTasksJobService
05-16 10:40:40.029 W/PackageParser(23882): Unknown element under <manifest>: queries at /data/user_de/0/com.google.android.gms/app_chimera/m/00000111/dl-AdsFdrDynamite.integ_230500000100000.apk Binary XML file line #15
05-16 10:40:40.079 D/CompatibilityChangeReporter( 1711): Compat change id reported: 161145287; UID 10133; state: DISABLED
05-16 10:40:40.116 D/CompatibilityChangeReporter( 1711): Compat change id reported: 194532703; UID 10133; state: ENABLED
05-16 10:40:40.545 W/PackageParser(23882): Unknown element under <manifest>: queries at /data/user_de/0/com.google.android.gms/app_chimera/m/00000111/dl-AdsFdrDynamite.integ_230500000100000.apk Binary XML file line #15
05-16 10:40:40.744 W/PackageParser(23882): Unknown element under <manifest>: queries at /data/user_de/0/com.google.android.gms/app_chimera/m/00000111/dl-AdsFdrDynamite.integ_230500000100000.apk Binary XML file line #15
05-16 10:40:40.789 W/ActivityManager( 1711): Unable to start service Intent { cmp=com.google.android.apps.tachyon/.clientapi.ClientApiService } U=0: not found
05-16 10:40:40.888 E/keystore2(  514): keystore2::error: In import_key.
05-16 10:40:40.888 E/keystore2(  514): 
05-16 10:40:40.888 E/keystore2(  514): Caused by:
05-16 10:40:40.888 E/keystore2(  514):     0: In store_new_key.
05-16 10:40:40.888 E/keystore2(  514):     1: In store_new_key. Failed to handle super encryption.
05-16 10:40:40.888 E/keystore2(  514):     2: In handle_super_encryption_on_key_init: User ECDH key missing.
05-16 10:40:40.888 E/keystore2(  514):     3: Error::Rc(ResponseCode(4))
05-16 10:40:41.110 W/PackageParser(23882): Unknown element under <manifest>: queries at /data/user_de/0/com.google.android.gms/app_chimera/m/00000111/dl-AdsFdrDynamite.integ_230500000100000.apk Binary XML file line #15
05-16 10:40:41.383 D/CompatibilityChangeReporter( 1711): Compat change id reported: 135634846; UID 10075; state: DISABLED
05-16 10:40:41.383 D/CompatibilityChangeReporter( 1711): Compat change id reported: 177438394; UID 10075; state: DISABLED
05-16 10:40:41.383 D/CompatibilityChangeReporter( 1711): Compat change id reported: 135772972; UID 10075; state: DISABLED
05-16 10:40:41.384 D/CompatibilityChangeReporter( 1711): Compat change id reported: 135754954; UID 10075; state: ENABLED
05-16 10:40:41.385 D/CompatibilityChangeReporter( 1711): Compat change id reported: 143937733; UID 10075; state: ENABLED
05-16 10:40:41.405 I/ActivityManager( 1711): Start proc 25170:com.android.providers.calendar/u0a75 for content provider {com.android.providers.calendar/com.android.providers.calendar.CalendarProvider2}
05-16 10:40:41.423 D/CompatibilityChangeReporter( 1711): Compat change id reported: 168419799; UID 10075; state: DISABLED
05-16 10:40:41.485 D/CompatibilityChangeReporter( 1711): Compat change id reported: 161145287; UID 10075; state: DISABLED
05-16 10:40:41.544 D/CompatibilityChangeReporter( 1711): Compat change id reported: 143231523; UID 10075; state: DISABLED
05-16 10:40:41.580 W/PackageParser(23882): Unknown element under <manifest>: queries at /data/user_de/0/com.google.android.gms/app_chimera/m/00000111/dl-AdsFdrDynamite.integ_230500000100000.apk Binary XML file line #15
05-16 10:40:41.937 I/ContentCaptureManagerService( 1711): Data share request accepted by Content Capture service
05-16 10:40:42.031 W/PackageParser(23882): Unknown element under <manifest>: queries at /data/user_de/0/com.google.android.gms/app_chimera/m/00000111/dl-AdsFdrDynamite.integ_230500000100000.apk Binary XML file line #15
05-16 10:40:42.034 W/ActivityManager( 1711): Receiver with filter android.content.IntentFilter@3055355 already registered for pid 2898, callerPackage is com.google.android.googlequicksearchbox
05-16 10:40:42.111 W/ContextImpl(18457): Calling a method in the system process without a qualified user: android.app.ContextImpl.bindService:1950 android.content.ContextWrapper.bindService:853 com.google.android.wifitrackerlib.WsuServiceClient.bindWsuService:411 com.google.android.wifitrackerlib.WsuManager.bindAllServices:66 com.google.android.wifitrackerlib.GoogleWifiPickerTracker.onStart:115 
05-16 10:40:42.114 D/CompatibilityChangeReporter( 1711): Compat change id reported: 135634846; UID 10123; state: DISABLED
05-16 10:40:42.114 D/CompatibilityChangeReporter( 1711): Compat change id reported: 177438394; UID 10123; state: DISABLED
05-16 10:40:42.114 D/CompatibilityChangeReporter( 1711): Compat change id reported: 135772972; UID 10123; state: DISABLED
05-16 10:40:42.114 D/CompatibilityChangeReporter( 1711): Compat change id reported: 135754954; UID 10123; state: ENABLED
05-16 10:40:42.115 D/CompatibilityChangeReporter( 1711): Compat change id reported: 143937733; UID 10123; state: ENABLED
05-16 10:40:42.126 I/ActivityManager( 1711): Start proc 25217:com.google.android.apps.carrier.carrierwifi/u0a123 for service {com.google.android.apps.carrier.carrierwifi/com.google.android.wsu.service.WsuServiceImpl}
05-16 10:40:42.483 W/BroadcastQueue( 1711): Background execution not allowed: receiving Intent { act=com.google.android.chimera.MODULE_CONFIGURATION_CHANGED flg=0x10 (has extras) } to com.google.android.gms/.chimera.GmsIntentOperationService$PersistentInternalReceiver
05-16 10:40:42.543 W/BroadcastQueue( 1711): Exported Denial: sending Intent { act=android.net.conn.CONNECTIVITY_CHANGE flg=0x4200010 (has extras) }, action: android.net.conn.CONNECTIVITY_CHANGE from null (uid=-1) due to receiver ProcessRecord{9dfb3e2 24012:com.google.android.apps.messaging/u0a150} (uid 10150) not specifying RECEIVER_EXPORTED
05-16 10:40:42.635 I/ActivityManager( 1711): Process com.google.android.gms.persistent (pid 23911) has died: fg  BFGS
05-16 10:40:42.640 W/ActivityManager( 1711): Scheduling restart of crashed service com.google.android.gms/.chimera.PersistentBoundBrokerService in 1000ms for connection
05-16 10:40:42.640 W/ActivityManager( 1711): Scheduling restart of crashed service com.google.android.gms/.tron.CollectionService in 11000ms for start-requested
05-16 10:40:42.640 W/ActivityManager( 1711): Scheduling restart of crashed service com.google.android.gms/.nearby.exposurenotification.service.ExposureMatchingService in 20999ms for start-requested
05-16 10:40:42.640 W/ActivityManager( 1711): Scheduling restart of crashed service com.google.android.gms/com.google.android.location.internal.server.GoogleLocationService in 30999ms for start-requested
05-16 10:40:42.640 W/ActivityManager( 1711): Scheduling restart of crashed service com.google.android.gms/com.google.android.location.internal.server.HardwareArProviderService in 40999ms for connection
05-16 10:40:42.640 W/ActivityManager( 1711): Scheduling restart of crashed service com.google.android.gms/com.google.android.location.fused.FusedLocationService in 50999ms for connection
05-16 10:40:42.640 W/ActivityManager( 1711): Scheduling restart of crashed service com.google.android.gms/.deviceconnection.service.DeviceConnectionWatcherService in 60999ms for start-requested
05-16 10:40:42.641 W/ActivityManager( 1711): Scheduling restart of crashed service com.google.android.gms/.nearby.messages.service.NearbyMessagesService in 70999ms for start-requested
05-16 10:40:42.641 W/ActivityManager( 1711): Scheduling restart of crashed service com.google.android.gms/.fido.fido2.pollux.CableAuthenticatorService in 80999ms for start-requested
05-16 10:40:42.641 W/ActivityManager( 1711): Scheduling restart of crashed service com.google.android.gms/com.google.android.location.network.NetworkLocationService in 90999ms for connection
05-16 10:40:42.641 W/ActivityManager( 1711): Scheduling restart of crashed service com.google.android.gms/.chimera.PersistentIntentOperationService in 100999ms for start-requested
05-16 10:40:42.641 W/ActivityManager( 1711): Scheduling restart of crashed service com.google.android.gms/.gcm.GcmService in 110999ms for start-requested
05-16 10:40:42.641 W/ActivityManager( 1711): Scheduling restart of crashed service com.google.android.gms/.chimera.PersistentDirectBootAwareApiService in 120999ms for connection
05-16 10:40:42.641 W/ActivityManager( 1711): Scheduling restart of crashed service com.google.android.gms/.fido.authenticator.service.AuthenticatorService in 130999ms for start-requested
05-16 10:40:42.641 W/ActivityManager( 1711): Scheduling restart of crashed service com.google.android.gms/.geotimezone.GeoTimeZoneService in 140999ms for connection
05-16 10:40:42.641 W/ActivityManager( 1711): Scheduling restart of crashed service com.google.android.gms/.thunderbird.EmergencyPersistentService in 150999ms for start-requested
05-16 10:40:42.641 I/ActivityThread(24678): Removing dead content provider:android.content.ContentProviderProxy@fb0d4fe
05-16 10:40:42.641 I/ActivityThread(24678): Removing dead content provider:android.content.ContentProviderProxy@fb0d4fe
05-16 10:40:42.641 I/ActivityThread(24409): Removing dead content provider:android.content.ContentProviderProxy@2371b8d
05-16 10:40:42.642 I/ActivityThread(24409): Removing dead content provider:android.content.ContentProviderProxy@2371b8d
05-16 10:40:42.642 W/ActivityManager( 1711): Scheduling restart of crashed service com.google.android.gms/.location.geocode.GeocodeService in 160997ms for connection
05-16 10:40:42.642 W/ActivityManager( 1711): Scheduling restart of crashed service com.google.android.gms/.gcm.nts.SchedulerService in 170997ms for start-requested
05-16 10:40:42.643 W/ActivityManager( 1711): Scheduling restart of crashed service com.google.android.gms/.auth.GetToken in 180997ms for connection
05-16 10:40:42.643 W/ActivityManager( 1711): Scheduling restart of crashed service com.google.android.gms/.chimera.PersistentApiService in 190997ms for connection
05-16 10:40:42.643 W/ActivityManager( 1711): Scheduling restart of crashed service com.google.android.gms/.lockbox.service.LockboxBrokerService in 200997ms for connection
05-16 10:40:42.643 W/ActivityManager( 1711): Scheduling restart of crashed service com.google.android.gms/.common.stats.GmsCoreStatsService in 210997ms for start-requested
05-16 10:40:42.643 W/ActivityManager( 1711): Scheduling restart of crashed service com.google.android.gms/com.google.android.contextmanager.service.ContextManagerService in 220997ms for start-requested
05-16 10:40:42.643 W/ActivityManager( 1711): Scheduling restart of crashed service com.google.android.gms/.stats.eastworld.EastworldService in 230997ms for start-requested
05-16 10:40:42.643 W/ActivityManager( 1711): Scheduling restart of crashed service com.google.android.gms/com.google.android.location.internal.GoogleLocationManagerService in 240997ms for start-requested
05-16 10:40:42.643 W/ActivityManager( 1711): Scheduling restart of crashed service com.google.android.gms/.gcm.http.GoogleHttpService in 250997ms for connection
05-16 10:40:42.643 W/ActivityManager( 1711): Scheduling restart of crashed service com.google.android.gms/.nearby.sharing.ReceiveSurfaceService in 260997ms for start-requested
05-16 10:40:42.643 W/ActivityManager( 1711): Scheduling restart of crashed service com.google.android.gms/.chimera.PersistentApiServiceNoInstantApps in 270997ms for connection
05-16 10:40:42.643 W/ActivityManager( 1711): Scheduling restart of crashed service com.google.android.gms/com.google.android.location.reporting.service.ReportingAndroidService in 280997ms for connection
05-16 10:40:42.643 W/ActivityManager( 1711): Scheduling restart of crashed service com.google.android.gms/.instantapps.service.InstantAppsService in 290997ms for connection
05-16 10:40:42.643 W/ActivityManager( 1711): Scheduling restart of crashed service com.google.android.gms/.auth.setup.devicesignals.LockScreenService in 300997ms for start-requested
05-16 10:40:42.643 W/ActivityManager( 1711): Scheduling restart of crashed service com.google.android.gms/.nearby.exposurenotification.service.ExposureNotificationInternalService in 310997ms for start-requested
05-16 10:40:42.657 W/ActivityManager( 1711): Rescheduling restart of crashed service com.google.android.gms/.chimera.PersistentBoundBrokerService in 9982ms for mem-pressure-event
05-16 10:40:42.657 W/ActivityManager( 1711): Rescheduling restart of crashed service com.google.android.gms/.tron.CollectionService in 29982ms for mem-pressure-event
05-16 10:40:42.657 W/ActivityManager( 1711): Rescheduling restart of crashed service com.google.android.gms/.nearby.exposurenotification.service.ExposureMatchingService in 49982ms for mem-pressure-event
05-16 10:40:42.657 W/ActivityManager( 1711): Rescheduling restart of crashed service com.google.android.gms/com.google.android.location.internal.server.GoogleLocationService in 69982ms for mem-pressure-event
05-16 10:40:42.657 W/ActivityManager( 1711): Rescheduling restart of crashed service com.google.android.gms/com.google.android.location.internal.server.HardwareArProviderService in 89982ms for mem-pressure-event
05-16 10:40:42.657 W/ActivityManager( 1711): Rescheduling restart of crashed service com.google.android.gms/com.google.android.location.fused.FusedLocationService in 109982ms for mem-pressure-event
05-16 10:40:42.657 W/ActivityManager( 1711): Rescheduling restart of crashed service com.google.android.gms/.deviceconnection.service.DeviceConnectionWatcherService in 129982ms for mem-pressure-event
05-16 10:40:42.657 W/ActivityManager( 1711): Rescheduling restart of crashed service com.google.android.gms/.nearby.messages.service.NearbyMessagesService in 149982ms for mem-pressure-event
05-16 10:40:42.657 W/ActivityManager( 1711): Rescheduling restart of crashed service com.google.android.gms/.fido.fido2.pollux.CableAuthenticatorService in 169982ms for mem-pressure-event
05-16 10:40:42.658 W/ActivityManager( 1711): Rescheduling restart of crashed service com.google.android.gms/com.google.android.location.network.NetworkLocationService in 189982ms for mem-pressure-event
05-16 10:40:42.658 W/ActivityManager( 1711): Rescheduling restart of crashed service com.google.android.gms/.chimera.PersistentIntentOperationService in 209982ms for mem-pressure-event
05-16 10:40:42.658 W/ActivityManager( 1711): Rescheduling restart of crashed service com.google.android.gms/.gcm.GcmService in 229982ms for mem-pressure-event
05-16 10:40:42.658 W/ActivityManager( 1711): Rescheduling restart of crashed service com.google.android.gms/.chimera.PersistentDirectBootAwareApiService in 249982ms for mem-pressure-event
05-16 10:40:42.658 W/ActivityManager( 1711): Rescheduling restart of crashed service com.google.android.gms/.fido.authenticator.service.AuthenticatorService in 269982ms for mem-pressure-event
05-16 10:40:42.658 W/ActivityManager( 1711): Rescheduling restart of crashed service com.google.android.gms/.geotimezone.GeoTimeZoneService in 289982ms for mem-pressure-event
05-16 10:40:42.658 W/ActivityManager( 1711): Rescheduling restart of crashed service com.google.android.gms/.thunderbird.EmergencyPersistentService in 309982ms for mem-pressure-event
05-16 10:40:42.658 W/ActivityManager( 1711): Rescheduling restart of crashed service com.google.android.gms/.location.geocode.GeocodeService in 329982ms for mem-pressure-event
05-16 10:40:42.658 W/ActivityManager( 1711): Rescheduling restart of crashed service com.google.android.gms/.gcm.nts.SchedulerService in 349982ms for mem-pressure-event
05-16 10:40:42.658 W/ActivityManager( 1711): Rescheduling restart of crashed service com.google.android.gms/.auth.GetToken in 369982ms for mem-pressure-event
05-16 10:40:42.658 W/ActivityManager( 1711): Rescheduling restart of crashed service com.google.android.gms/.chimera.PersistentApiService in 389982ms for mem-pressure-event
05-16 10:40:42.658 W/ActivityManager( 1711): Rescheduling restart of crashed service com.google.android.gms/.lockbox.service.LockboxBrokerService in 409982ms for mem-pressure-event
05-16 10:40:42.658 W/ActivityManager( 1711): Rescheduling restart of crashed service com.google.android.gms/.common.stats.GmsCoreStatsService in 429982ms for mem-pressure-event
05-16 10:40:42.658 W/ActivityManager( 1711): Rescheduling restart of crashed service com.google.android.gms/com.google.android.contextmanager.service.ContextManagerService in 449982ms for mem-pressure-event
05-16 10:40:42.658 W/ActivityManager( 1711): Rescheduling restart of crashed service com.google.android.gms/.stats.eastworld.EastworldService in 469982ms for mem-pressure-event
05-16 10:40:42.658 W/ActivityManager( 1711): Rescheduling restart of crashed service com.google.android.gms/com.google.android.location.internal.GoogleLocationManagerService in 489982ms for mem-pressure-event
05-16 10:40:42.658 W/ActivityManager( 1711): Rescheduling restart of crashed service com.google.android.gms/.gcm.http.GoogleHttpService in 509982ms for mem-pressure-event
05-16 10:40:42.658 W/ActivityManager( 1711): Rescheduling restart of crashed service com.google.android.gms/.nearby.sharing.ReceiveSurfaceService in 529982ms for mem-pressure-event
05-16 10:40:42.658 W/ActivityManager( 1711): Rescheduling restart of crashed service com.google.android.gms/.chimera.PersistentApiServiceNoInstantApps in 549982ms for mem-pressure-event
05-16 10:40:42.658 W/ActivityManager( 1711): Rescheduling restart of crashed service com.google.android.gms/com.google.android.location.reporting.service.ReportingAndroidService in 569982ms for mem-pressure-event
05-16 10:40:42.658 W/ActivityManager( 1711): Rescheduling restart of crashed service com.google.android.gms/.instantapps.service.InstantAppsService in 589982ms for mem-pressure-event
05-16 10:40:42.658 W/ActivityManager( 1711): Rescheduling restart of crashed service com.google.android.gms/.auth.setup.devicesignals.LockScreenService in 609982ms for mem-pressure-event
05-16 10:40:42.658 W/ActivityManager( 1711): Rescheduling restart of crashed service com.google.android.gms/.nearby.exposurenotification.service.ExposureNotificationInternalService in 629982ms for mem-pressure-event
05-16 10:40:42.677 D/CompatibilityChangeReporter( 1711): Compat change id reported: 135634846; UID 10121; state: DISABLED
05-16 10:40:42.677 D/CompatibilityChangeReporter( 1711): Compat change id reported: 177438394; UID 10121; state: DISABLED
05-16 10:40:42.677 D/CompatibilityChangeReporter( 1711): Compat change id reported: 135772972; UID 10121; state: DISABLED
05-16 10:40:42.677 D/CompatibilityChangeReporter( 1711): Compat change id reported: 135754954; UID 10121; state: ENABLED
05-16 10:40:42.677 D/CompatibilityChangeReporter( 1711): Compat change id reported: 143937733; UID 10121; state: ENABLED
05-16 10:40:42.696 I/ActivityManager( 1711): Start proc 25271:com.google.android.gms.persistent/u0a121 for content provider {com.google.android.gms/com.google.android.gms.chimera.container.GmsModuleProvider}
05-16 10:40:42.811 W/PackageParser(23882): Unknown element under <manifest>: queries at /data/user_de/0/com.google.android.gms/app_chimera/m/00000111/dl-AdsFdrDynamite.integ_230500000100000.apk Binary XML file line #15
05-16 10:40:43.083 D/CompatibilityChangeReporter( 1711): Compat change id reported: 177438394; UID 10184; state: DISABLED
05-16 10:40:43.083 D/CompatibilityChangeReporter( 1711): Compat change id reported: 135772972; UID 10184; state: DISABLED
05-16 10:40:43.083 D/CompatibilityChangeReporter( 1711): Compat change id reported: 135754954; UID 10184; state: ENABLED
05-16 10:40:43.083 D/CompatibilityChangeReporter( 1711): Compat change id reported: 143937733; UID 10184; state: ENABLED
05-16 10:40:43.093 I/ActivityManager( 1711): Start proc 25327:com.google.android.apps.maps/u0a184 for service {com.google.android.apps.maps/com.google.android.apps.gmm.offline.update.OfflineAutoUpdateJobService}
05-16 10:40:43.109 D/CompatibilityChangeReporter( 1711): Compat change id reported: 168419799; UID 10184; state: DISABLED
05-16 10:40:43.150 D/CompatibilityChangeReporter( 1711): Compat change id reported: 168936375; UID 10121; state: ENABLED
05-16 10:40:43.151 D/CompatibilityChangeReporter( 1711): Compat change id reported: 73144566; UID 10121; state: ENABLED
05-16 10:40:43.221 W/AlarmManager( 1711): Window length 1383505805527738880ms too long; limiting to 1 day
05-16 10:40:43.241 D/CompatibilityChangeReporter( 1711): Compat change id reported: 194532703; UID 10150; state: ENABLED
05-16 10:40:43.245 W/BroadcastQueue( 1711): Background execution not allowed: receiving Intent { act=com.google.android.location.internal.server.ACTION_RESTARTED flg=0x10 (has extras) } to com.google.android.gms/.chimera.GmsIntentOperationService$PersistentInternalReceiver
05-16 10:40:43.381 D/CompatibilityChangeReporter( 1711): Compat change id reported: 161145287; UID 10184; state: DISABLED
05-16 10:40:43.384 W/PackageParser(23882): Unknown element under <manifest>: queries at /data/user_de/0/com.google.android.gms/app_chimera/m/00000111/dl-AdsFdrDynamite.integ_230500000100000.apk Binary XML file line #15
05-16 10:40:43.621 D/CompatibilityChangeReporter( 1711): Compat change id reported: 171306433; UID 10121; state: ENABLED
05-16 10:40:43.621 D/CompatibilityChangeReporter( 1711): Compat change id reported: 218533173; UID 10121; state: ENABLED
05-16 10:40:43.707 D/CompatibilityChangeReporter( 1711): Compat change id reported: 194532703; UID 10184; state: ENABLED
05-16 10:40:43.878 W/AppOps  ( 1711): Noting op not finished: uid 10110 pkg com.google.android.apps.scone code 79 startTime of in progress event=1684204843863
05-16 10:40:43.968 W/AlarmManager( 1711): Window length 1383505805527738624ms too long; limiting to 1 day
05-16 10:40:44.125 D/CompatibilityChangeReporter( 1711): Compat change id reported: 168419799; UID 10133; state: DISABLED
05-16 10:40:44.256 W/AppOps  ( 1711): Noting op not finished: uid 10121 pkg com.google.android.gms code 113 startTime of in progress event=1684204843996
05-16 10:40:44.292 W/AppOps  ( 1711): Noting op not finished: uid 10121 pkg com.google.android.gms code 113 startTime of in progress event=1684204843996
05-16 10:40:44.331 D/CompatibilityChangeReporter( 1711): Compat change id reported: 172251878; UID 10121; state: ENABLED
05-16 10:40:44.352 W/PackageParser(23882): Unknown element under <manifest>: queries at /data/user_de/0/com.google.android.gms/app_chimera/m/00000111/dl-AdsFdrDynamite.integ_230500000100000.apk Binary XML file line #15
05-16 10:40:44.383 W/JobScheduler( 1711): Job didn't exist in JobStore: 5339bf0 #u0a151/-49 com.google.android.googlequicksearchbox/com.google.android.apps.gsa.tasks.BackgroundTasksJobService
05-16 10:40:44.394 D/CompatibilityChangeReporter( 1711): Compat change id reported: 201794303; UID 10121; state: ENABLED
05-16 10:40:44.487 W/ActivityManager( 1711): Unable to start service Intent { act=com.google.android.gms.home.service.START pkg=com.google.android.gms } U=0: not found
05-16 10:40:44.489 W/AlarmManager( 1711): Alarms must either supply a PendingIntent or an AlarmReceiver
05-16 10:40:44.491 W/ActivityManager( 1711): Unbind failed: could not find connection for android.os.BinderProxy@331b6b6
05-16 10:40:44.709 D/CompatibilityChangeReporter( 1711): Compat change id reported: 135634846; UID 10166; state: DISABLED
05-16 10:40:44.709 D/CompatibilityChangeReporter( 1711): Compat change id reported: 177438394; UID 10166; state: DISABLED
05-16 10:40:44.709 D/CompatibilityChangeReporter( 1711): Compat change id reported: 135772972; UID 10166; state: DISABLED
05-16 10:40:44.709 D/CompatibilityChangeReporter( 1711): Compat change id reported: 135754954; UID 10166; state: ENABLED
05-16 10:40:44.709 D/CompatibilityChangeReporter( 1711): Compat change id reported: 143937733; UID 10166; state: ENABLED
05-16 10:40:44.727 I/ActivityManager( 1711): Start proc 25500:com.google.android.webview:webview_service/u0a166 for service {com.google.android.webview/org.chromium.android_webview.services.VariationsSeedServer}
05-16 10:40:44.743 D/CompatibilityChangeReporter( 1711): Compat change id reported: 168419799; UID 10166; state: DISABLED
05-16 10:40:44.750 W/AppOps  ( 1711): Noting op not finished: uid 10121 pkg com.google.android.gms code 113 startTime of in progress event=1684204843996
05-16 10:40:44.771 W/AppOps  ( 1711): Noting op not finished: uid 10121 pkg com.google.android.gms code 113 startTime of in progress event=1684204843996
05-16 10:40:44.798 W/AppOps  ( 1711): Noting op not finished: uid 10121 pkg com.google.android.gms code 113 startTime of in progress event=1684204844579
05-16 10:40:44.798 I/ActivityManager( 1711): Background started FGS: Allowed [callingPackage: com.android.vending; callingUid: 10116; uidState: TRNB; intent: Intent { act=com.google.android.finsky.BIND_DOWNLOAD_SERVICE pkg=com.android.vending (has extras) }; code:BACKGROUND_ACTIVITY_PERMISSION; tempAllowListReason:<,reasonCode:SYSTEM_ALLOW_LISTED,duration:9223372036854775807,callingUid:-1>; targetSdkVersion:33; callerTargetSdkVersion:33; startForegroundCount:0; bindFromPackage:null]
05-16 10:40:44.820 W/AppOps  ( 1711): Noting op not finished: uid 10121 pkg com.google.android.gms code 113 startTime of in progress event=1684204843996
05-16 10:40:44.955 E/keystore2(  514): keystore2::error: In read_keystore_crash_count: Property not set.
05-16 10:40:44.955 E/StatsPullAtomService( 1711): pulling keystore metrics failed
05-16 10:40:44.955 E/StatsPullAtomService( 1711): android.os.ServiceSpecificException: In read_keystore_crash_count: Property not set. (code 4)
05-16 10:40:44.955 E/StatsPullAtomService( 1711): 	at android.os.Parcel.createExceptionOrNull(Parcel.java:3025)
05-16 10:40:44.955 E/StatsPullAtomService( 1711): 	at android.os.Parcel.createException(Parcel.java:2995)
05-16 10:40:44.955 E/StatsPullAtomService( 1711): 	at android.os.Parcel.readException(Parcel.java:2978)
05-16 10:40:44.955 E/StatsPullAtomService( 1711): 	at android.os.Parcel.readException(Parcel.java:2920)
05-16 10:40:44.955 E/StatsPullAtomService( 1711): 	at android.security.metrics.IKeystoreMetrics$Stub$Proxy.pullMetrics(IKeystoreMetrics.java:135)
05-16 10:40:44.955 E/StatsPullAtomService( 1711): 	at com.android.server.stats.pull.StatsPullAtomService.pullKeystoreAtoms(StatsPullAtomService.java:4396)
05-16 10:40:44.955 E/StatsPullAtomService( 1711): 	at com.android.server.stats.pull.StatsPullAtomService$StatsPullAtomCallbackImpl.onPullAtom(StatsPullAtomService.java:726)
05-16 10:40:44.955 E/StatsPullAtomService( 1711): 	at android.app.StatsManager$PullAtomCallbackInternal.lambda$onPullAtom$0$android-app-StatsManager$PullAtomCallbackInternal(StatsManager.java:566)
05-16 10:40:44.955 E/StatsPullAtomService( 1711): 	at android.app.StatsManager$PullAtomCallbackInternal$$ExternalSyntheticLambda0.run(Unknown Source:6)
05-16 10:40:44.955 E/StatsPullAtomService( 1711): 	at com.android.internal.util.ConcurrentUtils$DirectExecutor.execute(ConcurrentUtils.java:141)
05-16 10:40:44.955 E/StatsPullAtomService( 1711): 	at android.app.StatsManager$PullAtomCallbackInternal.onPullAtom(StatsManager.java:564)
05-16 10:40:44.955 E/StatsPullAtomService( 1711): 	at android.os.IPullAtomCallback$Stub.onTransact(IPullAtomCallback.java:72)
05-16 10:40:44.955 E/StatsPullAtomService( 1711): 	at android.os.Binder.execTransactInternal(Binder.java:1285)
05-16 10:40:44.955 E/StatsPullAtomService( 1711): 	at android.os.Binder.execTransact(Binder.java:1244)
05-16 10:40:45.033 D/PowerUI ( 1975): can't show warning due to - plugged: true status unknown: false
05-16 10:40:45.499 D/CompatibilityChangeReporter( 1711): Compat change id reported: 161145287; UID 10121; state: DISABLED
05-16 10:40:45.750 D/CompatibilityChangeReporter( 1711): Compat change id reported: 168419799; UID 10121; state: DISABLED
05-16 10:40:45.851 D/ConditionProviders( 1711): Enabling component com.google.android.gms/com.google.android.location.settings.DrivingConditionProvider
05-16 10:40:45.851 V/ConditionProviders( 1711): binding: Intent { act=android.service.notification.ConditionProviderService cmp=com.google.android.gms/com.google.android.location.settings.DrivingConditionProvider (has extras) }
05-16 10:40:45.859 V/ConditionProviders( 1711): 0 condition provider service connected: ComponentInfo{com.google.android.gms/com.google.android.location.settings.DrivingConditionProvider}
05-16 10:40:45.866 D/ConditionProviders( 1711): Disabling component com.google.android.gms/com.google.android.location.settings.DrivingConditionProvider
05-16 10:40:47.141 I/ContentCaptureManagerService( 1711): Data share request accepted by Content Capture service
05-16 10:40:48.918 D/CompatibilityChangeReporter( 1711): Compat change id reported: 135634846; UID 10105; state: DISABLED
05-16 10:40:48.918 D/CompatibilityChangeReporter( 1711): Compat change id reported: 177438394; UID 10105; state: DISABLED
05-16 10:40:48.918 D/CompatibilityChangeReporter( 1711): Compat change id reported: 135772972; UID 10105; state: DISABLED
05-16 10:40:48.918 D/CompatibilityChangeReporter( 1711): Compat change id reported: 135754954; UID 10105; state: ENABLED
05-16 10:40:48.919 D/CompatibilityChangeReporter( 1711): Compat change id reported: 143937733; UID 10105; state: ENABLED
05-16 10:40:48.922 D/CompatibilityChangeReporter( 1711): Compat change id reported: 135634846; UID 10144; state: DISABLED
05-16 10:40:48.922 D/CompatibilityChangeReporter( 1711): Compat change id reported: 177438394; UID 10144; state: DISABLED
05-16 10:40:48.922 D/CompatibilityChangeReporter( 1711): Compat change id reported: 135772972; UID 10144; state: DISABLED
05-16 10:40:48.922 D/CompatibilityChangeReporter( 1711): Compat change id reported: 135754954; UID 10144; state: ENABLED
05-16 10:40:48.934 I/ActivityManager( 1711): Start proc 25570:com.google.android.configupdater/u0a105 for service {com.google.android.configupdater/com.google.android.configupdater.MainJobService}
05-16 10:40:48.935 D/CompatibilityChangeReporter( 1711): Compat change id reported: 143937733; UID 10144; state: ENABLED
05-16 10:40:48.952 I/ActivityManager( 1711): Start proc 25577:com.google.android.apps.work.oobconfig/u0a144 for service {com.google.android.apps.work.oobconfig/com.google.android.apps.work.oobconfig.gservices.GservicesChangedObserverService}
05-16 10:40:48.959 D/CompatibilityChangeReporter( 1711): Compat change id reported: 168419799; UID 10105; state: DISABLED
05-16 10:40:49.046 D/CompatibilityChangeReporter( 1711): Compat change id reported: 194532703; UID 10105; state: DISABLED
05-16 10:40:49.054 W/JobScheduler( 1711): Job didn't exist in JobStore: fe15625 #u0a105/1 com.google.android.configupdater/.MainJobService
05-16 10:40:49.073 D/CompatibilityChangeReporter( 1711): Compat change id reported: 194532703; UID 10144; state: DISABLED
05-16 10:40:49.081 W/JobScheduler( 1711): Job didn't exist in JobStore: caa3c08 #u0a144/5 com.google.android.apps.work.oobconfig/.gservices.GservicesChangedObserverService
05-16 10:40:49.085 D/CompatibilityChangeReporter( 1711): Compat change id reported: 161145287; UID 10144; state: DISABLED
05-16 10:40:52.809 I/ActivityManager( 1711): Killing 22859:com.cisco.anyconnect.vpn.android.avf:nchs/u0a254 (adj 999): empty #33
05-16 10:40:53.735 I/ActivityManager( 1711): Background started FGS: Allowed [callingPackage: com.android.vending; callingUid: 10116; uidState: TRNB; intent: Intent { act=com.google.android.finsky.BIND_DOWNLOAD_SERVICE pkg=com.android.vending (has extras) }; code:BACKGROUND_ACTIVITY_PERMISSION; tempAllowListReason:<,reasonCode:SYSTEM_ALLOW_LISTED,duration:9223372036854775807,callingUid:-1>; targetSdkVersion:33; callerTargetSdkVersion:33; startForegroundCount:0; bindFromPackage:null]
05-16 10:40:55.457 I/keystore2(  514): keystore2::watchdog: Watchdog thread idle -> terminating. Have a great day.
05-16 10:40:56.242 W/JobScheduler( 1711): Job didn't exist in JobStore: 540076 #u0a151/-47 com.google.android.googlequicksearchbox/com.google.android.apps.gsa.tasks.BackgroundTasksJobService
05-16 10:40:56.289 E/PackageManager( 1711): ERROR: could not load root hash from incremental install
05-16 10:40:56.299 E/PackageManager( 1711): ERROR: could not load root hash from incremental install
05-16 10:40:56.299 E/PackageManager( 1711): ERROR: could not load root hash from incremental install
05-16 10:40:56.299 E/PackageManager( 1711): ERROR: could not load root hash from incremental install
05-16 10:40:56.301 I/PackageManager( 1711): Integrity check passed for file:///data/app/vmdl1822177823.tmp
05-16 10:40:56.307 I/PackageManager( 1711): Integrity check passed for file:///data/app/vmdl2065821915.tmp
05-16 10:40:56.364 W/PackageParsing( 1711): Unknown element under <manifest>: uses-sdk at /data/app/vmdl2065821915.tmp/base.apk Binary XML file line #3
05-16 10:40:56.364 W/PackageParsing( 1711): Unknown element under <manifest>: module at /data/app/vmdl2065821915.tmp/base.apk Binary XML file line #5
05-16 10:40:56.364 W/PackageParsing( 1711): Unknown element under <manifest>: uses-permission at /data/app/vmdl2065821915.tmp/base.apk Binary XML file line #9
05-16 10:40:56.364 W/PackageParsing( 1711): Unknown element under <manifest>: uses-permission at /data/app/vmdl2065821915.tmp/base.apk Binary XML file line #10
05-16 10:40:56.376 I/ActivityManager( 1711): Force stopping com.google.android.webview appid=10166 user=-1: installPackageLI
05-16 10:40:56.376 I/PackageManager( 1711): Update system package com.google.android.webview code path from /data/app/~~0mEBaQyxikKNTfUGg7f2rA==/com.google.android.webview-jCHFftF5rkGdVIJqSNBMog== to /data/app/~~hLaHyfcyMjEERAMIdwwwGA==/com.google.android.webview-igKB75vZiTYHoIZHppgjMA==; Retain data and using new
05-16 10:40:56.378 E/PackageManager( 1711): Shared lib without setting: SharedLibraryInfo{name:com.google.android.trichromelibrary, type:static, version:567207634}
05-16 10:40:56.416 E/PackageManager( 1711): Shared lib without setting: SharedLibraryInfo{name:com.google.android.trichromelibrary, type:static, version:567207634}
05-16 10:40:56.463 I/ActivityManager( 1711): Killing 20788:com.tencent.tim:mail/u0a288 (adj 800): stop com.google.android.webview due to installPackageLI
05-16 10:40:56.464 W/ActivityManager( 1711): Scheduling restart of crashed service com.tencent.tim/com.tencent.androidqqmail.tim.MailPluginService in 1000ms for connection
05-16 10:40:56.464 I/ActivityManager( 1711): Killing 10613:com.tencent.mm/u0a262 (adj 800): stop com.google.android.webview due to installPackageLI
05-16 10:40:56.466 W/ActivityManager( 1711): Scheduling restart of crashed service com.tencent.mm/.service.ProcessService$MMProcessService in 10998ms for connection
05-16 10:40:56.466 I/ActivityManager( 1711): Killing 16337:com.google.android.webview:sandboxed_process0:org.chromium.content.app.SandboxedProcessService0:0/u0a262i3 (adj 0): isolated not needed
05-16 10:40:56.467 I/ActivityManager( 1711): Killing 24678:com.google.android.googlequicksearchbox:search/u0a151 (adj 200): stop com.google.android.webview due to installPackageLI
05-16 10:40:56.469 W/ActivityManager( 1711): Scheduling restart of crashed service com.google.android.googlequicksearchbox/com.google.android.apps.gsa.tasks.BackgroundTasksJobService in 20995ms for connection
05-16 10:40:56.469 W/ActivityManager( 1711): Scheduling restart of crashed service com.google.android.googlequicksearchbox/com.google.android.apps.search.assistant.surfaces.dictation.service.endpoint.AssistantDictationService in 30995ms for connection
05-16 10:40:56.471 I/ActivityManager( 1711): Killing 25500:com.google.android.webview:webview_service/u0a166 (adj 915): stop com.google.android.webview due to installPackageLI
05-16 10:40:56.472 I/ActivityManager( 1711): Killing 11894:com.tencent.android.qqdownloader:daemon/u0a272 (adj 0): stop com.google.android.webview due to installPackageLI
05-16 10:40:56.474 W/ActivityManager( 1711): Scheduling restart of crashed service com.tencent.android.qqdownloader/com.tencent.assistant.daemon.CoreService in 40989ms for connection
05-16 10:40:56.474 W/ActivityManager( 1711): Scheduling restart of crashed service com.tencent.android.qqdownloader/com.tencent.assistant.tools.ToolService in 50989ms for connection
05-16 10:40:56.474 W/ActivityManager( 1711): Scheduling restart of crashed service com.tencent.android.qqdownloader/com.live.watermelon.service.DaemonService in 60989ms for connection
05-16 10:40:56.475 W/ActivityManager( 1711): Scheduling restart of crashed service com.tencent.android.qqdownloader/com.tencent.assistant.localres.localapk.loadapkservice.GetApkInfoService in 70989ms for connection
05-16 10:40:56.475 I/ActivityManager( 1711): Killing 13151:com.google.android.webview:sandboxed_process0:org.chromium.content.app.SandboxedProcessService0:0/u0a272i2 (adj 0): isolated not needed
05-16 10:40:56.475 W/ActivityManager( 1711): Crash of app com.tencent.android.qqdownloader:daemon running instrumentation ComponentInfo{com.tencent.android.qqdownloader/com.live.watermelon.Instrumentation}
05-16 10:40:56.475 I/ActivityManager( 1711): Force stopping com.tencent.android.qqdownloader appid=10272 user=0: finished inst
05-16 10:40:56.476 I/ActivityManager( 1711): Killing 11980:com.tencent.android.qqdownloader:cloud/u0a272 (adj 0): stop com.tencent.android.qqdownloader due to finished inst
05-16 10:40:56.477 I/ActivityManager( 1711): Killing 11913:com.tencent.android.qqdownloader:live/u0a272 (adj 965): stop com.tencent.android.qqdownloader due to finished inst
05-16 10:40:56.482 I/ActivityManager( 1711): Killing 11946:com.tencent.android.qqdownloader/u0a272 (adj 0): stop com.tencent.android.qqdownloader due to finished inst
05-16 10:40:56.486 I/ActivityManager( 1711): Killing 13314:com.tencent.ilink.ServiceProcess/u0a272 (adj 0): stop com.tencent.android.qqdownloader due to finished inst
05-16 10:40:56.496 W/ActivityManager( 1711): Service done with onDestroy, but not inDestroying: ServiceRecord{b9f7f33 u0 com.tencent.android.qqdownloader/com.tencent.luggage.services.WxaStartUpService}, app=ProcessRecord{f9631bc 0:com.tencent.ilink.ServiceProcess/u0a272}
05-16 10:40:56.527 V/ActivityManager( 1711): Got obituary of 20788:com.tencent.tim:mail
05-16 10:40:56.598 V/ActivityManager( 1711): Got obituary of 25500:com.google.android.webview:webview_service
05-16 10:40:56.615 V/ActivityManager( 1711): Got obituary of 11894:com.tencent.android.qqdownloader:daemon
05-16 10:40:56.665 V/ActivityManager( 1711): Got obituary of 11946:com.tencent.android.qqdownloader
05-16 10:40:56.735 V/ActivityManager( 1711): Got obituary of 11913:com.tencent.android.qqdownloader:live
05-16 10:40:56.760 V/ActivityManager( 1711): Got obituary of 10613:com.tencent.mm
05-16 10:40:56.769 I/ActivityManager( 1711): Process PhantomProcessRecord {c1e70ee 10918:10613:logcat/u0a262} died
05-16 10:40:56.797 V/ActivityManager( 1711): Got obituary of 24678:com.google.android.googlequicksearchbox:search
05-16 10:40:56.803 V/ActivityManager( 1711): Got obituary of 11980:com.tencent.android.qqdownloader:cloud
05-16 10:40:56.805 D/CompatibilityChangeReporter( 1711): Compat change id reported: 135634846; UID 10272; state: DISABLED
05-16 10:40:56.805 D/CompatibilityChangeReporter( 1711): Compat change id reported: 143937733; UID 10272; state: DISABLED
05-16 10:40:56.814 I/ActivityManager( 1711): Start proc 25671:com.tencent.android.qqdownloader:live/u0a272 for service {com.tencent.android.qqdownloader/com.live.sync.YYBLiveSyncService}
05-16 10:40:56.815 I/ActivityManager( 1711): Force stopping com.tencent.android.qqdownloader appid=10272 user=0: start instr
05-16 10:40:56.815 I/ActivityManager( 1711): Killing 25671:com.tencent.android.qqdownloader:live/u0a272 (adj -10000): stop com.tencent.android.qqdownloader due to start instr
05-16 10:40:56.816 I/ActivityManager( 1711):   Force stopping service ServiceRecord{9ed2923 u0 com.tencent.android.qqdownloader/com.live.sync.YYBLiveSyncService}
05-16 10:40:56.820 I/ActivityManager( 1711): Process PhantomProcessRecord {f0703d9 11996:11894:app_d/u0a272} died
05-16 10:40:56.820 I/ActivityManager( 1711): Process PhantomProcessRecord {bfef19e 12148:11980:app_d/u0a272} died
05-16 10:40:56.826 I/ActivityManager( 1711): Start proc 25672:com.tencent.android.qqdownloader:daemon/u0a272 for added application com.tencent.android.qqdownloader:daemon
05-16 10:40:56.828 V/ActivityManager( 1711): Got obituary of 13314:com.tencent.ilink.ServiceProcess
05-16 10:40:57.080 D/CompatibilityChangeReporter( 1711): Compat change id reported: 135634846; UID 10272; state: DISABLED
05-16 10:40:57.080 D/CompatibilityChangeReporter( 1711): Compat change id reported: 143937733; UID 10272; state: DISABLED
05-16 10:40:57.089 I/ActivityManager( 1711): Start proc 25724:com.tencent.android.qqdownloader/u0a272 for content provider {com.tencent.android.qqdownloader/com.tencent.assistant.db.contentprovider.WallpaperProvider}
05-16 10:40:57.122 W/PackageParser(25672): Ignoring duplicate uses-permissions/uses-permissions-sdk-m: android.permission.CAMERA in package: com.tencent.android.qqdownloader at: Binary XML file line #174
05-16 10:40:57.122 W/PackageParser(25672): Ignoring duplicate uses-permissions/uses-permissions-sdk-m: android.permission.ACCESS_NETWORK_STATE in package: com.tencent.android.qqdownloader at: Binary XML file line #175
05-16 10:40:57.122 W/PackageParser(25672): Ignoring duplicate uses-permissions/uses-permissions-sdk-m: android.permission.ACCESS_WIFI_STATE in package: com.tencent.android.qqdownloader at: Binary XML file line #176
05-16 10:40:57.122 W/PackageParser(25672): Ignoring duplicate uses-permissions/uses-permissions-sdk-m: android.permission.CHANGE_WIFI_STATE in package: com.tencent.android.qqdownloader at: Binary XML file line #177
05-16 10:40:57.122 W/PackageParser(25672): Ignoring duplicate uses-permissions/uses-permissions-sdk-m: android.permission.CHANGE_NETWORK_STATE in package: com.tencent.android.qqdownloader at: Binary XML file line #181
05-16 10:40:57.122 W/PackageParser(25672): Ignoring duplicate uses-permissions/uses-permissions-sdk-m: android.permission.INTERNET in package: com.tencent.android.qqdownloader at: Binary XML file line #182
05-16 10:40:57.122 W/PackageParser(25672): Ignoring duplicate uses-permissions/uses-permissions-sdk-m: android.permission.WRITE_EXTERNAL_STORAGE in package: com.tencent.android.qqdownloader at: Binary XML file line #186
05-16 10:40:57.122 W/PackageParser(25672): Ignoring duplicate uses-permissions/uses-permissions-sdk-m: android.permission.INTERNET in package: com.tencent.android.qqdownloader at: Binary XML file line #246
05-16 10:40:57.122 W/PackageParser(25672): Ignoring duplicate uses-permissions/uses-permissions-sdk-m: android.permission.ACCESS_COARSE_LOCATION in package: com.tencent.android.qqdownloader at: Binary XML file line #247
05-16 10:40:57.122 W/PackageParser(25672): Ignoring duplicate uses-permissions/uses-permissions-sdk-m: android.permission.ACCESS_FINE_LOCATION in package: com.tencent.android.qqdownloader at: Binary XML file line #248
05-16 10:40:57.122 W/PackageParser(25672): Ignoring duplicate uses-permissions/uses-permissions-sdk-m: android.permission.ACCESS_NETWORK_STATE in package: com.tencent.android.qqdownloader at: Binary XML file line #249
05-16 10:40:57.122 W/PackageParser(25672): Ignoring duplicate uses-permissions/uses-permissions-sdk-m: android.permission.ACCESS_WIFI_STATE in package: com.tencent.android.qqdownloader at: Binary XML file line #250
05-16 10:40:57.122 W/PackageParser(25672): Ignoring duplicate uses-permissions/uses-permissions-sdk-m: android.permission.CAMERA in package: com.tencent.android.qqdownloader at: Binary XML file line #252
05-16 10:40:57.122 W/PackageParser(25672): Ignoring duplicate uses-permissions/uses-permissions-sdk-m: android.permission.WRITE_EXTERNAL_STORAGE in package: com.tencent.android.qqdownloader at: Binary XML file line #253
05-16 10:40:57.122 W/PackageParser(25672): Unknown element under <manifest>: queries at /data/user/0/com.tencent.android.qqdownloader/files/shell/4_8424130_6976/base.apk Binary XML file line #350
05-16 10:40:57.123 W/PackageParser(25672): No actions in intent filter at /data/user/0/com.tencent.android.qqdownloader/files/shell/4_8424130_6976/base.apk Binary XML file line #447
05-16 10:40:57.123 W/PackageParser(25672): No actions in intent filter at /data/user/0/com.tencent.android.qqdownloader/files/shell/4_8424130_6976/base.apk Binary XML file line #467
05-16 10:40:57.123 W/PackageParser(25672): No actions in intent filter at /data/user/0/com.tencent.android.qqdownloader/files/shell/4_8424130_6976/base.apk Binary XML file line #504
05-16 10:40:57.123 W/PackageParser(25672): No actions in intent filter at /data/user/0/com.tencent.android.qqdownloader/files/shell/4_8424130_6976/base.apk Binary XML file line #540
05-16 10:40:57.123 W/PackageParser(25672): No actions in intent filter at /data/user/0/com.tencent.android.qqdownloader/files/shell/4_8424130_6976/base.apk Binary XML file line #576
05-16 10:40:57.123 W/PackageParser(25672): No actions in intent filter at /data/user/0/com.tencent.android.qqdownloader/files/shell/4_8424130_6976/base.apk Binary XML file line #612
05-16 10:40:57.125 W/PackageParser(25672): No actions in intent filter at /data/user/0/com.tencent.android.qqdownloader/files/shell/4_8424130_6976/base.apk Binary XML file line #1711
05-16 10:40:57.146 D/CompatibilityChangeReporter( 1711): Compat change id reported: 161145287; UID 10272; state: DISABLED
05-16 10:40:57.170 D/CompatibilityChangeReporter( 1711): Compat change id reported: 135634846; UID 10272; state: DISABLED
05-16 10:40:57.171 D/CompatibilityChangeReporter( 1711): Compat change id reported: 143937733; UID 10272; state: DISABLED
05-16 10:40:57.180 I/ActivityManager( 1711): Start proc 25760:com.tencent.android.qqdownloader:cloud/u0a272 for service {com.tencent.android.qqdownloader/com.live.watermelon.service.SentryAlphaService}
05-16 10:40:57.299 V/BackupManagerService( 1711): [UserID:0] restoreAtInstall pkg=com.google.android.trichromelibrary_567207634 token=7 restoreSet=0
05-16 10:40:57.299 V/BackupManagerService( 1711): [UserID:0] Finishing install immediately
05-16 10:40:57.321 D/CompatibilityChangeReporter( 1711): Compat change id reported: 218533173; UID 10162; state: ENABLED
05-16 10:40:57.322 D/CompatibilityChangeReporter( 1711): Compat change id reported: 202110963; UID 1001; state: ENABLED
05-16 10:40:57.322 I/Telecom ( 1711): DefaultDialerCache: Refreshing default dialer for user 0: now com.google.android.dialer: DDC.oR@AUU
05-16 10:40:57.325 W/BackupTransportManager( 1711): Package com.android.chrome enabled setting: 0
05-16 10:40:57.338 D/CompatibilityChangeReporter( 1711): Compat change id reported: 218533173; UID 10166; state: ENABLED
05-16 10:40:57.340 I/ActivityManager( 1711): Force stopping com.google.android.webview appid=10166 user=0: pkg removed
05-16 10:40:57.361 D/CompatibilityChangeReporter( 1711): Compat change id reported: 135634846; UID 10151; state: DISABLED
05-16 10:40:57.361 D/CompatibilityChangeReporter( 1711): Compat change id reported: 177438394; UID 10151; state: DISABLED
05-16 10:40:57.361 D/CompatibilityChangeReporter( 1711): Compat change id reported: 135772972; UID 10151; state: DISABLED
05-16 10:40:57.361 D/CompatibilityChangeReporter( 1711): Compat change id reported: 135754954; UID 10151; state: ENABLED
05-16 10:40:57.361 D/CompatibilityChangeReporter( 1711): Compat change id reported: 143937733; UID 10151; state: ENABLED
05-16 10:40:57.362 E/AppOps  ( 1711): Bad call made by uid 1000. Package "android" does not belong to uid 1037.
05-16 10:40:57.362 E/AppOps  ( 1711): checkOperation
05-16 10:40:57.362 E/AppOps  ( 1711): java.lang.SecurityException: Specified package "android" under uid 1037 but it is not
05-16 10:40:57.362 E/AppOps  ( 1711): 	at com.android.server.appop.AppOpsService.verifyAndGetBypass(AppOpsService.java:4695)
05-16 10:40:57.362 E/AppOps  ( 1711): 	at com.android.server.appop.AppOpsService.verifyAndGetBypass(AppOpsService.java:4562)
05-16 10:40:57.362 E/AppOps  ( 1711): 	at com.android.server.appop.AppOpsService.checkOperationUnchecked(AppOpsService.java:3251)
05-16 10:40:57.362 E/AppOps  ( 1711): 	at com.android.server.appop.AppOpsService.checkOperationImpl(AppOpsService.java:3234)
05-16 10:40:57.362 E/AppOps  ( 1711): 	at com.android.server.appop.AppOpsService.-$$Nest$mcheckOperationImpl(Unknown Source:0)
05-16 10:40:57.362 E/AppOps  ( 1711): 	at com.android.server.appop.AppOpsService$CheckOpsDelegateDispatcher.lambda$checkOperation$0(AppOpsService.java:7595)
05-16 10:40:57.362 E/AppOps  ( 1711): 	at com.android.server.appop.AppOpsService$CheckOpsDelegateDispatcher.$r8$lambda$KrwrxMLmGzFSEjEyo0aJ63o5J9E(Unknown Source:0)
05-16 10:40:57.362 E/AppOps  ( 1711): 	at com.android.server.appop.AppOpsService$CheckOpsDelegateDispatcher$$ExternalSyntheticLambda9.apply(Unknown Source:24)
05-16 10:40:57.362 E/AppOps  ( 1711): 	at com.android.server.policy.AppOpsPolicy.checkOperation(AppOpsPolicy.java:213)
05-16 10:40:57.362 E/AppOps  ( 1711): 	at com.android.server.appop.AppOpsService$CheckOpsDelegateDispatcher.checkOperation(AppOpsService.java:7594)
05-16 10:40:57.362 E/AppOps  ( 1711): 	at com.android.server.appop.AppOpsService.checkOperation(AppOpsService.java:3221)
05-16 10:40:57.362 E/AppOps  ( 1711): 	at com.android.server.StorageManagerService$StorageManagerInternalImpl.hasExternalStorageAccess(StorageManagerService.java:4827)
05-16 10:40:57.362 E/AppOps  ( 1711): 	at com.android.server.am.ProcessList.startProcessLocked(ProcessList.java:1683)
05-16 10:40:57.362 E/AppOps  ( 1711): 	at com.android.server.am.ProcessList.startProcessLocked(ProcessList.java:2350)
05-16 10:40:57.362 E/AppOps  ( 1711): 	at com.android.server.am.ProcessList.startProcessLocked(ProcessList.java:2490)
