05-16 10:29:10.628 D/CompatibilityChangeReporter( 1711): Compat change id reported: 135634846; UID 10108; state: DISABLED
05-16 10:29:10.628 D/CompatibilityChangeReporter( 1711): Compat change id reported: 177438394; UID 10108; state: DISABLED
05-16 10:29:10.628 D/CompatibilityChangeReporter( 1711): Compat change id reported: 135772972; UID 10108; state: DISABLED
05-16 10:29:10.628 D/CompatibilityChangeReporter( 1711): Compat change id reported: 135754954; UID 10108; state: ENABLED
05-16 10:29:10.629 D/CompatibilityChangeReporter( 1711): Compat change id reported: 143937733; UID 10108; state: ENABLED
05-16 10:29:10.630 I/ActivityManager( 1711): Killing 3856:com.google.android.as.oss/u0a146 (adj 985): empty #33
05-16 10:29:10.646 I/ActivityManager( 1711): Start proc 18823:com.google.android.apps.wearables.maestro.companion/u0a108 for broadcast {com.google.android.apps.wearables.maestro.companion/com.google.android.libraries.phenotype.client.stable.PhenotypeUpdateBackgroundBroadcastReceiver}
05-16 10:29:10.670 D/CompatibilityChangeReporter( 1711): Compat change id reported: 168419799; UID 10108; state: DISABLED
05-16 10:29:10.794 D/CompatibilityChangeReporter( 1711): Compat change id reported: 161145287; UID 10108; state: DISABLED
05-16 10:29:11.022 I/ActivityManager( 1711): com.android.vending is exempt from freezer
05-16 10:29:11.023 D/CompatibilityChangeReporter( 1711): Compat change id reported: 135634846; UID 10116; state: DISABLED
05-16 10:29:11.023 D/CompatibilityChangeReporter( 1711): Compat change id reported: 177438394; UID 10116; state: DISABLED
05-16 10:29:11.023 D/CompatibilityChangeReporter( 1711): Compat change id reported: 135772972; UID 10116; state: DISABLED
05-16 10:29:11.023 D/CompatibilityChangeReporter( 1711): Compat change id reported: 135754954; UID 10116; state: ENABLED
05-16 10:29:11.024 D/CompatibilityChangeReporter( 1711): Compat change id reported: 143937733; UID 10116; state: ENABLED
05-16 10:29:11.028 I/ActivityManager( 1711): Killing 5788:com.tencent.tim:mail/u0a288 (adj 985): empty #33
05-16 10:29:11.050 I/ActivityManager( 1711): Start proc 18846:com.android.vending:instant_app_installer/u0a116 for broadcast {com.android.vending/com.google.android.finsky.instantapps.PhenotypeUpdateReceiver}
05-16 10:29:11.123 W/ActivityManager( 1711): Scheduling restart of crashed service com.tencent.tim/com.tencent.androidqqmail.tim.MailPluginService in 1000ms for connection
05-16 10:29:11.215 D/CompatibilityChangeReporter( 1711): Compat change id reported: 177438394; UID 10102; state: DISABLED
05-16 10:29:11.215 D/CompatibilityChangeReporter( 1711): Compat change id reported: 135772972; UID 10102; state: DISABLED
05-16 10:29:11.215 D/CompatibilityChangeReporter( 1711): Compat change id reported: 135754954; UID 10102; state: ENABLED
05-16 10:29:11.216 I/ActivityManager( 1711): Killing 5573:com.tencent.tim/u0a288 (adj 985): empty #33
05-16 10:29:11.218 D/CompatibilityChangeReporter( 1711): Compat change id reported: 143937733; UID 10102; state: ENABLED
05-16 10:29:11.237 I/ActivityManager( 1711): Start proc 18874:com.google.android.apps.nbu.files/u0a102 for broadcast {com.google.android.apps.nbu.files/com.google.android.libraries.phenotype.client.stable.PhenotypeUpdateBackgroundBroadcastReceiver}
05-16 10:29:11.259 D/CompatibilityChangeReporter( 1711): Compat change id reported: 168419799; UID 10102; state: DISABLED
05-16 10:29:11.318 D/CompatibilityChangeReporter( 1711): Compat change id reported: 194532703; UID 10116; state: ENABLED
05-16 10:29:11.449 D/CompatibilityChangeReporter( 1711): Compat change id reported: 161145287; UID 10102; state: DISABLED
05-16 10:29:11.605 D/CompatibilityChangeReporter( 1711): Compat change id reported: 161145287; UID 10185; state: DISABLED
05-16 10:29:11.662 D/CompatibilityChangeReporter( 1711): Compat change id reported: 135634846; UID 10239; state: DISABLED
05-16 10:29:11.662 D/CompatibilityChangeReporter( 1711): Compat change id reported: 177438394; UID 10239; state: DISABLED
05-16 10:29:11.662 D/CompatibilityChangeReporter( 1711): Compat change id reported: 135772972; UID 10239; state: DISABLED
05-16 10:29:11.662 D/CompatibilityChangeReporter( 1711): Compat change id reported: 135754954; UID 10239; state: ENABLED
05-16 10:29:11.663 D/CompatibilityChangeReporter( 1711): Compat change id reported: 143937733; UID 10239; state: ENABLED
05-16 10:29:11.664 I/ActivityManager( 1711): Killing 17917:com.android.chrome/u0a162 (adj 975): empty #33
05-16 10:29:11.679 I/ActivityManager( 1711): Start proc 18918:com.google.ambient.streaming/u0a239 for broadcast {com.google.ambient.streaming/com.google.android.libraries.phenotype.client.stable.PhenotypeUpdateBackgroundBroadcastReceiver}
05-16 10:29:11.696 D/CompatibilityChangeReporter( 1711): Compat change id reported: 168419799; UID 10239; state: DISABLED
05-16 10:29:11.852 D/CompatibilityChangeReporter( 1711): Compat change id reported: 135634846; UID 10162; state: DISABLED
05-16 10:29:11.852 D/CompatibilityChangeReporter( 1711): Compat change id reported: 177438394; UID 10162; state: DISABLED
05-16 10:29:11.852 D/CompatibilityChangeReporter( 1711): Compat change id reported: 135772972; UID 10162; state: DISABLED
05-16 10:29:11.852 D/CompatibilityChangeReporter( 1711): Compat change id reported: 135754954; UID 10162; state: ENABLED
05-16 10:29:11.853 D/CompatibilityChangeReporter( 1711): Compat change id reported: 143937733; UID 10162; state: ENABLED
05-16 10:29:11.854 I/ActivityManager( 1711): Killing 15041:com.google.android.deskclock/u0a153 (adj 965): empty #33
05-16 10:29:11.875 I/ActivityManager( 1711): Start proc 18941:com.android.chrome/u0a162 for broadcast {com.android.chrome/com.google.android.libraries.phenotype.client.stable.PhenotypeUpdateBackgroundBroadcastReceiver}
05-16 10:29:11.901 D/CompatibilityChangeReporter( 1711): Compat change id reported: 168419799; UID 10162; state: DISABLED
05-16 10:29:11.979 D/CompatibilityChangeReporter( 1711): Compat change id reported: 161145287; UID 10162; state: DISABLED
05-16 10:29:11.998 D/CompatibilityChangeReporter( 1711): Compat change id reported: 135634846; UID 10172; state: DISABLED
05-16 10:29:11.998 D/CompatibilityChangeReporter( 1711): Compat change id reported: 177438394; UID 10172; state: DISABLED
05-16 10:29:11.998 D/CompatibilityChangeReporter( 1711): Compat change id reported: 135772972; UID 10172; state: DISABLED
05-16 10:29:11.998 D/CompatibilityChangeReporter( 1711): Compat change id reported: 135754954; UID 10172; state: ENABLED
05-16 10:29:11.998 D/CompatibilityChangeReporter( 1711): Compat change id reported: 143937733; UID 10172; state: ENABLED
05-16 10:29:11.999 I/ActivityManager( 1711): Killing 16662:com.google.android.apps.turbo/u0a119 (adj 965): empty #33
05-16 10:29:12.013 I/ActivityManager( 1711): Start proc 18964:com.google.android.apps.photos/u0a172 for broadcast {com.google.android.apps.photos/com.google.android.apps.photos.experiments.phenotype.full.PhenotypeUpdateBroadcastReceiver}
05-16 10:29:12.047 D/CompatibilityChangeReporter( 1711): Compat change id reported: 168419799; UID 10172; state: DISABLED
05-16 10:29:12.250 D/CompatibilityChangeReporter( 1711): Compat change id reported: 161145287; UID 10172; state: DISABLED
05-16 10:29:12.270 D/CompatibilityChangeReporter( 1711): Compat change id reported: 194532703; UID 10172; state: ENABLED
05-16 10:29:12.404 D/CompatibilityChangeReporter( 1711): Compat change id reported: 135634846; UID 10147; state: DISABLED
05-16 10:29:12.404 D/CompatibilityChangeReporter( 1711): Compat change id reported: 177438394; UID 10147; state: DISABLED
05-16 10:29:12.404 D/CompatibilityChangeReporter( 1711): Compat change id reported: 135772972; UID 10147; state: DISABLED
05-16 10:29:12.404 D/CompatibilityChangeReporter( 1711): Compat change id reported: 135754954; UID 10147; state: ENABLED
05-16 10:29:12.404 D/CompatibilityChangeReporter( 1711): Compat change id reported: 143937733; UID 10147; state: ENABLED
05-16 10:29:12.406 I/ActivityManager( 1711): Killing 17960:com.google.android.apps.turbo:aab/u0a119 (adj 965): empty #33
05-16 10:29:12.422 I/ActivityManager( 1711): Start proc 18995:com.google.android.dialer/u0a147 for broadcast {com.google.android.dialer/com.google.android.libraries.phenotype.client.stable.PhenotypeUpdateBackgroundBroadcastReceiver}
05-16 10:29:12.442 D/CompatibilityChangeReporter( 1711): Compat change id reported: 168419799; UID 10147; state: DISABLED
05-16 10:29:12.973 I/ActivityManager( 1711): Killing 17581:com.google.android.videos/u0a182 (adj 965): empty #33
05-16 10:29:12.997 D/CompatibilityChangeReporter( 1711): Compat change id reported: 135634846; UID 10167; state: DISABLED
05-16 10:29:12.997 D/CompatibilityChangeReporter( 1711): Compat change id reported: 177438394; UID 10167; state: DISABLED
05-16 10:29:12.997 D/CompatibilityChangeReporter( 1711): Compat change id reported: 135772972; UID 10167; state: DISABLED
05-16 10:29:12.997 D/CompatibilityChangeReporter( 1711): Compat change id reported: 135754954; UID 10167; state: ENABLED
05-16 10:29:12.997 D/CompatibilityChangeReporter( 1711): Compat change id reported: 143937733; UID 10167; state: ENABLED
05-16 10:29:13.013 I/ActivityManager( 1711): Start proc 19031:com.google.android.apps.accessibility.voiceaccess/u0a167 for broadcast {com.google.android.apps.accessibility.voiceaccess/com.google.android.libraries.phenotype.client.stable.PhenotypeUpdateBackgroundBroadcastReceiver}
05-16 10:29:13.038 D/CompatibilityChangeReporter( 1711): Compat change id reported: 168419799; UID 10167; state: DISABLED
05-16 10:29:13.050 D/CompatibilityChangeReporter( 1711): Compat change id reported: 194532703; UID 10147; state: ENABLED
05-16 10:29:13.113 E/AppOps  ( 1711): Bad call made by uid 10121. Package "com.google.android.gms" does not belong to uid 10110.
05-16 10:29:13.114 E/AppOps  ( 1711): Bad call made by uid 10121. Package "com.google.android.gms" does not belong to uid 10110.
05-16 10:29:13.114 E/AppOps  ( 1711): Bad call made by uid 10121. Package "com.google.android.gms" does not belong to uid 10110.
05-16 10:29:13.114 E/AppOps  ( 1711): Bad call made by uid 10121. Package "com.google.android.gms" does not belong to uid 10110.
05-16 10:29:13.115 E/AppOps  ( 1711): Bad call made by uid 10121. Package "com.google.android.gms" does not belong to uid 10110.
05-16 10:29:13.115 E/AppOps  ( 1711): Bad call made by uid 10121. Package "com.google.android.gms" does not belong to uid 10110.
05-16 10:29:13.116 E/AppOps  ( 1711): Bad call made by uid 10121. Package "com.google.android.gms" does not belong to uid 10110.
05-16 10:29:13.116 E/AppOps  ( 1711): Bad call made by uid 10121. Package "com.google.android.gms" does not belong to uid 10110.
05-16 10:29:13.118 W/JobScheduler( 1711): Job didn't exist in JobStore: 3a33507 #u0a110/201 com.google.android.apps.scone/.fwota.OtaUpdateService
05-16 10:29:13.127 E/AppOps  ( 1711): Bad call made by uid 10121. Package "com.google.android.gms" does not belong to uid 10110.
05-16 10:29:13.127 E/AppOps  ( 1711): Bad call made by uid 10121. Package "com.google.android.gms" does not belong to uid 10110.
05-16 10:29:13.128 E/AppOps  ( 1711): Bad call made by uid 10121. Package "com.google.android.gms" does not belong to uid 10110.
05-16 10:29:13.129 E/AppOps  ( 1711): Bad call made by uid 10121. Package "com.google.android.gms" does not belong to uid 10110.
05-16 10:29:13.129 E/AppOps  ( 1711): Bad call made by uid 10121. Package "com.google.android.gms" does not belong to uid 10110.
05-16 10:29:13.130 E/AppOps  ( 1711): Bad call made by uid 10121. Package "com.google.android.gms" does not belong to uid 10110.
05-16 10:29:13.130 E/AppOps  ( 1711): Bad call made by uid 10121. Package "com.google.android.gms" does not belong to uid 10110.
05-16 10:29:13.130 E/AppOps  ( 1711): Bad call made by uid 10121. Package "com.google.android.gms" does not belong to uid 10110.
05-16 10:29:13.140 W/AppOps  ( 1711): Noting op not finished: uid 10110 pkg com.google.android.apps.scone code 79 startTime of in progress event=1684204153126
05-16 10:29:13.160 W/AppOps  ( 1711): Noting op not finished: uid 10110 pkg com.google.android.apps.scone code 79 startTime of in progress event=1684204153153
05-16 10:29:13.160 E/AppOps  ( 1711): Bad call made by uid 10121. Package "com.google.android.gms" does not belong to uid 10110.
05-16 10:29:13.162 E/AppOps  ( 1711): Bad call made by uid 10121. Package "com.google.android.gms" does not belong to uid 10110.
05-16 10:29:13.163 E/AppOps  ( 1711): Bad call made by uid 10121. Package "com.google.android.gms" does not belong to uid 10110.
05-16 10:29:13.164 E/AppOps  ( 1711): Bad call made by uid 10121. Package "com.google.android.gms" does not belong to uid 10110.
05-16 10:29:13.166 D/CompatibilityChangeReporter( 1711): Compat change id reported: 161145287; UID 10167; state: DISABLED
05-16 10:29:13.167 E/AppOps  ( 1711): Bad call made by uid 10121. Package "com.google.android.gms" does not belong to uid 10110.
05-16 10:29:13.168 E/AppOps  ( 1711): Bad call made by uid 10121. Package "com.google.android.gms" does not belong to uid 10110.
05-16 10:29:13.168 E/AppOps  ( 1711): Bad call made by uid 10121. Package "com.google.android.gms" does not belong to uid 10110.
05-16 10:29:13.169 E/AppOps  ( 1711): Bad call made by uid 10121. Package "com.google.android.gms" does not belong to uid 10110.
05-16 10:29:13.171 W/ActivityManager( 1711): Receiver with filter android.content.IntentFilter@3cfafad already registered for pid 19031, callerPackage is com.google.android.apps.accessibility.voiceaccess
05-16 10:29:13.188 W/AppOps  ( 1711): Noting op not finished: uid 10110 pkg com.google.android.apps.scone code 79 startTime of in progress event=1684204153178
05-16 10:29:13.455 D/CompatibilityChangeReporter( 1711): Compat change id reported: 177438394; UID 10164; state: DISABLED
05-16 10:29:13.455 D/CompatibilityChangeReporter( 1711): Compat change id reported: 135772972; UID 10164; state: DISABLED
05-16 10:29:13.455 D/CompatibilityChangeReporter( 1711): Compat change id reported: 135754954; UID 10164; state: ENABLED
05-16 10:29:13.457 D/CompatibilityChangeReporter( 1711): Compat change id reported: 143937733; UID 10164; state: ENABLED
05-16 10:29:13.458 I/ActivityManager( 1711): Killing 18020:com.google.android.projection.gearhead:provider/u0a137 (adj 965): empty #33
05-16 10:29:13.476 I/ActivityManager( 1711): Start proc 19061:com.google.android.gm/u0a164 for broadcast {com.google.android.gm/com.google.android.libraries.phenotype.client.stable.PhenotypeUpdateBackgroundBroadcastReceiver}
05-16 10:29:14.146 D/CompatibilityChangeReporter( 1711): Compat change id reported: 161145287; UID 10113; state: DISABLED
05-16 10:29:15.611 D/CompatibilityChangeReporter( 1711): Compat change id reported: 161145287; UID 10156; state: DISABLED
05-16 10:29:15.662 I/ActivityManager( 1711): Killing 17649:com.google.process.gapps/u0a121 (adj 975): empty #33
05-16 10:29:15.887 D/CompatibilityChangeReporter( 1711): Compat change id reported: 161145287; UID 10164; state: DISABLED
05-16 10:29:16.271 D/CompatibilityChangeReporter( 1711): Compat change id reported: 168419799; UID 10121; state: DISABLED
05-16 10:29:16.740 D/CompatibilityChangeReporter( 1711): Compat change id reported: 194532703; UID 10164; state: ENABLED
05-16 10:29:17.080 D/CompatibilityChangeReporter( 1711): Compat change id reported: 161145287; UID 10168; state: DISABLED
05-16 10:29:17.338 D/CompatibilityChangeReporter( 1711): Compat change id reported: 135634846; UID 10141; state: DISABLED
05-16 10:29:17.338 D/CompatibilityChangeReporter( 1711): Compat change id reported: 177438394; UID 10141; state: DISABLED
05-16 10:29:17.339 D/CompatibilityChangeReporter( 1711): Compat change id reported: 135772972; UID 10141; state: DISABLED
05-16 10:29:17.339 D/CompatibilityChangeReporter( 1711): Compat change id reported: 135754954; UID 10141; state: ENABLED
05-16 10:29:17.340 D/CompatibilityChangeReporter( 1711): Compat change id reported: 143937733; UID 10141; state: ENABLED
05-16 10:29:17.344 I/ActivityManager( 1711): Killing 17770:com.google.android.apps.maps/u0a184 (adj 965): empty #33
05-16 10:29:17.374 I/ActivityManager( 1711): Start proc 19162:com.google.android.apps.security.securityhub/u0a141 for broadcast {com.google.android.apps.security.securityhub/com.google.android.libraries.phenotype.client.stable.PhenotypeUpdateBackgroundBroadcastReceiver}
05-16 10:29:17.587 D/CompatibilityChangeReporter( 1711): Compat change id reported: 135634846; UID 10186; state: DISABLED
05-16 10:29:17.587 D/CompatibilityChangeReporter( 1711): Compat change id reported: 177438394; UID 10186; state: DISABLED
05-16 10:29:17.587 D/CompatibilityChangeReporter( 1711): Compat change id reported: 135772972; UID 10186; state: DISABLED
05-16 10:29:17.587 D/CompatibilityChangeReporter( 1711): Compat change id reported: 135754954; UID 10186; state: ENABLED
05-16 10:29:17.588 D/CompatibilityChangeReporter( 1711): Compat change id reported: 143937733; UID 10186; state: ENABLED
05-16 10:29:17.589 I/ActivityManager( 1711): Killing 18110:com.google.android.apps.dreamliner/u0a149 (adj 965): empty #33
05-16 10:29:17.606 I/ActivityManager( 1711): Start proc 19191:com.google.android.calculator/u0a186 for broadcast {com.google.android.calculator/com.google.android.libraries.phenotype.client.stable.PhenotypeUpdateBackgroundBroadcastReceiver}
05-16 10:29:17.635 D/CompatibilityChangeReporter( 1711): Compat change id reported: 168419799; UID 10186; state: DISABLED
05-16 10:29:17.838 D/CompatibilityChangeReporter( 1711): Compat change id reported: 177438394; UID 10120; state: DISABLED
05-16 10:29:17.838 D/CompatibilityChangeReporter( 1711): Compat change id reported: 135772972; UID 10120; state: DISABLED
05-16 10:29:17.838 D/CompatibilityChangeReporter( 1711): Compat change id reported: 135754954; UID 10120; state: ENABLED
05-16 10:29:17.839 I/ActivityManager( 1711): Killing 18132:com.google.android.apps.youtube.music/u0a160 (adj 965): empty #33
05-16 10:29:17.841 D/CompatibilityChangeReporter( 1711): Compat change id reported: 143937733; UID 10120; state: ENABLED
05-16 10:29:17.858 I/ActivityManager( 1711): Start proc 19214:com.google.android.apps.safetyhub/u0a120 for broadcast {com.google.android.apps.safetyhub/com.google.android.libraries.phenotype.client.stable.PhenotypeUpdateBackgroundBroadcastReceiver}
05-16 10:29:17.889 D/CompatibilityChangeReporter( 1711): Compat change id reported: 168419799; UID 10120; state: DISABLED
05-16 10:29:18.082 D/CompatibilityChangeReporter( 1711): Compat change id reported: 161145287; UID 10120; state: DISABLED
05-16 10:29:18.227 D/CompatibilityChangeReporter( 1711): Compat change id reported: 177438394; UID 10171; state: DISABLED
05-16 10:29:18.227 D/CompatibilityChangeReporter( 1711): Compat change id reported: 135772972; UID 10171; state: DISABLED
05-16 10:29:18.227 D/CompatibilityChangeReporter( 1711): Compat change id reported: 135754954; UID 10171; state: ENABLED
05-16 10:29:18.228 D/CompatibilityChangeReporter( 1711): Compat change id reported: 143937733; UID 10171; state: ENABLED
05-16 10:29:18.228 I/ActivityManager( 1711): Killing 18205:com.google.android.apps.tips/u0a106 (adj 965): empty #33
05-16 10:29:18.247 I/ActivityManager( 1711): Start proc 19247:com.google.android.apps.docs/u0a171 for broadcast {com.google.android.apps.docs/com.google.android.libraries.phenotype.client.stable.PhenotypeUpdateBackgroundBroadcastReceiver}
05-16 10:29:18.426 D/CompatibilityChangeReporter( 1711): Compat change id reported: 161145287; UID 10171; state: DISABLED
05-16 10:29:18.600 D/CompatibilityChangeReporter( 1711): Compat change id reported: 201794303; UID 10171; state: ENABLED
05-16 10:29:18.926 I/ActivityManager( 1711): Killing 18230:com.google.android.setupwizard/u0a128 (adj 965): empty #33
05-16 10:29:18.927 D/CompatibilityChangeReporter( 1711): Compat change id reported: 168419799; UID 10165; state: DISABLED
05-16 10:29:18.938 D/CompatibilityChangeReporter( 1711): Compat change id reported: 135634846; UID 10103; state: DISABLED
05-16 10:29:18.938 D/CompatibilityChangeReporter( 1711): Compat change id reported: 177438394; UID 10103; state: DISABLED
05-16 10:29:18.938 D/CompatibilityChangeReporter( 1711): Compat change id reported: 135772972; UID 10103; state: DISABLED
05-16 10:29:18.938 D/CompatibilityChangeReporter( 1711): Compat change id reported: 135754954; UID 10103; state: ENABLED
05-16 10:29:18.938 D/CompatibilityChangeReporter( 1711): Compat change id reported: 143937733; UID 10103; state: ENABLED
05-16 10:29:18.955 I/ActivityManager( 1711): Start proc 19315:com.google.pixel.livewallpaper/u0a103 for broadcast {com.google.pixel.livewallpaper/com.google.android.libraries.phenotype.client.stable.PhenotypeUpdateBackgroundBroadcastReceiver}
05-16 10:29:19.131 D/CompatibilityChangeReporter( 1711): Compat change id reported: 135634846; UID 10174; state: DISABLED
05-16 10:29:19.131 D/CompatibilityChangeReporter( 1711): Compat change id reported: 177438394; UID 10174; state: DISABLED
05-16 10:29:19.132 D/CompatibilityChangeReporter( 1711): Compat change id reported: 135772972; UID 10174; state: DISABLED
05-16 10:29:19.132 D/CompatibilityChangeReporter( 1711): Compat change id reported: 135754954; UID 10174; state: ENABLED
05-16 10:29:19.133 D/CompatibilityChangeReporter( 1711): Compat change id reported: 143937733; UID 10174; state: ENABLED
05-16 10:29:19.134 I/ActivityManager( 1711): Killing 18288:com.google.android.apps.carrier.log/u0a100 (adj 975): empty #33
05-16 10:29:19.150 I/ActivityManager( 1711): Start proc 19343:com.google.android.youtube/u0a174 for broadcast {com.google.android.youtube/com.google.android.libraries.phenotype.client.stable.PhenotypeUpdateBackgroundBroadcastReceiver}
05-16 10:29:19.535 D/CompatibilityChangeReporter( 1711): Compat change id reported: 161145287; UID 10174; state: DISABLED
05-16 10:29:19.590 D/CompatibilityChangeReporter( 1711): Compat change id reported: 161145287; UID 10147; state: DISABLED
05-16 10:29:19.621 I/Telecom ( 1711): DefaultDialerCache: Refreshing default dialer for user 0: now com.google.android.dialer: DDC.oR@AS0
05-16 10:29:19.622 D/CompatibilityChangeReporter( 1711): Compat change id reported: 135634846; UID 10219; state: DISABLED
05-16 10:29:19.622 D/CompatibilityChangeReporter( 1711): Compat change id reported: 177438394; UID 10219; state: DISABLED
05-16 10:29:19.622 D/CompatibilityChangeReporter( 1711): Compat change id reported: 135772972; UID 10219; state: DISABLED
05-16 10:29:19.622 D/CompatibilityChangeReporter( 1711): Compat change id reported: 135754954; UID 10219; state: ENABLED
05-16 10:29:19.633 D/CompatibilityChangeReporter( 1711): Compat change id reported: 143937733; UID 10219; state: ENABLED
05-16 10:29:19.650 D/CompatibilityChangeReporter( 1711): Compat change id reported: 218533173; UID 10171; state: ENABLED
05-16 10:29:19.651 I/ActivityManager( 1711): Start proc 19400:com.google.android.permissioncontroller/u0a219 for service {com.google.android.permissioncontroller/com.android.permissioncontroller.permission.service.PermissionControllerServiceImpl}
05-16 10:29:19.695 D/CompatibilityChangeReporter( 1711): Compat change id reported: 161252188; UID 10099; state: ENABLED
05-16 10:29:19.696 D/CompatibilityChangeReporter( 1711): Compat change id reported: 135634846; UID 10099; state: DISABLED
05-16 10:29:19.696 D/CompatibilityChangeReporter( 1711): Compat change id reported: 177438394; UID 10099; state: DISABLED
05-16 10:29:19.696 D/CompatibilityChangeReporter( 1711): Compat change id reported: 135772972; UID 10099; state: DISABLED
05-16 10:29:19.696 D/CompatibilityChangeReporter( 1711): Compat change id reported: 135754954; UID 10099; state: ENABLED
05-16 10:29:19.696 D/CompatibilityChangeReporter( 1711): Compat change id reported: 143937733; UID 10099; state: ENABLED
05-16 10:29:19.705 I/ActivityManager( 1711): Start proc 19428:com.google.android.euicc/u0a99 for service {com.google.android.euicc/com.android.euicc.service.EuiccServiceImpl}
05-16 10:29:19.711 E/VerityUtils( 1711): Failed to measure fs-verity, errno 1: /data/app/~~dkXoaIuh6Ui0wuH_e0AdJA==/com.google.android.youtube-feqMnmRSeXPnJ6bzDcJNOw==/base.apk
05-16 10:29:19.717 D/CompatibilityChangeReporter( 1711): Compat change id reported: 168419799; UID 10099; state: DISABLED
05-16 10:29:19.732 D/CompatibilityChangeReporter( 1711): Compat change id reported: 161252188; UID 10171; state: ENABLED
05-16 10:29:19.810 D/CompatibilityChangeReporter( 1711): Compat change id reported: 161145287; UID 10219; state: DISABLED
05-16 10:29:19.824 D/AppWidgetServiceImpl( 1711): Provider info from ComponentInfo{com.google.android.apps.docs/com.google.android.apps.docs.drive.widget.suggestion.SuggestionAppWidgetProvider} won't be persisted.
05-16 10:29:19.824 D/AppWidgetServiceImpl( 1711): Provider info from ComponentInfo{com.google.android.apps.docs/com.google.android.apps.docs.drive.widget.CakemixAppWidgetProvider} won't be persisted.
05-16 10:29:19.932 D/CompatibilityChangeReporter( 1711): Compat change id reported: 161145287; UID 10099; state: DISABLED
05-16 10:29:19.962 D/CompatibilityChangeReporter( 1711): Compat change id reported: 202110963; UID 10099; state: ENABLED
05-16 10:29:20.148 D/CompatibilityChangeReporter( 1711): Compat change id reported: 168419799; UID 10123; state: DISABLED
05-16 10:29:20.167 D/CompatibilityChangeReporter( 1711): Compat change id reported: 177438394; UID 10179; state: DISABLED
05-16 10:29:20.167 D/CompatibilityChangeReporter( 1711): Compat change id reported: 135772972; UID 10179; state: DISABLED
05-16 10:29:20.167 D/CompatibilityChangeReporter( 1711): Compat change id reported: 135754954; UID 10179; state: ENABLED
05-16 10:29:20.168 D/CompatibilityChangeReporter( 1711): Compat change id reported: 143937733; UID 10179; state: ENABLED
05-16 10:29:20.180 I/ActivityManager( 1711): Start proc 19512:com.google.android.calendar/u0a179 for broadcast {com.google.android.calendar/com.google.android.libraries.phenotype.client.stable.PhenotypeUpdateBackgroundBroadcastReceiver}
05-16 10:29:20.467 D/CompatibilityChangeReporter( 1711): Compat change id reported: 183164979; UID 10174; state: ENABLED
05-16 10:29:20.613 D/CompatibilityChangeReporter( 1711): Compat change id reported: 161145287; UID 10179; state: DISABLED
05-16 10:29:20.717 D/CompatibilityChangeReporter( 1711): Compat change id reported: 135634846; UID 10075; state: DISABLED
05-16 10:29:20.717 D/CompatibilityChangeReporter( 1711): Compat change id reported: 177438394; UID 10075; state: DISABLED
05-16 10:29:20.717 D/CompatibilityChangeReporter( 1711): Compat change id reported: 135772972; UID 10075; state: DISABLED
05-16 10:29:20.717 D/CompatibilityChangeReporter( 1711): Compat change id reported: 135754954; UID 10075; state: ENABLED
05-16 10:29:20.718 D/CompatibilityChangeReporter( 1711): Compat change id reported: 143937733; UID 10075; state: ENABLED
05-16 10:29:20.739 I/ActivityManager( 1711): Start proc 19552:com.android.providers.calendar/u0a75 for content provider {com.android.providers.calendar/com.android.providers.calendar.CalendarProvider2}
05-16 10:29:20.853 D/CompatibilityChangeReporter( 1711): Compat change id reported: 161145287; UID 10075; state: DISABLED
05-16 10:29:20.861 D/CompatibilityChangeReporter( 1711): Compat change id reported: 143231523; UID 10179; state: DISABLED
05-16 10:29:20.864 D/CompatibilityChangeReporter( 1711): Compat change id reported: 194532703; UID 10179; state: ENABLED
05-16 10:29:20.872 D/CompatibilityChangeReporter( 1711): Compat change id reported: 143231523; UID 10075; state: DISABLED
05-16 10:29:20.873 D/CompatibilityChangeReporter( 1711): Compat change id reported: 201794303; UID 10179; state: ENABLED
05-16 10:29:21.038 W/BroadcastQueue( 1711): Background execution not allowed: receiving Intent { act=android.intent.action.DROPBOX_ENTRY_ADDED flg=0x10 (has extras) } to com.google.android.gms/.stats.service.DropBoxEntryAddedReceiver
05-16 10:29:21.041 I/ActivityManager( 1711): Killing 18352:com.google.android.soundpicker/u0a185 (adj 965): empty #33
05-16 10:29:21.042 I/ActivityManager( 1711): Killing 18308:com.google.ar.core/u0a173 (adj 965): empty #34
05-16 10:29:21.045 W/BroadcastQueue( 1711): Background execution not allowed: receiving Intent { act=android.intent.action.DROPBOX_ENTRY_ADDED flg=0x10 (has extras) } to com.google.android.gms/.chimera.GmsIntentOperationService$PersistentTrustedReceiver
05-16 10:29:21.045 W/BroadcastQueue( 1711): Background execution not allowed: receiving Intent { act=android.intent.action.DROPBOX_ENTRY_ADDED flg=0x10 (has extras) } to com.google.android.gms/.stats.service.DropBoxEntryAddedReceiver
05-16 10:29:21.045 W/BroadcastQueue( 1711): Background execution not allowed: receiving Intent { act=android.intent.action.DROPBOX_ENTRY_ADDED flg=0x10 (has extras) } to com.google.android.gms/.chimera.GmsIntentOperationService$PersistentTrustedReceiver
05-16 10:29:21.046 D/CompatibilityChangeReporter( 1711): Compat change id reported: 177438394; UID 10160; state: DISABLED
05-16 10:29:21.046 D/CompatibilityChangeReporter( 1711): Compat change id reported: 135772972; UID 10160; state: DISABLED
05-16 10:29:21.046 D/CompatibilityChangeReporter( 1711): Compat change id reported: 135754954; UID 10160; state: ENABLED
05-16 10:29:21.047 D/CompatibilityChangeReporter( 1711): Compat change id reported: 143937733; UID 10160; state: ENABLED
05-16 10:29:21.067 I/ActivityManager( 1711): Start proc 19602:com.google.android.apps.youtube.music/u0a160 for broadcast {com.google.android.apps.youtube.music/com.google.android.apps.youtube.music.player.widget.gm3.FreeformMusicWidgetProvider}
05-16 10:29:21.089 D/CompatibilityChangeReporter( 1711): Compat change id reported: 168419799; UID 10160; state: DISABLED
05-16 10:29:21.243 D/CompatibilityChangeReporter( 1711): Compat change id reported: 161145287; UID 10160; state: DISABLED
05-16 10:29:21.451 I/ActivityManager( 1711): Killing 18374:com.google.android.webview/u0a166 (adj 985): empty #33
05-16 10:29:21.471 D/CompatibilityChangeReporter( 1711): Compat change id reported: 168419799; UID 10164; state: DISABLED
05-16 10:29:21.533 D/CompatibilityChangeReporter( 1711): Compat change id reported: 194532703; UID 10160; state: ENABLED
05-16 10:29:21.617 E/VerityUtils( 1711): Failed to measure fs-verity, errno 1: /data/app/~~5Vh6Jw7ufUXv-2b1MZ37aQ==/com.google.android.apps.youtube.music-cZiH5b-TLlEvn7Oqiaap8w==/base.apk
05-16 10:29:21.927 D/CompatibilityChangeReporter( 1711): Compat change id reported: 183164979; UID 10160; state: ENABLED
05-16 10:29:22.049 D/CompatibilityChangeReporter( 1711): Compat change id reported: 194532703; UID 10174; state: ENABLED
05-16 10:29:22.272 D/CompatibilityChangeReporter( 1711): Compat change id reported: 168419799; UID 10162; state: DISABLED
05-16 10:29:22.456 D/CompatibilityChangeReporter( 1711): Compat change id reported: 161145287; UID 10141; state: DISABLED
05-16 10:29:22.526 E/AppOps  ( 1711): Bad call made by uid 10162. Package "com.google.android.gms" does not belong to uid 10162.
05-16 10:29:22.644 E/AppOps  ( 1711): Bad call made by uid 10162. Package "com.google.android.gms" does not belong to uid 10162.
05-16 10:29:22.662 E/AppOps  ( 1711): Bad call made by uid 10162. Package "com.google.android.gms" does not belong to uid 10162.
05-16 10:29:22.673 D/CompatibilityChangeReporter( 1711): Compat change id reported: 135634846; UID 10162; state: DISABLED
05-16 10:29:22.673 D/CompatibilityChangeReporter( 1711): Compat change id reported: 177438394; UID 10162; state: DISABLED
05-16 10:29:22.673 D/CompatibilityChangeReporter( 1711): Compat change id reported: 135772972; UID 10162; state: DISABLED
05-16 10:29:22.673 D/CompatibilityChangeReporter( 1711): Compat change id reported: 135754954; UID 10162; state: ENABLED
05-16 10:29:22.674 D/CompatibilityChangeReporter( 1711): Compat change id reported: 143937733; UID 10162; state: ENABLED
05-16 10:29:22.689 I/ActivityManager( 1711): Start proc 19787:com.android.chrome:privileged_process0/u0a162 for service {com.android.chrome/org.chromium.content.app.PrivilegedProcessService0}
05-16 10:29:22.800 D/CompatibilityChangeReporter( 1711): Compat change id reported: 143937733; UID 10162; state: ENABLED
05-16 10:29:22.801 D/CompatibilityChangeReporter( 1711): Compat change id reported: 135634846; UID 10162; state: DISABLED
05-16 10:29:22.801 D/CompatibilityChangeReporter( 1711): Compat change id reported: 177438394; UID 10162; state: DISABLED
05-16 10:29:22.801 D/CompatibilityChangeReporter( 1711): Compat change id reported: 135772972; UID 10162; state: DISABLED
05-16 10:29:22.801 D/CompatibilityChangeReporter( 1711): Compat change id reported: 135754954; UID 10162; state: ENABLED
05-16 10:29:22.801 D/CompatibilityChangeReporter( 1711): Compat change id reported: 207557677; UID 10162; state: ENABLED
05-16 10:29:22.906 E/AppOps  ( 1711): Bad call made by uid 10133. Package "com.google.android.gms" does not belong to uid 10133.
05-16 10:29:22.909 E/AppOps  ( 1711): Bad call made by uid 10133. Package "com.google.android.gms" does not belong to uid 10133.
05-16 10:29:22.910 E/AppOps  ( 1711): Bad call made by uid 10133. Package "com.google.android.gms" does not belong to uid 10133.
05-16 10:29:22.916 W/ActivityManager( 1711): Slow operation: 118ms so far, now at startProcess: returned from zygote!
05-16 10:29:22.917 W/ActivityManager( 1711): Slow operation: 118ms so far, now at startProcess: done updating battery stats
05-16 10:29:22.917 W/ActivityManager( 1711): Slow operation: 118ms so far, now at startProcess: building log message
05-16 10:29:22.917 I/ActivityManager( 1711): Start proc 19822:com.android.chrome:sandboxed_process0:org.chromium.content.app.SandboxedProcessService0:0/u0ai0 for  {com.android.chrome/org.chromium.content.app.SandboxedProcessService0:0}
05-16 10:29:22.917 W/ActivityManager( 1711): Slow operation: 118ms so far, now at startProcess: starting to update pids map
05-16 10:29:22.917 W/ActivityManager( 1711): Slow operation: 118ms so far, now at startProcess: done updating pids map
05-16 10:29:22.956 D/CompatibilityChangeReporter( 1711): Compat change id reported: 182734110; UID 10162; state: ENABLED
05-16 10:29:22.957 D/CompatibilityChangeReporter( 1711): Compat change id reported: 149924527; UID 10162; state: ENABLED
05-16 10:29:22.957 D/CompatibilityChangeReporter( 1711): Compat change id reported: 132649864; UID 10162; state: DISABLED
05-16 10:29:23.025 I/ActivityManager( 1711): Killing 18486:com.google.android.accessibility.soundamplifier/u0a177 (adj 965): empty #33
05-16 10:29:23.026 I/ActivityManager( 1711): Killing 15378:com.google.android.apps.messaging/u0a150 (adj 975): empty #34
05-16 10:29:23.923 D/CompatibilityChangeReporter( 1711): Compat change id reported: 143937733; UID 10162; state: ENABLED
05-16 10:29:23.937 I/ActivityManager( 1711): Start proc 19910:com.android.chrome:sandboxed_process0:org.chromium.content.app.SandboxedProcessService0:1/u0ai1 for  {com.android.chrome/org.chromium.content.app.SandboxedProcessService0:1}
05-16 10:29:23.987 I/ActivityManager( 1711): Killing 15667:com.google.android.settings.intelligence/u0a111 (adj 965): empty #33
05-16 10:29:24.152 I/ActivityManager( 1711): Killing 19910:com.android.chrome:sandboxed_process0:org.chromium.content.app.SandboxedProcessService0:1/u0a162i-8999 (adj 0): isolated not needed
05-16 10:29:24.755 D/CompatibilityChangeReporter( 1711): Compat change id reported: 161145287; UID 10186; state: DISABLED
05-16 10:29:27.652 D/CompatibilityChangeReporter( 1711): Compat change id reported: 201794303; UID 10164; state: ENABLED
05-16 10:29:29.862 I/ActivityManager( 1711): Killing 15067:com.google.android.apps.wellbeing/u0a133 (adj 955): empty #33
05-16 10:29:35.079 I/ActivityManager( 1711): Killing 18537:com.google.android.marvin.talkback/u0a187 (adj 975): empty #33
05-16 10:29:35.122 I/ActivityManager( 1711): Killing 18578:com.google.android.apps.work.clouddpc/u0a156 (adj 985): empty #33
05-16 10:29:45.065 D/PowerUI ( 1975): can't show warning due to - plugged: true status unknown: false
05-16 10:30:03.122 D/CompatibilityChangeReporter( 1711): Compat change id reported: 168419799; UID 1000; state: DISABLED
05-16 10:30:03.209 D/CompatibilityChangeReporter( 1711): Compat change id reported: 194532703; UID 1000; state: ENABLED
05-16 10:30:17.669 D/CompatibilityChangeReporter( 1711): Compat change id reported: 135634846; UID 10288; state: DISABLED
05-16 10:30:17.669 D/CompatibilityChangeReporter( 1711): Compat change id reported: 177438394; UID 10288; state: DISABLED
05-16 10:30:17.669 D/CompatibilityChangeReporter( 1711): Compat change id reported: 135772972; UID 10288; state: DISABLED
05-16 10:30:17.669 D/CompatibilityChangeReporter( 1711): Compat change id reported: 135754954; UID 10288; state: DISABLED
05-16 10:30:17.670 D/CompatibilityChangeReporter( 1711): Compat change id reported: 143937733; UID 10288; state: DISABLED
05-16 10:30:17.716 I/ActivityManager( 1711): Start proc 20034:com.tencent.tim/u0a288 for broadcast {com.tencent.tim/mqq.app.QQBroadcastReceiver}
05-16 10:30:17.901 D/ActivityThread(20034): Loading provider com.tencent.tim.pandoraprovider: com.tencent.qmethod.pandoraex.provider.PandoraExProvider
05-16 10:30:17.974 D/CompatibilityChangeReporter( 1711): Compat change id reported: 161145287; UID 10288; state: DISABLED
05-16 10:30:18.021 D/ActivityThread(20034): Loading provider com.tencent.tim.XG_SETTINGS_PROVIDER: com.tencent.tpns.baseapi.base.SettingsContentProvider
05-16 10:30:18.515 D/CompatibilityChangeReporter( 1711): Compat change id reported: 135634846; UID 10111; state: DISABLED
05-16 10:30:18.515 D/CompatibilityChangeReporter( 1711): Compat change id reported: 177438394; UID 10111; state: DISABLED
05-16 10:30:18.515 D/CompatibilityChangeReporter( 1711): Compat change id reported: 135772972; UID 10111; state: DISABLED
05-16 10:30:18.516 D/CompatibilityChangeReporter( 1711): Compat change id reported: 135754954; UID 10111; state: ENABLED
05-16 10:30:18.516 D/CompatibilityChangeReporter( 1711): Compat change id reported: 143937733; UID 10111; state: ENABLED
05-16 10:30:18.518 I/ActivityManager( 1711): Killing 18659:com.google.android.projection.gearhead:shared/u0a137 (adj 975): empty #33
05-16 10:30:18.533 I/ActivityManager( 1711): Start proc 20121:com.google.android.settings.intelligence/u0a111 for broadcast {com.google.android.settings.intelligence/com.google.android.settings.intelligence.modules.settingslogbridge.impl.SettingsLogBridgeBroadcastReceiver}
05-16 10:30:18.600 I/ActivityManager( 1711): Killing 18687:com.google.android.apps.restore/u0a113 (adj 985): empty #33
05-16 10:30:18.858 D/CompatibilityChangeReporter( 1711): Compat change id reported: 194532703; UID 10111; state: ENABLED
05-16 10:30:18.872 D/CompatibilityChangeReporter( 1711): Compat change id reported: 161145287; UID 10111; state: DISABLED
05-16 10:30:18.880 W/ContentProviderHelper( 1711): Permission Denial: opening provider com.android.providers.contacts.ContactsProvider2 from ProcessRecord{d01ec6 20034:com.tencent.tim/u0a288} (pid=20034, uid=10288) requires android.permission.READ_CONTACTS or android.permission.WRITE_CONTACTS
05-16 10:30:19.143 I/ActivityManager( 1711): Killing 18393:com.google.android.contacts/u0a155 (adj 915): empty #33
05-16 10:30:20.059 I/ActivityManager( 1711): Killing 18723:com.google.audio.hearing.visualization.accessibility.scribe/u0a122 (adj 985): empty #33
05-16 10:30:20.119 D/CompatibilityChangeReporter( 1711): Compat change id reported: 135634846; UID 10288; state: DISABLED
05-16 10:30:20.119 D/CompatibilityChangeReporter( 1711): Compat change id reported: 177438394; UID 10288; state: DISABLED
05-16 10:30:20.119 D/CompatibilityChangeReporter( 1711): Compat change id reported: 135772972; UID 10288; state: DISABLED
05-16 10:30:20.119 D/CompatibilityChangeReporter( 1711): Compat change id reported: 135754954; UID 10288; state: DISABLED
05-16 10:30:20.120 D/CompatibilityChangeReporter( 1711): Compat change id reported: 143937733; UID 10288; state: DISABLED
05-16 10:30:20.136 I/ActivityManager( 1711): Start proc 20395:com.tencent.tim:mini/u0a288 for broadcast {com.tencent.tim/com.tencent.mobileqq.mini.app.AppBrandTaskPreloadReceiver}
05-16 10:30:20.875 D/CompatibilityChangeReporter( 1711): Compat change id reported: 161252188; UID 10166; state: ENABLED
05-16 10:30:20.879 D/CompatibilityChangeReporter( 1711): Compat change id reported: 135634846; UID 10166; state: DISABLED
05-16 10:30:20.879 D/CompatibilityChangeReporter( 1711): Compat change id reported: 177438394; UID 10166; state: DISABLED
05-16 10:30:20.879 D/CompatibilityChangeReporter( 1711): Compat change id reported: 135772972; UID 10166; state: DISABLED
05-16 10:30:20.879 D/CompatibilityChangeReporter( 1711): Compat change id reported: 135754954; UID 10166; state: ENABLED
05-16 10:30:20.880 D/CompatibilityChangeReporter( 1711): Compat change id reported: 143937733; UID 10166; state: ENABLED
05-16 10:30:20.896 I/ActivityManager( 1711): Start proc 20533:com.google.android.webview:webview_service/u0a166 for service {com.google.android.webview/org.chromium.android_webview.services.VariationsSeedServer}
05-16 10:30:20.911 D/CompatibilityChangeReporter( 1711): Compat change id reported: 168419799; UID 10166; state: DISABLED
05-16 10:30:21.164 D/CompatibilityChangeReporter( 1711): Compat change id reported: 161252188; UID 10166; state: ENABLED
05-16 10:30:21.165 D/CompatibilityChangeReporter( 1711): Compat change id reported: 135634846; UID 99004; state: DISABLED
05-16 10:30:21.165 D/CompatibilityChangeReporter( 1711): Compat change id reported: 177438394; UID 99004; state: DISABLED
05-16 10:30:21.165 D/CompatibilityChangeReporter( 1711): Compat change id reported: 135772972; UID 99004; state: DISABLED
05-16 10:30:21.165 D/CompatibilityChangeReporter( 1711): Compat change id reported: 135754954; UID 99004; state: ENABLED
05-16 10:30:21.166 D/CompatibilityChangeReporter( 1711): Compat change id reported: 143937733; UID 10288; state: ENABLED
05-16 10:30:21.182 I/ActivityManager( 1711): Start proc 20583:com.google.android.webview:sandboxed_process0:org.chromium.content.app.SandboxedProcessService0:0/u0i4 for  {com.tencent.tim/org.chromium.content.app.SandboxedProcessService0:0}
05-16 10:30:21.625 D/CompatibilityChangeReporter( 1711): Compat change id reported: 135634846; UID 10288; state: DISABLED
05-16 10:30:21.625 D/CompatibilityChangeReporter( 1711): Compat change id reported: 177438394; UID 10288; state: DISABLED
05-16 10:30:21.626 D/CompatibilityChangeReporter( 1711): Compat change id reported: 135772972; UID 10288; state: DISABLED
05-16 10:30:21.626 D/CompatibilityChangeReporter( 1711): Compat change id reported: 135754954; UID 10288; state: DISABLED
05-16 10:30:21.627 D/CompatibilityChangeReporter( 1711): Compat change id reported: 143937733; UID 10288; state: DISABLED
05-16 10:30:21.630 I/ActivityManager( 1711): Killing 18823:com.google.android.apps.wearables.maestro.companion/u0a108 (adj 975): empty #33
05-16 10:30:21.631 I/ActivityManager( 1711): Killing 18792:com.google.android.tts/u0a161 (adj 975): empty #34
05-16 10:30:21.632 I/ActivityManager( 1711): Killing 18763:com.google.android.apps.camera.services/u0a168 (adj 985): empty #35
05-16 10:30:21.645 I/ActivityManager( 1711): Start proc 20653:com.tencent.tim:mini3/u0a288 for broadcast {com.tencent.tim/com.tencent.qqmini.sdk.receiver.AppBrandMainReceiver3}
05-16 10:30:22.864 D/CompatibilityChangeReporter( 1711): Compat change id reported: 135634846; UID 10288; state: DISABLED
05-16 10:30:22.865 D/CompatibilityChangeReporter( 1711): Compat change id reported: 177438394; UID 10288; state: DISABLED
05-16 10:30:22.865 D/CompatibilityChangeReporter( 1711): Compat change id reported: 135772972; UID 10288; state: DISABLED
05-16 10:30:22.865 D/CompatibilityChangeReporter( 1711): Compat change id reported: 135754954; UID 10288; state: DISABLED
05-16 10:30:22.865 D/CompatibilityChangeReporter( 1711): Compat change id reported: 143937733; UID 10288; state: DISABLED
05-16 10:30:22.880 I/ActivityManager( 1711): Start proc 20788:com.tencent.tim:mail/u0a288 for service {com.tencent.tim/com.tencent.androidqqmail.tim.MailPluginService}
05-16 10:30:24.093 I/ActivityManager( 1711): Killing 18846:com.android.vending:instant_app_installer/u0a116 (adj 985): empty #33
05-16 10:30:28.201 D/CompatibilityChangeReporter( 1711): Compat change id reported: 171306433; UID 10288; state: DISABLED
05-16 10:30:33.585 I/ActivityManager( 1711): Waited long enough for: ServiceRecord{87ae1c8 u0 com.tencent.tim/com.tencent.mobileqq.app.CoreService}
05-16 10:30:45.070 D/PowerUI ( 1975): can't show warning due to - plugged: true status unknown: false
05-16 10:30:47.660 I/UsageStatsService( 1711): User[0] Flushing usage stats to disk
05-16 10:31:45.050 D/PowerUI ( 1975): can't show warning due to - plugged: true status unknown: false
05-16 10:32:28.087 D/PowerUI ( 1975): can't show warning due to - plugged: true status unknown: false
05-16 10:32:45.045 D/PowerUI ( 1975): can't show warning due to - plugged: true status unknown: false
05-16 10:32:49.207 D/CompatibilityChangeReporter( 1711): Compat change id reported: 171306433; UID 1000; state: ENABLED
05-16 10:32:49.207 D/CompatibilityChangeReporter( 1711): Compat change id reported: 218533173; UID 1000; state: ENABLED
05-16 10:32:49.212 D/CompatibilityChangeReporter( 1711): Compat change id reported: 135634846; UID 10146; state: DISABLED
05-16 10:32:49.212 D/CompatibilityChangeReporter( 1711): Compat change id reported: 177438394; UID 10146; state: DISABLED
05-16 10:32:49.212 D/CompatibilityChangeReporter( 1711): Compat change id reported: 135772972; UID 10146; state: DISABLED
05-16 10:32:49.213 D/CompatibilityChangeReporter( 1711): Compat change id reported: 135754954; UID 10146; state: ENABLED
05-16 10:32:49.217 D/CompatibilityChangeReporter( 1711): Compat change id reported: 143937733; UID 10146; state: ENABLED
05-16 10:32:49.252 I/ActivityManager( 1711): Start proc 21189:com.google.android.as.oss/u0a146 for service {com.google.android.as.oss/com.google.android.gms.learning.internal.training.InAppJobService}
05-16 10:32:49.399 D/CompatibilityChangeReporter( 1711): Compat change id reported: 161145287; UID 10146; state: DISABLED
05-16 10:32:49.409 D/CompatibilityChangeReporter( 1711): Compat change id reported: 135634846; UID 10146; state: DISABLED
05-16 10:32:49.409 D/CompatibilityChangeReporter( 1711): Compat change id reported: 177438394; UID 10146; state: DISABLED
05-16 10:32:49.409 D/CompatibilityChangeReporter( 1711): Compat change id reported: 135772972; UID 10146; state: DISABLED
05-16 10:32:49.409 D/CompatibilityChangeReporter( 1711): Compat change id reported: 135754954; UID 10146; state: ENABLED
05-16 10:32:49.410 D/CompatibilityChangeReporter( 1711): Compat change id reported: 143937733; UID 10146; state: ENABLED
05-16 10:32:49.439 I/ActivityManager( 1711): Start proc 21207:com.google.android.as.oss:learning_bg/u0a146 for service {com.google.android.as.oss/com.google.android.gms.learning.internal.training.InAppTrainingService}
05-16 10:32:50.479 I/ActivityManager( 1711): Killing 17631:com.android.vending/u0a116 (adj 985): empty #33
05-16 10:32:50.485 D/CompatibilityChangeReporter( 1711): Compat change id reported: 194532703; UID 10146; state: ENABLED
05-16 10:32:50.502 W/JobScheduler( 1711): Job didn't exist in JobStore: 7c5e340 #u0a146/-578294288 com.google.android.as.oss/com.google.android.gms.learning.internal.training.InAppJobService
05-16 10:32:50.506 I/ActivityManager( 1711): Killing 18416:android.process.acore/u0a62 (adj 975): empty #33
05-16 10:33:45.077 D/PowerUI ( 1975): can't show warning due to - plugged: true status unknown: false
05-16 10:35:28.234 W/ActivityManager( 1711): Unable to start service Intent { flg=0x4 cmp=com.tencent.tim/com.tencent.qqmail.utilities.qmnetwork.service.QMPushService (has extras) } U=0: not found
05-16 10:35:28.342 W/JobScheduler( 1711): Job didn't exist in JobStore: dfe7eab #1000/100050 com.tencent.android.qqdownloader.YYBLiveAccountProvider/com.tencent.android.qqdownloader.YYBLiveAccountProvider.account/:android
05-16 10:35:28.871 W/JobScheduler( 1711): Job didn't exist in JobStore: bba4b24 #u0a146/-1679289975 com.google.android.as.oss/com.google.android.gms.learning.internal.training.InAppJobService
05-16 10:35:45.045 D/PowerUI ( 1975): can't show warning due to - plugged: true status unknown: false
05-16 10:36:45.042 D/PowerUI ( 1975): can't show warning due to - plugged: true status unknown: false
05-16 10:36:48.263 D/CompatibilityChangeReporter( 1711): Compat change id reported: 135634846; UID 10119; state: DISABLED
05-16 10:36:48.263 D/CompatibilityChangeReporter( 1711): Compat change id reported: 177438394; UID 10119; state: DISABLED
05-16 10:36:48.263 D/CompatibilityChangeReporter( 1711): Compat change id reported: 135772972; UID 10119; state: DISABLED
05-16 10:36:48.264 D/CompatibilityChangeReporter( 1711): Compat change id reported: 135754954; UID 10119; state: ENABLED
05-16 10:36:48.265 D/CompatibilityChangeReporter( 1711): Compat change id reported: 143937733; UID 10119; state: ENABLED
05-16 10:36:48.299 I/ActivityManager( 1711): Start proc 21410:com.google.android.apps.turbo/u0a119 for service {com.google.android.apps.turbo/com.google.android.apps.turbo.nudges.battery.PeriodicMaintenanceWindowService}
05-16 10:36:48.321 W/JobScheduler( 1711): Job didn't exist in JobStore: 334137f #1000/100051 com.tencent.android.qqdownloader.YYBLiveAccountProvider/com.tencent.android.qqdownloader.YYBLiveAccountProvider.account/:android
05-16 10:36:48.322 D/CompatibilityChangeReporter( 1711): Compat change id reported: 168419799; UID 10119; state: DISABLED
05-16 10:36:48.394 W/JobScheduler( 1711): Job didn't exist in JobStore: 3c812e1 #u0a146/-1909303987 com.google.android.as.oss/com.google.android.gms.learning.internal.training.InAppJobService
