04-14 15:35:12.441  1843  3337 W ProcessStats: Tracking association SourceState{79e806a com.google.android.gms/10121 Top #1772011} whose proc state 1 is better than process ProcessState{fd0ea72 com.google.android.gms.persistent/10121 pkg=com.google.android.gms} proc state 2 (7 skipped)
04-14 15:35:22.480  1843  3337 W ProcessStats: Tracking association SourceState{79e806a com.google.android.gms/10121 Top #1772014} whose proc state 1 is better than process ProcessState{fd0ea72 com.google.android.gms.persistent/10121 pkg=com.google.android.gms} proc state 2 (2 skipped)
04-14 15:35:32.524  1843  2027 W ProcessStats: Tracking association SourceState{79e806a com.google.android.gms/10121 Top #1772017} whose proc state 1 is better than process ProcessState{fd0ea72 com.google.android.gms.persistent/10121 pkg=com.google.android.gms} proc state 2 (2 skipped)
04-14 15:35:42.565  1843  2027 W ProcessStats: Tracking association SourceState{79e806a com.google.android.gms/10121 Top #1772020} whose proc state 1 is better than process ProcessState{fd0ea72 com.google.android.gms.persistent/10121 pkg=com.google.android.gms} proc state 2 (2 skipped)
04-14 15:35:52.614  1843  2027 W ProcessStats: Tracking association SourceState{79e806a com.google.android.gms/10121 Top #1772023} whose proc state 1 is better than process ProcessState{fd0ea72 com.google.android.gms.persistent/10121 pkg=com.google.android.gms} proc state 2 (2 skipped)
04-14 15:36:02.650  1843  2027 W ProcessStats: Tracking association SourceState{79e806a com.google.android.gms/10121 Top #1772026} whose proc state 1 is better than process ProcessState{fd0ea72 com.google.android.gms.persistent/10121 pkg=com.google.android.gms} proc state 2 (2 skipped)
04-14 15:36:12.697  1843  2027 W ProcessStats: Tracking association SourceState{79e806a com.google.android.gms/10121 Top #1772029} whose proc state 1 is better than process ProcessState{fd0ea72 com.google.android.gms.persistent/10121 pkg=com.google.android.gms} proc state 2 (2 skipped)
04-14 15:36:22.751  1843  2027 W ProcessStats: Tracking association SourceState{79e806a com.google.android.gms/10121 Top #1772032} whose proc state 1 is better than process ProcessState{fd0ea72 com.google.android.gms.persistent/10121 pkg=com.google.android.gms} proc state 2 (2 skipped)
04-14 15:36:32.794  1843  2027 W ProcessStats: Tracking association SourceState{79e806a com.google.android.gms/10121 Top #1772035} whose proc state 1 is better than process ProcessState{fd0ea72 com.google.android.gms.persistent/10121 pkg=com.google.android.gms} proc state 2 (2 skipped)
04-14 15:36:42.843  1843  2027 W ProcessStats: Tracking association SourceState{79e806a com.google.android.gms/10121 Top #1772038} whose proc state 1 is better than process ProcessState{fd0ea72 com.google.android.gms.persistent/10121 pkg=com.google.android.gms} proc state 2 (2 skipped)
04-14 15:36:52.888  1843  2027 W ProcessStats: Tracking association SourceState{79e806a com.google.android.gms/10121 Top #1772041} whose proc state 1 is better than process ProcessState{fd0ea72 com.google.android.gms.persistent/10121 pkg=com.google.android.gms} proc state 2 (2 skipped)
04-14 15:36:57.891  1843  1979 I ProcessStatsService: Pruning old procstats: /data/system/procstats/state-2023-04-13-12-23-35.bin
04-14 15:37:02.915  1843  3337 W ProcessStats: Tracking association SourceState{79e806a com.google.android.gms/10121 Top #1772043} whose proc state 1 is better than process ProcessState{fd0ea72 com.google.android.gms.persistent/10121 pkg=com.google.android.gms} proc state 2 (1 skipped)
04-14 15:37:12.938  1843  3337 W ProcessStats: Tracking association SourceState{79e806a com.google.android.gms/10121 Top #1772046} whose proc state 1 is better than process ProcessState{fd0ea72 com.google.android.gms.persistent/10121 pkg=com.google.android.gms} proc state 2 (2 skipped)
04-14 15:37:22.968  1843  3337 W ProcessStats: Tracking association SourceState{79e806a com.google.android.gms/10121 Top #1772049} whose proc state 1 is better than process ProcessState{fd0ea72 com.google.android.gms.persistent/10121 pkg=com.google.android.gms} proc state 2 (2 skipped)
04-14 15:37:33.004  1843  3337 W ProcessStats: Tracking association SourceState{79e806a com.google.android.gms/10121 Top #1772052} whose proc state 1 is better than process ProcessState{fd0ea72 com.google.android.gms.persistent/10121 pkg=com.google.android.gms} proc state 2 (2 skipped)
04-14 15:37:33.415  1843  1979 I UsageStatsService: User[0] Flushing usage stats to disk
04-14 15:37:43.042  1843  3337 W ProcessStats: Tracking association SourceState{79e806a com.google.android.gms/10121 Top #1772055} whose proc state 1 is better than process ProcessState{fd0ea72 com.google.android.gms.persistent/10121 pkg=com.google.android.gms} proc state 2 (2 skipped)
04-14 15:37:53.087  1843  3337 W ProcessStats: Tracking association SourceState{79e806a com.google.android.gms/10121 Top #1772058} whose proc state 1 is better than process ProcessState{fd0ea72 com.google.android.gms.persistent/10121 pkg=com.google.android.gms} proc state 2 (2 skipped)
04-14 15:38:03.126  1843  2027 W ProcessStats: Tracking association SourceState{79e806a com.google.android.gms/10121 Top #1772061} whose proc state 1 is better than process ProcessState{fd0ea72 com.google.android.gms.persistent/10121 pkg=com.google.android.gms} proc state 2 (2 skipped)
04-14 15:38:13.184  1843  2306 W ProcessStats: Tracking association SourceState{79e806a com.google.android.gms/10121 Top #1772064} whose proc state 1 is better than process ProcessState{fd0ea72 com.google.android.gms.persistent/10121 pkg=com.google.android.gms} proc state 2 (2 skipped)
04-14 15:38:23.235  1843  2306 W ProcessStats: Tracking association SourceState{79e806a com.google.android.gms/10121 Top #1772067} whose proc state 1 is better than process ProcessState{fd0ea72 com.google.android.gms.persistent/10121 pkg=com.google.android.gms} proc state 2 (2 skipped)
04-14 15:38:33.277  1843  2307 W ProcessStats: Tracking association SourceState{79e806a com.google.android.gms/10121 Top #1772070} whose proc state 1 is better than process ProcessState{fd0ea72 com.google.android.gms.persistent/10121 pkg=com.google.android.gms} proc state 2 (2 skipped)
04-14 15:38:43.317  1843  2307 W ProcessStats: Tracking association SourceState{79e806a com.google.android.gms/10121 Top #1772074} whose proc state 1 is better than process ProcessState{fd0ea72 com.google.android.gms.persistent/10121 pkg=com.google.android.gms} proc state 2 (3 skipped)
04-14 15:38:53.357  1843  2307 W ProcessStats: Tracking association SourceState{79e806a com.google.android.gms/10121 Top #1772077} whose proc state 1 is better than process ProcessState{fd0ea72 com.google.android.gms.persistent/10121 pkg=com.google.android.gms} proc state 2 (2 skipped)
04-14 15:38:59.177  1843  1980 D ActivityManager: sync unfroze 28805 com.android.chrome
04-14 15:39:03.397  1843  3416 W ProcessStats: Tracking association SourceState{79e806a com.google.android.gms/10121 Top #1772088} whose proc state 1 is better than process ProcessState{fd0ea72 com.google.android.gms.persistent/10121 pkg=com.google.android.gms} proc state 2 (8 skipped)
04-14 15:39:13.439  1843  2306 W ProcessStats: Tracking association SourceState{79e806a com.google.android.gms/10121 Top #1772091} whose proc state 1 is better than process ProcessState{fd0ea72 com.google.android.gms.persistent/10121 pkg=com.google.android.gms} proc state 2 (2 skipped)
04-14 15:39:23.486  1843  2306 W ProcessStats: Tracking association SourceState{79e806a com.google.android.gms/10121 Top #1772095} whose proc state 1 is better than process ProcessState{fd0ea72 com.google.android.gms.persistent/10121 pkg=com.google.android.gms} proc state 2 (3 skipped)
04-14 15:39:33.526  1843  2306 W ProcessStats: Tracking association SourceState{79e806a com.google.android.gms/10121 Top #1772101} whose proc state 1 is better than process ProcessState{fd0ea72 com.google.android.gms.persistent/10121 pkg=com.google.android.gms} proc state 2 (5 skipped)
04-14 15:39:43.554  1843 14538 W ProcessStats: Tracking association SourceState{79e806a com.google.android.gms/10121 Top #1772104} whose proc state 1 is better than process ProcessState{fd0ea72 com.google.android.gms.persistent/10121 pkg=com.google.android.gms} proc state 2 (2 skipped)
04-14 15:39:53.602  1843 14543 W ProcessStats: Tracking association SourceState{79e806a com.google.android.gms/10121 Top #1772108} whose proc state 1 is better than process ProcessState{fd0ea72 com.google.android.gms.persistent/10121 pkg=com.google.android.gms} proc state 2 (3 skipped)
04-14 15:40:03.652  1843 14538 W ProcessStats: Tracking association SourceState{79e806a com.google.android.gms/10121 Top #1772114} whose proc state 1 is better than process ProcessState{fd0ea72 com.google.android.gms.persistent/10121 pkg=com.google.android.gms} proc state 2 (5 skipped)
04-14 15:40:13.700  1843  2307 W ProcessStats: Tracking association SourceState{79e806a com.google.android.gms/10121 Top #1772117} whose proc state 1 is better than process ProcessState{fd0ea72 com.google.android.gms.persistent/10121 pkg=com.google.android.gms} proc state 2 (2 skipped)
04-14 15:40:23.750  1843 14543 W ProcessStats: Tracking association SourceState{79e806a com.google.android.gms/10121 Top #1772121} whose proc state 1 is better than process ProcessState{fd0ea72 com.google.android.gms.persistent/10121 pkg=com.google.android.gms} proc state 2 (3 skipped)
04-14 15:40:33.799  1843  3416 W ProcessStats: Tracking association SourceState{79e806a com.google.android.gms/10121 Top #1772127} whose proc state 1 is better than process ProcessState{fd0ea72 com.google.android.gms.persistent/10121 pkg=com.google.android.gms} proc state 2 (5 skipped)
04-14 15:40:43.843  1843  3416 W ProcessStats: Tracking association SourceState{79e806a com.google.android.gms/10121 Top #1772130} whose proc state 1 is better than process ProcessState{fd0ea72 com.google.android.gms.persistent/10121 pkg=com.google.android.gms} proc state 2 (2 skipped)
04-14 15:40:53.628  1843  1980 W BroadcastQueue: Background execution not allowed: receiving Intent { act=com.tencent.assistant.st.report.PluginLogProcessorReceiver.TIME flg=0x14 (has extras) } to com.tencent.android.qqdownloader/com.tencent.assistant.st.report.PluginLogProcessorReceiver
04-14 15:40:53.649  1843  2090 E AlarmManager: Attempt to decrement existing alarm count 0 by 1 for uid 1000
04-14 15:40:53.670  1843  1843 D ActivityManager: sync unfroze 13996 com.tencent.tim:MSF
04-14 15:40:53.675  1843  3416 D CompatibilityChangeReporter: Compat change id reported: 135634846; UID 10063; state: DISABLED
04-14 15:40:53.675  1843  3416 D CompatibilityChangeReporter: Compat change id reported: 177438394; UID 10063; state: DISABLED
04-14 15:40:53.675  1843  3416 D CompatibilityChangeReporter: Compat change id reported: 135772972; UID 10063; state: DISABLED
04-14 15:40:53.675  1843  3416 D CompatibilityChangeReporter: Compat change id reported: 135754954; UID 10063; state: ENABLED
04-14 15:40:53.675  1843  1981 D CompatibilityChangeReporter: Compat change id reported: 143937733; UID 10063; state: ENABLED
04-14 15:40:53.684  1843  1981 I ActivityManager: Start proc 3521:android.process.media/u0a63 for content provider {com.android.providers.downloads/com.android.providers.downloads.DownloadProvider}
04-14 15:40:53.702  1843 14539 D CompatibilityChangeReporter: Compat change id reported: 168419799; UID 10063; state: DISABLED
04-14 15:40:53.705  1843 15114 D CompatibilityChangeReporter: Compat change id reported: 161145287; UID 10288; state: DISABLED
04-14 15:40:53.714  1843  3416 W BroadcastQueue: Background execution not allowed: receiving Intent { act=com.tencent.android.qqdownloader.action.SCHEDULE_JOB flg=0x14 (has extras) } to com.tencent.android.qqdownloader/com.tencent.assistant.module.timer.ScheduleJobReceiver
04-14 15:40:53.722  1843 15114 W AppOps  : Noting op not finished: uid 10121 pkg com.google.android.gms code 113 startTime of in progress event=1681442121115
04-14 15:40:53.732  1843 15114 W AppOps  : Noting op not finished: uid 10121 pkg com.google.android.gms code 113 startTime of in progress event=1681442121115
04-14 15:40:53.738  1843  1980 I DropBoxManagerService: add tag=system_server_wtf isTagEnabled=true flags=0x6
04-14 15:40:53.750  1843  3337 W AppOps  : Noting op not finished: uid 10121 pkg com.google.android.gms code 113 startTime of in progress event=1681458053693
04-14 15:40:53.758  1843  1843 D ActivityManager: sync unfroze 32146 com.google.android.googlequicksearchbox:search
04-14 15:40:53.759  1843  1843 D CompatibilityChangeReporter: Compat change id reported: 168419799; UID 10151; state: DISABLED
04-14 15:40:53.773  1843  1843 D CompatibilityChangeReporter: Compat change id reported: 168419799; UID 1000; state: DISABLED
04-14 15:40:53.782  1843  3337 D CompatibilityChangeReporter: Compat change id reported: 177438394; UID 10184; state: DISABLED
04-14 15:40:53.782  1843  3337 D CompatibilityChangeReporter: Compat change id reported: 135772972; UID 10184; state: DISABLED
04-14 15:40:53.782  1843  3337 D CompatibilityChangeReporter: Compat change id reported: 135754954; UID 10184; state: ENABLED
04-14 15:40:53.783  1843  1981 D CompatibilityChangeReporter: Compat change id reported: 143937733; UID 10184; state: ENABLED
04-14 15:40:53.791  1843  1981 I ActivityManager: Start proc 3549:com.google.android.apps.maps:server_recovery_process_scheduled/u0a184 for broadcast {com.google.android.apps.maps/com.google.android.apps.gmm.plugins.serverrecovery.ScheduledRecoverySignalHandlerImpl}
04-14 15:40:53.809  1843  2227 D ActivityManager: sync unfroze 27519 com.tencent.android.qqdownloader:live
04-14 15:40:53.826  1843  3337 D CompatibilityChangeReporter: Compat change id reported: 168419799; UID 10184; state: DISABLED
04-14 15:40:53.829  1843 14548 D ActivityManager: sync unfroze 27147 com.google.process.gservices
04-14 15:40:53.845  1843  3416 W ProcessStats: Tracking association SourceState{e81bd61 com.qiyi.video/10432 Top #1772246} whose proc state 1 is better than process ProcessState{a15317c com.google.android.gms/10121 pkg=com.google.android.gms} proc state 5 (106 skipped)
04-14 15:40:53.872  1843 14543 D CompatibilityChangeReporter: Compat change id reported: 135634846; UID 10288; state: DISABLED
04-14 15:40:53.872  1843 14543 D CompatibilityChangeReporter: Compat change id reported: 177438394; UID 10288; state: DISABLED
04-14 15:40:53.872  1843 14543 D CompatibilityChangeReporter: Compat change id reported: 135772972; UID 10288; state: DISABLED
04-14 15:40:53.872  1843  2227 D CompatibilityChangeReporter: Compat change id reported: 194532703; UID 1000; state: ENABLED
04-14 15:40:53.872  1843 14543 D CompatibilityChangeReporter: Compat change id reported: 135754954; UID 10288; state: DISABLED
04-14 15:40:53.873  1843  1981 D CompatibilityChangeReporter: Compat change id reported: 143937733; UID 10288; state: DISABLED
04-14 15:40:53.884  1843  1981 I ActivityManager: Start proc 3575:com.tencent.tim/u0a288 for content provider {com.tencent.tim/com.tencent.mqq.shared_file_accessor.ContentProviderImpl}
04-14 15:40:53.940  1843  1843 D CompatibilityChangeReporter: Compat change id reported: 135634846; UID 10119; state: DISABLED
04-14 15:40:53.940  1843  1843 D CompatibilityChangeReporter: Compat change id reported: 177438394; UID 10119; state: DISABLED
04-14 15:40:53.940  1843  1843 D CompatibilityChangeReporter: Compat change id reported: 135772972; UID 10119; state: DISABLED
04-14 15:40:53.940  1843  1843 D CompatibilityChangeReporter: Compat change id reported: 135754954; UID 10119; state: ENABLED
04-14 15:40:53.940  1843  1981 D CompatibilityChangeReporter: Compat change id reported: 143937733; UID 10119; state: ENABLED
04-14 15:40:53.949  1843  1981 I ActivityManager: Start proc 3591:com.google.android.apps.turbo:aab/u0a119 for service {com.google.android.apps.turbo/com.google.android.libraries.smartbattery.appusage.library.InferAppBucketsJob}
04-14 15:40:54.017  1843  3337 D CompatibilityChangeReporter: Compat change id reported: 135634846; UID 10150; state: DISABLED
04-14 15:40:54.017  1843  3337 D CompatibilityChangeReporter: Compat change id reported: 177438394; UID 10150; state: DISABLED
04-14 15:40:54.017  1843  3337 D CompatibilityChangeReporter: Compat change id reported: 135772972; UID 10150; state: DISABLED
04-14 15:40:54.017  1843  3337 D CompatibilityChangeReporter: Compat change id reported: 135754954; UID 10150; state: ENABLED
04-14 15:40:54.017  1843  1981 D CompatibilityChangeReporter: Compat change id reported: 143937733; UID 10150; state: ENABLED
04-14 15:40:54.031  1843  1981 I ActivityManager: Start proc 3613:com.google.android.apps.messaging/u0a150 for service {com.google.android.apps.messaging/androidx.work.impl.background.systemjob.SystemJobService}
04-14 15:40:54.046  1843  3337 D CompatibilityChangeReporter: Compat change id reported: 168419799; UID 10150; state: DISABLED
04-14 15:40:54.117  1843 14539 D CompatibilityChangeReporter: Compat change id reported: 135634846; UID 10121; state: DISABLED
04-14 15:40:54.117  1843 14539 D CompatibilityChangeReporter: Compat change id reported: 177438394; UID 10121; state: DISABLED
04-14 15:40:54.117  1843 14539 D CompatibilityChangeReporter: Compat change id reported: 135772972; UID 10121; state: DISABLED
04-14 15:40:54.117  1843 14539 D CompatibilityChangeReporter: Compat change id reported: 135754954; UID 10121; state: ENABLED
04-14 15:40:54.117  1843  1981 D CompatibilityChangeReporter: Compat change id reported: 143937733; UID 10121; state: ENABLED
04-14 15:40:54.131  1843  1981 I ActivityManager: Start proc 3650:com.google.process.gapps/u0a121 for content provider {com.google.android.gsf/com.google.android.gsf.subscribedfeeds.SubscribedFeedsProvider}
04-14 15:40:54.140  1843 14539 D CompatibilityChangeReporter: Compat change id reported: 135634846; UID 10197; state: DISABLED
04-14 15:40:54.140  1843 14539 D CompatibilityChangeReporter: Compat change id reported: 177438394; UID 10197; state: DISABLED
04-14 15:40:54.140  1843 14539 D CompatibilityChangeReporter: Compat change id reported: 135772972; UID 10197; state: DISABLED
04-14 15:40:54.140  1843 14539 D CompatibilityChangeReporter: Compat change id reported: 135754954; UID 10197; state: ENABLED
04-14 15:40:54.140  1843  1981 D CompatibilityChangeReporter: Compat change id reported: 143937733; UID 10197; state: ENABLED
04-14 15:40:54.151  1843  1981 I ActivityManager: Start proc 3669:com.google.android.turboadapter/u0a197 for service {com.google.android.turboadapter/com.google.android.turboadapter.GoogleBatteryService}
04-14 15:40:54.164  1843  3416 D CompatibilityChangeReporter: Compat change id reported: 168419799; UID 10197; state: DISABLED
04-14 15:40:54.170  1843  3416 D CompatibilityChangeReporter: Compat change id reported: 135634846; UID 10062; state: DISABLED
04-14 15:40:54.170  1843  3416 D CompatibilityChangeReporter: Compat change id reported: 177438394; UID 10062; state: DISABLED
04-14 15:40:54.171  1843  3416 D CompatibilityChangeReporter: Compat change id reported: 135772972; UID 10062; state: DISABLED
04-14 15:40:54.171  1843  3416 D CompatibilityChangeReporter: Compat change id reported: 135754954; UID 10062; state: ENABLED
04-14 15:40:54.171  1843  1981 D CompatibilityChangeReporter: Compat change id reported: 143937733; UID 10062; state: ENABLED
04-14 15:40:54.182  1843  1981 I ActivityManager: Start proc 3690:android.process.acore/u0a62 for content provider {com.android.providers.contacts/com.android.providers.contacts.CallLogProvider}
04-14 15:40:54.183  3575  3575 D ActivityThread: Loading provider com.tencent.tim.pandoraprovider: com.tencent.qmethod.pandoraex.provider.PandoraExProvider
04-14 15:40:54.199  1843 15114 D CompatibilityChangeReporter: Compat change id reported: 168419799; UID 10062; state: DISABLED
04-14 15:40:54.251  1843 14539 D CompatibilityChangeReporter: Compat change id reported: 161145287; UID 10184; state: DISABLED
04-14 15:40:54.307  1843 15114 D CompatibilityChangeReporter: Compat change id reported: 161145287; UID 10119; state: DISABLED
04-14 15:40:54.317  1843 14543 D CompatibilityChangeReporter: Compat change id reported: 161252188; UID 10197; state: ENABLED
04-14 15:40:54.339  1843 14540 D CompatibilityChangeReporter: Compat change id reported: 201794303; UID 10121; state: ENABLED
04-14 15:40:54.357  1843 14539 D CompatibilityChangeReporter: Compat change id reported: 161145287; UID 10062; state: DISABLED
04-14 15:40:54.362  1843 14540 D CompatibilityChangeReporter: Compat change id reported: 161145287; UID 10288; state: DISABLED
04-14 15:40:54.368  3690  3756 D ActivityThread: Loading provider call_log_shadow: com.android.providers.contacts.ShadowCallLogProvider
04-14 15:40:54.438  3575  3770 D ActivityThread: Loading provider com.tencent.tim.XG_SETTINGS_PROVIDER: com.tencent.tpns.baseapi.base.SettingsContentProvider
04-14 15:40:54.547  1843 14539 D CompatibilityChangeReporter: Compat change id reported: 161252188; UID 10121; state: ENABLED
04-14 15:40:54.620  1843 14548 I ActivityManager: Process com.google.android.apps.maps:server_recovery_process_scheduled (pid 3549) has died: cch+5 CEM 
04-14 15:40:54.687  1843 14539 D CompatibilityChangeReporter: Compat change id reported: 201794303; UID 10062; state: ENABLED
04-14 15:40:54.758  1843  3133 D CompatibilityChangeReporter: Compat change id reported: 194532703; UID 10150; state: ENABLED
04-14 15:40:54.788  1843 14539 W JobScheduler: Job didn't exist in JobStore: ee93717 #u0a150/1220 com.google.android.apps.messaging/androidx.work.impl.background.systemjob.SystemJobService
04-14 15:40:54.799  1843 14539 W JobScheduler: Job didn't exist in JobStore: 73584ed #u0a150/1226 com.google.android.apps.messaging/androidx.work.impl.background.systemjob.SystemJobService
04-14 15:40:54.805  1843  3133 D CompatibilityChangeReporter: Compat change id reported: 161145287; UID 10150; state: DISABLED
04-14 15:40:54.852  1843 14537 D CompatibilityChangeReporter: Compat change id reported: 161252188; UID 10166; state: ENABLED
04-14 15:40:54.853  1843 14537 D CompatibilityChangeReporter: Compat change id reported: 135634846; UID 10166; state: DISABLED
04-14 15:40:54.853  1843 14537 D CompatibilityChangeReporter: Compat change id reported: 177438394; UID 10166; state: DISABLED
04-14 15:40:54.853  1843 14537 D CompatibilityChangeReporter: Compat change id reported: 135772972; UID 10166; state: DISABLED
04-14 15:40:54.853  1843 14537 D CompatibilityChangeReporter: Compat change id reported: 135754954; UID 10166; state: ENABLED
04-14 15:40:54.853  1843  1981 D CompatibilityChangeReporter: Compat change id reported: 143937733; UID 10166; state: ENABLED
04-14 15:40:54.865  1843  1981 I ActivityManager: Start proc 3811:com.google.android.webview:webview_service/u0a166 for service {com.google.android.webview/org.chromium.android_webview.services.VariationsSeedServer}
04-14 15:40:54.880  1843  3133 D CompatibilityChangeReporter: Compat change id reported: 168419799; UID 10166; state: DISABLED
04-14 15:40:54.896  1843 14537 W ActivityManager: Unable to start service Intent { act=com.google.android.gms.semanticlocationhistory.federated.FederatedTaskIdentityDataService.ACTION_TASK_READY pkg=com.google.android.gms } U=0: not found
04-14 15:40:55.067  1843 14539 D CompatibilityChangeReporter: Compat change id reported: 135634846; UID 10172; state: DISABLED
04-14 15:40:55.067  1843 14539 D CompatibilityChangeReporter: Compat change id reported: 177438394; UID 10172; state: DISABLED
04-14 15:40:55.068  1843 14539 D CompatibilityChangeReporter: Compat change id reported: 135772972; UID 10172; state: DISABLED
04-14 15:40:55.068  1843 14539 D CompatibilityChangeReporter: Compat change id reported: 135754954; UID 10172; state: ENABLED
04-14 15:40:55.068  1843  1981 D CompatibilityChangeReporter: Compat change id reported: 143937733; UID 10172; state: ENABLED
04-14 15:40:55.084  1843  1981 I ActivityManager: Start proc 3852:com.google.android.apps.photos/u0a172 for service {com.google.android.apps.photos/com.google.android.apps.photos.backup.apiservice.PhotosBackupApiService}
04-14 15:40:55.100  1843 14539 D CompatibilityChangeReporter: Compat change id reported: 168419799; UID 10172; state: DISABLED
04-14 15:40:55.101  1843 14539 I ActivityManager: Killing 28805:com.android.chrome/u0a162 (adj 915): empty for 5419s
04-14 15:40:55.213  1843  1843 D CompatibilityChangeReporter: Compat change id reported: 168419799; UID 10150; state: DISABLED
04-14 15:40:55.282  1843 14539 D CompatibilityChangeReporter: Compat change id reported: 194532703; UID 10119; state: ENABLED
04-14 15:40:55.299  1843  3133 D CompatibilityChangeReporter: Compat change id reported: 161145287; UID 10172; state: DISABLED
04-14 15:40:55.485  1843 14548 E AppOps  : Bad call made by uid 10172. Package "com.google.android.gms" does not belong to uid 10172.
04-14 15:40:55.496  1843  3416 E AppOps  : Bad call made by uid 10172. Package "com.google.android.gms" does not belong to uid 10172.
04-14 15:40:55.502  1843  3416 E AppOps  : Bad call made by uid 10172. Package "com.google.android.gms" does not belong to uid 10172.
04-14 15:40:55.517  1843  3416 I ActivityManager: Killing 32240:com.android.providers.calendar/u0a75 (adj 999): empty for 4160s
04-14 15:40:55.663  1843  3416 D ActivityManager: sync unfroze 11976 com.google.android.ims
04-14 15:40:55.705  1843  3416 W ActivityManager: Unable to start service Intent { act=com.google.android.gms.semanticlocationhistory.federated.FederatedJobHistoryService.ACTION_TASK_READY pkg=com.google.android.gms } U=0: not found
04-14 15:40:55.714  1843 14539 W BatteryExternalStatsWorker: error reading Bluetooth stats: 11
04-14 15:40:55.741  1843  1980 W BroadcastQueue: Background execution not allowed: receiving Intent { act=android.intent.action.DROPBOX_ENTRY_ADDED flg=0x10 (has extras) } to com.google.android.gms/.stats.service.DropBoxEntryAddedReceiver
04-14 15:40:55.742  1843  1980 W BroadcastQueue: Background execution not allowed: receiving Intent { act=android.intent.action.DROPBOX_ENTRY_ADDED flg=0x10 (has extras) } to com.google.android.gms/.chimera.GmsIntentOperationService$PersistentTrustedReceiver
04-14 15:40:55.792  1843  3337 I DropBoxManagerService: add tag=platform_stats_bookmark isTagEnabled=true flags=0x2
04-14 15:40:55.797  1843  1980 W BroadcastQueue: Background execution not allowed: receiving Intent { act=android.intent.action.DROPBOX_ENTRY_ADDED flg=0x10 (has extras) } to com.google.android.gms/.stats.service.DropBoxEntryAddedReceiver
04-14 15:40:55.797  1843  1980 W BroadcastQueue: Background execution not allowed: receiving Intent { act=android.intent.action.DROPBOX_ENTRY_ADDED flg=0x10 (has extras) } to com.google.android.gms/.chimera.GmsIntentOperationService$PersistentTrustedReceiver
04-14 15:40:56.391  1843 14539 D CompatibilityChangeReporter: Compat change id reported: 135634846; UID 10121; state: DISABLED
04-14 15:40:56.391  1843 14539 D CompatibilityChangeReporter: Compat change id reported: 177438394; UID 10121; state: DISABLED
04-14 15:40:56.391  1843 14539 D CompatibilityChangeReporter: Compat change id reported: 135772972; UID 10121; state: DISABLED
04-14 15:40:56.391  1843 14539 D CompatibilityChangeReporter: Compat change id reported: 135754954; UID 10121; state: ENABLED
04-14 15:40:56.392  1843  1981 D CompatibilityChangeReporter: Compat change id reported: 143937733; UID 10121; state: ENABLED
04-14 15:40:56.408  1843  1981 I ActivityManager: Start proc 3955:com.google.android.gms.unstable/u0a121 for service {com.google.android.gms/com.google.android.gms.droidguard.DroidGuardService}
04-14 15:40:56.751  1843  1843 D CompatibilityChangeReporter: Compat change id reported: 177438394; UID 10171; state: DISABLED
04-14 15:40:56.751  1843  1843 D CompatibilityChangeReporter: Compat change id reported: 135772972; UID 10171; state: DISABLED
04-14 15:40:56.751  1843  1843 D CompatibilityChangeReporter: Compat change id reported: 135754954; UID 10171; state: ENABLED
04-14 15:40:56.752  1843  1981 D CompatibilityChangeReporter: Compat change id reported: 143937733; UID 10171; state: ENABLED
04-14 15:40:56.761  1843  1843 D ActivityManager: sync unfroze 1341 com.google.android.settings.intelligence
04-14 15:40:56.762  1843  1843 D CompatibilityChangeReporter: Compat change id reported: 168419799; UID 10111; state: DISABLED
04-14 15:40:56.769  1843  1981 I ActivityManager: Start proc 4009:com.google.android.apps.docs/u0a171 for service {com.google.android.apps.docs/com.google.android.libraries.internal.growth.growthkit.internal.jobs.impl.GrowthKitJobService}
04-14 15:40:56.771  1843  1843 D ActivityManager: sync unfroze 2665 com.google.android.permissioncontroller
04-14 15:40:56.773  1843  1843 D CompatibilityChangeReporter: Compat change id reported: 168419799; UID 10219; state: DISABLED
04-14 15:40:56.785  1843  3133 D CompatibilityChangeReporter: Compat change id reported: 168419799; UID 10171; state: DISABLED
04-14 15:40:56.825  1843  3137 D ActivityManager: sync unfroze 1408 com.android.settings
04-14 15:40:56.834  1843 14539 D CompatibilityChangeReporter: Compat change id reported: 135634846; UID 10133; state: DISABLED
04-14 15:40:56.834  1843 14539 D CompatibilityChangeReporter: Compat change id reported: 177438394; UID 10133; state: DISABLED
04-14 15:40:56.834  1843 14539 D CompatibilityChangeReporter: Compat change id reported: 135772972; UID 10133; state: DISABLED
04-14 15:40:56.835  1843 14539 D CompatibilityChangeReporter: Compat change id reported: 135754954; UID 10133; state: ENABLED
04-14 15:40:56.835  1843  1981 D CompatibilityChangeReporter: Compat change id reported: 143937733; UID 10133; state: ENABLED
04-14 15:40:56.844  1843  1981 I ActivityManager: Start proc 4042:com.google.android.apps.wellbeing/u0a133 for service {com.google.android.apps.wellbeing/androidx.work.impl.background.systemjob.SystemJobService}
04-14 15:40:56.851  1843  3137 I ActivityManager: com.android.vending is exempt from freezer
04-14 15:40:56.851  1843  3137 D CompatibilityChangeReporter: Compat change id reported: 135634846; UID 10116; state: DISABLED
04-14 15:40:56.851  1843  3137 D CompatibilityChangeReporter: Compat change id reported: 177438394; UID 10116; state: DISABLED
04-14 15:40:56.851  1843  3137 D CompatibilityChangeReporter: Compat change id reported: 135772972; UID 10116; state: DISABLED
04-14 15:40:56.851  1843  3137 D CompatibilityChangeReporter: Compat change id reported: 135754954; UID 10116; state: ENABLED
04-14 15:40:56.852  1843  1981 D CompatibilityChangeReporter: Compat change id reported: 143937733; UID 10116; state: ENABLED
04-14 15:40:56.860  1843 14539 D CompatibilityChangeReporter: Compat change id reported: 177438394; UID 10120; state: DISABLED
04-14 15:40:56.860  1843 14539 D CompatibilityChangeReporter: Compat change id reported: 135772972; UID 10120; state: DISABLED
04-14 15:40:56.861  1843 14539 D CompatibilityChangeReporter: Compat change id reported: 135754954; UID 10120; state: ENABLED
04-14 15:40:56.866  1843 14540 D CompatibilityChangeReporter: Compat change id reported: 168419799; UID 10133; state: DISABLED
04-14 15:40:56.877  1843 14540 D CompatibilityChangeReporter: Compat change id reported: 161145287; UID 10171; state: DISABLED
04-14 15:40:56.877  1843  1981 I ActivityManager: Start proc 4061:com.android.vending/u0a116 for content provider {com.android.vending/com.google.android.finsky.slice.PhoneskyContextualCardProvider}
04-14 15:40:56.877  1843  1981 D CompatibilityChangeReporter: Compat change id reported: 143937733; UID 10120; state: ENABLED
04-14 15:40:56.895  1843  1981 I ActivityManager: Start proc 4077:com.google.android.apps.safetyhub/u0a120 for service {com.google.android.apps.safetyhub/com.google.android.libraries.notifications.entrypoints.scheduled.ScheduledTaskService}
04-14 15:40:56.908  1843  3137 D CompatibilityChangeReporter: Compat change id reported: 168419799; UID 10120; state: DISABLED
04-14 15:40:57.033  1843  3137 D CompatibilityChangeReporter: Compat change id reported: 161145287; UID 10120; state: DISABLED
04-14 15:40:57.034  1843  3133 D CompatibilityChangeReporter: Compat change id reported: 201794303; UID 10171; state: ENABLED
04-14 15:40:57.126  1843 14539 D CompatibilityChangeReporter: Compat change id reported: 135634846; UID 10148; state: DISABLED
04-14 15:40:57.127  1843 14539 D CompatibilityChangeReporter: Compat change id reported: 177438394; UID 10148; state: DISABLED
04-14 15:40:57.127  1843 14539 D CompatibilityChangeReporter: Compat change id reported: 135772972; UID 10148; state: DISABLED
04-14 15:40:57.127  1843 14539 D CompatibilityChangeReporter: Compat change id reported: 135754954; UID 10148; state: ENABLED
04-14 15:40:57.127  1843  1981 D CompatibilityChangeReporter: Compat change id reported: 143937733; UID 10148; state: ENABLED
04-14 15:40:57.139  1843  1981 I ActivityManager: Start proc 4157:com.google.android.partnersetup/u0a148 for service {com.google.android.partnersetup/com.google.android.partnersetup.InstalledAppJobService}
04-14 15:40:57.156  1843 14539 D CompatibilityChangeReporter: Compat change id reported: 168419799; UID 10148; state: DISABLED
04-14 15:40:57.204  1843  1843 D CompatibilityChangeReporter: Compat change id reported: 135634846; UID 10124; state: DISABLED
04-14 15:40:57.204  1843  1843 D CompatibilityChangeReporter: Compat change id reported: 177438394; UID 10124; state: DISABLED
04-14 15:40:57.204  1843  1843 D CompatibilityChangeReporter: Compat change id reported: 135772972; UID 10124; state: DISABLED
04-14 15:40:57.204  1843  1843 D CompatibilityChangeReporter: Compat change id reported: 135754954; UID 10124; state: ENABLED
04-14 15:40:57.205  1843  1981 D CompatibilityChangeReporter: Compat change id reported: 143937733; UID 10124; state: ENABLED
04-14 15:40:57.216  1843  1981 I ActivityManager: Start proc 4183:com.google.android.apps.gcs/u0a124 for service {com.google.android.apps.gcs/androidx.work.impl.background.systemjob.SystemJobService}
04-14 15:40:57.230  1843 14543 D CompatibilityChangeReporter: Compat change id reported: 168419799; UID 10124; state: DISABLED
04-14 15:40:57.290  1843 14539 D CompatibilityChangeReporter: Compat change id reported: 135634846; UID 10156; state: DISABLED
04-14 15:40:57.290  1843 14539 D CompatibilityChangeReporter: Compat change id reported: 177438394; UID 10156; state: DISABLED
04-14 15:40:57.290  1843 14539 D CompatibilityChangeReporter: Compat change id reported: 135772972; UID 10156; state: DISABLED
04-14 15:40:57.290  1843 14539 D CompatibilityChangeReporter: Compat change id reported: 135754954; UID 10156; state: ENABLED
04-14 15:40:57.291  1843  1981 D CompatibilityChangeReporter: Compat change id reported: 143937733; UID 10156; state: ENABLED
04-14 15:40:57.300  1843  3137 D CompatibilityChangeReporter: Compat change id reported: 177438394; UID 10179; state: DISABLED
04-14 15:40:57.300  1843  3137 D CompatibilityChangeReporter: Compat change id reported: 135772972; UID 10179; state: DISABLED
04-14 15:40:57.300  1843  3137 D CompatibilityChangeReporter: Compat change id reported: 135754954; UID 10179; state: ENABLED
04-14 15:40:57.305  1843 14543 D CompatibilityChangeReporter: Compat change id reported: 161145287; UID 10124; state: DISABLED
04-14 15:40:57.310  1843  1981 I ActivityManager: Start proc 4228:com.google.android.apps.work.clouddpc/u0a156 for service {com.google.android.apps.work.clouddpc/com.google.android.apps.work.clouddpc.base.services.HealthCheckJobService}
04-14 15:40:57.310  1843  1981 D CompatibilityChangeReporter: Compat change id reported: 143937733; UID 10179; state: ENABLED
04-14 15:40:57.318  1843  3137 D CompatibilityChangeReporter: Compat change id reported: 161145287; UID 10116; state: DISABLED
04-14 15:40:57.320  1843  1981 I ActivityManager: Start proc 4243:com.google.android.calendar/u0a179 for service {com.google.android.calendar/com.google.android.libraries.notifications.entrypoints.scheduled.ScheduledTaskService}
04-14 15:40:57.325  1843 14543 D CompatibilityChangeReporter: Compat change id reported: 194532703; UID 10148; state: ENABLED
04-14 15:40:57.327  1843  3137 W JobScheduler: Job didn't exist in JobStore: 3df7305 #u0a148/4096 com.google.android.partnersetup/.InstalledAppJobService
04-14 15:40:57.347  1843 14540 D CompatibilityChangeReporter: Compat change id reported: 168419799; UID 10156; state: DISABLED
04-14 15:40:57.355  1843  3133 D CompatibilityChangeReporter: Compat change id reported: 168419799; UID 10179; state: DISABLED
04-14 15:40:57.457  1843  3133 D CompatibilityChangeReporter: Compat change id reported: 161145287; UID 10179; state: DISABLED
04-14 15:40:57.489  1843  3133 D CompatibilityChangeReporter: Compat change id reported: 135634846; UID 10075; state: DISABLED
04-14 15:40:57.489  1843  3133 D CompatibilityChangeReporter: Compat change id reported: 177438394; UID 10075; state: DISABLED
04-14 15:40:57.489  1843  3133 D CompatibilityChangeReporter: Compat change id reported: 135772972; UID 10075; state: DISABLED
04-14 15:40:57.489  1843  3133 D CompatibilityChangeReporter: Compat change id reported: 135754954; UID 10075; state: ENABLED
04-14 15:40:57.490  1843  1981 D CompatibilityChangeReporter: Compat change id reported: 143937733; UID 10075; state: ENABLED
04-14 15:40:57.502  1843  1981 I ActivityManager: Start proc 4305:com.android.providers.calendar/u0a75 for content provider {com.android.providers.calendar/com.android.providers.calendar.CalendarProvider2}
04-14 15:40:57.515  1843 15114 D CompatibilityChangeReporter: Compat change id reported: 168419799; UID 10075; state: DISABLED
04-14 15:40:57.515  1843  3137 D CompatibilityChangeReporter: Compat change id reported: 194532703; UID 10124; state: ENABLED
04-14 15:40:57.587  1843  3416 I ActivityManager: com.android.vending is exempt from freezer
04-14 15:40:57.587  1843  3416 D CompatibilityChangeReporter: Compat change id reported: 135634846; UID 10116; state: DISABLED
04-14 15:40:57.587  1843  3416 D CompatibilityChangeReporter: Compat change id reported: 177438394; UID 10116; state: DISABLED
04-14 15:40:57.587  1843  3416 D CompatibilityChangeReporter: Compat change id reported: 135772972; UID 10116; state: DISABLED
04-14 15:40:57.587  1843  3416 D CompatibilityChangeReporter: Compat change id reported: 135754954; UID 10116; state: ENABLED
04-14 15:40:57.588  1843  1981 D CompatibilityChangeReporter: Compat change id reported: 143937733; UID 10116; state: ENABLED
04-14 15:40:57.598  1843  1981 I ActivityManager: Start proc 4359:com.android.vending:instant_app_installer/u0a116 for service {com.android.vending/com.google.android.finsky.instantapps.InstantAppHygieneService}
04-14 15:40:57.676  1843 15114 D CompatibilityChangeReporter: Compat change id reported: 194532703; UID 10179; state: ENABLED
04-14 15:40:57.682  1843 15114 D CompatibilityChangeReporter: Compat change id reported: 201794303; UID 10179; state: ENABLED
04-14 15:40:57.683  1843 14548 D CompatibilityChangeReporter: Compat change id reported: 161145287; UID 10075; state: DISABLED
04-14 15:40:57.693  1843 14548 D CompatibilityChangeReporter: Compat change id reported: 143231523; UID 10179; state: DISABLED
04-14 15:40:57.701  1843 15114 D CompatibilityChangeReporter: Compat change id reported: 143231523; UID 10075; state: DISABLED
04-14 15:40:57.754  1843 15114 D CompatibilityChangeReporter: Compat change id reported: 135634846; UID 10141; state: DISABLED
04-14 15:40:57.754  1843 15114 D CompatibilityChangeReporter: Compat change id reported: 177438394; UID 10141; state: DISABLED
04-14 15:40:57.754  1843 15114 D CompatibilityChangeReporter: Compat change id reported: 135772972; UID 10141; state: DISABLED
04-14 15:40:57.754  1843 15114 D CompatibilityChangeReporter: Compat change id reported: 135754954; UID 10141; state: ENABLED
04-14 15:40:57.755  1843  1981 D CompatibilityChangeReporter: Compat change id reported: 143937733; UID 10141; state: ENABLED
04-14 15:40:57.793  1843  1981 I ActivityManager: Start proc 4425:com.google.android.apps.security.securityhub/u0a141 for content provider {com.google.android.apps.security.securityhub/com.google.android.apps.security.securityhub.settingscontentprovider.SettingsContentProvider}
04-14 15:40:57.877  1843  3137 I ActivityManager: Process com.google.android.GoogleCamera (pid 21700) has died: svcb SVC 
04-14 15:40:57.878  1843  3137 W ActivityManager: Scheduling restart of crashed service com.google.android.GoogleCamera/com.google.android.apps.camera.prewarm.NoOpPrewarmService in 1000ms for start-requested
04-14 15:40:57.887  1843  1979 W ActivityManager: Rescheduling restart of crashed service com.google.android.GoogleCamera/com.google.android.apps.camera.prewarm.NoOpPrewarmService in 9990ms for mem-pressure-event
04-14 15:40:58.061  1843  3137 D CompatibilityChangeReporter: Compat change id reported: 194532703; UID 10133; state: ENABLED
04-14 15:40:58.064  1843  2076 D CompatibilityChangeReporter: Compat change id reported: 218533173; UID 10171; state: ENABLED
04-14 15:40:58.068  1843  1843 I Telecom : DefaultDialerCache: Refreshing default dialer for user 0: now com.google.android.dialer: DDC.oR@NkE
04-14 15:40:58.086  1843  3133 W JobScheduler: Job didn't exist in JobStore: 7f5411 #u0a133/6064 com.google.android.apps.wellbeing/androidx.work.impl.background.systemjob.SystemJobService
04-14 15:40:58.089  1843  3133 D CompatibilityChangeReporter: Compat change id reported: 168419799; UID 10171; state: DISABLED
04-14 15:40:58.114  1843 14431 D CompatibilityChangeReporter: Compat change id reported: 161145287; UID 10133; state: DISABLED
04-14 15:40:58.116  1843  4310 D CompatibilityChangeReporter: Compat change id reported: 168419799; UID 10121; state: DISABLED
04-14 15:40:58.126  1843  3137 D CompatibilityChangeReporter: Compat change id reported: 161252188; UID 10099; state: ENABLED
04-14 15:40:58.127  1843  3137 D CompatibilityChangeReporter: Compat change id reported: 135634846; UID 10099; state: DISABLED
04-14 15:40:58.127  1843  3137 D CompatibilityChangeReporter: Compat change id reported: 177438394; UID 10099; state: DISABLED
04-14 15:40:58.127  1843  3137 D CompatibilityChangeReporter: Compat change id reported: 135772972; UID 10099; state: DISABLED
04-14 15:40:58.127  1843  3137 D CompatibilityChangeReporter: Compat change id reported: 135754954; UID 10099; state: ENABLED
04-14 15:40:58.127  1843  1981 D CompatibilityChangeReporter: Compat change id reported: 143937733; UID 10099; state: ENABLED
04-14 15:40:58.131  1843  3337 D CompatibilityChangeReporter: Compat change id reported: 161252188; UID 10171; state: ENABLED
04-14 15:40:58.140  1843  1981 I ActivityManager: Start proc 4524:com.google.android.euicc/u0a99 for service {com.google.android.euicc/com.android.euicc.service.EuiccServiceImpl}
04-14 15:40:58.152  1843 14431 D CompatibilityChangeReporter: Compat change id reported: 161145287; UID 10219; state: DISABLED
04-14 15:40:58.155  1843 14431 D CompatibilityChangeReporter: Compat change id reported: 168419799; UID 10099; state: DISABLED
04-14 15:40:58.200  1843  3137 D CompatibilityChangeReporter: Compat change id reported: 182478738; UID 10124; state: ENABLED
04-14 15:40:58.207  1843  1979 D AppWidgetServiceImpl: Provider info from ComponentInfo{com.google.android.apps.docs/com.google.android.apps.docs.drive.widget.suggestion.SuggestionAppWidgetProvider} won't be persisted.
04-14 15:40:58.207  1843  1979 D AppWidgetServiceImpl: Provider info from ComponentInfo{com.google.android.apps.docs/com.google.android.apps.docs.drive.widget.CakemixAppWidgetProvider} won't be persisted.
04-14 15:40:58.236  1843  1979 W ActivityManager: Rescheduling restart of crashed service com.google.android.GoogleCamera/com.google.android.apps.camera.prewarm.NoOpPrewarmService in 641ms for mem-pressure-event
04-14 15:40:58.341  1843  4310 D CompatibilityChangeReporter: Compat change id reported: 168419799; UID 10133; state: DISABLED
04-14 15:40:58.393  1843  2029 D CompatibilityChangeReporter: Compat change id reported: 161145287; UID 10099; state: DISABLED
04-14 15:40:58.402  1843  3137 D CompatibilityChangeReporter: Compat change id reported: 202110963; UID 10099; state: ENABLED
04-14 15:40:58.438  1843  1843 D CompatibilityChangeReporter: Compat change id reported: 177438394; UID 10102; state: DISABLED
04-14 15:40:58.438  1843  1843 D CompatibilityChangeReporter: Compat change id reported: 135772972; UID 10102; state: DISABLED
04-14 15:40:58.439  1843  1843 D CompatibilityChangeReporter: Compat change id reported: 135754954; UID 10102; state: ENABLED
04-14 15:40:58.439  1843  1981 D CompatibilityChangeReporter: Compat change id reported: 143937733; UID 10102; state: ENABLED
04-14 15:40:58.452  1843  1981 I ActivityManager: Start proc 4590:com.google.android.apps.nbu.files/u0a102 for service {com.google.android.apps.nbu.files/com.google.android.apps.nbu.files.appmanager.AppsUsageJobService}
04-14 15:40:58.536  1843 14548 D CompatibilityChangeReporter: Compat change id reported: 161145287; UID 10102; state: DISABLED
04-14 15:40:58.864  1843  3137 D CompatibilityChangeReporter: Compat change id reported: 194532703; UID 10156; state: ENABLED
04-14 15:40:58.879  1843  1980 D CompatibilityChangeReporter: Compat change id reported: 177438394; UID 10109; state: DISABLED
04-14 15:40:58.880  1843  1980 D CompatibilityChangeReporter: Compat change id reported: 135772972; UID 10109; state: DISABLED
04-14 15:40:58.880  1843  1980 D CompatibilityChangeReporter: Compat change id reported: 135754954; UID 10109; state: ENABLED
04-14 15:40:58.880  1843  1981 D CompatibilityChangeReporter: Compat change id reported: 143937733; UID 10109; state: ENABLED
04-14 15:40:58.892  1843  1981 I ActivityManager: Start proc 4660:com.google.android.GoogleCamera/u0a109 for service {com.google.android.GoogleCamera/com.google.android.apps.camera.prewarm.NoOpPrewarmService}
04-14 15:40:59.010  1843 14541 D CompatibilityChangeReporter: Compat change id reported: 158482162; UID 1000; state: ENABLED
04-14 15:40:59.531  1843 14548 D CompatibilityChangeReporter: Compat change id reported: 183407956; UID 1000; state: ENABLED
04-14 15:40:59.535  1843 14548 I Telecom : PhoneAccountRegistrar: getSimCallManager: SimCallManager for subId -1 queried, returning: null
04-14 15:40:59.626  1843 14538 D CompatibilityChangeReporter: Compat change id reported: 194532703; UID 10109; state: ENABLED
04-14 15:41:00.216  1843 14548 D CompatibilityChangeReporter: Compat change id reported: 161145287; UID 10109; state: DISABLED
04-14 15:41:00.247  1843 14541 D CompatibilityChangeReporter: Compat change id reported: 194532703; UID 10116; state: ENABLED
04-14 15:41:00.405  1843 14431 I ActivityManager: com.android.vending is exempt from freezer
04-14 15:41:00.405  1843 14431 D CompatibilityChangeReporter: Compat change id reported: 135634846; UID 10116; state: DISABLED
04-14 15:41:00.405  1843 14431 D CompatibilityChangeReporter: Compat change id reported: 177438394; UID 10116; state: DISABLED
04-14 15:41:00.406  1843 14431 D CompatibilityChangeReporter: Compat change id reported: 135772972; UID 10116; state: DISABLED
04-14 15:41:00.406  1843 14431 D CompatibilityChangeReporter: Compat change id reported: 135754954; UID 10116; state: ENABLED
04-14 15:41:00.406  1843  1981 D CompatibilityChangeReporter: Compat change id reported: 143937733; UID 10116; state: ENABLED
04-14 15:41:00.422  1843  1981 I ActivityManager: Start proc 4834:com.android.vending:background/u0a116 for service {com.android.vending/com.google.android.finsky.ipcservers.background.BackgroundGrpcServerAndroidService}
04-14 15:41:00.438  1843 14538 D CompatibilityChangeReporter: Compat change id reported: 168419799; UID 10116; state: DISABLED
04-14 15:41:00.693  1843 14431 D CompatibilityChangeReporter: Compat change id reported: 135634846; UID 10076; state: DISABLED
04-14 15:41:00.693  1843 14431 D CompatibilityChangeReporter: Compat change id reported: 177438394; UID 10076; state: DISABLED
04-14 15:41:00.693  1843 14431 D CompatibilityChangeReporter: Compat change id reported: 135772972; UID 10076; state: DISABLED
04-14 15:41:00.693  1843 14431 D CompatibilityChangeReporter: Compat change id reported: 135754954; UID 10076; state: ENABLED
04-14 15:41:00.694  1843  1981 D CompatibilityChangeReporter: Compat change id reported: 143937733; UID 10076; state: ENABLED
04-14 15:41:00.710  1843  1981 I ActivityManager: Start proc 4876:com.android.traceur/u0a76 for content provider {com.android.traceur/com.android.traceur.SearchProvider}
04-14 15:41:00.724  1843 14431 D CompatibilityChangeReporter: Compat change id reported: 168419799; UID 10076; state: DISABLED
04-14 15:41:00.726  1843 14541 D CompatibilityChangeReporter: Compat change id reported: 135634846; UID 10106; state: DISABLED
04-14 15:41:00.726  1843 14541 D CompatibilityChangeReporter: Compat change id reported: 177438394; UID 10106; state: DISABLED
04-14 15:41:00.726  1843 14541 D CompatibilityChangeReporter: Compat change id reported: 135772972; UID 10106; state: DISABLED
04-14 15:41:00.726  1843 14541 D CompatibilityChangeReporter: Compat change id reported: 135754954; UID 10106; state: ENABLED
04-14 15:41:00.726  1843  1981 D CompatibilityChangeReporter: Compat change id reported: 143937733; UID 10106; state: ENABLED
04-14 15:41:00.736  1843 14431 D CompatibilityChangeReporter: Compat change id reported: 135634846; UID 10121; state: DISABLED
04-14 15:41:00.736  1843 14431 D CompatibilityChangeReporter: Compat change id reported: 177438394; UID 10121; state: DISABLED
04-14 15:41:00.736  1843 14431 D CompatibilityChangeReporter: Compat change id reported: 135772972; UID 10121; state: DISABLED
04-14 15:41:00.736  1843 14431 D CompatibilityChangeReporter: Compat change id reported: 135754954; UID 10121; state: ENABLED
