05-16 10:41:01.857 D/CompatibilityChangeReporter( 1711): Compat change id reported: 135772972; UID 10112; state: DISABLED
05-16 10:41:01.857 D/CompatibilityChangeReporter( 1711): Compat change id reported: 135754954; UID 10112; state: ENABLED
05-16 10:41:01.858 D/CompatibilityChangeReporter( 1711): Compat change id reported: 143937733; UID 10112; state: ENABLED
05-16 10:41:01.872 I/ActivityManager( 1711): Start proc 26624:com.google.android.odad/u0a112 for broadcast {com.google.android.odad/com.google.android.apps.miphone.odad.work.impl.StartPeriodicWorkReceiver}
05-16 10:41:01.882 E/VerityUtils( 1711): Failed to measure fs-verity, errno 1: /data/app/~~I1Bm0NKs-Sn1KYg3MQJqbQ==/com.google.android.odad-CIBIxWRxW3I_QCWcOC-IVQ==/base.apk
05-16 10:41:01.949 W/WindowMagnificationMgr( 1711): requestConnection duplicated request: connect=false, mConnectionState=DISCONNECTED
05-16 10:41:01.958 W/WindowMagnificationMgr( 1711): requestConnection duplicated request: connect=false, mConnectionState=DISCONNECTED
05-16 10:41:02.538 W/ActivityManager( 1711): Receiver with filter android.content.IntentFilter@5d8d19a already registered for pid 25672, callerPackage is com.tencent.android.qqdownloader
05-16 10:41:02.577 D/CompatibilityChangeReporter( 1711): Compat change id reported: 171306433; UID 10272; state: DISABLED
05-16 10:41:02.666 I/ActivityTaskManager( 1711): START u0 {flg=0x10010000 cmp=com.tencent.android.qqdownloader/com.tencent.qqdownloader.backgroundstart.BackgroundSupportActivity (has extras)} from uid 10272
05-16 10:41:02.666 W/ActivityTaskManager( 1711): Permission Denial: starting Intent { flg=0x10010000 cmp=com.tencent.android.qqdownloader/com.tencent.qqdownloader.backgroundstart.BackgroundSupportActivity (has extras) } from ProcessRecord{955e20 25672:com.tencent.android.qqdownloader:daemon/u0a272} (pid=25672, uid=10272) with launchActivityType=assistant
05-16 10:41:02.727 D/CompatibilityChangeReporter( 1711): Compat change id reported: 171306433; UID 10288; state: DISABLED
05-16 10:41:02.729 D/CompatibilityChangeReporter( 1711): Compat change id reported: 161145287; UID 10288; state: DISABLED
05-16 10:41:03.077 I/ActivityManager( 1711): Background started FGS: Allowed [callingPackage: com.android.vending; callingUid: 10116; uidState: TRNB; intent: Intent { act=com.google.android.finsky.BIND_DOWNLOAD_SERVICE pkg=com.android.vending (has extras) }; code:BACKGROUND_ACTIVITY_PERMISSION; tempAllowListReason:<,reasonCode:SYSTEM_ALLOW_LISTED,duration:9223372036854775807,callingUid:-1>; targetSdkVersion:33; callerTargetSdkVersion:33; startForegroundCount:0; bindFromPackage:null]
05-16 10:41:03.142 W/ActivityManager( 1711): Unable to start service Intent { act=com.tencent.soter.soterserver.ISoterService pkg=com.tencent.soter.soterserver } U=0: not found
05-16 10:41:03.913 W/UriGrantsManagerService( 1711): No permission grants found for com.tencent.android.qqdownloader
05-16 10:41:03.913 W/UriGrantsManagerService( 1711): No permission grants found for com.tencent.android.qqdownloader
05-16 10:41:03.913 W/UriGrantsManagerService( 1711): No permission grants found for com.tencent.android.qqdownloader
05-16 10:41:03.914 W/UriGrantsManagerService( 1711): No permission grants found for com.tencent.android.qqdownloader
05-16 10:41:06.176 I/ContentCaptureManagerService( 1711): Data share request accepted by Content Capture service
05-16 10:41:06.225 W/UriGrantsManagerService( 1711): No permission grants found for com.tencent.android.qqdownloader
05-16 10:41:07.459 W/ActivityManager( 1711): Unable to start service Intent { act=com.tencent.soter.soterserver.ISoterService pkg=com.tencent.soter.soterserver } U=0: not found
05-16 10:41:07.652 W/UriGrantsManagerService( 1711): No permission grants found for com.tencent.android.qqdownloader
05-16 10:41:08.117 W/ProcessStats( 1711): Tracking association SourceState{73f4cd7 system/1000 BTopFgs #24701} whose proc state 2 is better than process ProcessState{4a769c4 com.google.android.gms.persistent/10121 pkg=com.google.android.gms (sub)} proc state 3 (3095 skipped)
05-16 10:41:08.783 D/CompatibilityChangeReporter( 1711): Compat change id reported: 168419799; UID 10272; state: DISABLED
05-16 10:41:11.017 E/PackageManager( 1711): ERROR: could not load root hash from incremental install
05-16 10:41:11.017 E/PackageManager( 1711): ERROR: could not load root hash from incremental install
05-16 10:41:11.017 E/PackageManager( 1711): ERROR: could not load root hash from incremental install
05-16 10:41:11.017 E/PackageManager( 1711): ERROR: could not load root hash from incremental install
05-16 10:41:11.017 E/PackageManager( 1711): ERROR: could not load root hash from incremental install
05-16 10:41:11.018 E/PackageManager( 1711): ERROR: could not load root hash from incremental install
05-16 10:41:11.018 E/PackageManager( 1711): ERROR: could not load root hash from incremental install
05-16 10:41:11.018 E/PackageManager( 1711): ERROR: could not load root hash from incremental install
05-16 10:41:11.018 E/PackageManager( 1711): ERROR: could not load root hash from incremental install
05-16 10:41:11.018 E/PackageManager( 1711): ERROR: could not load root hash from incremental install
05-16 10:41:11.018 E/PackageManager( 1711): ERROR: could not load root hash from incremental install
05-16 10:41:11.020 I/PackageManager( 1711): Integrity check passed for file:///data/app/vmdl1707507031.tmp
05-16 10:41:11.070 W/PackageParsing( 1711): Unknown element under <manifest>: uses-sdk at /data/app/vmdl1707507031.tmp/base.apk Binary XML file line #3
05-16 10:41:11.070 W/PackageParsing( 1711): Unknown element under <manifest>: module at /data/app/vmdl1707507031.tmp/base.apk Binary XML file line #5
05-16 10:41:11.070 W/PackageParsing( 1711): Unknown element under <manifest>: uses-split at /data/app/vmdl1707507031.tmp/base.apk Binary XML file line #11
05-16 10:41:11.071 W/PackageParsing( 1711): Unknown element under <manifest>: uses-sdk at /data/app/vmdl1707507031.tmp/base.apk Binary XML file line #3
05-16 10:41:11.071 W/PackageParsing( 1711): Unknown element under <manifest>: module at /data/app/vmdl1707507031.tmp/base.apk Binary XML file line #5
05-16 10:41:11.078 W/PackageParsing( 1711): Unknown element under <manifest>: uses-sdk at /data/app/vmdl1707507031.tmp/base.apk Binary XML file line #3
05-16 10:41:11.078 W/PackageParsing( 1711): Unknown element under <manifest>: module at /data/app/vmdl1707507031.tmp/base.apk Binary XML file line #5
05-16 10:41:11.079 W/PackageParsing( 1711): Unknown element under <manifest>: uses-sdk at /data/app/vmdl1707507031.tmp/base.apk Binary XML file line #3
05-16 10:41:11.079 W/PackageParsing( 1711): Unknown element under <manifest>: module at /data/app/vmdl1707507031.tmp/base.apk Binary XML file line #5
05-16 10:41:11.080 W/PackageParsing( 1711): Unknown element under <manifest>: uses-split at /data/app/vmdl1707507031.tmp/base.apk Binary XML file line #24
05-16 10:41:11.081 W/PackageParsing( 1711): Unknown element under <manifest>: uses-sdk at /data/app/vmdl1707507031.tmp/base.apk Binary XML file line #3
05-16 10:41:11.081 W/PackageParsing( 1711): Unknown element under <manifest>: module at /data/app/vmdl1707507031.tmp/base.apk Binary XML file line #5
05-16 10:41:11.081 W/PackageParsing( 1711): Unknown element under <manifest>: uses-split at /data/app/vmdl1707507031.tmp/base.apk Binary XML file line #11
05-16 10:41:11.083 W/PackageParsing( 1711): Unknown element under <manifest>: uses-sdk at /data/app/vmdl1707507031.tmp/base.apk Binary XML file line #3
05-16 10:41:11.083 W/PackageParsing( 1711): Unknown element under <manifest>: module at /data/app/vmdl1707507031.tmp/base.apk Binary XML file line #5
05-16 10:41:11.084 W/PackageParsing( 1711): Unknown element under <manifest>: uses-sdk at /data/app/vmdl1707507031.tmp/base.apk Binary XML file line #3
05-16 10:41:11.084 W/PackageParsing( 1711): Unknown element under <manifest>: module at /data/app/vmdl1707507031.tmp/base.apk Binary XML file line #5
05-16 10:41:11.084 W/PackageParsing( 1711): Unknown element under <manifest>: uses-split at /data/app/vmdl1707507031.tmp/base.apk Binary XML file line #27
05-16 10:41:11.085 W/PackageParsing( 1711): Unknown element under <manifest>: uses-sdk at /data/app/vmdl1707507031.tmp/base.apk Binary XML file line #3
05-16 10:41:11.085 W/PackageParsing( 1711): Unknown element under <manifest>: module at /data/app/vmdl1707507031.tmp/base.apk Binary XML file line #5
05-16 10:41:11.086 W/PackageParsing( 1711): Unknown element under <manifest>: uses-sdk at /data/app/vmdl1707507031.tmp/base.apk Binary XML file line #3
05-16 10:41:11.086 W/PackageParsing( 1711): Unknown element under <manifest>: module at /data/app/vmdl1707507031.tmp/base.apk Binary XML file line #5
05-16 10:41:11.086 W/PackageParsing( 1711): Unknown element under <manifest>: uses-split at /data/app/vmdl1707507031.tmp/base.apk Binary XML file line #22
05-16 10:41:11.097 I/ActivityManager( 1711): Force stopping com.android.chrome appid=10162 user=-1: installPackageLI
05-16 10:41:11.098 I/ActivityManager( 1711): Killing 24389:com.android.chrome/u0a162 (adj 975): stop com.android.chrome due to installPackageLI
05-16 10:41:11.099 I/PackageManager( 1711): Update system package com.android.chrome code path from /data/app/~~pZ5xL-m0_m4rk765wF2uVg==/com.android.chrome-tn2FWzpNradMOfT2XnDpTg== to /data/app/~~paglAWBrhydPpW7NLlKgMw==/com.android.chrome-qgJw42QnC-VA9UeJBoaxtA==; Retain data and using new
05-16 10:41:11.106 I/ActivityManager( 1711): Killing 22719:com.google.android.tts/u0a161 (adj 985): empty #33
05-16 10:41:11.107 I/ActivityManager( 1711): Killing 22840:com.cisco.anyconnect.vpn.android.avf:umbrella/u0a254 (adj 985): empty #34
05-16 10:41:11.116 I/PackageManager( 1711): Permission ownership changed. Updating all permissions.
05-16 10:41:11.131 V/ActivityManager( 1711): Got obituary of 24389:com.android.chrome
05-16 10:41:11.199 W/ActivityManager( 1711): Unable to start service Intent { act=com.tencent.soter.soterserver.ISoterService pkg=com.tencent.soter.soterserver } U=0: not found
05-16 10:41:11.572 I/ActivityManager( 1711): Killing 21410:com.google.android.apps.turbo/u0a119 (adj 985): empty #33
05-16 10:41:11.625 D/CompatibilityChangeReporter( 1711): Compat change id reported: 168419799; UID 10124; state: DISABLED
05-16 10:41:11.629 W/JobScheduler( 1711): Job didn't exist in JobStore: 2a71fcb #1000/100062 com.tencent.android.qqdownloader.YYBLiveAccountProvider/com.tencent.android.qqdownloader.YYBLiveAccountProvider.account/:android
05-16 10:41:12.978 W/ActivityManager( 1711): Unable to start service Intent { act=com.tencent.soter.soterserver.ISoterService pkg=com.tencent.soter.soterserver } U=0: not found
05-16 10:41:13.710 I/ActivityManager( 1711): Killing 23313:com.google.android.projection.gearhead:car/u0a137 (adj 985): empty #33
05-16 10:41:13.747 W/ActivityManager( 1711): Scheduling restart of crashed service com.google.android.projection.gearhead/com.google.android.apps.auto.carservice.service.impl.GearheadCarStartupService in 1000ms for connection
05-16 10:41:13.771 D/CompatibilityChangeReporter( 1711): Compat change id reported: 177438394; UID 10137; state: DISABLED
05-16 10:41:13.772 D/CompatibilityChangeReporter( 1711): Compat change id reported: 135772972; UID 10137; state: DISABLED
05-16 10:41:13.772 D/CompatibilityChangeReporter( 1711): Compat change id reported: 135754954; UID 10137; state: ENABLED
05-16 10:41:13.773 D/CompatibilityChangeReporter( 1711): Compat change id reported: 143937733; UID 10137; state: ENABLED
05-16 10:41:13.790 I/ActivityManager( 1711): Start proc 27088:com.google.android.projection.gearhead:car/u0a137 for service {com.google.android.projection.gearhead/com.google.android.apps.auto.carservice.service.impl.GearheadCarStartupService}
05-16 10:41:13.822 D/CompatibilityChangeReporter( 1711): Compat change id reported: 168419799; UID 10137; state: DISABLED
05-16 10:41:13.896 D/CompatibilityChangeReporter( 1711): Compat change id reported: 161145287; UID 10137; state: DISABLED
05-16 10:41:13.987 I/ActivityManager( 1711): Killing 22259:com.google.android.projection.gearhead:provider/u0a137 (adj 985): empty #33
05-16 10:41:14.073 I/ActivityManager( 1711): Killing 21722:com.google.android.apps.turbo:ssb/u0a119 (adj 985): empty #33
05-16 10:41:14.846 I/ActivityManager( 1711): Force stopping com.android.chrome appid=10162 user=0: pkg removed
05-16 10:41:14.897 W/BroadcastQueue( 1711): Background execution not allowed: receiving Intent { act=android.intent.action.PACKAGE_REMOVED dat=package: flg=0x4000010 (has extras) } to com.android.vending/com.google.android.finsky.packagemonitor.impl.PackageMonitorReceiverImpl$RegisteredReceiver
05-16 10:41:14.897 W/BroadcastQueue( 1711): Background execution not allowed: receiving Intent { act=android.intent.action.PACKAGE_REMOVED dat=package: flg=0x4000010 (has extras) } to com.android.vending/com.google.android.finsky.packagemonitor.backgroundimpl.BackgroundPackageMonitorReceiverImpl$RegisteredReceiver
05-16 10:41:14.897 W/BroadcastQueue( 1711): Background execution not allowed: receiving Intent { act=android.intent.action.PACKAGE_REMOVED dat=package: flg=0x4000010 (has extras) } to com.android.vending/com.google.android.finsky.instantapps.appmanagement.InstantAppRemoveMonitor
05-16 10:41:14.897 W/BroadcastQueue( 1711): Background execution not allowed: receiving Intent { act=android.intent.action.PACKAGE_REMOVED dat=package: flg=0x4000010 (has extras) } to com.google.android.apps.maps/com.google.android.libraries.social.peoplekit.thirdparty.viewcontrollers.ThirdPartyReceiver
05-16 10:41:14.897 W/BroadcastQueue( 1711): Background execution not allowed: receiving Intent { act=android.intent.action.PACKAGE_REMOVED dat=package: flg=0x4000010 (has extras) } to com.google.android.apps.photos/com.google.android.libraries.social.peoplekit.thirdparty.viewcontrollers.ThirdPartyReceiver
05-16 10:41:14.901 I/Telecom ( 1711): CarModeTracker: Package com.android.chrome is not tracked.: SSH.oR@AVI
05-16 10:41:14.901 I/Telecom ( 1711): InCallController: updateCarModeForConnections: car mode apps: : SSH.oR@AVI
05-16 10:41:14.902 I/ActivityManager( 1711): Force stopping com.android.chrome appid=10162 user=0: pkg removed
05-16 10:41:14.918 W/BroadcastQueue( 1711): Background execution not allowed: receiving Intent { act=android.intent.action.PACKAGE_REMOVED dat=package: flg=0x4000010 (has extras) } to com.google.android.gms/.games.chimera.GamesSystemBroadcastReceiverProxy
05-16 10:41:14.918 W/BroadcastQueue( 1711): Background execution not allowed: receiving Intent { act=android.intent.action.PACKAGE_REMOVED dat=package: flg=0x4000010 (has extras) } to com.google.android.gms/.chimera.GmsIntentOperationService$PersistentTrustedReceiver
05-16 10:41:14.918 W/BroadcastQueue( 1711): Background execution not allowed: receiving Intent { act=android.intent.action.PACKAGE_REMOVED dat=package: flg=0x4000010 (has extras) } to com.google.android.googlequicksearchbox/com.google.android.apps.gsa.googlequicksearchbox.GelStubAppWatcher
05-16 10:41:14.918 W/BroadcastQueue( 1711): Background execution not allowed: receiving Intent { act=android.intent.action.PACKAGE_REMOVED dat=package: flg=0x4000010 (has extras) } to com.google.android.videos/com.google.android.libraries.social.peoplekit.thirdparty.viewcontrollers.ThirdPartyReceiver
05-16 10:41:14.918 W/BroadcastQueue( 1711): Background execution not allowed: receiving Intent { act=android.intent.action.PACKAGE_REMOVED dat=package: flg=0x4000010 (has extras) } to com.baidu.netdisk/.module.toolbox.AppInfoBroadcastReceiver
05-16 10:41:14.943 D/CompatibilityChangeReporter( 1711): Compat change id reported: 168419799; UID 10162; state: DISABLED
05-16 10:41:14.964 I/Telecom ( 1711): DefaultDialerCache: Refreshing default dialer for user 0: now com.google.android.dialer: DDC.oR@AVM
05-16 10:41:14.968 D/CompatibilityChangeReporter( 1711): Compat change id reported: 171306433; UID 10162; state: ENABLED
05-16 10:41:14.968 W/AlarmManager( 1711): Package com.android.chrome, uid 10162 lost permission to set exact alarms!
05-16 10:41:14.995 D/PackageInstallerSession( 1711): Marking session 1707507031 as applied
05-16 10:41:15.060 D/CompatibilityChangeReporter( 1711): Compat change id reported: 135634846; UID 10162; state: DISABLED
05-16 10:41:15.060 D/CompatibilityChangeReporter( 1711): Compat change id reported: 177438394; UID 10162; state: DISABLED
05-16 10:41:15.060 D/CompatibilityChangeReporter( 1711): Compat change id reported: 135772972; UID 10162; state: DISABLED
05-16 10:41:15.060 D/CompatibilityChangeReporter( 1711): Compat change id reported: 135754954; UID 10162; state: ENABLED
05-16 10:41:15.062 D/CompatibilityChangeReporter( 1711): Compat change id reported: 143937733; UID 10162; state: ENABLED
05-16 10:41:15.062 W/BroadcastQueue( 1711): Background execution not allowed: receiving Intent { act=android.intent.action.PACKAGE_ADDED dat=package: flg=0x4000010 (has extras) } to com.google.android.packageinstaller/com.android.packageinstaller.PackageInstalledReceiver
05-16 10:41:15.073 W/BroadcastQueue( 1711): Background execution not allowed: receiving Intent { act=android.intent.action.PACKAGE_ADDED dat=package: flg=0x4000010 (has extras) } to com.android.vending/com.google.android.finsky.packagemonitor.impl.PackageMonitorReceiverImpl$RegisteredReceiver
05-16 10:41:15.073 W/BroadcastQueue( 1711): Background execution not allowed: receiving Intent { act=android.intent.action.PACKAGE_ADDED dat=package: flg=0x4000010 (has extras) } to com.android.vending/com.google.android.finsky.packagemonitor.backgroundimpl.BackgroundPackageMonitorReceiverImpl$RegisteredReceiver
05-16 10:41:15.073 W/BroadcastQueue( 1711): Background execution not allowed: receiving Intent { act=android.intent.action.PACKAGE_ADDED dat=package: flg=0x4000010 (has extras) } to com.google.android.gms/.games.chimera.GamesSystemBroadcastReceiverProxy
05-16 10:41:15.073 W/BroadcastQueue( 1711): Background execution not allowed: receiving Intent { act=android.intent.action.PACKAGE_ADDED dat=package: flg=0x4000010 (has extras) } to com.google.android.gms/.gass.chimera.PackageChangeBroadcastReceiver
05-16 10:41:15.073 W/BroadcastQueue( 1711): Background execution not allowed: receiving Intent { act=android.intent.action.PACKAGE_ADDED dat=package: flg=0x4000010 (has extras) } to com.google.android.gms/.chimera.GmsIntentOperationService$PersistentTrustedReceiver
05-16 10:41:15.073 W/BroadcastQueue( 1711): Background execution not allowed: receiving Intent { act=android.intent.action.PACKAGE_ADDED dat=package: flg=0x4000010 (has extras) } to com.google.android.googlequicksearchbox/com.google.android.apps.gsa.googlequicksearchbox.GelStubAppWatcher
05-16 10:41:15.074 W/BroadcastQueue( 1711): Background execution not allowed: receiving Intent { act=android.intent.action.PACKAGE_ADDED dat=package: flg=0x4000010 (has extras) } to com.baidu.netdisk/.module.toolbox.AppInfoBroadcastReceiver
05-16 10:41:15.074 W/BroadcastQueue( 1711): Background execution not allowed: receiving Intent { act=android.intent.action.PACKAGE_ADDED dat=package: flg=0x4000010 (has extras) } to com.qihoo.appstore/.personalcenter.installhistory.PackageRecevier
05-16 10:41:15.074 W/BroadcastQueue( 1711): Background execution not allowed: receiving Intent { act=android.intent.action.PACKAGE_ADDED dat=package: flg=0x4000010 (has extras) } to com.qiyi.video/org.qiyi.android.commonphonepad.receiver.AddPackageBroadcast
05-16 10:41:15.104 I/ActivityManager( 1711): Start proc 27228:com.android.chrome/u0a162 for service {com.android.chrome/com.google.ipc.invalidation.ticl.android2.channel.GcmRegistrationTaskService}
05-16 10:41:15.111 E/VerityUtils( 1711): Failed to measure fs-verity, errno 1: /data/app/~~paglAWBrhydPpW7NLlKgMw==/com.android.chrome-qgJw42QnC-VA9UeJBoaxtA==/base.apk
05-16 10:41:15.113 W/BroadcastQueue( 1711): Background execution not allowed: receiving Intent { act=android.intent.action.PACKAGE_REPLACED dat=package: flg=0x4000010 (has extras) } to com.google.android.apps.photos/.account.full.FetchAccountPropertiesAppUpgradeBroadcastReceiver
05-16 10:41:15.113 W/BroadcastQueue( 1711): Background execution not allowed: receiving Intent { act=android.intent.action.PACKAGE_REPLACED dat=package: flg=0x4000010 (has extras) } to com.google.android.apps.photos/.account.full.SyncAccountsForLoginBroadcastReceiver
05-16 10:41:15.113 W/BroadcastQueue( 1711): Background execution not allowed: receiving Intent { act=android.intent.action.PACKAGE_REPLACED dat=package: flg=0x4000010 (has extras) } to com.google.android.apps.photos/.notificationchannels.AppUpdateBroadcastReceiver
05-16 10:41:15.113 W/BroadcastQueue( 1711): Background execution not allowed: receiving Intent { act=android.intent.action.PACKAGE_REPLACED dat=package: flg=0x4000010 (has extras) } to com.google.android.gms/.gass.chimera.PackageChangeBroadcastReceiver
05-16 10:41:15.113 W/BroadcastQueue( 1711): Background execution not allowed: receiving Intent { act=android.intent.action.PACKAGE_REPLACED dat=package: flg=0x4000010 (has extras) } to com.google.android.gms/.chimera.GmsIntentOperationService$PersistentTrustedReceiver
05-16 10:41:15.113 W/BroadcastQueue( 1711): Background execution not allowed: receiving Intent { act=android.intent.action.PACKAGE_REPLACED dat=package: flg=0x4000010 (has extras) } to com.google.android.googlequicksearchbox/com.google.android.apps.gsa.googlequicksearchbox.GelStubAppWatcher
05-16 10:41:15.113 W/BroadcastQueue( 1711): Background execution not allowed: receiving Intent { act=android.intent.action.PACKAGE_REPLACED dat=package: flg=0x4000010 (has extras) } to com.qihoo.appstore/.personalcenter.installhistory.PackageRecevier
05-16 10:41:15.245 E/VerityUtils( 1711): Failed to measure fs-verity, errno 1: /data/app/~~paglAWBrhydPpW7NLlKgMw==/com.android.chrome-qgJw42QnC-VA9UeJBoaxtA==/base.apk
05-16 10:41:15.272 W/WindowMagnificationMgr( 1711): requestConnection duplicated request: connect=false, mConnectionState=DISCONNECTED
05-16 10:41:15.278 D/CompatibilityChangeReporter( 1711): Compat change id reported: 161252188; UID 10162; state: ENABLED
05-16 10:41:15.280 W/WindowMagnificationMgr( 1711): requestConnection duplicated request: connect=false, mConnectionState=DISCONNECTED
05-16 10:41:15.397 D/CompatibilityChangeReporter( 1711): Compat change id reported: 161145287; UID 10162; state: DISABLED
05-16 10:41:15.466 D/CompatibilityChangeReporter( 1711): Compat change id reported: 194532703; UID 10162; state: ENABLED
05-16 10:41:16.033 I/ActivityManager( 1711): Waited long enough for: ServiceRecord{c2b1c78 u0 com.tencent.android.qqdownloader/com.live.sync.YYBLiveAuthService}
05-16 10:41:16.805 I/ActivityManager( 1711): Background started FGS: Allowed [callingPackage: com.android.vending; callingUid: 10116; uidState: TRNB; intent: Intent { act=com.google.android.finsky.BIND_DOWNLOAD_SERVICE pkg=com.android.vending (has extras) }; code:BACKGROUND_ACTIVITY_PERMISSION; tempAllowListReason:<,reasonCode:SYSTEM_ALLOW_LISTED,duration:9223372036854775807,callingUid:-1>; targetSdkVersion:33; callerTargetSdkVersion:33; startForegroundCount:0; bindFromPackage:null]
05-16 10:41:18.212 D/CompatibilityChangeReporter( 1711): Compat change id reported: 135634846; UID 10272; state: DISABLED
05-16 10:41:18.213 D/CompatibilityChangeReporter( 1711): Compat change id reported: 143937733; UID 10272; state: DISABLED
05-16 10:41:18.231 I/ActivityManager( 1711): Start proc 27278:com.tencent.ilink.ServiceProcess/u0a272 for service {com.tencent.android.qqdownloader/com.tencent.luggage.services.WxaStartUpService}
05-16 10:41:18.265 W/ProcessStats( 1711): Tracking association SourceState{21addb7 com.tencent.android.qqdownloader/10272 BTopFgs #24956} whose proc state 2 is better than process ProcessState{92a426b com.tencent.android.qqdownloader:daemon/10272 pkg=com.tencent.android.qqdownloader} proc state 3 (545 skipped)
05-16 10:41:19.157 E/PackageDexUsage( 1711): Unsupported context?
05-16 10:41:19.577 D/CompatibilityChangeReporter( 1711): Compat change id reported: 135634846; UID 10272; state: DISABLED
05-16 10:41:19.577 D/CompatibilityChangeReporter( 1711): Compat change id reported: 143937733; UID 10272; state: DISABLED
05-16 10:41:19.588 I/ActivityManager( 1711): Start proc 27390:com.tencent.android.qqdownloader:wxa_container0/u0a272 for service {com.tencent.android.qqdownloader/com.tencent.luggage.services.WxaProxy_WxaIPCContainerService0}
05-16 10:41:20.744 E/PackageDexUsage( 1711): Unsupported context?
05-16 10:41:21.601 I/ActivityManager( 1711): Killing 23259:com.google.android.projection.gearhead:shared/u0a137 (adj 915): empty #33
05-16 10:41:21.770 W/ActivityManager( 1711): Scheduling restart of crashed service com.google.android.projection.gearhead/com.google.android.gearhead.service.SharedService in 1000ms for connection
05-16 10:41:22.771 D/CompatibilityChangeReporter( 1711): Compat change id reported: 177438394; UID 10137; state: DISABLED
05-16 10:41:22.771 D/CompatibilityChangeReporter( 1711): Compat change id reported: 135772972; UID 10137; state: DISABLED
05-16 10:41:22.772 D/CompatibilityChangeReporter( 1711): Compat change id reported: 135754954; UID 10137; state: ENABLED
05-16 10:41:22.773 D/CompatibilityChangeReporter( 1711): Compat change id reported: 143937733; UID 10137; state: ENABLED
05-16 10:41:22.794 I/ActivityManager( 1711): Start proc 27507:com.google.android.projection.gearhead:shared/u0a137 for service {com.google.android.projection.gearhead/com.google.android.gearhead.service.SharedService}
05-16 10:41:23.239 I/ActivityManager( 1711): Killing 23971:com.google.android.apps.docs/u0a171 (adj 985): empty #33
05-16 10:41:24.660 D/CompatibilityChangeReporter( 1711): Compat change id reported: 161252188; UID 10209; state: ENABLED
05-16 10:41:24.662 D/CompatibilityChangeReporter( 1711): Compat change id reported: 168419799; UID 10209; state: DISABLED
05-16 10:41:24.673 E/keystore2(  514): keystore2::error: In generate_key_pair: Failed to get device for security level SecurityLevel(2)
05-16 10:41:24.673 E/keystore2(  514): 
05-16 10:41:24.673 E/keystore2(  514): Caused by:
05-16 10:41:24.673 E/keystore2(  514):     0: In get_dev_by_sec_level: Remote instance for requested security level not found.
05-16 10:41:24.673 E/keystore2(  514):     1: Error::Rc(ResponseCode(4))
05-16 10:41:31.702 I/ActivityManager( 1711): Killing 22942:com.android.traceur/u0a76 (adj 985): empty #33
05-16 10:41:33.026 I/ActivityManager( 1711): Killing 23005:com.google.android.cellbroadcastreceiver/u0a217 (adj 985): empty #33
05-16 10:41:34.674 I/keystore2(  514): keystore2::watchdog: Watchdog thread idle -> terminating. Have a great day.
05-16 10:41:44.041 I/ActivityManager( 1711): Background started FGS: Allowed [callingPackage: com.android.vending; callingUid: 10116; uidState: TRNB; intent: Intent { act=com.google.android.finsky.BIND_DOWNLOAD_SERVICE pkg=com.android.vending (has extras) }; code:BACKGROUND_ACTIVITY_PERMISSION; tempAllowListReason:<,reasonCode:SYSTEM_ALLOW_LISTED,duration:9223372036854775807,callingUid:-1>; targetSdkVersion:33; callerTargetSdkVersion:33; startForegroundCount:0; bindFromPackage:null]
05-16 10:41:45.023 D/PowerUI ( 1975): can't show warning due to - plugged: true status unknown: false
05-16 10:41:57.978 I/ActivityManager( 1711): Killing 23040:com.google.android.projection.gearhead:projection/u0a137 (adj 915): empty #33
05-16 10:41:58.838 E/PackageManager( 1711): ERROR: could not load root hash from incremental install
05-16 10:41:58.838 E/PackageManager( 1711): ERROR: could not load root hash from incremental install
05-16 10:41:58.838 E/PackageManager( 1711): ERROR: could not load root hash from incremental install
05-16 10:41:58.843 I/PackageManager( 1711): Integrity check passed for file:///data/app/vmdl2108974878.tmp
05-16 10:41:59.498 I/ActivityManager( 1711): Force stopping com.google.android.apps.photos appid=10172 user=-1: installPackageLI
05-16 10:41:59.498 I/PackageManager( 1711): Update system package com.google.android.apps.photos code path from /data/app/~~UBbbo9EZyWFw5LXq64z1vQ==/com.google.android.apps.photos-0TJEwScQVJvVqtjyJRxwJw== to /data/app/~~bplGfK3tHrjXa1qC4I1S2A==/com.google.android.apps.photos-t3FLj0N-V_wMJut0UHntxg==; Retain data and using new
05-16 10:41:59.611 I/PackageManager( 1711): Permission ownership changed. Updating all permissions.
05-16 10:42:01.434 I/ActivityManager( 1711): Force stopping com.google.android.apps.photos appid=10172 user=0: pkg removed
05-16 10:42:01.451 W/BroadcastQueue( 1711): Background execution not allowed: receiving Intent { act=android.intent.action.PACKAGE_REMOVED dat=package: flg=0x4000010 (has extras) } to com.android.vending/com.google.android.finsky.packagemonitor.impl.PackageMonitorReceiverImpl$RegisteredReceiver
05-16 10:42:01.451 W/BroadcastQueue( 1711): Background execution not allowed: receiving Intent { act=android.intent.action.PACKAGE_REMOVED dat=package: flg=0x4000010 (has extras) } to com.android.vending/com.google.android.finsky.packagemonitor.backgroundimpl.BackgroundPackageMonitorReceiverImpl$RegisteredReceiver
05-16 10:42:01.451 W/BroadcastQueue( 1711): Background execution not allowed: receiving Intent { act=android.intent.action.PACKAGE_REMOVED dat=package: flg=0x4000010 (has extras) } to com.android.vending/com.google.android.finsky.instantapps.appmanagement.InstantAppRemoveMonitor
05-16 10:42:01.451 W/BroadcastQueue( 1711): Background execution not allowed: receiving Intent { act=android.intent.action.PACKAGE_REMOVED dat=package: flg=0x4000010 (has extras) } to com.google.android.apps.maps/com.google.android.libraries.social.peoplekit.thirdparty.viewcontrollers.ThirdPartyReceiver
05-16 10:42:01.451 W/BroadcastQueue( 1711): Background execution not allowed: receiving Intent { act=android.intent.action.PACKAGE_REMOVED dat=package: flg=0x4000010 (has extras) } to com.google.android.apps.photos/com.google.android.libraries.social.peoplekit.thirdparty.viewcontrollers.ThirdPartyReceiver
05-16 10:42:01.451 W/BroadcastQueue( 1711): Background execution not allowed: receiving Intent { act=android.intent.action.PACKAGE_REMOVED dat=package: flg=0x4000010 (has extras) } to com.google.android.gms/.games.chimera.GamesSystemBroadcastReceiverProxy
05-16 10:42:01.451 W/BroadcastQueue( 1711): Background execution not allowed: receiving Intent { act=android.intent.action.PACKAGE_REMOVED dat=package: flg=0x4000010 (has extras) } to com.google.android.gms/.chimera.GmsIntentOperationService$PersistentTrustedReceiver
05-16 10:42:01.451 W/BroadcastQueue( 1711): Background execution not allowed: receiving Intent { act=android.intent.action.PACKAGE_REMOVED dat=package: flg=0x4000010 (has extras) } to com.google.android.googlequicksearchbox/com.google.android.apps.gsa.googlequicksearchbox.GelStubAppWatcher
05-16 10:42:01.451 W/BroadcastQueue( 1711): Background execution not allowed: receiving Intent { act=android.intent.action.PACKAGE_REMOVED dat=package: flg=0x4000010 (has extras) } to com.baidu.netdisk/.module.toolbox.AppInfoBroadcastReceiver
05-16 10:42:01.457 W/ProcessStats( 1711): Tracking association SourceState{21addb7 com.tencent.android.qqdownloader/10272 BTopFgs #25222} whose proc state 2 is better than process ProcessState{92a426b com.tencent.android.qqdownloader:daemon/10272 pkg=com.tencent.android.qqdownloader} proc state 3 (233 skipped)
05-16 10:42:01.468 I/Telecom ( 1711): CarModeTracker: Package com.google.android.apps.photos is not tracked.: SSH.oR@AVc
05-16 10:42:01.468 I/Telecom ( 1711): InCallController: updateCarModeForConnections: car mode apps: : SSH.oR@AVc
05-16 10:42:01.482 I/ActivityManager( 1711): Force stopping com.google.android.apps.photos appid=10172 user=0: pkg removed
05-16 10:42:01.519 D/CompatibilityChangeReporter( 1711): Compat change id reported: 218533173; UID 10172; state: ENABLED
05-16 10:42:01.532 D/CompatibilityChangeReporter( 1711): Compat change id reported: 171306433; UID 10172; state: ENABLED
05-16 10:42:01.532 W/AlarmManager( 1711): Package com.google.android.apps.photos, uid 10172 lost permission to set exact alarms!
05-16 10:42:01.542 I/Telecom ( 1711): DefaultDialerCache: Refreshing default dialer for user 0: now com.google.android.dialer: DDC.oR@AVg
05-16 10:42:01.543 D/PackageInstallerSession( 1711): Marking session 2108974878 as applied
05-16 10:42:01.551 V/BackupManagerConstants( 1711): getFullBackupIntervalMilliseconds(...) returns 86400000
05-16 10:42:01.551 V/BackupManagerConstants( 1711): getFullBackupRequiredNetworkType(...) returns 2
05-16 10:42:01.551 V/BackupManagerConstants( 1711): getFullBackupRequireCharging(...) returns true
05-16 10:42:01.561 V/BackupManagerConstants( 1711): getFullBackupIntervalMilliseconds(...) returns 86400000
05-16 10:42:01.562 V/BackupManagerConstants( 1711): getKeyValueBackupIntervalMilliseconds(...) returns 14400000
05-16 10:42:01.641 W/BroadcastQueue( 1711): Background execution not allowed: receiving Intent { act=android.intent.action.PACKAGE_ADDED dat=package: flg=0x4000010 (has extras) } to com.google.android.packageinstaller/com.android.packageinstaller.PackageInstalledReceiver
05-16 10:42:01.641 W/BroadcastQueue( 1711): Background execution not allowed: receiving Intent { act=android.intent.action.PACKAGE_ADDED dat=package: flg=0x4000010 (has extras) } to com.android.vending/com.google.android.finsky.packagemonitor.impl.PackageMonitorReceiverImpl$RegisteredReceiver
05-16 10:42:01.641 W/BroadcastQueue( 1711): Background execution not allowed: receiving Intent { act=android.intent.action.PACKAGE_ADDED dat=package: flg=0x4000010 (has extras) } to com.android.vending/com.google.android.finsky.packagemonitor.backgroundimpl.BackgroundPackageMonitorReceiverImpl$RegisteredReceiver
05-16 10:42:01.641 W/BroadcastQueue( 1711): Background execution not allowed: receiving Intent { act=android.intent.action.PACKAGE_ADDED dat=package: flg=0x4000010 (has extras) } to com.google.android.gms/.games.chimera.GamesSystemBroadcastReceiverProxy
05-16 10:42:01.641 W/BroadcastQueue( 1711): Background execution not allowed: receiving Intent { act=android.intent.action.PACKAGE_ADDED dat=package: flg=0x4000010 (has extras) } to com.google.android.gms/.gass.chimera.PackageChangeBroadcastReceiver
05-16 10:42:01.641 W/BroadcastQueue( 1711): Background execution not allowed: receiving Intent { act=android.intent.action.PACKAGE_ADDED dat=package: flg=0x4000010 (has extras) } to com.google.android.gms/.chimera.GmsIntentOperationService$PersistentTrustedReceiver
05-16 10:42:01.641 W/BroadcastQueue( 1711): Background execution not allowed: receiving Intent { act=android.intent.action.PACKAGE_ADDED dat=package: flg=0x4000010 (has extras) } to com.google.android.googlequicksearchbox/com.google.android.apps.gsa.googlequicksearchbox.GelStubAppWatcher
05-16 10:42:01.641 W/BroadcastQueue( 1711): Background execution not allowed: receiving Intent { act=android.intent.action.PACKAGE_ADDED dat=package: flg=0x4000010 (has extras) } to com.baidu.netdisk/.module.toolbox.AppInfoBroadcastReceiver
05-16 10:42:01.641 W/BroadcastQueue( 1711): Background execution not allowed: receiving Intent { act=android.intent.action.PACKAGE_ADDED dat=package: flg=0x4000010 (has extras) } to com.qihoo.appstore/.personalcenter.installhistory.PackageRecevier
05-16 10:42:01.641 W/BroadcastQueue( 1711): Background execution not allowed: receiving Intent { act=android.intent.action.PACKAGE_ADDED dat=package: flg=0x4000010 (has extras) } to com.qiyi.video/org.qiyi.android.commonphonepad.receiver.AddPackageBroadcast
05-16 10:42:01.751 W/BroadcastQueue( 1711): Background execution not allowed: receiving Intent { act=android.intent.action.PACKAGE_REPLACED dat=package: flg=0x4000010 (has extras) } to com.google.android.apps.photos/.account.full.FetchAccountPropertiesAppUpgradeBroadcastReceiver
05-16 10:42:01.751 W/BroadcastQueue( 1711): Background execution not allowed: receiving Intent { act=android.intent.action.PACKAGE_REPLACED dat=package: flg=0x4000010 (has extras) } to com.google.android.apps.photos/.account.full.SyncAccountsForLoginBroadcastReceiver
05-16 10:42:01.751 W/BroadcastQueue( 1711): Background execution not allowed: receiving Intent { act=android.intent.action.PACKAGE_REPLACED dat=package: flg=0x4000010 (has extras) } to com.google.android.apps.photos/.notificationchannels.AppUpdateBroadcastReceiver
05-16 10:42:01.751 W/BroadcastQueue( 1711): Background execution not allowed: receiving Intent { act=android.intent.action.PACKAGE_REPLACED dat=package: flg=0x4000010 (has extras) } to com.google.android.gms/.gass.chimera.PackageChangeBroadcastReceiver
05-16 10:42:01.751 W/BroadcastQueue( 1711): Background execution not allowed: receiving Intent { act=android.intent.action.PACKAGE_REPLACED dat=package: flg=0x4000010 (has extras) } to com.google.android.gms/.chimera.GmsIntentOperationService$PersistentTrustedReceiver
05-16 10:42:01.751 W/BroadcastQueue( 1711): Background execution not allowed: receiving Intent { act=android.intent.action.PACKAGE_REPLACED dat=package: flg=0x4000010 (has extras) } to com.google.android.googlequicksearchbox/com.google.android.apps.gsa.googlequicksearchbox.GelStubAppWatcher
05-16 10:42:01.751 W/BroadcastQueue( 1711): Background execution not allowed: receiving Intent { act=android.intent.action.PACKAGE_REPLACED dat=package: flg=0x4000010 (has extras) } to com.qihoo.appstore/.personalcenter.installhistory.PackageRecevier
05-16 10:42:01.752 D/CompatibilityChangeReporter( 1711): Compat change id reported: 135634846; UID 10172; state: DISABLED
05-16 10:42:01.752 D/CompatibilityChangeReporter( 1711): Compat change id reported: 177438394; UID 10172; state: DISABLED
05-16 10:42:01.752 D/CompatibilityChangeReporter( 1711): Compat change id reported: 135772972; UID 10172; state: DISABLED
05-16 10:42:01.752 D/CompatibilityChangeReporter( 1711): Compat change id reported: 135754954; UID 10172; state: ENABLED
05-16 10:42:01.752 D/CompatibilityChangeReporter( 1711): Compat change id reported: 143937733; UID 10172; state: ENABLED
05-16 10:42:01.766 I/ActivityManager( 1711): Start proc 27721:com.google.android.apps.photos/u0a172 for broadcast {com.google.android.apps.photos/com.google.android.apps.photos.account.full.RefreshAccountsReceiver}
05-16 10:42:01.799 E/VerityUtils( 1711): Failed to measure fs-verity, errno 1: /data/app/~~bplGfK3tHrjXa1qC4I1S2A==/com.google.android.apps.photos-t3FLj0N-V_wMJut0UHntxg==/base.apk
05-16 10:42:01.815 E/VerityUtils( 1711): Failed to measure fs-verity, errno 1: /data/app/~~bplGfK3tHrjXa1qC4I1S2A==/com.google.android.apps.photos-t3FLj0N-V_wMJut0UHntxg==/base.apk
05-16 10:42:01.857 D/CompatibilityChangeReporter( 1711): Compat change id reported: 135634846; UID 10254; state: DISABLED
05-16 10:42:01.857 D/CompatibilityChangeReporter( 1711): Compat change id reported: 177438394; UID 10254; state: DISABLED
05-16 10:42:01.857 D/CompatibilityChangeReporter( 1711): Compat change id reported: 135772972; UID 10254; state: DISABLED
05-16 10:42:01.857 D/CompatibilityChangeReporter( 1711): Compat change id reported: 135754954; UID 10254; state: DISABLED
05-16 10:42:01.860 D/CompatibilityChangeReporter( 1711): Compat change id reported: 143937733; UID 10254; state: DISABLED
05-16 10:42:01.870 I/ActivityManager( 1711): Start proc 27740:com.cisco.anyconnect.vpn.android.avf:umbrella/u0a254 for service {com.cisco.anyconnect.vpn.android.avf/com.cisco.umbrella.service.RestrictionsObserverJobService}
05-16 10:42:01.871 W/JobScheduler( 1711): Job didn't exist in JobStore: 83fdafa #1000/100062 com.tencent.android.qqdownloader.YYBLiveAccountProvider/com.tencent.android.qqdownloader.YYBLiveAccountProvider.account/:android
05-16 10:42:01.888 D/CompatibilityChangeReporter( 1711): Compat change id reported: 168419799; UID 10254; state: DISABLED
05-16 10:42:01.967 D/CompatibilityChangeReporter( 1711): Compat change id reported: 135634846; UID 10254; state: DISABLED
05-16 10:42:01.967 D/CompatibilityChangeReporter( 1711): Compat change id reported: 177438394; UID 10254; state: DISABLED
05-16 10:42:01.967 D/CompatibilityChangeReporter( 1711): Compat change id reported: 135772972; UID 10254; state: DISABLED
05-16 10:42:01.967 D/CompatibilityChangeReporter( 1711): Compat change id reported: 135754954; UID 10254; state: DISABLED
05-16 10:42:01.968 D/CompatibilityChangeReporter( 1711): Compat change id reported: 143937733; UID 10254; state: DISABLED
05-16 10:42:01.980 I/ActivityManager( 1711): Start proc 27765:com.cisco.anyconnect.vpn.android.avf:nchs/u0a254 for content provider {com.cisco.anyconnect.vpn.android.avf/com.cisco.anyconnect.android.util.ACLogsProvider}
05-16 10:42:02.023 D/CompatibilityChangeReporter( 1711): Compat change id reported: 161145287; UID 10172; state: DISABLED
05-16 10:42:02.100 D/CompatibilityChangeReporter( 1711): Compat change id reported: 161252188; UID 10172; state: ENABLED
05-16 10:42:02.115 W/WindowMagnificationMgr( 1711): requestConnection duplicated request: connect=false, mConnectionState=DISCONNECTED
05-16 10:42:02.120 W/WindowMagnificationMgr( 1711): requestConnection duplicated request: connect=false, mConnectionState=DISCONNECTED
05-16 10:42:02.136 D/CompatibilityChangeReporter( 1711): Compat change id reported: 158482162; UID 1000; state: ENABLED
05-16 10:42:02.171 D/AppWidgetServiceImpl( 1711): Provider info from ComponentInfo{com.google.android.apps.photos/com.google.android.apps.photos.widget.people.WidgetProviderPeoplePets} won't be persisted.
05-16 10:42:02.171 D/AppWidgetServiceImpl( 1711): Provider info from ComponentInfo{com.google.android.apps.photos/com.google.android.apps.photos.widget.WidgetProvider} won't be persisted.
05-16 10:42:02.174 D/CompatibilityChangeReporter( 1711): Compat change id reported: 194532703; UID 10254; state: DISABLED
05-16 10:42:02.177 W/JobScheduler( 1711): Job didn't exist in JobStore: 48768d #u0a254/3000 com.cisco.anyconnect.vpn.android.avf/com.cisco.umbrella.service.RestrictionsObserverJobService
05-16 10:42:02.559 D/CompatibilityChangeReporter( 1711): Compat change id reported: 161145287; UID 1000; state: DISABLED
05-16 10:42:02.732 D/CompatibilityChangeReporter( 1711): Compat change id reported: 183407956; UID 1000; state: ENABLED
05-16 10:42:02.736 I/Telecom ( 1711): PhoneAccountRegistrar: getSimCallManager: SimCallManager for subId -1 queried, returning: null
05-16 10:42:02.881 D/CompatibilityChangeReporter( 1711): Compat change id reported: 135634846; UID 10076; state: DISABLED
05-16 10:42:02.881 D/CompatibilityChangeReporter( 1711): Compat change id reported: 177438394; UID 10076; state: DISABLED
05-16 10:42:02.881 D/CompatibilityChangeReporter( 1711): Compat change id reported: 135772972; UID 10076; state: DISABLED
05-16 10:42:02.881 D/CompatibilityChangeReporter( 1711): Compat change id reported: 135754954; UID 10076; state: ENABLED
05-16 10:42:02.881 D/CompatibilityChangeReporter( 1711): Compat change id reported: 143937733; UID 10076; state: ENABLED
05-16 10:42:02.889 D/CompatibilityChangeReporter( 1711): Compat change id reported: 177438394; UID 10120; state: DISABLED
05-16 10:42:02.889 D/CompatibilityChangeReporter( 1711): Compat change id reported: 135772972; UID 10120; state: DISABLED
05-16 10:42:02.889 D/CompatibilityChangeReporter( 1711): Compat change id reported: 135754954; UID 10120; state: ENABLED
05-16 10:42:02.892 D/CompatibilityChangeReporter( 1711): Compat change id reported: 135634846; UID 10106; state: DISABLED
05-16 10:42:02.892 D/CompatibilityChangeReporter( 1711): Compat change id reported: 177438394; UID 10106; state: DISABLED
05-16 10:42:02.892 D/CompatibilityChangeReporter( 1711): Compat change id reported: 135772972; UID 10106; state: DISABLED
05-16 10:42:02.892 D/CompatibilityChangeReporter( 1711): Compat change id reported: 135754954; UID 10106; state: ENABLED
05-16 10:42:02.892 I/ActivityManager( 1711): Start proc 27832:com.android.traceur/u0a76 for content provider {com.android.traceur/com.android.traceur.SearchProvider}
05-16 10:42:02.892 D/CompatibilityChangeReporter( 1711): Compat change id reported: 143937733; UID 10120; state: ENABLED
05-16 10:42:02.903 D/CompatibilityChangeReporter( 1711): Compat change id reported: 135634846; UID 10217; state: DISABLED
05-16 10:42:02.903 D/CompatibilityChangeReporter( 1711): Compat change id reported: 177438394; UID 10217; state: DISABLED
05-16 10:42:02.903 D/CompatibilityChangeReporter( 1711): Compat change id reported: 135772972; UID 10217; state: DISABLED
05-16 10:42:02.903 D/CompatibilityChangeReporter( 1711): Compat change id reported: 135754954; UID 10217; state: ENABLED
05-16 10:42:02.904 I/ActivityManager( 1711): Start proc 27836:com.google.android.apps.safetyhub/u0a120 for content provider {com.google.android.apps.safetyhub/com.google.android.apps.safetyhub.platformsettings.search.EmergencySearchIndexablesProvider}
05-16 10:42:02.904 D/CompatibilityChangeReporter( 1711): Compat change id reported: 143937733; UID 10106; state: ENABLED
05-16 10:42:02.918 I/ActivityManager( 1711): Start proc 27860:com.google.android.apps.tips/u0a106 for content provider {com.google.android.apps.tips/com.google.android.apps.tips.settings.search.SettingsSearchProvider}
05-16 10:42:02.918 D/CompatibilityChangeReporter( 1711): Compat change id reported: 143937733; UID 10217; state: ENABLED
05-16 10:42:02.927 I/ActivityManager( 1711): Start proc 27882:com.google.android.cellbroadcastreceiver/u0a217 for content provider {com.google.android.cellbroadcastreceiver/com.android.cellbroadcastreceiver.CellBroadcastSearchIndexableProvider}
05-16 10:42:02.929 D/CompatibilityChangeReporter( 1711): Compat change id reported: 168419799; UID 10120; state: DISABLED
05-16 10:42:02.933 D/CompatibilityChangeReporter( 1711): Compat change id reported: 168419799; UID 10106; state: DISABLED
05-16 10:42:02.940 D/CompatibilityChangeReporter( 1711): Compat change id reported: 168419799; UID 10217; state: DISABLED
05-16 10:42:02.942 D/CompatibilityChangeReporter( 1711): Compat change id reported: 168419799; UID 10076; state: DISABLED
05-16 10:42:02.963 D/CompatibilityChangeReporter( 1711): Compat change id reported: 177438394; UID 10137; state: DISABLED
05-16 10:42:02.963 D/CompatibilityChangeReporter( 1711): Compat change id reported: 135772972; UID 10137; state: DISABLED
05-16 10:42:02.963 D/CompatibilityChangeReporter( 1711): Compat change id reported: 135754954; UID 10137; state: ENABLED
05-16 10:42:02.964 D/CompatibilityChangeReporter( 1711): Compat change id reported: 143937733; UID 10137; state: ENABLED
05-16 10:42:02.973 I/ActivityManager( 1711): Start proc 27919:com.google.android.projection.gearhead:projection/u0a137 for content provider {com.google.android.projection.gearhead/com.google.android.projection.gearhead.companion.settings.SettingsSearchProvider}
05-16 10:42:02.986 D/CompatibilityChangeReporter( 1711): Compat change id reported: 168419799; UID 10137; state: DISABLED
05-16 10:42:03.033 D/CompatibilityChangeReporter( 1711): Compat change id reported: 158482162; UID 10121; state: ENABLED
05-16 10:42:03.290 W/PackageParser(23882): Unknown element under <manifest>: queries at /data/user_de/0/com.google.android.gms/app_chimera/m/00000111/dl-AdsFdrDynamite.integ_230500000100000.apk Binary XML file line #15
05-16 10:42:03.316 D/CompatibilityChangeReporter( 1711): Compat change id reported: 161145287; UID 10137; state: DISABLED
05-16 10:42:03.371 D/CompatibilityChangeReporter( 1711): Compat change id reported: 161145287; UID 10120; state: DISABLED
05-16 10:42:03.400 D/CompatibilityChangeReporter( 1711): Compat change id reported: 161145287; UID 10106; state: DISABLED
05-16 10:42:03.475 W/JobScheduler( 1711): Job didn't exist in JobStore: 804adfa #u0a151/-87 com.google.android.googlequicksearchbox/com.google.android.apps.gsa.tasks.BackgroundTasksJobService
05-16 10:42:03.541 W/PackageParser(23882): Unknown element under <manifest>: queries at /data/user_de/0/com.google.android.gms/app_chimera/m/00000111/dl-AdsFdrDynamite.integ_230500000100000.apk Binary XML file line #15
05-16 10:42:03.762 D/CompatibilityChangeReporter( 1711): Compat change id reported: 157233955; UID 10137; state: ENABLED
05-16 10:42:03.852 W/PackageParser(23882): Unknown element under <manifest>: queries at /data/user_de/0/com.google.android.gms/app_chimera/m/00000111/dl-AdsFdrDynamite.integ_230500000100000.apk Binary XML file line #15
05-16 10:42:03.942 D/CompatibilityChangeReporter( 1711): Compat change id reported: 168419799; UID 10172; state: DISABLED
05-16 10:42:03.991 D/CompatibilityChangeReporter( 1711): Compat change id reported: 194532703; UID 10172; state: ENABLED
05-16 10:42:04.168 I/ActivityManager( 1711): Killing 25008:com.google.RilConfigService/1001 (adj 975): empty #33
05-16 10:42:04.168 I/ActivityManager( 1711): Killing 21189:com.google.android.as.oss/u0a146 (adj 985): empty #34
05-16 10:42:04.169 I/ActivityManager( 1711): Killing 21207:com.google.android.as.oss:learning_bg/u0a146 (adj 985): empty #35
05-16 10:42:04.651 I/ActivityManager( 1711): Background started FGS: Allowed [callingPackage: com.android.vending; callingUid: 10116; uidState: TRNB; intent: Intent { act=com.google.android.finsky.BIND_DOWNLOAD_SERVICE pkg=com.android.vending (has extras) }; code:BACKGROUND_ACTIVITY_PERMISSION; tempAllowListReason:<,reasonCode:SYSTEM_ALLOW_LISTED,duration:9223372036854775807,callingUid:-1>; targetSdkVersion:33; callerTargetSdkVersion:33; startForegroundCount:0; bindFromPackage:null]
05-16 10:42:05.323 W/PackageParser(23882): Unknown element under <manifest>: queries at /data/user_de/0/com.google.android.gms/app_chimera/m/000000a3/dl-AdsFdrDynamite.integ_224400003100000.apk Binary XML file line #11
05-16 10:42:05.646 W/PackageParser(23882): Unknown element under <manifest>: queries at /data/user_de/0/com.google.android.gms/app_chimera/m/00000111/dl-AdsFdrDynamite.integ_230500000100000.apk Binary XML file line #15
