05-16 10:40:27.560 D/CompatibilityChangeReporter( 1711): Compat change id reported: 177438394; UID 10121; state: DISABLED
05-16 10:40:27.560 D/CompatibilityChangeReporter( 1711): Compat change id reported: 135772972; UID 10121; state: DISABLED
05-16 10:40:27.560 D/CompatibilityChangeReporter( 1711): Compat change id reported: 135754954; UID 10121; state: ENABLED
05-16 10:40:27.560 D/CompatibilityChangeReporter( 1711): Compat change id reported: 143937733; UID 10121; state: ENABLED
05-16 10:40:27.573 I/ActivityManager( 1711): Start proc 24241:com.google.process.gapps/u0a121 for content provider {com.google.android.gsf/com.google.android.gsf.settings.GoogleSettingsProvider}
05-16 10:40:27.590 D/CompatibilityChangeReporter( 1711): Compat change id reported: 168419799; UID 10121; state: DISABLED
05-16 10:40:27.625 D/CompatibilityChangeReporter( 1711): Compat change id reported: 158482162; UID 10121; state: ENABLED
05-16 10:40:27.727 I/ActivityManager( 1711): Process com.google.android.apps.wellbeing (pid 21483) has died: fg  BFGS
05-16 10:40:27.729 I/ActivityThread(20121): Removing dead content provider:android.content.ContentProviderProxy@9590cf1
05-16 10:40:27.806 D/CompatibilityChangeReporter( 1711): Compat change id reported: 171306433; UID 10121; state: ENABLED
05-16 10:40:27.806 D/CompatibilityChangeReporter( 1711): Compat change id reported: 218533173; UID 10121; state: ENABLED
05-16 10:40:27.868 I/ActivityManager( 1711): Process com.google.android.apps.safetyhub (pid 22956) has died: prcl TRNB
05-16 10:40:27.871 D/CompatibilityChangeReporter( 1711): Compat change id reported: 201794303; UID 10121; state: ENABLED
05-16 10:40:27.877 I/ActivityManager( 1711): Process com.google.android.apps.tips (pid 22802) has died: prcl TRNB
05-16 10:40:27.881 I/ActivityManager( 1711): Process com.google.android.dialer (pid 22193) has died: cch+35 CEM 
05-16 10:40:27.887 I/ActivityManager( 1711): Process com.google.android.apps.photos (pid 22447) has died: cch+5 CEM 
05-16 10:40:27.962 I/ActivityManager( 1711): Process com.google.android.apps.nbu.files (pid 22878) has died: cch+15 CEM 
05-16 10:40:27.980 D/CompatibilityChangeReporter( 1711): Compat change id reported: 168936375; UID 10121; state: ENABLED
05-16 10:40:27.980 D/CompatibilityChangeReporter( 1711): Compat change id reported: 73144566; UID 10121; state: ENABLED
05-16 10:40:28.097 I/TransportConnection( 1711): BackupTransportService#4: Notifying [TransportManager.registerTransport()] transport = BackupTransportClient
05-16 10:40:28.124 D/BackupTransportManager( 1711): Transport com.google.android.gms/.backup.BackupTransportService registered
05-16 10:40:28.124 D/BackupManagerService( 1711): [UserID:0] Transport com.google.android.gms/.backup.BackupTransportService registered 2977190ms after first request (delay = 3000ms)
05-16 10:40:28.176 I/WindowManager( 1711): WIN DEATH: Window{11f2585 u0 InputMethod}
05-16 10:40:28.177 I/ActivityManager( 1711): Process com.google.android.inputmethod.latin (pid 15460) has died: prcp IMPB
05-16 10:40:28.178 W/InputMethodManagerService( 1711): Session failed to close due to remote exception
05-16 10:40:28.178 W/InputMethodManagerService( 1711): android.os.DeadObjectException
05-16 10:40:28.178 W/InputMethodManagerService( 1711): 	at android.os.BinderProxy.transactNative(Native Method)
05-16 10:40:28.178 W/InputMethodManagerService( 1711): 	at android.os.BinderProxy.transact(BinderProxy.java:584)
05-16 10:40:28.178 W/InputMethodManagerService( 1711): 	at com.android.internal.view.IInputMethodSession$Stub$Proxy.finishSession(IInputMethodSession.java:358)
05-16 10:40:28.178 W/InputMethodManagerService( 1711): 	at com.android.server.inputmethod.InputMethodManagerService.finishSessionLocked(InputMethodManagerService.java:3144)
05-16 10:40:28.178 W/InputMethodManagerService( 1711): 	at com.android.server.inputmethod.InputMethodManagerService.clearClientSessionLocked(InputMethodManagerService.java:3116)
05-16 10:40:28.178 W/InputMethodManagerService( 1711): 	at com.android.server.inputmethod.InputMethodManagerService.clearClientSessionsLocked(InputMethodManagerService.java:3177)
05-16 10:40:28.178 W/InputMethodManagerService( 1711): 	at com.android.server.inputmethod.InputMethodBindingController.clearCurMethodAndSessions(InputMethodBindingController.java:367)
05-16 10:40:28.178 W/InputMethodManagerService( 1711): 	at com.android.server.inputmethod.InputMethodBindingController.-$$Nest$mclearCurMethodAndSessions(Unknown Source:0)
05-16 10:40:28.178 W/InputMethodManagerService( 1711): 	at com.android.server.inputmethod.InputMethodBindingController$2.onServiceDisconnected(InputMethodBindingController.java:338)
05-16 10:40:28.178 W/InputMethodManagerService( 1711): 	at android.app.LoadedApk$ServiceDispatcher.doDeath(LoadedApk.java:2208)
05-16 10:40:28.178 W/InputMethodManagerService( 1711): 	at android.app.LoadedApk$ServiceDispatcher$RunConnection.run(LoadedApk.java:2223)
05-16 10:40:28.178 W/InputMethodManagerService( 1711): 	at android.os.Handler.handleCallback(Handler.java:942)
05-16 10:40:28.178 W/InputMethodManagerService( 1711): 	at android.os.Handler.dispatchMessage(Handler.java:99)
05-16 10:40:28.178 W/InputMethodManagerService( 1711): 	at android.os.Looper.loopOnce(Looper.java:201)
05-16 10:40:28.178 W/InputMethodManagerService( 1711): 	at android.os.Looper.loop(Looper.java:288)
05-16 10:40:28.178 W/InputMethodManagerService( 1711): 	at com.android.server.SystemServer.run(SystemServer.java:964)
05-16 10:40:28.178 W/InputMethodManagerService( 1711): 	at com.android.server.SystemServer.main(SystemServer.java:649)
05-16 10:40:28.178 W/InputMethodManagerService( 1711): 	at java.lang.reflect.Method.invoke(Native Method)
05-16 10:40:28.178 W/InputMethodManagerService( 1711): 	at com.android.internal.os.RuntimeInit$MethodAndArgsCaller.run(RuntimeInit.java:548)
05-16 10:40:28.178 W/InputMethodManagerService( 1711): 	at com.android.internal.os.ZygoteInit.main(ZygoteInit.java:914)
05-16 10:40:28.181 W/ActivityManager( 1711): Scheduling restart of crashed service com.google.android.inputmethod.latin/com.android.inputmethod.latin.LatinIME in 10000ms for connection
05-16 10:40:28.182 W/ActivityManager( 1711): setHasOverlayUi called on unknown pid: 15460
05-16 10:40:28.218 W/BroadcastQueue( 1711): Can't deliver broadcast to com.google.android.googlequicksearchbox:search (pid 3310). Crashing it.
05-16 10:40:28.218 I/ActivityManager( 1711): Killing 3310:com.google.android.googlequicksearchbox:search/u0a151 (adj 250): scheduleCrash for 'can't deliver broadcast' failed
05-16 10:40:28.219 W/BroadcastQueue( 1711): Failure sending broadcast Intent { act=android.location.PROVIDERS_CHANGED flg=0x50000010 (has extras) }
05-16 10:40:28.219 W/BroadcastQueue( 1711): android.os.DeadObjectException
05-16 10:40:28.219 W/BroadcastQueue( 1711): 	at android.os.BinderProxy.transactNative(Native Method)
05-16 10:40:28.219 W/BroadcastQueue( 1711): 	at android.os.BinderProxy.transact(BinderProxy.java:584)
05-16 10:40:28.219 W/BroadcastQueue( 1711): 	at android.app.IApplicationThread$Stub$Proxy.scheduleRegisteredReceiver(IApplicationThread.java:1380)
05-16 10:40:28.219 W/BroadcastQueue( 1711): 	at com.android.server.am.BroadcastQueue.performReceiveLocked(BroadcastQueue.java:651)
05-16 10:40:28.219 W/BroadcastQueue( 1711): 	at com.android.server.am.BroadcastQueue.deliverToRegisteredReceiverLocked(BroadcastQueue.java:983)
05-16 10:40:28.219 W/BroadcastQueue( 1711): 	at com.android.server.am.BroadcastQueue.processNextBroadcastLocked(BroadcastQueue.java:1187)
05-16 10:40:28.219 W/BroadcastQueue( 1711): 	at com.android.server.am.BroadcastQueue.processNextBroadcast(BroadcastQueue.java:1139)
05-16 10:40:28.219 W/BroadcastQueue( 1711): 	at com.android.server.am.BroadcastQueue.-$$Nest$mprocessNextBroadcast(Unknown Source:0)
05-16 10:40:28.219 W/BroadcastQueue( 1711): 	at com.android.server.am.BroadcastQueue$BroadcastHandler.handleMessage(BroadcastQueue.java:222)
05-16 10:40:28.219 W/BroadcastQueue( 1711): 	at android.os.Handler.dispatchMessage(Handler.java:106)
05-16 10:40:28.219 W/BroadcastQueue( 1711): 	at android.os.Looper.loopOnce(Looper.java:201)
05-16 10:40:28.219 W/BroadcastQueue( 1711): 	at android.os.Looper.loop(Looper.java:288)
05-16 10:40:28.219 W/BroadcastQueue( 1711): 	at android.os.HandlerThread.run(HandlerThread.java:67)
05-16 10:40:28.219 W/BroadcastQueue( 1711): 	at com.android.server.ServiceThread.run(ServiceThread.java:44)
05-16 10:40:28.221 D/CompatibilityChangeReporter( 1711): Compat change id reported: 73144566; UID 1000; state: ENABLED
05-16 10:40:28.221 D/CompatibilityChangeReporter( 1711): Compat change id reported: 171306433; UID 1000; state: ENABLED
05-16 10:40:28.221 D/CompatibilityChangeReporter( 1711): Compat change id reported: 218533173; UID 1000; state: ENABLED
05-16 10:40:28.261 W/SoundTriggerService( 1711): Client died, cleaning up session.
05-16 10:40:28.263 W/ActivityManager( 1711): Scheduling restart of crashed service com.google.android.googlequicksearchbox/com.google.android.apps.gsa.nowoverlayservice.DrawerOverlayService in 29918ms for connection
05-16 10:40:28.263 W/ActivityManager( 1711): Scheduling restart of crashed service com.google.android.googlequicksearchbox/com.google.android.apps.gsa.shared.util.keepalive.StandaloneKeepAlive$KeepAliveService in 49917ms for start-requested
05-16 10:40:28.287 I/ActivityManager( 1711): Process com.google.android.apps.maps (pid 22414) has died: cch+5 CEM 
05-16 10:40:28.315 W/AppOps  ( 1711): Noting op not finished: uid 10110 pkg com.google.android.apps.scone code 79 startTime of in progress event=1684204828311
05-16 10:40:28.396 D/CompatibilityChangeReporter( 1711): Compat change id reported: 218533173; UID 10171; state: ENABLED
05-16 10:40:28.397 I/Telecom ( 1711): DefaultDialerCache: Refreshing default dialer for user 0: now com.google.android.dialer: DDC.oR@AUE
05-16 10:40:28.408 I/Telecom ( 1711): DefaultDialerCache: Refreshing default dialer for user 0: now com.google.android.dialer: DDC.oR@AUI
05-16 10:40:28.503 I/ActivityManager( 1711): Background started FGS: Allowed [callingPackage: com.android.vending; callingUid: 10116; uidState: TRNB; intent: Intent { act=com.google.android.finsky.BIND_DOWNLOAD_SERVICE pkg=com.android.vending (has extras) }; code:BACKGROUND_ACTIVITY_PERMISSION; tempAllowListReason:<,reasonCode:SYSTEM_ALLOW_LISTED,duration:9223372036854775807,callingUid:-1>; targetSdkVersion:33; callerTargetSdkVersion:33; startForegroundCount:0; bindFromPackage:null]
05-16 10:40:28.596 D/AppWidgetServiceImpl( 1711): Provider info from ComponentInfo{com.google.android.apps.docs/com.google.android.apps.docs.drive.widget.suggestion.SuggestionAppWidgetProvider} won't be persisted.
05-16 10:40:28.596 D/AppWidgetServiceImpl( 1711): Provider info from ComponentInfo{com.google.android.apps.docs/com.google.android.apps.docs.drive.widget.CakemixAppWidgetProvider} won't be persisted.
05-16 10:40:28.719 W/ActivityManager( 1711): Rescheduling restart of crashed service com.google.android.inputmethod.latin/com.android.inputmethod.latin.LatinIME in 462ms for mem-pressure-event
05-16 10:40:28.719 W/ActivityManager( 1711): Rescheduling restart of crashed service com.google.android.googlequicksearchbox/com.google.android.apps.gsa.shared.util.keepalive.StandaloneKeepAlive$KeepAliveService in 10462ms for mem-pressure-event
05-16 10:40:28.847 W/PackageParser(23882): Unknown element under <manifest>: queries at /data/user_de/0/com.google.android.gms/app_chimera/m/000000a3/dl-AdsFdrDynamite.integ_224400003100000.apk Binary XML file line #11
05-16 10:40:28.906 W/ActivityManager( 1711): Unable to start service Intent { act=com.google.android.gms.home.service.START pkg=com.google.android.gms } U=0: not found
05-16 10:40:28.907 W/ActivityManager( 1711): Unbind failed: could not find connection for android.os.BinderProxy@aeecfb8
05-16 10:40:29.083 W/BroadcastQueue( 1711): Background execution not allowed: receiving Intent { act=com.google.android.chimera.MODULE_CONFIGURATION_CHANGED flg=0x10 (has extras) } to com.google.android.gms/.chimera.GmsIntentOperationService$PersistentInternalReceiver
05-16 10:40:29.120 D/CompatibilityChangeReporter( 1711): Compat change id reported: 135634846; UID 10162; state: DISABLED
05-16 10:40:29.120 D/CompatibilityChangeReporter( 1711): Compat change id reported: 177438394; UID 10162; state: DISABLED
05-16 10:40:29.120 D/CompatibilityChangeReporter( 1711): Compat change id reported: 135772972; UID 10162; state: DISABLED
05-16 10:40:29.120 D/CompatibilityChangeReporter( 1711): Compat change id reported: 135754954; UID 10162; state: ENABLED
05-16 10:40:29.120 D/CompatibilityChangeReporter( 1711): Compat change id reported: 143937733; UID 10162; state: ENABLED
05-16 10:40:29.141 I/ActivityManager( 1711): Start proc 24389:com.android.chrome/u0a162 for broadcast {com.android.chrome/com.google.android.apps.chrome.webapps.WebApkInstallStatusReceiver}
05-16 10:40:29.163 D/CompatibilityChangeReporter( 1711): Compat change id reported: 168419799; UID 10162; state: DISABLED
05-16 10:40:29.181 D/CompatibilityChangeReporter( 1711): Compat change id reported: 135634846; UID 10165; state: DISABLED
05-16 10:40:29.181 D/CompatibilityChangeReporter( 1711): Compat change id reported: 177438394; UID 10165; state: DISABLED
05-16 10:40:29.181 D/CompatibilityChangeReporter( 1711): Compat change id reported: 135772972; UID 10165; state: DISABLED
05-16 10:40:29.182 D/CompatibilityChangeReporter( 1711): Compat change id reported: 135754954; UID 10165; state: ENABLED
05-16 10:40:29.182 D/CompatibilityChangeReporter( 1711): Compat change id reported: 143937733; UID 10165; state: ENABLED
05-16 10:40:29.191 I/ActivityManager( 1711): Start proc 24409:com.google.android.inputmethod.latin/u0a165 for service {com.google.android.inputmethod.latin/com.android.inputmethod.latin.LatinIME}
05-16 10:40:29.359 D/CompatibilityChangeReporter( 1711): Compat change id reported: 161145287; UID 10162; state: DISABLED
05-16 10:40:29.366 D/CompatibilityChangeReporter( 1711): Compat change id reported: 161145287; UID 10165; state: DISABLED
05-16 10:40:29.544 W/AlarmManager( 1711): Window length 1383505805527740672ms too long; limiting to 1 day
05-16 10:40:29.648 D/CompatibilityChangeReporter( 1711): Compat change id reported: 161252188; UID 10111; state: ENABLED
05-16 10:40:29.739 W/BroadcastQueue( 1711): Background execution not allowed: receiving Intent { act=com.google.android.location.internal.server.ACTION_RESTARTED flg=0x10 (has extras) } to com.google.android.gms/.chimera.GmsIntentOperationService$PersistentInternalReceiver
05-16 10:40:30.025 D/CompatibilityChangeReporter( 1711): Compat change id reported: 161252188; UID 10171; state: ENABLED
05-16 10:40:30.169 I/Telecom ( 1711): DefaultDialerCache: Refreshing default dialer for user 0: now com.google.android.dialer: DDC.oR@AUM
05-16 10:40:30.225 W/AlarmManager( 1711): Alarms must either supply a PendingIntent or an AlarmReceiver
05-16 10:40:30.249 D/CompatibilityChangeReporter( 1711): Compat change id reported: 194532703; UID 10165; state: ENABLED
05-16 10:40:30.370 E/keystore2(  514): keystore2::error: In import_key.
05-16 10:40:30.370 E/keystore2(  514): 
05-16 10:40:30.370 E/keystore2(  514): Caused by:
05-16 10:40:30.370 E/keystore2(  514):     0: In store_new_key.
05-16 10:40:30.370 E/keystore2(  514):     1: In store_new_key. Failed to handle super encryption.
05-16 10:40:30.370 E/keystore2(  514):     2: In handle_super_encryption_on_key_init: User ECDH key missing.
05-16 10:40:30.370 E/keystore2(  514):     3: Error::Rc(ResponseCode(4))
05-16 10:40:30.600 D/CompatibilityChangeReporter( 1711): Compat change id reported: 172251878; UID 10121; state: ENABLED
05-16 10:40:30.604 D/CompatibilityChangeReporter( 1711): Compat change id reported: 161252188; UID 10121; state: ENABLED
05-16 10:40:30.705 W/JobScheduler( 1711): Job didn't exist in JobStore: a92ec7 #u0a146/-782930206 com.google.android.as.oss/com.google.android.gms.learning.internal.training.InAppJobService
05-16 10:40:31.289 W/PackageParser(23882): Unknown element under <manifest>: queries at /data/user_de/0/com.google.android.gms/app_chimera/m/00000111/dl-AdsFdrDynamite.integ_230500000100000.apk Binary XML file line #15
05-16 10:40:31.411 D/CoreBackPreview( 1711): Window{f0a2dc u0 InputMethod}: Setting back callback OnBackInvokedCallbackInfo{mCallback=android.window.IOnBackInvokedCallback$Stub$Proxy@5310c8, mPriority=0}
05-16 10:40:31.658 D/CompatibilityChangeReporter( 1711): Compat change id reported: 135634846; UID 10151; state: DISABLED
05-16 10:40:31.658 D/CompatibilityChangeReporter( 1711): Compat change id reported: 177438394; UID 10151; state: DISABLED
05-16 10:40:31.658 D/CompatibilityChangeReporter( 1711): Compat change id reported: 135772972; UID 10151; state: DISABLED
05-16 10:40:31.658 D/CompatibilityChangeReporter( 1711): Compat change id reported: 135754954; UID 10151; state: ENABLED
05-16 10:40:31.658 D/CompatibilityChangeReporter( 1711): Compat change id reported: 143937733; UID 10151; state: ENABLED
05-16 10:40:31.668 I/ActivityManager( 1711): Start proc 24678:com.google.android.googlequicksearchbox:search/u0a151 for service {com.google.android.googlequicksearchbox/com.google.android.apps.search.assistant.surfaces.dictation.service.endpoint.AssistantDictationService}
05-16 10:40:31.725 D/CompatibilityChangeReporter( 1711): Compat change id reported: 194532703; UID 10121; state: ENABLED
05-16 10:40:31.825 D/CompatibilityChangeReporter( 1711): Compat change id reported: 161145287; UID 10151; state: DISABLED
05-16 10:40:31.860 W/PackageParser(23882): Unknown element under <manifest>: queries at /data/user_de/0/com.google.android.gms/app_chimera/m/00000111/dl-AdsFdrDynamite.integ_230500000100000.apk Binary XML file line #15
05-16 10:40:32.148 D/CompatibilityChangeReporter( 1711): Compat change id reported: 135634846; UID 10121; state: DISABLED
05-16 10:40:32.148 D/CompatibilityChangeReporter( 1711): Compat change id reported: 177438394; UID 10121; state: DISABLED
05-16 10:40:32.148 D/CompatibilityChangeReporter( 1711): Compat change id reported: 135772972; UID 10121; state: DISABLED
05-16 10:40:32.148 D/CompatibilityChangeReporter( 1711): Compat change id reported: 135754954; UID 10121; state: ENABLED
05-16 10:40:32.148 D/CompatibilityChangeReporter( 1711): Compat change id reported: 143937733; UID 10121; state: ENABLED
05-16 10:40:32.162 I/ActivityManager( 1711): Start proc 24735:com.google.android.gms.unstable/u0a121 for service {com.google.android.gms/com.google.android.gms.droidguard.DroidGuardService}
05-16 10:40:32.347 W/PackageParser(23882): Unknown element under <manifest>: queries at /data/user_de/0/com.google.android.gms/app_chimera/m/00000111/dl-AdsFdrDynamite.integ_230500000100000.apk Binary XML file line #15
05-16 10:40:32.357 D/BiometricService( 1711): canAuthenticate: User=0, Caller=0, Authenticators=255
05-16 10:40:32.357 D/BiometricService/PreAuthInfo( 1711): Package: com.google.android.gms Sensor ID: 0 Modality: 2 Status: 7
05-16 10:40:32.357 D/BiometricService/PreAuthInfo( 1711): getCanAuthenticateInternal Modality: 2 AuthenticatorStatus: 7
05-16 10:40:32.357 D/AuthService( 1711): canAuthenticate, userId: 0, callingUserId: 0, authenticators: 255, result: 11
05-16 10:40:32.388 W/AppOps  ( 1711): Noting op not finished: uid 10121 pkg com.google.android.gms code 1 startTime of in progress event=1684204828343
05-16 10:40:32.609 I/DropBoxManagerService( 1711): add tag=event_log isTagEnabled=true flags=0x2
05-16 10:40:32.611 W/BroadcastQueue( 1711): Background execution not allowed: receiving Intent { act=android.intent.action.DROPBOX_ENTRY_ADDED flg=0x10 (has extras) } to com.google.android.gms/.stats.service.DropBoxEntryAddedReceiver
05-16 10:40:32.611 W/BroadcastQueue( 1711): Background execution not allowed: receiving Intent { act=android.intent.action.DROPBOX_ENTRY_ADDED flg=0x10 (has extras) } to com.google.android.gms/.chimera.GmsIntentOperationService$PersistentTrustedReceiver
05-16 10:40:32.851 D/CompatibilityChangeReporter( 1711): Compat change id reported: 161252188; UID 10162; state: ENABLED
05-16 10:40:32.890 D/CompatibilityChangeReporter( 1711): Compat change id reported: 161252188; UID 1000; state: ENABLED
05-16 10:40:32.909 E/AppOps  ( 1711): Bad call made by uid 10165. Package "com.google.android.gms" does not belong to uid 10165.
05-16 10:40:32.921 D/CompatibilityChangeReporter( 1711): Compat change id reported: 161252188; UID 10116; state: ENABLED
05-16 10:40:32.953 D/CompatibilityChangeReporter( 1711): Compat change id reported: 161252188; UID 10184; state: ENABLED
05-16 10:40:32.973 E/AppOps  ( 1711): Bad call made by uid 10165. Package "com.google.android.gms" does not belong to uid 10165.
05-16 10:40:32.980 E/AppOps  ( 1711): Bad call made by uid 10165. Package "com.google.android.gms" does not belong to uid 10165.
05-16 10:40:33.009 D/CompatibilityChangeReporter( 1711): Compat change id reported: 161252188; UID 10150; state: ENABLED
05-16 10:40:33.050 D/CompatibilityChangeReporter( 1711): Compat change id reported: 161252188; UID 10172; state: ENABLED
05-16 10:40:33.063 D/CompatibilityChangeReporter( 1711): Compat change id reported: 161252188; UID 10160; state: ENABLED
05-16 10:40:33.070 D/CompatibilityChangeReporter( 1711): Compat change id reported: 161252188; UID 10186; state: ENABLED
05-16 10:40:33.081 D/CompatibilityChangeReporter( 1711): Compat change id reported: 161252188; UID 10179; state: ENABLED
05-16 10:40:33.091 D/CompatibilityChangeReporter( 1711): Compat change id reported: 161252188; UID 10155; state: ENABLED
05-16 10:40:33.111 D/CompatibilityChangeReporter( 1711): Compat change id reported: 161252188; UID 10147; state: ENABLED
05-16 10:40:33.125 D/CompatibilityChangeReporter( 1711): Compat change id reported: 161252188; UID 10164; state: ENABLED
05-16 10:40:33.137 D/CompatibilityChangeReporter( 1711): Compat change id reported: 161252188; UID 10182; state: ENABLED
05-16 10:40:33.153 D/CompatibilityChangeReporter( 1711): Compat change id reported: 161252188; UID 10174; state: ENABLED
05-16 10:40:33.165 D/CompatibilityChangeReporter( 1711): Compat change id reported: 161252188; UID 10289; state: DISABLED
05-16 10:40:33.170 E/AppOps  ( 1711): Bad call made by uid 10151. Package "com.google.android.gms" does not belong to uid 10151.
05-16 10:40:33.180 E/AppOps  ( 1711): Bad call made by uid 10151. Package "com.google.android.gms" does not belong to uid 10151.
05-16 10:40:33.184 E/AppOps  ( 1711): Bad call made by uid 10151. Package "com.google.android.gms" does not belong to uid 10151.
05-16 10:40:33.194 D/CompatibilityChangeReporter( 1711): Compat change id reported: 161252188; UID 10413; state: DISABLED
05-16 10:40:33.245 D/CompatibilityChangeReporter( 1711): Compat change id reported: 161252188; UID 10272; state: DISABLED
05-16 10:40:33.259 D/CompatibilityChangeReporter( 1711): Compat change id reported: 161252188; UID 10102; state: ENABLED
05-16 10:40:33.263 D/CompatibilityChangeReporter( 1711): Compat change id reported: 161252188; UID 10098; state: ENABLED
05-16 10:40:33.269 D/CompatibilityChangeReporter( 1711): Compat change id reported: 161252188; UID 10120; state: ENABLED
05-16 10:40:33.276 D/CompatibilityChangeReporter( 1711): Compat change id reported: 161252188; UID 10106; state: ENABLED
05-16 10:40:33.282 D/CompatibilityChangeReporter( 1711): Compat change id reported: 161252188; UID 10151; state: ENABLED
05-16 10:40:33.297 D/CompatibilityChangeReporter( 1711): Compat change id reported: 161252188; UID 10275; state: DISABLED
05-16 10:40:33.300 D/CompatibilityChangeReporter( 1711): Compat change id reported: 161252188; UID 10077; state: DISABLED
05-16 10:40:33.368 D/CompatibilityChangeReporter( 1711): Compat change id reported: 161252188; UID 10060; state: DISABLED
05-16 10:40:33.374 D/CompatibilityChangeReporter( 1711): Compat change id reported: 161252188; UID 10254; state: DISABLED
05-16 10:40:33.390 D/CompatibilityChangeReporter( 1711): Compat change id reported: 161252188; UID 10335; state: DISABLED
05-16 10:40:33.412 D/CompatibilityChangeReporter( 1711): Compat change id reported: 161252188; UID 10431; state: ENABLED
05-16 10:40:33.466 D/CompatibilityChangeReporter( 1711): Compat change id reported: 161252188; UID 10227; state: DISABLED
05-16 10:40:33.500 D/CompatibilityChangeReporter( 1711): Compat change id reported: 161252188; UID 10432; state: ENABLED
05-16 10:40:33.548 D/CompatibilityChangeReporter( 1711): Compat change id reported: 161252188; UID 10262; state: DISABLED
05-16 10:40:33.617 D/CompatibilityChangeReporter( 1711): Compat change id reported: 161252188; UID 10263; state: DISABLED
05-16 10:40:33.681 D/CompatibilityChangeReporter( 1711): Compat change id reported: 161252188; UID 10281; state: DISABLED
05-16 10:40:33.725 D/CompatibilityChangeReporter( 1711): Compat change id reported: 161252188; UID 10288; state: DISABLED
05-16 10:40:33.751 D/CompatibilityChangeReporter( 1711): Compat change id reported: 161252188; UID 10354; state: DISABLED
05-16 10:40:33.875 D/CompatibilityChangeReporter( 1711): Compat change id reported: 161252188; UID 10209; state: ENABLED
05-16 10:40:33.876 D/CompatibilityChangeReporter( 1711): Compat change id reported: 135634846; UID 10209; state: DISABLED
05-16 10:40:33.876 D/CompatibilityChangeReporter( 1711): Compat change id reported: 177438394; UID 10209; state: DISABLED
05-16 10:40:33.876 D/CompatibilityChangeReporter( 1711): Compat change id reported: 135772972; UID 10209; state: DISABLED
05-16 10:40:33.877 D/CompatibilityChangeReporter( 1711): Compat change id reported: 135754954; UID 10209; state: ENABLED
05-16 10:40:33.877 D/CompatibilityChangeReporter( 1711): Compat change id reported: 143937733; UID 10209; state: ENABLED
05-16 10:40:33.886 D/CompatibilityChangeReporter( 1711): Compat change id reported: 161252188; UID 10401; state: DISABLED
05-16 10:40:33.889 I/ActivityManager( 1711): Start proc 24886:com.android.remoteprovisioner/u0a209 for service {com.android.remoteprovisioner/com.android.remoteprovisioner.service.GenerateRkpKeyService}
05-16 10:40:33.907 D/CompatibilityChangeReporter( 1711): Compat change id reported: 168419799; UID 10209; state: DISABLED
05-16 10:40:34.369 W/PackageParser(23882): Unknown element under <manifest>: queries at /data/user_de/0/com.google.android.gms/app_chimera/m/00000111/dl-AdsFdrDynamite.integ_230500000100000.apk Binary XML file line #15
05-16 10:40:34.375 D/CompatibilityChangeReporter( 1711): Compat change id reported: 149924527; UID 10121; state: ENABLED
05-16 10:40:34.375 D/CompatibilityChangeReporter( 1711): Compat change id reported: 132649864; UID 10121; state: DISABLED
05-16 10:40:34.670 I/Telecom ( 1711): DefaultDialerCache: Refreshing default dialer for user 0: now com.google.android.dialer: DDC.oR@AUQ
05-16 10:40:35.535 W/ProcessStats( 1711): Tracking association SourceState{56fc291 com.android.vending/10116 BTopFgs #22595} whose proc state 2 is better than process ProcessState{b0435f6 com.android.vending:background/10116 pkg=com.android.vending (sub)} proc state 3 (179 skipped)
05-16 10:40:35.973 W/PackageParser(23882): Unknown element under <manifest>: queries at /data/user_de/0/com.google.android.gms/app_chimera/m/000000a3/dl-AdsFdrDynamite.integ_224400003100000.apk Binary XML file line #11
05-16 10:40:36.315 W/BatteryExternalStatsWorker( 1711): error reading Bluetooth stats: 11
05-16 10:40:36.402 W/PackageParser(23882): Unknown element under <manifest>: queries at /data/user_de/0/com.google.android.gms/app_chimera/m/00000111/dl-AdsFdrDynamite.integ_230500000100000.apk Binary XML file line #15
05-16 10:40:36.578 W/PackageParser(23882): Unknown element under <manifest>: queries at /data/user_de/0/com.google.android.gms/app_chimera/m/00000111/dl-AdsFdrDynamite.integ_230500000100000.apk Binary XML file line #15
05-16 10:40:36.622 W/PackageParser(23882): Unknown element under <manifest>: queries at /data/user_de/0/com.google.android.gms/app_chimera/m/00000111/dl-AdsFdrDynamite.integ_230500000100000.apk Binary XML file line #15
05-16 10:40:36.839 W/PackageParser(23882): Unknown element under <manifest>: queries at /data/user_de/0/com.google.android.gms/app_chimera/m/00000111/dl-AdsFdrDynamite.integ_230500000100000.apk Binary XML file line #15
05-16 10:40:37.076 W/PackageParser(23882): Unknown element under <manifest>: queries at /data/user_de/0/com.google.android.gms/app_chimera/m/00000111/dl-AdsFdrDynamite.integ_230500000100000.apk Binary XML file line #15
05-16 10:40:37.253 W/PackageParser(23882): Unknown element under <manifest>: queries at /data/user_de/0/com.google.android.gms/app_chimera/m/00000111/dl-AdsFdrDynamite.integ_230500000100000.apk Binary XML file line #15
05-16 10:40:37.429 W/PackageParser(23882): Unknown element under <manifest>: queries at /data/user_de/0/com.google.android.gms/app_chimera/m/00000111/dl-AdsFdrDynamite.integ_230500000100000.apk Binary XML file line #15
05-16 10:40:37.652 W/BroadcastQueue( 1711): Background execution not allowed: receiving Intent { act=com.google.android.chimera.MODULE_CONFIGURATION_CHANGED flg=0x10 (has extras) } to com.google.android.gms/.chimera.GmsIntentOperationService$PersistentInternalReceiver
05-16 10:40:37.656 D/CompatibilityChangeReporter( 1711): Compat change id reported: 168419799; UID 10121; state: DISABLED
05-16 10:40:37.671 D/CompatibilityChangeReporter( 1711): Compat change id reported: 161145287; UID 10121; state: DISABLED
05-16 10:40:37.755 D/CompatibilityChangeReporter( 1711): Compat change id reported: 194532703; UID 10151; state: ENABLED
05-16 10:40:38.299 D/CompatibilityChangeReporter( 1711): Compat change id reported: 168419799; UID 10151; state: DISABLED
05-16 10:40:38.669 W/PackageParser(23882): Unknown element under <manifest>: queries at /data/user_de/0/com.google.android.gms/app_chimera/m/000000a3/dl-AdsFdrDynamite.integ_224400003100000.apk Binary XML file line #11
05-16 10:40:38.920 D/CompatibilityChangeReporter( 1711): Compat change id reported: 135634846; UID 1001; state: DISABLED
05-16 10:40:38.920 D/CompatibilityChangeReporter( 1711): Compat change id reported: 177438394; UID 1001; state: DISABLED
05-16 10:40:38.920 D/CompatibilityChangeReporter( 1711): Compat change id reported: 135772972; UID 1001; state: DISABLED
05-16 10:40:38.920 D/CompatibilityChangeReporter( 1711): Compat change id reported: 135754954; UID 1001; state: ENABLED
05-16 10:40:38.935 I/ActivityManager( 1711): Start proc 25008:com.google.RilConfigService/1001 for broadcast {com.google.RilConfigService/com.google.RilConfigService.GservicesChangeReceiver}
05-16 10:40:38.998 D/CompatibilityChangeReporter( 1711): Compat change id reported: 168419799; UID 10100; state: DISABLED
05-16 10:40:39.001 D/CompatibilityChangeReporter( 1711): Compat change id reported: 135634846; UID 10124; state: DISABLED
05-16 10:40:39.001 D/CompatibilityChangeReporter( 1711): Compat change id reported: 177438394; UID 10124; state: DISABLED
05-16 10:40:39.001 D/CompatibilityChangeReporter( 1711): Compat change id reported: 135772972; UID 10124; state: DISABLED
05-16 10:40:39.001 D/CompatibilityChangeReporter( 1711): Compat change id reported: 135754954; UID 10124; state: ENABLED
05-16 10:40:39.001 D/CompatibilityChangeReporter( 1711): Compat change id reported: 143937733; UID 10124; state: ENABLED
05-16 10:40:39.013 I/ActivityManager( 1711): Start proc 25024:com.google.android.apps.gcs/u0a124 for broadcast {com.google.android.apps.gcs/com.google.android.libraries.vpn.gcs.core.receiver.PhenotypeConfigChangedReceiver}
05-16 10:40:39.014 D/CompatibilityChangeReporter( 1711): Compat change id reported: 124107808; UID 1001; state: ENABLED
05-16 10:40:39.027 D/CompatibilityChangeReporter( 1711): Compat change id reported: 168419799; UID 10124; state: DISABLED
05-16 10:40:39.082 W/PackageParser(23882): Unknown element under <manifest>: queries at /data/user_de/0/com.google.android.gms/app_chimera/m/00000111/dl-AdsFdrDynamite.integ_230500000100000.apk Binary XML file line #15
05-16 10:40:39.090 E/AppOps  ( 1711): Bad call made by uid 10151. Package "com.google.android.gms" does not belong to uid 10151.
05-16 10:40:39.092 E/AppOps  ( 1711): Bad call made by uid 10151. Package "com.google.android.gms" does not belong to uid 10151.
05-16 10:40:39.093 E/AppOps  ( 1711): Bad call made by uid 10151. Package "com.google.android.gms" does not belong to uid 10151.
05-16 10:40:39.148 D/CompatibilityChangeReporter( 1711): Compat change id reported: 161145287; UID 10124; state: DISABLED
05-16 10:40:39.217 W/BroadcastQueue( 1711): Background execution not allowed: receiving Intent { act=com.google.android.systemui.OPA_ENABLED flg=0x10000010 (has extras) } to com.google.android.apps.nexuslauncher/.qsb.OPAStatusReceiver
05-16 10:40:39.243 D/CompatibilityChangeReporter( 1711): Compat change id reported: 194532703; UID 10124; state: ENABLED
05-16 10:40:39.417 D/CompatibilityChangeReporter( 1711): Compat change id reported: 168419799; UID 10150; state: DISABLED
05-16 10:40:39.421 D/CompatibilityChangeReporter( 1711): Compat change id reported: 135634846; UID 10148; state: DISABLED
05-16 10:40:39.421 D/CompatibilityChangeReporter( 1711): Compat change id reported: 177438394; UID 10148; state: DISABLED
05-16 10:40:39.421 D/CompatibilityChangeReporter( 1711): Compat change id reported: 135772972; UID 10148; state: DISABLED
05-16 10:40:39.421 D/CompatibilityChangeReporter( 1711): Compat change id reported: 135754954; UID 10148; state: ENABLED
05-16 10:40:39.422 D/CompatibilityChangeReporter( 1711): Compat change id reported: 143937733; UID 10148; state: ENABLED
05-16 10:40:39.436 I/ActivityManager( 1711): Start proc 25066:com.google.android.partnersetup/u0a148 for broadcast {com.google.android.partnersetup/com.google.android.partnersetup.RlzPingBroadcastReceiver}
05-16 10:40:39.530 D/CompatibilityChangeReporter( 1711): Compat change id reported: 171306433; UID 10121; state: ENABLED
05-16 10:40:39.530 D/CompatibilityChangeReporter( 1711): Compat change id reported: 218533173; UID 10121; state: ENABLED
05-16 10:40:39.549 D/CompatibilityChangeReporter( 1711): Compat change id reported: 135634846; UID 10133; state: DISABLED
05-16 10:40:39.549 D/CompatibilityChangeReporter( 1711): Compat change id reported: 177438394; UID 10133; state: DISABLED
05-16 10:40:39.550 D/CompatibilityChangeReporter( 1711): Compat change id reported: 135772972; UID 10133; state: DISABLED
05-16 10:40:39.550 D/CompatibilityChangeReporter( 1711): Compat change id reported: 135754954; UID 10133; state: ENABLED
05-16 10:40:39.551 D/CompatibilityChangeReporter( 1711): Compat change id reported: 143937733; UID 10133; state: ENABLED
05-16 10:40:39.562 I/ActivityManager( 1711): Start proc 25091:com.google.android.apps.wellbeing/u0a133 for broadcast {com.google.android.apps.wellbeing/com.google.android.apps.wellbeing.autodnd.impl.ContextManagerRestartBroadcastReceiver_Receiver}
05-16 10:40:39.575 D/CompatibilityChangeReporter( 1711): Compat change id reported: 168419799; UID 10133; state: DISABLED
05-16 10:40:39.708 D/CompatibilityChangeReporter( 1711): Compat change id reported: 201794303; UID 10121; state: ENABLED
05-16 10:40:39.934 W/JobScheduler( 1711): Job didn't exist in JobStore: 1906f80 #u0a151/-1000805 com.google.android.googlequicksearchbox/com.google.android.apps.gsa.tasks.BackgroundTasksJobService
05-16 10:40:40.029 W/PackageParser(23882): Unknown element under <manifest>: queries at /data/user_de/0/com.google.android.gms/app_chimera/m/00000111/dl-AdsFdrDynamite.integ_230500000100000.apk Binary XML file line #15
05-16 10:40:40.079 D/CompatibilityChangeReporter( 1711): Compat change id reported: 161145287; UID 10133; state: DISABLED
05-16 10:40:40.116 D/CompatibilityChangeReporter( 1711): Compat change id reported: 194532703; UID 10133; state: ENABLED
05-16 10:40:40.545 W/PackageParser(23882): Unknown element under <manifest>: queries at /data/user_de/0/com.google.android.gms/app_chimera/m/00000111/dl-AdsFdrDynamite.integ_230500000100000.apk Binary XML file line #15
05-16 10:40:40.744 W/PackageParser(23882): Unknown element under <manifest>: queries at /data/user_de/0/com.google.android.gms/app_chimera/m/00000111/dl-AdsFdrDynamite.integ_230500000100000.apk Binary XML file line #15
05-16 10:40:40.789 W/ActivityManager( 1711): Unable to start service Intent { cmp=com.google.android.apps.tachyon/.clientapi.ClientApiService } U=0: not found
05-16 10:40:40.888 E/keystore2(  514): keystore2::error: In import_key.
05-16 10:40:40.888 E/keystore2(  514): 
05-16 10:40:40.888 E/keystore2(  514): Caused by:
05-16 10:40:40.888 E/keystore2(  514):     0: In store_new_key.
05-16 10:40:40.888 E/keystore2(  514):     1: In store_new_key. Failed to handle super encryption.
05-16 10:40:40.888 E/keystore2(  514):     2: In handle_super_encryption_on_key_init: User ECDH key missing.
05-16 10:40:40.888 E/keystore2(  514):     3: Error::Rc(ResponseCode(4))
05-16 10:40:41.110 W/PackageParser(23882): Unknown element under <manifest>: queries at /data/user_de/0/com.google.android.gms/app_chimera/m/00000111/dl-AdsFdrDynamite.integ_230500000100000.apk Binary XML file line #15
05-16 10:40:41.383 D/CompatibilityChangeReporter( 1711): Compat change id reported: 135634846; UID 10075; state: DISABLED
05-16 10:40:41.383 D/CompatibilityChangeReporter( 1711): Compat change id reported: 177438394; UID 10075; state: DISABLED
05-16 10:40:41.383 D/CompatibilityChangeReporter( 1711): Compat change id reported: 135772972; UID 10075; state: DISABLED
05-16 10:40:41.384 D/CompatibilityChangeReporter( 1711): Compat change id reported: 135754954; UID 10075; state: ENABLED
05-16 10:40:41.385 D/CompatibilityChangeReporter( 1711): Compat change id reported: 143937733; UID 10075; state: ENABLED
05-16 10:40:41.405 I/ActivityManager( 1711): Start proc 25170:com.android.providers.calendar/u0a75 for content provider {com.android.providers.calendar/com.android.providers.calendar.CalendarProvider2}
05-16 10:40:41.423 D/CompatibilityChangeReporter( 1711): Compat change id reported: 168419799; UID 10075; state: DISABLED
05-16 10:40:41.485 D/CompatibilityChangeReporter( 1711): Compat change id reported: 161145287; UID 10075; state: DISABLED
05-16 10:40:41.544 D/CompatibilityChangeReporter( 1711): Compat change id reported: 143231523; UID 10075; state: DISABLED
05-16 10:40:41.580 W/PackageParser(23882): Unknown element under <manifest>: queries at /data/user_de/0/com.google.android.gms/app_chimera/m/00000111/dl-AdsFdrDynamite.integ_230500000100000.apk Binary XML file line #15
05-16 10:40:41.937 I/ContentCaptureManagerService( 1711): Data share request accepted by Content Capture service
05-16 10:40:42.031 W/PackageParser(23882): Unknown element under <manifest>: queries at /data/user_de/0/com.google.android.gms/app_chimera/m/00000111/dl-AdsFdrDynamite.integ_230500000100000.apk Binary XML file line #15
05-16 10:40:42.034 W/ActivityManager( 1711): Receiver with filter android.content.IntentFilter@3055355 already registered for pid 2898, callerPackage is com.google.android.googlequicksearchbox
05-16 10:40:42.111 W/ContextImpl(18457): Calling a method in the system process without a qualified user: android.app.ContextImpl.bindService:1950 android.content.ContextWrapper.bindService:853 com.google.android.wifitrackerlib.WsuServiceClient.bindWsuService:411 com.google.android.wifitrackerlib.WsuManager.bindAllServices:66 com.google.android.wifitrackerlib.GoogleWifiPickerTracker.onStart:115 
05-16 10:40:42.114 D/CompatibilityChangeReporter( 1711): Compat change id reported: 135634846; UID 10123; state: DISABLED
05-16 10:40:42.114 D/CompatibilityChangeReporter( 1711): Compat change id reported: 177438394; UID 10123; state: DISABLED
05-16 10:40:42.114 D/CompatibilityChangeReporter( 1711): Compat change id reported: 135772972; UID 10123; state: DISABLED
05-16 10:40:42.114 D/CompatibilityChangeReporter( 1711): Compat change id reported: 135754954; UID 10123; state: ENABLED
05-16 10:40:42.115 D/CompatibilityChangeReporter( 1711): Compat change id reported: 143937733; UID 10123; state: ENABLED
05-16 10:40:42.126 I/ActivityManager( 1711): Start proc 25217:com.google.android.apps.carrier.carrierwifi/u0a123 for service {com.google.android.apps.carrier.carrierwifi/com.google.android.wsu.service.WsuServiceImpl}
05-16 10:40:42.483 W/BroadcastQueue( 1711): Background execution not allowed: receiving Intent { act=com.google.android.chimera.MODULE_CONFIGURATION_CHANGED flg=0x10 (has extras) } to com.google.android.gms/.chimera.GmsIntentOperationService$PersistentInternalReceiver
05-16 10:40:42.543 W/BroadcastQueue( 1711): Exported Denial: sending Intent { act=android.net.conn.CONNECTIVITY_CHANGE flg=0x4200010 (has extras) }, action: android.net.conn.CONNECTIVITY_CHANGE from null (uid=-1) due to receiver ProcessRecord{9dfb3e2 24012:com.google.android.apps.messaging/u0a150} (uid 10150) not specifying RECEIVER_EXPORTED
05-16 10:40:42.635 I/ActivityManager( 1711): Process com.google.android.gms.persistent (pid 23911) has died: fg  BFGS
05-16 10:40:42.640 W/ActivityManager( 1711): Scheduling restart of crashed service com.google.android.gms/.chimera.PersistentBoundBrokerService in 1000ms for connection
05-16 10:40:42.640 W/ActivityManager( 1711): Scheduling restart of crashed service com.google.android.gms/.tron.CollectionService in 11000ms for start-requested
05-16 10:40:42.640 W/ActivityManager( 1711): Scheduling restart of crashed service com.google.android.gms/.nearby.exposurenotification.service.ExposureMatchingService in 20999ms for start-requested
05-16 10:40:42.640 W/ActivityManager( 1711): Scheduling restart of crashed service com.google.android.gms/com.google.android.location.internal.server.GoogleLocationService in 30999ms for start-requested
05-16 10:40:42.640 W/ActivityManager( 1711): Scheduling restart of crashed service com.google.android.gms/com.google.android.location.internal.server.HardwareArProviderService in 40999ms for connection
05-16 10:40:42.640 W/ActivityManager( 1711): Scheduling restart of crashed service com.google.android.gms/com.google.android.location.fused.FusedLocationService in 50999ms for connection
05-16 10:40:42.640 W/ActivityManager( 1711): Scheduling restart of crashed service com.google.android.gms/.deviceconnection.service.DeviceConnectionWatcherService in 60999ms for start-requested
05-16 10:40:42.641 W/ActivityManager( 1711): Scheduling restart of crashed service com.google.android.gms/.nearby.messages.service.NearbyMessagesService in 70999ms for start-requested
05-16 10:40:42.641 W/ActivityManager( 1711): Scheduling restart of crashed service com.google.android.gms/.fido.fido2.pollux.CableAuthenticatorService in 80999ms for start-requested
05-16 10:40:42.641 W/ActivityManager( 1711): Scheduling restart of crashed service com.google.android.gms/com.google.android.location.network.NetworkLocationService in 90999ms for connection
05-16 10:40:42.641 W/ActivityManager( 1711): Scheduling restart of crashed service com.google.android.gms/.chimera.PersistentIntentOperationService in 100999ms for start-requested
05-16 10:40:42.641 W/ActivityManager( 1711): Scheduling restart of crashed service com.google.android.gms/.gcm.GcmService in 110999ms for start-requested
05-16 10:40:42.641 W/ActivityManager( 1711): Scheduling restart of crashed service com.google.android.gms/.chimera.PersistentDirectBootAwareApiService in 120999ms for connection
05-16 10:40:42.641 W/ActivityManager( 1711): Scheduling restart of crashed service com.google.android.gms/.fido.authenticator.service.AuthenticatorService in 130999ms for start-requested
05-16 10:40:42.641 W/ActivityManager( 1711): Scheduling restart of crashed service com.google.android.gms/.geotimezone.GeoTimeZoneService in 140999ms for connection
05-16 10:40:42.641 W/ActivityManager( 1711): Scheduling restart of crashed service com.google.android.gms/.thunderbird.EmergencyPersistentService in 150999ms for start-requested
05-16 10:40:42.641 I/ActivityThread(24678): Removing dead content provider:android.content.ContentProviderProxy@fb0d4fe
05-16 10:40:42.641 I/ActivityThread(24678): Removing dead content provider:android.content.ContentProviderProxy@fb0d4fe
05-16 10:40:42.641 I/ActivityThread(24409): Removing dead content provider:android.content.ContentProviderProxy@2371b8d
05-16 10:40:42.642 I/ActivityThread(24409): Removing dead content provider:android.content.ContentProviderProxy@2371b8d
05-16 10:40:42.642 W/ActivityManager( 1711): Scheduling restart of crashed service com.google.android.gms/.location.geocode.GeocodeService in 160997ms for connection
05-16 10:40:42.642 W/ActivityManager( 1711): Scheduling restart of crashed service com.google.android.gms/.gcm.nts.SchedulerService in 170997ms for start-requested
05-16 10:40:42.643 W/ActivityManager( 1711): Scheduling restart of crashed service com.google.android.gms/.auth.GetToken in 180997ms for connection
05-16 10:40:42.643 W/ActivityManager( 1711): Scheduling restart of crashed service com.google.android.gms/.chimera.PersistentApiService in 190997ms for connection
05-16 10:40:42.643 W/ActivityManager( 1711): Scheduling restart of crashed service com.google.android.gms/.lockbox.service.LockboxBrokerService in 200997ms for connection
05-16 10:40:42.643 W/ActivityManager( 1711): Scheduling restart of crashed service com.google.android.gms/.common.stats.GmsCoreStatsService in 210997ms for start-requested
05-16 10:40:42.643 W/ActivityManager( 1711): Scheduling restart of crashed service com.google.android.gms/com.google.android.contextmanager.service.ContextManagerService in 220997ms for start-requested
05-16 10:40:42.643 W/ActivityManager( 1711): Scheduling restart of crashed service com.google.android.gms/.stats.eastworld.EastworldService in 230997ms for start-requested
05-16 10:40:42.643 W/ActivityManager( 1711): Scheduling restart of crashed service com.google.android.gms/com.google.android.location.internal.GoogleLocationManagerService in 240997ms for start-requested
05-16 10:40:42.643 W/ActivityManager( 1711): Scheduling restart of crashed service com.google.android.gms/.gcm.http.GoogleHttpService in 250997ms for connection
05-16 10:40:42.643 W/ActivityManager( 1711): Scheduling restart of crashed service com.google.android.gms/.nearby.sharing.ReceiveSurfaceService in 260997ms for start-requested
05-16 10:40:42.643 W/ActivityManager( 1711): Scheduling restart of crashed service com.google.android.gms/.chimera.PersistentApiServiceNoInstantApps in 270997ms for connection
05-16 10:40:42.643 W/ActivityManager( 1711): Scheduling restart of crashed service com.google.android.gms/com.google.android.location.reporting.service.ReportingAndroidService in 280997ms for connection
05-16 10:40:42.643 W/ActivityManager( 1711): Scheduling restart of crashed service com.google.android.gms/.instantapps.service.InstantAppsService in 290997ms for connection
05-16 10:40:42.643 W/ActivityManager( 1711): Scheduling restart of crashed service com.google.android.gms/.auth.setup.devicesignals.LockScreenService in 300997ms for start-requested
05-16 10:40:42.643 W/ActivityManager( 1711): Scheduling restart of crashed service com.google.android.gms/.nearby.exposurenotification.service.ExposureNotificationInternalService in 310997ms for start-requested
05-16 10:40:42.657 W/ActivityManager( 1711): Rescheduling restart of crashed service com.google.android.gms/.chimera.PersistentBoundBrokerService in 9982ms for mem-pressure-event
05-16 10:40:42.657 W/ActivityManager( 1711): Rescheduling restart of crashed service com.google.android.gms/.tron.CollectionService in 29982ms for mem-pressure-event
05-16 10:40:42.657 W/ActivityManager( 1711): Rescheduling restart of crashed service com.google.android.gms/.nearby.exposurenotification.service.ExposureMatchingService in 49982ms for mem-pressure-event
05-16 10:40:42.657 W/ActivityManager( 1711): Rescheduling restart of crashed service com.google.android.gms/com.google.android.location.internal.server.GoogleLocationService in 69982ms for mem-pressure-event
05-16 10:40:42.657 W/ActivityManager( 1711): Rescheduling restart of crashed service com.google.android.gms/com.google.android.location.internal.server.HardwareArProviderService in 89982ms for mem-pressure-event
05-16 10:40:42.657 W/ActivityManager( 1711): Rescheduling restart of crashed service com.google.android.gms/com.google.android.location.fused.FusedLocationService in 109982ms for mem-pressure-event
05-16 10:40:42.657 W/ActivityManager( 1711): Rescheduling restart of crashed service com.google.android.gms/.deviceconnection.service.DeviceConnectionWatcherService in 129982ms for mem-pressure-event
05-16 10:40:42.657 W/ActivityManager( 1711): Rescheduling restart of crashed service com.google.android.gms/.nearby.messages.service.NearbyMessagesService in 149982ms for mem-pressure-event
05-16 10:40:42.657 W/ActivityManager( 1711): Rescheduling restart of crashed service com.google.android.gms/.fido.fido2.pollux.CableAuthenticatorService in 169982ms for mem-pressure-event
05-16 10:40:42.658 W/ActivityManager( 1711): Rescheduling restart of crashed service com.google.android.gms/com.google.android.location.network.NetworkLocationService in 189982ms for mem-pressure-event
05-16 10:40:42.658 W/ActivityManager( 1711): Rescheduling restart of crashed service com.google.android.gms/.chimera.PersistentIntentOperationService in 209982ms for mem-pressure-event
05-16 10:40:42.658 W/ActivityManager( 1711): Rescheduling restart of crashed service com.google.android.gms/.gcm.GcmService in 229982ms for mem-pressure-event
05-16 10:40:42.658 W/ActivityManager( 1711): Rescheduling restart of crashed service com.google.android.gms/.chimera.PersistentDirectBootAwareApiService in 249982ms for mem-pressure-event
05-16 10:40:42.658 W/ActivityManager( 1711): Rescheduling restart of crashed service com.google.android.gms/.fido.authenticator.service.AuthenticatorService in 269982ms for mem-pressure-event
