05-16 10:03:21.288 D/CompatibilityChangeReporter( 1711): Compat change id reported: 161145287; UID 10165; state: DISABLED
05-16 10:03:21.288 W/ActivityManager( 1711): Receiver with filter android.content.IntentFilter@3baa86f already registered for pid 15460, callerPackage is com.google.android.inputmethod.latin
05-16 10:03:21.451 D/CompatibilityChangeReporter( 1711): Compat change id reported: 194532703; UID 10102; state: ENABLED
05-16 10:03:21.706 D/CompatibilityChangeReporter( 1711): Compat change id reported: 194532703; UID 10165; state: ENABLED
05-16 10:03:22.034 D/CoreBackPreview( 1711): Window{11f2585 u0 InputMethod}: Setting back callback OnBackInvokedCallbackInfo{mCallback=android.window.IOnBackInvokedCallback$Stub$Proxy@8fc3d94, mPriority=0}
05-16 10:03:22.224 D/CompatibilityChangeReporter( 1711): Compat change id reported: 161252188; UID 10151; state: ENABLED
05-16 10:03:22.343 E/AppOps  ( 1711): Bad call made by uid 10165. Package "com.google.android.gms" does not belong to uid 10165.
05-16 10:03:22.414 E/AppOps  ( 1711): Bad call made by uid 10165. Package "com.google.android.gms" does not belong to uid 10165.
05-16 10:03:22.416 E/AppOps  ( 1711): Bad call made by uid 10165. Package "com.google.android.gms" does not belong to uid 10165.
05-16 10:03:22.453 E/AppOps  ( 1711): Bad call made by uid 10151. Package "com.google.android.gms" does not belong to uid 10151.
05-16 10:03:22.457 E/AppOps  ( 1711): Bad call made by uid 10151. Package "com.google.android.gms" does not belong to uid 10151.
05-16 10:03:22.458 E/AppOps  ( 1711): Bad call made by uid 10151. Package "com.google.android.gms" does not belong to uid 10151.
05-16 10:03:22.483 D/CompatibilityChangeReporter( 1711): Compat change id reported: 182734110; UID 10102; state: ENABLED
05-16 10:03:22.926 D/ActivityManager( 1711): freezing 9103 com.google.android.gm
05-16 10:03:22.933 D/ActivityManager( 1711): freezing 9786 com.google.android.gms.ui
05-16 10:03:31.645 I/keystore2(  514): keystore2::watchdog: Watchdog thread idle -> terminating. Have a great day.
05-16 10:03:36.038 W/BroadcastQueue( 1711): Exported Denial: sending Intent { act=android.net.conn.CONNECTIVITY_CHANGE flg=0x4200010 (has extras) }, action: android.net.conn.CONNECTIVITY_CHANGE from null (uid=-1) due to receiver ProcessRecord{25c98c2 15378:com.google.android.apps.messaging/u0a150} (uid 10150) not specifying RECEIVER_EXPORTED
05-16 10:03:36.252 D/CompatibilityChangeReporter( 1711): Compat change id reported: 194532703; UID 10150; state: ENABLED
05-16 10:03:37.114 I/ActivityManager( 1711): Killing 6029:com.google.android.webview:sandboxed_process0:org.chromium.content.app.SandboxedProcessService0:0/u0a288i0 (adj 985): empty #33
05-16 10:03:37.178 W/ActivityManager( 1711): Scheduling restart of crashed service com.tencent.tim/org.chromium.content.app.SandboxedProcessService0:0 in 1000ms for connection
05-16 10:03:45.058 D/PowerUI ( 1975): can't show warning due to - plugged: true status unknown: false
05-16 10:04:02.676 I/ActivityManager( 1711): Killing 9786:com.google.android.gms.ui/u0a121 (adj 985): empty #33
05-16 10:04:02.729 I/ActivityManager( 1711): Killing 13488:com.tencent.android.qqdownloader:wxa_container0/u0a272 (adj 985): empty #33
05-16 10:04:02.731 I/ActivityManager( 1711): Killing 9103:com.google.android.gm/u0a164 (adj 985): empty #34
05-16 10:04:02.732 I/ActivityManager( 1711): Killing 6470:com.google.android.wfcactivation/u0a136 (adj 995): empty #35
05-16 10:04:02.733 I/ActivityManager( 1711): Killing 6319:com.google.android.marvin.talkback/u0a187 (adj 995): empty #36
05-16 10:04:02.733 I/ActivityManager( 1711): Killing 6084:com.google.android.webview:webview_service/u0a166 (adj 995): empty #37
05-16 10:04:02.878 W/ActivityManager( 1711): Scheduling restart of crashed service com.tencent.android.qqdownloader/com.tencent.luggage.services.WxaProxy_WxaIPCContainerService0 in 1000ms for connection
05-16 10:04:16.822 I/wificond( 1017): Receive notifyCountryCodeChanged
05-16 10:04:16.824 I/wificond( 1017): 2.4Ghz frequencies: 2412 2417 2422 2427 2432 2437 2442 2447 2452 2457 2462 2467 2472
05-16 10:04:16.824 I/wificond( 1017): 5Ghz non-DFS frequencies:
05-16 10:04:16.824 I/wificond( 1017): 5Ghz DFS frequencies: 5180 5200 5220 5240 5260 5280 5300 5320 5500 5520 5540 5560 5580 5600 5620 5640 5660 5680 5700 5720 5745 5765 5785 5805 5825
05-16 10:04:16.824 I/wificond( 1017): 6Ghz frequencies:
05-16 10:04:16.824 I/wificond( 1017): 60Ghz frequencies:
05-16 10:04:16.825 W/ContextImpl( 1711): Calling a method in the system process without a qualified user: android.app.ContextImpl.sendStickyBroadcast:1586 com.android.server.ConnectivityService.sendStickyBroadcast:102 com.android.server.ConnectivityService.sendLegacyNetworkBroadcast:156 com.android.server.ConnectivityService$LegacyTypeTracker.remove:49 com.android.server.ConnectivityService$LegacyTypeTracker.remove:6 
05-16 10:04:16.833 W/BroadcastQueue( 1711): Target SDK mismatch: receiver ActivityInfo{87e9e88 com.qihoo.receiver.CoreBroadcastReceiver} targets 26 but delivery restricted to [0, 23] broadcasting Intent { act=android.net.conn.CONNECTIVITY_CHANGE flg=0x4200010 (has extras) } from android (pid=1711, uid=1000) to com.qihoo.appstore/com.qihoo.receiver.CoreBroadcastReceiver
05-16 10:04:16.833 W/BroadcastQueue( 1711): Target SDK mismatch: receiver ActivityInfo{7672021 com.alipay.pushsdk.BroadcastActionReceiver} targets 29 but delivery restricted to [0, 23] broadcasting Intent { act=android.net.conn.CONNECTIVITY_CHANGE flg=0x4200010 (has extras) } from android (pid=1711, uid=1000) to com.eg.android.AlipayGphone/com.alipay.pushsdk.BroadcastActionReceiver
05-16 10:04:16.833 W/BroadcastQueue( 1711): Target SDK mismatch: receiver ActivityInfo{d38ec46 org.qiyi.android.commonphonepad.pushmessage.QYPushMsgBootReceiver} targets 33 but delivery restricted to [0, 23] broadcasting Intent { act=android.net.conn.CONNECTIVITY_CHANGE flg=0x4200010 (has extras) } from android (pid=1711, uid=1000) to com.qiyi.video/org.qiyi.android.commonphonepad.pushmessage.QYPushMsgBootReceiver
05-16 10:04:16.833 W/BroadcastQueue( 1711): Target SDK mismatch: receiver ActivityInfo{d5e1e07 com.xiaomi.push.service.receivers.NetworkStatusReceiver} targets 28 but delivery restricted to [0, 23] broadcasting Intent { act=android.net.conn.CONNECTIVITY_CHANGE flg=0x4200010 (has extras) } from android (pid=1711, uid=1000) to com.baidu.netdisk/com.xiaomi.push.service.receivers.NetworkStatusReceiver
05-16 10:04:16.833 W/BroadcastQueue( 1711): Target SDK mismatch: receiver ActivityInfo{ea31b34 com.xiaomi.push.service.receivers.NetworkStatusReceiver} targets 33 but delivery restricted to [0, 23] broadcasting Intent { act=android.net.conn.CONNECTIVITY_CHANGE flg=0x4200010 (has extras) } from android (pid=1711, uid=1000) to com.iqiyi.knowledge/com.xiaomi.push.service.receivers.NetworkStatusReceiver
05-16 10:04:16.833 W/BroadcastQueue( 1711): Target SDK mismatch: receiver ActivityInfo{bf49d5d com.xiaomi.push.service.receivers.NetworkStatusReceiver} targets 33 but delivery restricted to [0, 23] broadcasting Intent { act=android.net.conn.CONNECTIVITY_CHANGE flg=0x4200010 (has extras) } from android (pid=1711, uid=1000) to com.qiyi.video/com.xiaomi.push.service.receivers.NetworkStatusReceiver
05-16 10:04:16.833 W/BroadcastQueue( 1711): Target SDK mismatch: receiver ActivityInfo{20786d2 com.xiaomi.push.service.receivers.NetworkStatusReceiver} targets 26 but delivery restricted to [0, 23] broadcasting Intent { act=android.net.conn.CONNECTIVITY_CHANGE flg=0x4200010 (has extras) } from android (pid=1711, uid=1000) to tv.tvguo.androidphone/com.xiaomi.push.service.receivers.NetworkStatusReceiver
05-16 10:04:16.833 W/BroadcastQueue( 1711): Target SDK mismatch: receiver ActivityInfo{b493a3 com.google.android.apps.photos.actionqueue.impl.SystemReceiver} targets 33 but delivery restricted to [0, 23] broadcasting Intent { act=android.net.conn.CONNECTIVITY_CHANGE flg=0x4200010 (has extras) } from android (pid=1711, uid=1000) to com.google.android.apps.photos/.actionqueue.impl.SystemReceiver
05-16 10:04:16.833 W/BroadcastQueue( 1711): Target SDK mismatch: receiver ActivityInfo{4f0b6a0 com.google.android.apps.photos.jobqueue.JobServiceBroadcastReceiver} targets 33 but delivery restricted to [0, 23] broadcasting Intent { act=android.net.conn.CONNECTIVITY_CHANGE flg=0x4200010 (has extras) } from android (pid=1711, uid=1000) to com.google.android.apps.photos/.jobqueue.JobServiceBroadcastReceiver
05-16 10:04:16.833 W/BroadcastQueue( 1711): Target SDK mismatch: receiver ActivityInfo{1e2b259 com.google.android.gms.gcm.ServiceAutoStarter} targets 33 but delivery restricted to [0, 23] broadcasting Intent { act=android.net.conn.CONNECTIVITY_CHANGE flg=0x4200010 (has extras) } from android (pid=1711, uid=1000) to com.google.android.gms/.gcm.ServiceAutoStarter
05-16 10:04:16.833 W/BroadcastQueue( 1711): Target SDK mismatch: receiver ActivityInfo{9b33e1e com.cisco.anyconnect.vpn.android.ui.helpers.NetworkChangeReceiver} targets 28 but delivery restricted to [0, 23] broadcasting Intent { act=android.net.conn.CONNECTIVITY_CHANGE flg=0x4200010 (has extras) } from android (pid=1711, uid=1000) to com.cisco.anyconnect.vpn.android.avf/com.cisco.anyconnect.vpn.android.ui.helpers.NetworkChangeReceiver
05-16 10:04:16.833 W/BroadcastQueue( 1711): Target SDK mismatch: receiver ActivityInfo{772c6ff com.iqiyi.hcim.service.BroadcastCenter} targets 33 but delivery restricted to [0, 23] broadcasting Intent { act=android.net.conn.CONNECTIVITY_CHANGE flg=0x4200010 (has extras) } from android (pid=1711, uid=1000) to com.iqiyi.knowledge/com.iqiyi.hcim.service.BroadcastCenter
05-16 10:04:16.833 W/BroadcastQueue( 1711): Target SDK mismatch: receiver ActivityInfo{cba9ccc org.qiyi.android.video.ui.phone.traffic.receiver.TrafficReceiver} targets 33 but delivery restricted to [0, 23] broadcasting Intent { act=android.net.conn.CONNECTIVITY_CHANGE flg=0x4200010 (has extras) } from android (pid=1711, uid=1000) to com.qiyi.video/org.qiyi.android.video.ui.phone.traffic.receiver.TrafficReceiver
05-16 10:04:16.833 W/BroadcastQueue( 1711): Target SDK mismatch: receiver ActivityInfo{9031b15 com.iqiyi.hcim.service.BroadcastCenter} targets 33 but delivery restricted to [0, 23] broadcasting Intent { act=android.net.conn.CONNECTIVITY_CHANGE flg=0x4200010 (has extras) } from android (pid=1711, uid=1000) to com.qiyi.video/com.iqiyi.hcim.service.BroadcastCenter
05-16 10:04:16.833 W/BroadcastQueue( 1711): Target SDK mismatch: receiver ActivityInfo{fd11e2a com.tencent.mobileqq.msf.core.NetConnInfoCenter} targets 29 but delivery restricted to [0, 23] broadcasting Intent { act=android.net.conn.CONNECTIVITY_CHANGE flg=0x4200010 (has extras) } from android (pid=1711, uid=1000) to com.tencent.mobileqq/.msf.core.NetConnInfoCenter
05-16 10:04:16.833 W/BroadcastQueue( 1711): Target SDK mismatch: receiver ActivityInfo{1b6d41b com.tencent.mobileqq.msf.core.NetConnInfoCenter} targets 26 but delivery restricted to [0, 23] broadcasting Intent { act=android.net.conn.CONNECTIVITY_CHANGE flg=0x4200010 (has extras) } from android (pid=1711, uid=1000) to com.tencent.tim/com.tencent.mobileqq.msf.core.NetConnInfoCenter
05-16 10:04:16.833 W/BroadcastQueue( 1711): Target SDK mismatch: receiver ActivityInfo{75ab9b8 com.tencent.qqmail.utilities.qmbroadcastreceiver.QMMainNetworkReceiver} targets 26 but delivery restricted to [0, 23] broadcasting Intent { act=android.net.conn.CONNECTIVITY_CHANGE flg=0x4200010 (has extras) } from android (pid=1711, uid=1000) to com.tencent.tim/com.tencent.qqmail.utilities.qmbroadcastreceiver.QMMainNetworkReceiver
05-16 10:04:16.833 W/BroadcastQueue( 1711): Target SDK mismatch: receiver ActivityInfo{2875391 com.iqiyi.hcim.service.BroadcastCenter} targets 26 but delivery restricted to [0, 23] broadcasting Intent { act=android.net.conn.CONNECTIVITY_CHANGE flg=0x4200010 (has extras) } from android (pid=1711, uid=1000) to tv.tvguo.androidphone/com.iqiyi.hcim.service.BroadcastCenter
05-16 10:04:16.848 D/vendor.google.wifi_ext@1.0-service-vendor(  893): SetMacAddress succeeded on wlan0
05-16 10:04:16.858 D/CompatibilityChangeReporter( 1711): Compat change id reported: 135634846; UID 10111; state: DISABLED
05-16 10:04:16.858 D/CompatibilityChangeReporter( 1711): Compat change id reported: 177438394; UID 10111; state: DISABLED
05-16 10:04:16.858 D/CompatibilityChangeReporter( 1711): Compat change id reported: 135772972; UID 10111; state: DISABLED
05-16 10:04:16.858 D/CompatibilityChangeReporter( 1711): Compat change id reported: 135754954; UID 10111; state: ENABLED
05-16 10:04:16.859 D/CompatibilityChangeReporter( 1711): Compat change id reported: 143937733; UID 10111; state: ENABLED
05-16 10:04:16.867 I/ActivityManager( 1711): Start proc 15667:com.google.android.settings.intelligence/u0a111 for broadcast {com.google.android.settings.intelligence/com.google.android.settings.intelligence.modules.routines.impl.WifiBroadcastReceiver}
05-16 10:04:16.883 W/ContextImpl( 1711): Calling a method in the system process without a qualified user: android.app.ContextImpl.sendBroadcastMultiplePermissions:1222 com.android.server.TelephonyRegistry.broadcastServiceStateChanged:3085 com.android.server.TelephonyRegistry.notifyServiceStateForPhoneId:1616 com.android.internal.telephony.ITelephonyRegistry$Stub.onTransact:492 android.os.Binder.execTransactInternal:1280 
05-16 10:04:16.884 W/ContextImpl( 1711): Calling a method in the system process without a qualified user: android.app.ContextImpl.sendBroadcastMultiplePermissions:1272 android.content.Context.sendBroadcastMultiplePermissions:2272 com.android.server.TelephonyRegistry.broadcastServiceStateChanged:3089 com.android.server.TelephonyRegistry.notifyServiceStateForPhoneId:1616 com.android.internal.telephony.ITelephonyRegistry$Stub.onTransact:492 
05-16 10:04:16.884 W/BroadcastQueue( 1711): Permission Denial: receiving Intent { act=android.intent.action.SERVICE_STATE flg=0x1000010 (has extras) } to ProcessRecord{8f2de3e 1975:com.android.systemui/u0a211} (pid=1975, uid=10211) requires android.permission.READ_PHONE_STATE due to sender android (uid 1001)
05-16 10:04:16.884 W/BroadcastQueue( 1711): Permission Denial: receiving Intent { act=android.intent.action.SERVICE_STATE flg=0x1000010 (has extras) } to ProcessRecord{ef4fe00 2235:com.shannon.imsservice/u0a202} (pid=2235, uid=10202) requires android.permission.READ_PHONE_STATE due to sender android (uid 1001)
05-16 10:04:16.884 W/ContextImpl( 1711): Calling a method in the system process without a qualified user: android.app.ContextImpl.sendBroadcastMultiplePermissions:1272 android.content.Context.sendBroadcastMultiplePermissions:2272 com.android.server.TelephonyRegistry.broadcastServiceStateChanged:3096 com.android.server.TelephonyRegistry.notifyServiceStateForPhoneId:1616 com.android.internal.telephony.ITelephonyRegistry$Stub.onTransact:492 
05-16 10:04:16.884 W/ContextImpl( 1711): Calling a method in the system process without a qualified user: android.app.ContextImpl.sendBroadcastMultiplePermissions:1272 android.content.Context.sendBroadcastMultiplePermissions:2272 com.android.server.TelephonyRegistry.broadcastServiceStateChanged:3100 com.android.server.TelephonyRegistry.notifyServiceStateForPhoneId:1616 com.android.internal.telephony.ITelephonyRegistry$Stub.onTransact:492 
05-16 10:04:16.885 W/BroadcastQueue( 1711): Permission Denial: receiving Intent { act=android.intent.action.SERVICE_STATE flg=0x1000010 (has extras) } to ProcessRecord{8f2de3e 1975:com.android.systemui/u0a211} (pid=1975, uid=10211) requires android.permission.ACCESS_FINE_LOCATION due to sender android (uid 1001)
05-16 10:04:16.885 W/BroadcastQueue( 1711): Permission Denial: receiving Intent { act=android.intent.action.SERVICE_STATE flg=0x1000010 (has extras) } to ProcessRecord{8f2de3e 1975:com.android.systemui/u0a211} (pid=1975, uid=10211) requires android.permission.READ_PHONE_STATE due to sender android (uid 1001)
05-16 10:04:16.885 W/BroadcastQueue( 1711): Permission Denial: receiving Intent { act=android.intent.action.SERVICE_STATE flg=0x1000010 (has extras) } to ProcessRecord{ef4fe00 2235:com.shannon.imsservice/u0a202} (pid=2235, uid=10202) requires android.permission.READ_PHONE_STATE due to sender android (uid 1001)
05-16 10:04:16.886 W/BroadcastQueue( 1711): Appop Denial: receiving Intent { act=android.intent.action.SERVICE_STATE flg=0x1000010 (has extras) } to ProcessRecord{ef4fe00 2235:com.shannon.imsservice/u0a202} (pid=2235, uid=10202) excludes appop android:fine_location due to sender android (uid 1001)
05-16 10:04:17.038 D/CompatibilityChangeReporter( 1711): Compat change id reported: 194532703; UID 10111; state: ENABLED
05-16 10:04:17.046 D/CompatibilityChangeReporter( 1711): Compat change id reported: 161145287; UID 10111; state: DISABLED
05-16 10:04:17.055 W/BroadcastQueue( 1711): Permission Denial: receiving Intent { act=android.intent.action.SERVICE_STATE flg=0x1000010 (has extras) } to com.google.android.cellbroadcastreceiver/com.android.cellbroadcastreceiver.CellBroadcastReceiver requires android.permission.READ_PHONE_STATE due to sender android (uid 1001)
05-16 10:04:17.057 W/BroadcastQueue( 1711): Permission Denial: receiving Intent { act=android.intent.action.SERVICE_STATE flg=0x1000010 (has extras) } to com.google.android.cellbroadcastreceiver/com.android.cellbroadcastreceiver.CellBroadcastReceiver requires android.permission.ACCESS_FINE_LOCATION due to sender android (uid 1001)
05-16 10:04:17.058 W/BroadcastQueue( 1711): Permission Denial: receiving Intent { act=android.intent.action.SERVICE_STATE flg=0x1000010 (has extras) } to com.google.android.cellbroadcastreceiver/com.android.cellbroadcastreceiver.CellBroadcastReceiver requires android.permission.READ_PHONE_STATE due to sender android (uid 1001)
05-16 10:04:19.446 D/vendor.google.wifi_ext@1.0-service-vendor(  893): SetMacAddress succeeded on wlan0
05-16 10:04:19.451 W/wificond( 1017): Scan is not started. Ignore abort request
05-16 10:04:23.165 I/wificond( 1017): Receive notifyCountryCodeChanged
05-16 10:04:23.182 I/wificond( 1017): 2.4Ghz frequencies: 2412 2417 2422 2427 2432 2437 2442 2447 2452 2457 2462 2467 2472
05-16 10:04:23.182 I/wificond( 1017): 5Ghz non-DFS frequencies:
05-16 10:04:23.182 I/wificond( 1017): 5Ghz DFS frequencies: 5180 5200 5220 5240 5260 5280 5300 5320 5500 5520 5540 5560 5580 5600 5620 5640 5660 5680 5700 5720 5745 5765 5785 5805 5825
05-16 10:04:23.182 I/wificond( 1017): 6Ghz frequencies:
05-16 10:04:23.182 I/wificond( 1017): 60Ghz frequencies:
05-16 10:04:23.200 D/vendor.google.wifi_ext@1.0-service-vendor(  893): SetMacAddress succeeded on wlan0
05-16 10:04:23.225 D/vendor.google.wifi_ext@1.0-service-vendor(  893): SetMacAddress succeeded on wlan0
05-16 10:04:23.234 W/wificond( 1017): Scan is not started. Ignore abort request
05-16 10:04:23.305 E/wificond( 1017): NL80211_CMD_TRIGGER_SCAN failed: Try again
05-16 10:04:25.802 E/wificond( 1017): NL80211_CMD_TRIGGER_SCAN failed: Device or resource busy
05-16 10:04:26.943 W/JobScheduler( 1711): Job didn't exist in JobStore: 661c4a2 #u0a110/201471527 com.google.android.apps.scone/.awareness.OosObserver
05-16 10:04:27.194 I/wificond( 1017): Receive notifyCountryCodeChanged
05-16 10:04:27.202 I/wificond( 1017): 2.4Ghz frequencies: 2412 2417 2422 2427 2432 2437 2442 2447 2452 2457 2462 2467 2472
05-16 10:04:27.202 I/wificond( 1017): 5Ghz non-DFS frequencies:
05-16 10:04:27.202 I/wificond( 1017): 5Ghz DFS frequencies: 5180 5200 5220 5240 5260 5280 5300 5320 5500 5520 5540 5560 5580 5600 5620 5640 5660 5680 5700 5720 5745 5765 5785 5805 5825
05-16 10:04:27.202 I/wificond( 1017): 6Ghz frequencies:
05-16 10:04:27.202 I/wificond( 1017): 60Ghz frequencies:
05-16 10:04:27.234 D/vendor.google.wifi_ext@1.0-service-vendor(  893): SetMacAddress succeeded on wlan0
05-16 10:04:29.861 D/vendor.google.wifi_ext@1.0-service-vendor(  893): SetMacAddress succeeded on wlan0
05-16 10:04:29.866 W/wificond( 1017): Scan is not started. Ignore abort request
05-16 10:04:32.383 E/NetlinkEvent(  809): NetlinkEvent::FindParam(): Parameter 'INTERFACE' not found
05-16 10:04:32.383 E/NetlinkEvent(  809): NetlinkEvent::FindParam(): Parameter 'STATE' not found
05-16 10:04:32.383 E/NetlinkEvent(  809): NetlinkEvent::FindParam(): Parameter 'TIME_NS' not found
05-16 10:04:32.383 E/NetlinkEvent(  809): NetlinkEvent::FindParam(): Parameter 'UID' not found
05-16 10:04:32.424 W/ContextImpl( 1711): Calling a method in the system process without a qualified user: android.app.ContextImpl.sendStickyBroadcast:1586 com.android.server.ConnectivityService.sendStickyBroadcast:102 com.android.server.ConnectivityService.sendGeneralBroadcast:4 com.android.server.ConnectivityService.sendConnectedBroadcast:2 com.android.server.ConnectivityService.sendLegacyNetworkBroadcast:25 
05-16 10:04:32.428 I/vendor.google.wifi_ext@1.0-service-vendor(  893): Wifi: Setting SAR Scenario to 3
05-16 10:04:32.439 W/BroadcastQueue( 1711): Target SDK mismatch: receiver ActivityInfo{ba4c92f com.qihoo.receiver.CoreBroadcastReceiver} targets 26 but delivery restricted to [0, 23] broadcasting Intent { act=android.net.conn.CONNECTIVITY_CHANGE flg=0x4200010 (has extras) } from android (pid=1711, uid=1000) to com.qihoo.appstore/com.qihoo.receiver.CoreBroadcastReceiver
05-16 10:04:32.439 W/BroadcastQueue( 1711): Target SDK mismatch: receiver ActivityInfo{3d02b3c com.alipay.pushsdk.BroadcastActionReceiver} targets 29 but delivery restricted to [0, 23] broadcasting Intent { act=android.net.conn.CONNECTIVITY_CHANGE flg=0x4200010 (has extras) } from android (pid=1711, uid=1000) to com.eg.android.AlipayGphone/com.alipay.pushsdk.BroadcastActionReceiver
05-16 10:04:32.439 W/BroadcastQueue( 1711): Target SDK mismatch: receiver ActivityInfo{936e0c5 org.qiyi.android.commonphonepad.pushmessage.QYPushMsgBootReceiver} targets 33 but delivery restricted to [0, 23] broadcasting Intent { act=android.net.conn.CONNECTIVITY_CHANGE flg=0x4200010 (has extras) } from android (pid=1711, uid=1000) to com.qiyi.video/org.qiyi.android.commonphonepad.pushmessage.QYPushMsgBootReceiver
05-16 10:04:32.439 W/BroadcastQueue( 1711): Target SDK mismatch: receiver ActivityInfo{237ea1a com.xiaomi.push.service.receivers.NetworkStatusReceiver} targets 28 but delivery restricted to [0, 23] broadcasting Intent { act=android.net.conn.CONNECTIVITY_CHANGE flg=0x4200010 (has extras) } from android (pid=1711, uid=1000) to com.baidu.netdisk/com.xiaomi.push.service.receivers.NetworkStatusReceiver
05-16 10:04:32.440 W/BroadcastQueue( 1711): Target SDK mismatch: receiver ActivityInfo{53ec94b com.xiaomi.push.service.receivers.NetworkStatusReceiver} targets 33 but delivery restricted to [0, 23] broadcasting Intent { act=android.net.conn.CONNECTIVITY_CHANGE flg=0x4200010 (has extras) } from android (pid=1711, uid=1000) to com.iqiyi.knowledge/com.xiaomi.push.service.receivers.NetworkStatusReceiver
05-16 10:04:32.440 W/BroadcastQueue( 1711): Target SDK mismatch: receiver ActivityInfo{812bf28 com.xiaomi.push.service.receivers.NetworkStatusReceiver} targets 33 but delivery restricted to [0, 23] broadcasting Intent { act=android.net.conn.CONNECTIVITY_CHANGE flg=0x4200010 (has extras) } from android (pid=1711, uid=1000) to com.qiyi.video/com.xiaomi.push.service.receivers.NetworkStatusReceiver
05-16 10:04:32.440 W/BroadcastQueue( 1711): Target SDK mismatch: receiver ActivityInfo{729c441 com.xiaomi.push.service.receivers.NetworkStatusReceiver} targets 26 but delivery restricted to [0, 23] broadcasting Intent { act=android.net.conn.CONNECTIVITY_CHANGE flg=0x4200010 (has extras) } from android (pid=1711, uid=1000) to tv.tvguo.androidphone/com.xiaomi.push.service.receivers.NetworkStatusReceiver
05-16 10:04:32.440 W/BroadcastQueue( 1711): Target SDK mismatch: receiver ActivityInfo{1da8de6 com.google.android.apps.photos.actionqueue.impl.SystemReceiver} targets 33 but delivery restricted to [0, 23] broadcasting Intent { act=android.net.conn.CONNECTIVITY_CHANGE flg=0x4200010 (has extras) } from android (pid=1711, uid=1000) to com.google.android.apps.photos/.actionqueue.impl.SystemReceiver
05-16 10:04:32.440 W/BroadcastQueue( 1711): Target SDK mismatch: receiver ActivityInfo{72eaf27 com.google.android.apps.photos.jobqueue.JobServiceBroadcastReceiver} targets 33 but delivery restricted to [0, 23] broadcasting Intent { act=android.net.conn.CONNECTIVITY_CHANGE flg=0x4200010 (has extras) } from android (pid=1711, uid=1000) to com.google.android.apps.photos/.jobqueue.JobServiceBroadcastReceiver
05-16 10:04:32.440 W/BroadcastQueue( 1711): Target SDK mismatch: receiver ActivityInfo{768a5d4 com.google.android.gms.gcm.ServiceAutoStarter} targets 33 but delivery restricted to [0, 23] broadcasting Intent { act=android.net.conn.CONNECTIVITY_CHANGE flg=0x4200010 (has extras) } from android (pid=1711, uid=1000) to com.google.android.gms/.gcm.ServiceAutoStarter
05-16 10:04:32.441 W/BroadcastQueue( 1711): Target SDK mismatch: receiver ActivityInfo{d637d com.cisco.anyconnect.vpn.android.ui.helpers.NetworkChangeReceiver} targets 28 but delivery restricted to [0, 23] broadcasting Intent { act=android.net.conn.CONNECTIVITY_CHANGE flg=0x4200010 (has extras) } from android (pid=1711, uid=1000) to com.cisco.anyconnect.vpn.android.avf/com.cisco.anyconnect.vpn.android.ui.helpers.NetworkChangeReceiver
05-16 10:04:32.441 W/BroadcastQueue( 1711): Target SDK mismatch: receiver ActivityInfo{9b1a272 com.iqiyi.hcim.service.BroadcastCenter} targets 33 but delivery restricted to [0, 23] broadcasting Intent { act=android.net.conn.CONNECTIVITY_CHANGE flg=0x4200010 (has extras) } from android (pid=1711, uid=1000) to com.iqiyi.knowledge/com.iqiyi.hcim.service.BroadcastCenter
05-16 10:04:32.441 W/BroadcastQueue( 1711): Target SDK mismatch: receiver ActivityInfo{64d16c3 org.qiyi.android.video.ui.phone.traffic.receiver.TrafficReceiver} targets 33 but delivery restricted to [0, 23] broadcasting Intent { act=android.net.conn.CONNECTIVITY_CHANGE flg=0x4200010 (has extras) } from android (pid=1711, uid=1000) to com.qiyi.video/org.qiyi.android.video.ui.phone.traffic.receiver.TrafficReceiver
05-16 10:04:32.442 W/BroadcastQueue( 1711): Target SDK mismatch: receiver ActivityInfo{9944b40 com.iqiyi.hcim.service.BroadcastCenter} targets 33 but delivery restricted to [0, 23] broadcasting Intent { act=android.net.conn.CONNECTIVITY_CHANGE flg=0x4200010 (has extras) } from android (pid=1711, uid=1000) to com.qiyi.video/com.iqiyi.hcim.service.BroadcastCenter
05-16 10:04:32.442 W/BroadcastQueue( 1711): Target SDK mismatch: receiver ActivityInfo{691ba79 com.tencent.mobileqq.msf.core.NetConnInfoCenter} targets 29 but delivery restricted to [0, 23] broadcasting Intent { act=android.net.conn.CONNECTIVITY_CHANGE flg=0x4200010 (has extras) } from android (pid=1711, uid=1000) to com.tencent.mobileqq/.msf.core.NetConnInfoCenter
05-16 10:04:32.442 W/BroadcastQueue( 1711): Target SDK mismatch: receiver ActivityInfo{57373be com.tencent.mobileqq.msf.core.NetConnInfoCenter} targets 26 but delivery restricted to [0, 23] broadcasting Intent { act=android.net.conn.CONNECTIVITY_CHANGE flg=0x4200010 (has extras) } from android (pid=1711, uid=1000) to com.tencent.tim/com.tencent.mobileqq.msf.core.NetConnInfoCenter
05-16 10:04:32.442 W/BroadcastQueue( 1711): Target SDK mismatch: receiver ActivityInfo{2605c1f com.tencent.qqmail.utilities.qmbroadcastreceiver.QMMainNetworkReceiver} targets 26 but delivery restricted to [0, 23] broadcasting Intent { act=android.net.conn.CONNECTIVITY_CHANGE flg=0x4200010 (has extras) } from android (pid=1711, uid=1000) to com.tencent.tim/com.tencent.qqmail.utilities.qmbroadcastreceiver.QMMainNetworkReceiver
05-16 10:04:32.442 W/BroadcastQueue( 1711): Target SDK mismatch: receiver ActivityInfo{e12db6c com.iqiyi.hcim.service.BroadcastCenter} targets 26 but delivery restricted to [0, 23] broadcasting Intent { act=android.net.conn.CONNECTIVITY_CHANGE flg=0x4200010 (has extras) } from android (pid=1711, uid=1000) to tv.tvguo.androidphone/com.iqiyi.hcim.service.BroadcastCenter
05-16 10:04:32.506 W/ContextImpl( 1711): Calling a method in the system process without a qualified user: android.app.ContextImpl.sendBroadcastMultiplePermissions:1222 com.android.server.TelephonyRegistry.broadcastServiceStateChanged:3085 com.android.server.TelephonyRegistry.notifyServiceStateForPhoneId:1616 com.android.internal.telephony.ITelephonyRegistry$Stub.onTransact:492 android.os.Binder.execTransactInternal:1280 
05-16 10:04:32.506 W/ContextImpl( 1711): Calling a method in the system process without a qualified user: android.app.ContextImpl.sendBroadcastMultiplePermissions:1272 android.content.Context.sendBroadcastMultiplePermissions:2272 com.android.server.TelephonyRegistry.broadcastServiceStateChanged:3089 com.android.server.TelephonyRegistry.notifyServiceStateForPhoneId:1616 com.android.internal.telephony.ITelephonyRegistry$Stub.onTransact:492 
05-16 10:04:32.506 W/BroadcastQueue( 1711): Permission Denial: receiving Intent { act=android.intent.action.SERVICE_STATE flg=0x1000010 (has extras) } to ProcessRecord{8f2de3e 1975:com.android.systemui/u0a211} (pid=1975, uid=10211) requires android.permission.READ_PHONE_STATE due to sender android (uid 1001)
05-16 10:04:32.506 W/BroadcastQueue( 1711): Permission Denial: receiving Intent { act=android.intent.action.SERVICE_STATE flg=0x1000010 (has extras) } to ProcessRecord{ef4fe00 2235:com.shannon.imsservice/u0a202} (pid=2235, uid=10202) requires android.permission.READ_PHONE_STATE due to sender android (uid 1001)
05-16 10:04:32.506 W/BroadcastQueue( 1711): Permission Denial: receiving Intent { act=android.intent.action.SERVICE_STATE flg=0x1000010 (has extras) } to com.google.android.cellbroadcastreceiver/com.android.cellbroadcastreceiver.CellBroadcastReceiver requires android.permission.READ_PHONE_STATE due to sender android (uid 1001)
05-16 10:04:32.507 W/BroadcastQueue( 1711): Permission Denial: receiving Intent { act=android.intent.action.SERVICE_STATE flg=0x1000010 (has extras) } to ProcessRecord{8f2de3e 1975:com.android.systemui/u0a211} (pid=1975, uid=10211) requires android.permission.ACCESS_FINE_LOCATION due to sender android (uid 1001)
05-16 10:04:32.507 W/ContextImpl( 1711): Calling a method in the system process without a qualified user: android.app.ContextImpl.sendBroadcastMultiplePermissions:1272 android.content.Context.sendBroadcastMultiplePermissions:2272 com.android.server.TelephonyRegistry.broadcastServiceStateChanged:3096 com.android.server.TelephonyRegistry.notifyServiceStateForPhoneId:1616 com.android.internal.telephony.ITelephonyRegistry$Stub.onTransact:492 
05-16 10:04:32.507 W/BroadcastQueue( 1711): Permission Denial: receiving Intent { act=android.intent.action.SERVICE_STATE flg=0x1000010 (has extras) } to com.google.android.cellbroadcastreceiver/com.android.cellbroadcastreceiver.CellBroadcastReceiver requires android.permission.ACCESS_FINE_LOCATION due to sender android (uid 1001)
05-16 10:04:32.508 W/ContextImpl( 1711): Calling a method in the system process without a qualified user: android.app.ContextImpl.sendBroadcastMultiplePermissions:1272 android.content.Context.sendBroadcastMultiplePermissions:2272 com.android.server.TelephonyRegistry.broadcastServiceStateChanged:3100 com.android.server.TelephonyRegistry.notifyServiceStateForPhoneId:1616 com.android.internal.telephony.ITelephonyRegistry$Stub.onTransact:492 
05-16 10:04:32.508 W/BroadcastQueue( 1711): Permission Denial: receiving Intent { act=android.intent.action.SERVICE_STATE flg=0x1000010 (has extras) } to ProcessRecord{8f2de3e 1975:com.android.systemui/u0a211} (pid=1975, uid=10211) requires android.permission.READ_PHONE_STATE due to sender android (uid 1001)
05-16 10:04:32.508 W/BroadcastQueue( 1711): Permission Denial: receiving Intent { act=android.intent.action.SERVICE_STATE flg=0x1000010 (has extras) } to ProcessRecord{ef4fe00 2235:com.shannon.imsservice/u0a202} (pid=2235, uid=10202) requires android.permission.READ_PHONE_STATE due to sender android (uid 1001)
05-16 10:04:32.508 W/BroadcastQueue( 1711): Permission Denial: receiving Intent { act=android.intent.action.SERVICE_STATE flg=0x1000010 (has extras) } to com.google.android.cellbroadcastreceiver/com.android.cellbroadcastreceiver.CellBroadcastReceiver requires android.permission.READ_PHONE_STATE due to sender android (uid 1001)
05-16 10:04:32.509 W/BroadcastQueue( 1711): Appop Denial: receiving Intent { act=android.intent.action.SERVICE_STATE flg=0x1000010 (has extras) } to ProcessRecord{ef4fe00 2235:com.shannon.imsservice/u0a202} (pid=2235, uid=10202) excludes appop android:fine_location due to sender android (uid 1001)
05-16 10:04:33.810 W/BroadcastQueue( 1711): Background execution not allowed: receiving Intent { act=android.net.wifi.RSSI_CHANGED flg=0x4000010 (has extras) } to com.tencent.tim/com.tencent.qqmail.utilities.qmbroadcastreceiver.WifiChangeReceiver
05-16 10:04:33.937 W/ContextImpl( 1711): Calling a method in the system process without a qualified user: android.app.ContextImpl.sendStickyBroadcast:1586 com.android.server.ConnectivityService.sendStickyBroadcast:102 com.android.server.ConnectivityService.sendGeneralBroadcast:4 com.android.server.ConnectivityService.sendInetConditionBroadcast:2 com.android.server.ConnectivityService.updateInetCondition:33 
05-16 10:04:33.944 W/JobScheduler( 1711): Job didn't exist in JobStore: e6a8535 #1000/100026 com.tencent.android.qqdownloader.YYBLiveAccountProvider/com.tencent.android.qqdownloader.YYBLiveAccountProvider.account/应用宝:android
05-16 10:04:33.948 W/JobScheduler( 1711): Job didn't exist in JobStore: af9189b #u0a146/-286677079 com.google.android.as.oss/com.google.android.gms.learning.internal.training.InAppJobService
05-16 10:04:33.953 W/JobScheduler( 1711): Job didn't exist in JobStore: 99fde84 #u0a146/-2127835104 com.google.android.as.oss/com.google.android.gms.learning.internal.training.InAppJobService
05-16 10:04:35.932 D/CompatibilityChangeReporter( 1711): Compat change id reported: 135634846; UID 10262; state: DISABLED
05-16 10:04:35.932 D/CompatibilityChangeReporter( 1711): Compat change id reported: 177438394; UID 10262; state: DISABLED
05-16 10:04:35.932 D/CompatibilityChangeReporter( 1711): Compat change id reported: 135772972; UID 10262; state: DISABLED
05-16 10:04:35.933 D/CompatibilityChangeReporter( 1711): Compat change id reported: 143937733; UID 10262; state: ENABLED
05-16 10:04:35.950 I/ActivityManager( 1711): Start proc 15852:com.tencent.mm:tools/u0a262 for broadcast {com.tencent.mm/com.tencent.mm.booter.MMReceivers$ToolsProcessReceiver}
05-16 10:04:36.475 D/CompatibilityChangeReporter( 1711): Compat change id reported: 157233955; UID 10262; state: ENABLED
05-16 10:04:36.973 D/ActivityManager( 1711): freezing 10084 com.cisco.anyconnect.vpn.android.avf:umbrella
05-16 10:04:36.978 D/ActivityManager( 1711): freezing 10046 com.cisco.anyconnect.vpn.android.avf:nchs
05-16 10:04:37.482 D/CompatibilityChangeReporter( 1711): Compat change id reported: 135634846; UID 10262; state: DISABLED
05-16 10:04:37.482 D/CompatibilityChangeReporter( 1711): Compat change id reported: 177438394; UID 10262; state: DISABLED
05-16 10:04:37.482 D/CompatibilityChangeReporter( 1711): Compat change id reported: 135772972; UID 10262; state: DISABLED
05-16 10:04:37.483 D/CompatibilityChangeReporter( 1711): Compat change id reported: 143937733; UID 10262; state: ENABLED
05-16 10:04:37.501 I/ActivityManager( 1711): Start proc 15970:com.tencent.mm:hotpot../u0a262 for service {com.tencent.mm/com.tencent.mm.plugin.normsg.NormsgDataService}
05-16 10:04:37.671 D/CompatibilityChangeReporter( 1711): Compat change id reported: 161145287; UID 10262; state: DISABLED
05-16 10:04:39.269 D/CompatibilityChangeReporter( 1711): Compat change id reported: 135634846; UID 10262; state: DISABLED
05-16 10:04:39.269 D/CompatibilityChangeReporter( 1711): Compat change id reported: 177438394; UID 10262; state: DISABLED
05-16 10:04:39.270 D/CompatibilityChangeReporter( 1711): Compat change id reported: 135772972; UID 10262; state: DISABLED
05-16 10:04:39.271 D/CompatibilityChangeReporter( 1711): Compat change id reported: 143937733; UID 10262; state: ENABLED
05-16 10:04:39.285 I/ActivityManager( 1711): Start proc 16124:com.tencent.mm:support/u0a262 for service {com.tencent.mm/com.tencent.mm.service.ProcessService$SupportProcessService}
05-16 10:04:42.529 W/JobScheduler( 1711): Job didn't exist in JobStore: 24d876 #u0a110/201471527 com.google.android.apps.scone/.awareness.OosObserver
05-16 10:04:43.956 D/CompatibilityChangeReporter( 1711): Compat change id reported: 135634846; UID 10166; state: DISABLED
05-16 10:04:43.956 D/CompatibilityChangeReporter( 1711): Compat change id reported: 177438394; UID 10166; state: DISABLED
05-16 10:04:43.956 D/CompatibilityChangeReporter( 1711): Compat change id reported: 135772972; UID 10166; state: DISABLED
05-16 10:04:43.956 D/CompatibilityChangeReporter( 1711): Compat change id reported: 135754954; UID 10166; state: ENABLED
05-16 10:04:43.957 D/CompatibilityChangeReporter( 1711): Compat change id reported: 143937733; UID 10166; state: ENABLED
05-16 10:04:43.974 I/ActivityManager( 1711): Start proc 16320:com.google.android.webview:webview_service/u0a166 for service {com.google.android.webview/org.chromium.android_webview.services.VariationsSeedServer}
05-16 10:04:43.998 D/CompatibilityChangeReporter( 1711): Compat change id reported: 161252188; UID 10166; state: ENABLED
05-16 10:04:43.999 D/CompatibilityChangeReporter( 1711): Compat change id reported: 135634846; UID 99003; state: DISABLED
05-16 10:04:43.999 D/CompatibilityChangeReporter( 1711): Compat change id reported: 177438394; UID 99003; state: DISABLED
05-16 10:04:43.999 D/CompatibilityChangeReporter( 1711): Compat change id reported: 135772972; UID 99003; state: DISABLED
05-16 10:04:43.999 D/CompatibilityChangeReporter( 1711): Compat change id reported: 135754954; UID 99003; state: ENABLED
05-16 10:04:44.000 D/CompatibilityChangeReporter( 1711): Compat change id reported: 143937733; UID 10262; state: ENABLED
05-16 10:04:44.009 I/ActivityManager( 1711): Start proc 16337:com.google.android.webview:sandboxed_process0:org.chromium.content.app.SandboxedProcessService0:0/u0i3 for  {com.tencent.mm/org.chromium.content.app.SandboxedProcessService0:0}
05-16 10:04:45.041 D/PowerUI ( 1975): can't show warning due to - plugged: true status unknown: false
05-16 10:04:53.243 W/JobScheduler( 1711): Job didn't exist in JobStore: 8988131 #u0a146/-648439940 com.google.android.as.oss/com.google.android.gms.learning.internal.training.InAppJobService
05-16 10:04:58.658 I/ActivityManager( 1711): Process com.tencent.mm:support (pid 16124) has died: cch+5 CEM 
05-16 10:04:58.658 W/ActivityManager( 1711): Scheduling restart of crashed service com.tencent.mm/.service.ProcessService$SupportProcessService in 1000ms for connection
05-16 10:04:59.580 I/ActivityManager( 1711): Killing 9049:com.google.android.configupdater/u0a105 (adj 999): empty #33
05-16 10:05:14.965 I/ActivityManager( 1711): Process com.tencent.mm:hotpot.. (pid 15970) has died: cch+15 CEM 
05-16 10:05:14.969 I/ActivityManager( 1711): Killing 3295:com.google.process.gapps/u0a121 (adj 985): empty #33
05-16 10:05:31.927 I/DropBoxManagerService( 1711): add tag=system_server_wtf isTagEnabled=true flags=0x6
05-16 10:05:33.940 W/BroadcastQueue( 1711): Background execution not allowed: receiving Intent { act=android.intent.action.DROPBOX_ENTRY_ADDED flg=0x10 (has extras) } to com.google.android.gms/.stats.service.DropBoxEntryAddedReceiver
05-16 10:05:33.940 W/BroadcastQueue( 1711): Background execution not allowed: receiving Intent { act=android.intent.action.DROPBOX_ENTRY_ADDED flg=0x10 (has extras) } to com.google.android.gms/.chimera.GmsIntentOperationService$PersistentTrustedReceiver
05-16 10:05:34.083 I/DropBoxManagerService( 1711): add tag=platform_stats_bookmark isTagEnabled=true flags=0x2
05-16 10:05:34.087 W/BroadcastQueue( 1711): Background execution not allowed: receiving Intent { act=android.intent.action.DROPBOX_ENTRY_ADDED flg=0x10 (has extras) } to com.google.android.gms/.stats.service.DropBoxEntryAddedReceiver
05-16 10:05:34.087 W/BroadcastQueue( 1711): Background execution not allowed: receiving Intent { act=android.intent.action.DROPBOX_ENTRY_ADDED flg=0x10 (has extras) } to com.google.android.gms/.chimera.GmsIntentOperationService$PersistentTrustedReceiver
05-16 10:05:34.267 D/CompatibilityChangeReporter( 1711): Compat change id reported: 135634846; UID 10209; state: DISABLED
05-16 10:05:34.267 D/CompatibilityChangeReporter( 1711): Compat change id reported: 177438394; UID 10209; state: DISABLED
05-16 10:05:34.267 D/CompatibilityChangeReporter( 1711): Compat change id reported: 135772972; UID 10209; state: DISABLED
05-16 10:05:34.267 D/CompatibilityChangeReporter( 1711): Compat change id reported: 135754954; UID 10209; state: ENABLED
05-16 10:05:34.268 D/CompatibilityChangeReporter( 1711): Compat change id reported: 143937733; UID 10209; state: ENABLED
05-16 10:05:34.281 I/ActivityManager( 1711): Start proc 16444:com.android.remoteprovisioner/u0a209 for service {com.android.remoteprovisioner/com.android.remoteprovisioner.service.GenerateRkpKeyService}
05-16 10:05:34.384 E/keystore2(  514): keystore2::error: In generate_key_pair: Failed to get device for security level SecurityLevel(2)
05-16 10:05:34.384 E/keystore2(  514): 
05-16 10:05:34.384 E/keystore2(  514): Caused by:
05-16 10:05:34.384 E/keystore2(  514):     0: In get_dev_by_sec_level: Remote instance for requested security level not found.
05-16 10:05:34.384 E/keystore2(  514):     1: Error::Rc(ResponseCode(4))
05-16 10:05:36.127 D/CompatibilityChangeReporter( 1711): Compat change id reported: 168419799; UID 10150; state: DISABLED
05-16 10:05:43.188 D/CompatibilityChangeReporter( 1711): Compat change id reported: 171306433; UID 1000; state: ENABLED
05-16 10:05:43.189 D/CompatibilityChangeReporter( 1711): Compat change id reported: 218533173; UID 1000; state: ENABLED
05-16 10:05:44.386 I/keystore2(  514): keystore2::watchdog: Watchdog thread idle -> terminating. Have a great day.
05-16 10:05:45.777 W/JobScheduler( 1711): Job didn't exist in JobStore: 57f099f #u0a146/-1909303987 com.google.android.as.oss/com.google.android.gms.learning.internal.training.InAppJobService
05-16 10:05:45.787 W/JobScheduler( 1711): Job didn't exist in JobStore: 710bac6 #u0a146/-144569728 com.google.android.as.oss/com.google.android.gms.learning.internal.training.InAppJobService
05-16 10:06:12.181 W/PackageManager( 1711): Not removing package com.google.android.trichromelibrary hosting lib com.google.android.trichromelibrary version 556311634 used by [VersionedPackage[com.google.android.webview/556311634]] for user 0
05-16 10:06:12.182 W/PackageManager( 1711): Not removing package com.google.android.trichromelibrary hosting lib com.google.android.trichromelibrary version 561504834 used by [VersionedPackage[com.android.chrome/561504834]] for user 0
05-16 10:06:12.848 D/ActivityManager( 1711): freezing 9361 com.google.android.as.oss:learning_bg
05-16 10:06:38.238 D/CompatibilityChangeReporter( 1711): Compat change id reported: 135634846; UID 10263; state: DISABLED
05-16 10:06:38.239 D/CompatibilityChangeReporter( 1711): Compat change id reported: 177438394; UID 10263; state: DISABLED
05-16 10:06:38.239 D/CompatibilityChangeReporter( 1711): Compat change id reported: 135772972; UID 10263; state: DISABLED
05-16 10:06:38.239 D/CompatibilityChangeReporter( 1711): Compat change id reported: 135754954; UID 10263; state: DISABLED
05-16 10:06:38.240 D/CompatibilityChangeReporter( 1711): Compat change id reported: 143937733; UID 10263; state: DISABLED
05-16 10:06:38.263 I/ActivityManager( 1711): Start proc 16506:com.tencent.mobileqq:MSF/u0a263 for service {com.tencent.mobileqq/com.tencent.mobileqq.msf.service.MSFAliveJobService}
05-16 10:06:38.286 W/JobScheduler( 1711): Job didn't exist in JobStore: bd9af25 #u0a146/-782930206 com.google.android.as.oss/com.google.android.gms.learning.internal.training.InAppJobService
05-16 10:06:38.292 W/JobScheduler( 1711): Job didn't exist in JobStore: 63023fd #u0a146/-1108408622 com.google.android.as.oss/com.google.android.gms.learning.internal.training.InAppJobService
05-16 10:06:38.397 D/CompatibilityChangeReporter( 1711): Compat change id reported: 135634846; UID 10263; state: DISABLED
05-16 10:06:38.397 D/CompatibilityChangeReporter( 1711): Compat change id reported: 177438394; UID 10263; state: DISABLED
05-16 10:06:38.397 D/CompatibilityChangeReporter( 1711): Compat change id reported: 135772972; UID 10263; state: DISABLED
05-16 10:06:38.397 D/CompatibilityChangeReporter( 1711): Compat change id reported: 135754954; UID 10263; state: DISABLED
05-16 10:06:38.397 D/CompatibilityChangeReporter( 1711): Compat change id reported: 143937733; UID 10263; state: DISABLED
05-16 10:06:38.416 I/ActivityManager( 1711): Start proc 16524:com.tencent.mobileqq/u0a263 for content provider {com.tencent.mobileqq/com.tencent.mqq.shared_file_accessor.ContentProviderImpl}
05-16 10:06:38.584 D/CompatibilityChangeReporter( 1711): Compat change id reported: 161145287; UID 10263; state: DISABLED
05-16 10:06:38.648 W/ActivityManager( 1711): Background start not allowed: service Intent { cmp=com.tencent.mobileqq/.msf.service.MsfService (has extras) } to com.tencent.mobileqq/.msf.service.MsfService from pid=16506 uid=10263 pkg=com.tencent.mobileqq startFg?=false
05-16 10:06:38.919 I/ActivityManager( 1711): Killing 10046:com.cisco.anyconnect.vpn.android.avf:nchs/u0a254 (adj 985): empty #33
05-16 10:06:38.958 I/ActivityManager( 1711): Killing 6141:com.google.android.apps.carrier.carrierwifi/u0a123 (adj 985): empty #33
05-16 10:06:38.958 I/ActivityManager( 1711): Killing 9361:com.google.android.as.oss:learning_bg/u0a146 (adj 985): empty #34
05-16 10:06:38.959 I/ActivityManager( 1711): Killing 10084:com.cisco.anyconnect.vpn.android.avf:umbrella/u0a254 (adj 995): empty #35
05-16 10:06:42.075 W/ActivityManager( 1711): Background start not allowed: service Intent { cmp=com.tencent.mobileqq/.msf.service.MsfService (has extras) } to com.tencent.mobileqq/.msf.service.MsfService from pid=16524 uid=10263 pkg=com.tencent.mobileqq startFg?=false
05-16 10:06:45.059 D/PowerUI ( 1975): can't show warning due to - plugged: true status unknown: false
05-16 10:06:48.911 D/CompatibilityChangeReporter( 1711): Compat change id reported: 194532703; UID 10263; state: DISABLED
05-16 10:06:48.956 D/CompatibilityChangeReporter( 1711): Compat change id reported: 135634846; UID 10119; state: DISABLED
05-16 10:06:48.956 D/CompatibilityChangeReporter( 1711): Compat change id reported: 177438394; UID 10119; state: DISABLED
05-16 10:06:48.956 D/CompatibilityChangeReporter( 1711): Compat change id reported: 135772972; UID 10119; state: DISABLED
05-16 10:06:48.957 D/CompatibilityChangeReporter( 1711): Compat change id reported: 135754954; UID 10119; state: ENABLED
05-16 10:06:48.959 D/CompatibilityChangeReporter( 1711): Compat change id reported: 143937733; UID 10119; state: ENABLED
05-16 10:06:49.005 I/ActivityManager( 1711): Start proc 16662:com.google.android.apps.turbo/u0a119 for service {com.google.android.apps.turbo/com.google.android.apps.turbo.nudges.battery.PeriodicMaintenanceWindowService}
05-16 10:06:49.005 W/ActivityManager( 1711): Slow operation: 51ms so far, now at startProcess: starting to update pids map
05-16 10:06:49.005 W/ActivityManager( 1711): Slow operation: 51ms so far, now at startProcess: done updating pids map
05-16 10:06:49.135 I/ActivityManager( 1711): Killing 4375:com.google.android.carriersetup/u0a190 (adj 985): empty #33
05-16 10:06:49.474 I/keystore2(  514): keystore2::watchdog: Watchdog thread idle -> terminating. Have a great day.
05-16 10:06:56.111 D/CompatibilityChangeReporter( 1711): Compat change id reported: 161145287; UID 10119; state: DISABLED
05-16 10:07:24.699 D/CompatibilityChangeReporter( 1711): Compat change id reported: 168419799; UID 10262; state: DISABLED
05-16 10:07:30.717 D/CompatibilityChangeReporter( 1711): Compat change id reported: 135634846; UID 10105; state: DISABLED
05-16 10:07:30.717 D/CompatibilityChangeReporter( 1711): Compat change id reported: 177438394; UID 10105; state: DISABLED
05-16 10:07:30.717 D/CompatibilityChangeReporter( 1711): Compat change id reported: 135772972; UID 10105; state: DISABLED
05-16 10:07:30.718 D/CompatibilityChangeReporter( 1711): Compat change id reported: 135754954; UID 10105; state: ENABLED
05-16 10:07:30.720 D/CompatibilityChangeReporter( 1711): Compat change id reported: 143937733; UID 10105; state: ENABLED
05-16 10:07:30.761 I/ActivityManager( 1711): Start proc 16695:com.google.android.configupdater/u0a105 for broadcast {com.google.android.configupdater/com.google.android.configupdater.PhenotypeBroadcastReceiver}
05-16 10:07:30.778 W/JobScheduler( 1711): Job didn't exist in JobStore: b786c33 #u0a146/-939763582 com.google.android.as.oss/com.google.android.gms.learning.internal.training.InAppJobService
05-16 10:07:30.787 W/JobScheduler( 1711): Job didn't exist in JobStore: 7851bee #u0a146/-1679289975 com.google.android.as.oss/com.google.android.gms.learning.internal.training.InAppJobService
05-16 10:07:30.855 I/ActivityManager( 1711): Killing 3362:com.google.android.projection.gearhead:shared/u0a137 (adj 985): empty #33
05-16 10:07:45.043 D/PowerUI ( 1975): can't show warning due to - plugged: true status unknown: false
05-16 10:08:13.879 V/DisplayPowerController[0]( 1711): Brightness [0.05] reason changing to: 'manual [ dim ]', previous reason: 'manual'.
05-16 10:08:13.879 I/DisplayPowerController[0]( 1711): BrightnessEvent: disp=0, brt=0.05, rcmdBrt=NaN, preBrt=NaN, lux=0.0, preLux=0.0, hbmMax=0.62, hbmMode=off, thrmMax=1.0, flags=, reason=manual [ dim ]
05-16 10:08:20.866 I/PowerGroup( 1711): Powering off display group due to timeout (groupId= 0, uid= 1000)...
05-16 10:08:20.866 I/PowerManagerService( 1711): Going to sleep due to timeout (uid 1000)...
